; Map created with FinalAlert 2(tm) Mission Editor
; Get it at http://www.westwood.com
; note that all comments were truncated

[Header]
Width=50
Height=61
StartX=231
StartY=32
Waypoint1=239,42
Waypoint2=238,80
Waypoint3=272,43
Waypoint4=272,77
Waypoint5=0,0
Waypoint6=0,0
Waypoint7=0,0
Waypoint8=0,0
NumberStartingPoints=4


[Preview]
Size=0,0,110,65

[PreviewPack]
1=yBAAIArd6e3d6e3e6u7e6u7dIFksAAOgqaqRlpUgXQwCWB9AEEgAQAEgEjwCVAasB6ABIB
2=IsAAnH0tOlqaefpqWRmJlQCEgAUAhIAEABSABAAUgAQAFIAEABSABAAUgAQAFIAEABSABA
3=AUsAkpWPJywAQAFIAFACSABAAUgAQAFIAEABSABAAUgAQAFIAEABSABAAUgAQAFIAEABSB
4=IDhIeBfYKBTAFIAFACSABAAUgAQAFIAEABSABAAUgAQAFIAEABSABAAUgAQAFIACAqPAIn
5=TAFAAUgAUAtIAEABSABAAUgAQAFIAEABSAAGYWBbjZWWpK6xTAFQAkgAQAFIAEABSABAAU
6=gAQAFIAEABSABAAUgAQAFIAAmfqKq6wL+xuLW1vbtQAkgAUAJIAEABSABAAUgAQAFIAEAB
7=SABAAUgAQAFIAEABSABAAUgAQAFIAEABSABQO0gSUClMAVACSABAAUgAQAFIAEABSABAAU
8=gAQAFIAEABSABAAUgAIBU8ArgHVABIAFAISABAAUgAQAFIAEABSABAAUgAQAFIAEABSABA
9=AUgAQAFIAEABBs3V0tDZ2n1xX0ABSABMAbwCSANAAUgAQAFIAEABSABAAUgAQAFIAEABv2
10=iLkpJAB0gAIAzsAFgHUAhIAEABSABAAUgAQAFIAEABWFJQO6wBWAFAAUgAQAFIAEABSABA
11=AUgAQAFIAEABSABAASA5PAK8CwPL3+jN4uuvAfr6AEgArAFID0ABWB8J2unt2OTolZCDfo
12=GAQCJIAFACSABABEgATARIAEABSABAAUgAQAFIAEABSABcaD+8AEQOKggAJ+wAQAFIAFAI
13=SABAAUgAQAFIAEABSBIDtb++cHBsTAFIAFACSABAAUgAQAFIAEABSABAAUgAQAEnDAItPA
14=K8DqwEWARAAUgAQAFIAEABSABAAagAJywAQAFIACdQACosAFgooAotFAAqjABcJgADydHQ
15=1+LlqqqinaGg2eXp5O3w5e7yKowALSwABqWvspOZl21vaVx6QBlID0AESABAAUgAQAFIAC
16=3EASo4ACeMAEABSABQBUgAQAFIAEABSwBYXFxYCkATSABQAkgAUAJIAEABSABAAUgAQAED
17=1uXr4uzwTAQGkpmYvsvNqrCsXBFcAiqsAawBvAVIA0ABSABAAUgAQAFIAEABSABAAUgAQA
18=FIAEABSABAAUgAQAFIALAIORQATARQBUgAQAFIAAnZ4+bFy8qsrajQ1NNQAkgAUAJIAEAB
19=SABAAUgAQAEnjwOHjYknLABcAkgAQARIAEABOdABqANMBEgAUAVIAEABSABAAUgAQAEGtL
20=y8nZ2Wa2xpUAtIAEAlvAJIA0ABSABAAUwoD83a3Nnk546Tj8nS0Kmso77JyVwCsAs2FACs
21=B1gEQAFIAEABqAAnLABAAUgAJ1AATAE2KAEqXAAqvABMAQzi7fHh7PDk7fLo8PPp8vVPAe
22=fv8lwCSABACkgAQAFIAEABSABdF8h8FwGkrbe2UAJIAFACSABAAUgAQAFIACqsAS0sACeM
23=AEABSABQBUgAQAFIAEABSAAJx9TWz9vdoaqqm6SlUAJIAFACSABAAUgAQAEMzuHozdvgyd
24=fapaef1+PmUAItiAEwOABMBEgATAdIAEABSABAAUgAQAFIAEABSABAAUgAQAFIAEABSABA
25=ATAoASdEAEAESABMBEgAQAGsKEgnQAFIAEABSABAAUgDQARIAEABSABAAUgAQLtYkQOttb
26=Soq6NQAkgAUAJIAEABSABAAUgAQAFIAEABSABAAUgAQAFUD0BMSAAnjAmsuFyPQARIAEwE
27=SABAAUgAQAFYBDYcHwPR4unZ5+xQKQnS4+rV5evD2eO/1uFIBkgMNggArApMBEABSABAAU
28=gAQAGoACcsAEABSAAnUAAqLAAtZAFMBAOtt4+vuZIqjwDp8fRYAUhRUFAqLABQAlwFSABA
29=AUgAQAFYowOSmZmFjIpMAUgAUAJIAEABSABAAUgAQAFIAEABSABAAUgAQAFIAEABSABAAU
30=gAQAFIAEABTChQKUgAQAFIAFACSABcAkgAQC5IAFApX/iEjI0nXABAAUgAQARIJ0Moyd3m
31=Xync6e5AAbwCLbwDKjgAQARIAEwHSABAAUgAQAFIAEABSABAAUgAQAFIAEABSABAAUgAQA
32=FIAEABSABAAUgnQCgnLABAAUgAXAJIAEABSABAAVgoUClIAEABSAAG5e3xyNPV2uXpSANB
33=BIDgAEDNW6Odp6W8AkgDQAFIAEABSABAAUgAQAFYDVAOSABAAQaCg32DhX6Ql5dcAkgAQA
34=RIAEAorAEtDAVQAkgAQARYKAN7fHlWWVhAplgB/Q+ATAEJ3erumJaNsLe1yNXaTChIAFAp
35=fAImrDcqAAVMAUAKSABABEgAQAFIAEABSABAAagAJywAQAFIACdQAC0sAEwZSANQAkgAQA
36=FIAEABSABAAUgAQAFIAEABSABAAUwoCePq7cjU16Soo6GmpkBDSABQGkgAJy8DeH57UAVI
37=AFwFSABAAUgAQAFIAEABSABAAUgAXA5IIQNqamaKkI9QCEgAUAhY/UABSABMAUwEUAVIAE
38=ABSABAAUgAQAFIAEABSABAAUvPhYqIJ+gBQAcJmaKjd3t5hIeEqayoQAQD3uvv1+XrUAVI
39=AHgBKew8PwwFLbwAWAFQCEgAQAFIAEABSABAAUgAQAFIAEABSABAAUgAQAFIAEABSABAAU
40=gAQAFIAEABSABAAUgAQwHg6+9AvgADvMfHp62rmqOln6iqqbGvk5iUiY+LQM2sBFgEQAFI
41=S1BKSABAAVgBUAJIAEABSABAAUgAUEoMqa6okpaRo6yunqiqoaimUNRYKEAESABABEgAQA
42=FIAEABSABAAUgwUFmsAVgBQAECjo2FjZJ4MUAHA6atq7zKzLwCSANAAUgAQAFIAEABSABA
43=AUgAQAFIAEABSABAAUgAQAFIAEABSABAAUgAQAGoACcsAEABSAAnUAAgBi8A/wAAqAA8vA
44=BYQFwXSABAAUgAQAFIACesAawoWChAAUgAJ1wAKkwBXAVAB0gAQAFIADOMACq8AFgoUClI
45=AEABKlwATAdQCFgHUAJIAEABSABAAUgAQAFIAEABSABAAUgAQAFIAEABSABAAUgAQAFIAE
46=ABSABAAUgAQAFIAEABSABAAUgAQAFIAEABSABAAUgAQAFIAEABSABAAUgAQAFIAEABSACg
47=KCoUAFACSABABEgAQAFIAEABSABAAUgAJ/wCTBlQAkgAUAJIAEAoSABAKEgAUAKsH1gfTA
48=FIAEAESABAAUgAQAFIAEABSABAAUgAQAFIAEABSABAAUgAQAFIAEABICccAUgJQApIAEAB
49=SABAAUgAQAFIAEABSABAAagAJywAQAFIACdQACAGLAAnJAUgBrwALXwBKgwFSANQCFwpUC
50=CsASAhPAW8CFgKQAFIAEABSABAAUgAQAFIACf8AkABUAJIAFACSABAAUgAQAFIAEABSABA
51=AUgAQAFIAEABSABAAUgAQAFIAEABSABAAUgAQAFIAEABSABAAUgAQAFIAEABSABAAbwaWB
52=xAAVgBCd3q7dfh47SzrcrQz0AESABQAkgAQAEojgDp7awBSAZcAkgAQARIAEABSABAAUgA
53=QAFIAEABSABAAUgAQAFIAEABWFhAWKwBWAFAAUgAUAJIAFwCSABQAkgAUAJIAEABSABAAU
54=gAQAGsNDAsAEgDUAJLANDY2VQnLQgAXAJABEgAQAFIAEABSABAAUgAQAFIAEABSABAAUgA
55=QAFIAEABqAAnLABAAUgAJ1AALSwAQCJIAEAiSAAqjAAJq6qipJ2R2eTm3+vvKlwAUAVIAF
56=AFSABAAUgDQApIAEABSABAAUgAQAFIAEABSABAAUgAQAFIAEABSABAAUwlUCasAVgBQAFI
57=AEABSAA2XABABEgAQARIAFApSABQXEgAUAJIAFACSAAJyM/Ps7KpzNHPvcC8UAKwKVwCTA
58=FIFUAWrAFYAUABSABAAUgAQAFIAEABSABAAUgAQAFIAEABSABAAUgAQAFIAEABSABAAUgA
59=QAFIAEABSABAAUgAQAFIDEANrAFYAQnd6u7Q292dloqnoJRQAkgAUAJIAEABSABAAVwFQA
60=FIAC0sAFgBUAJIAEABSABAAUgAQAFIAEABSABAAUgAQAFIAEABSABAATM8KVwCSABABEgA
61=QAFIAEABSABAAUgAQAFMKFApSABAAVgBCczU1LCsos/U09DY2EAESABQAkgAXBpIAEAWSA
62=BQAkgAUAJIAEABSABAAUgAQAFIAEABSABAAUgAQAFIAEABqAAnLABAAUgAJ1AAOSwAQBNI
63=AEwTSABEOwO6u7WppJq8O1gHQAdIAEABSABAAUgAQAFIAEABSABAAUgAQAFIAEABSABAAU
64=gAQAFIAEABSAAGcnVvm6GggIN/TAFQAgZ/h4mHjpB8gX9cUEgAQ1WDiIhcAkgAQARIAC28
65=ACdcAFAUJywAIAzcB0wKQAdIAEABSABAAUgAQAFIAEABSABAAUgAQAFIAEABSABAAUgAQA
66=FIAEABSABAAUgAQAFIAEABSABAAUgAQAFIAEABWBNAKEgAQAFIAEABSAAJyc/NxMfDv7+5
67=opuQTARIAFAFSABAAUgAQAFIAEABSABAAUgAQAFIAEABSABAAUgAQAFIAAFdXFcU4AAJm6
68=OkdHl4j5SUgoeFQARIAEAESABAAUgAQAEDeHx6dHd1+QUUIAPfNMjOzViRA4d4Ztrk51AI
69=SABcCEgAQAFIAEABSABAAUgAQAFIAEABSABAAUgAQAFIAEABSABAAUgAQAFIAEABqAAnLA
70=BAAUgAJ1AAOSwAQChIAEAoSABAAUgGUAVIAAnZ5enP2Nmimo7BxMBQAkgAUAJIAEABSABA
71=AUgAQAFIAEABSABAAUgAQAFLAHV6eawBJ2QEoAFQAkgAQARIAEABSABAAUgAQAGgBLQAJC
72=w/JNw0vFZIV0wESABQBUgAQAEG2OLlys/OpaCXQLtYAVACSABAAUgAQAFIAEABSABAAUgA
73=QAFIAEABSABAAUgAQAFIAEABSABAAUgAQAFIAEABSABAAUgAQAFIAEABSABAAUgAQAFIAE
74=ABSABAAUgAQAFIAEABSABAAUgAQAFIAEABSABAAUgAQAFIAAnK0M7CxcHFyMbX4uS4HLQA
75=QARIAEAESABAAUgAQAFIACc8VkwBUAJIAEABSAZAAUgATAFIAFCYSABQmEwBUAJIAEABSA
76=BYBCcIAAadpKWhqauKkpFcAkAESABAAUgAJ4AAQwHCyMYnXABAAUgAQARIAEABSABAAUgA
77=QAFIAEABSABAAUgAQAFIAEABSABAAUgAQAFIAEABSABAAagAJywAQAFIACdQAEwBUBdIAD
78=D8AiqMADYsAFgWMwgALbwAIAM8VkgGUBFIAFARJywAQAFIAFACSABADawBA5KZmdDb3qwB
79=vAJIAzAIAEAESABABEgAQAFIAEABSABAAUgAQAFIAEABSABAAUgAQAFIAEABSABAAUgAQA
80=FIAEABSABAAUgAQAFIAEABSABAAUgAQAFIAEABWBZMKEgAQAFYAVACSABAAUgAQAFIAEAB
81=SABAAUgAQAFIAEABSABAAUgAQAEzCANcAkgAQAQnDA4n/FAwPA5YBFAFSABAAUgAQAFIAE
82=ABSABAAUgAQAFIAEABSABDCp6oqkN8naelTAG8AjkMAipcEgXd6e3d6e3e6hEAAMMQACAH
83=7t7q7t3p7d3p7UABSABAAUgAQAFIAEABSABAAUgAQAFIAEABSABAAagAJywAQAFIACdQAE
84=8BrbePWAFDAa+5kkABSABMAUgAQAFIAEABSABAAUgAQAFIAEABSAZQBawBWAFBARSAAKwB
85=WAFAAUgAQAFLAM3V0kgABtDZ2oSHgYSMjSdcAEABSABABEgAQARIAEwESABQAkgAUAJIAE
86=ABSABAAUgAQAGsBAOSlpOhqKasASq8AIkQFFgEUAVIAEABA8vf6M3i60gAQAFIAEABSABc
87=AkgAQARIAEABSABAAUgAQAFIAEABSABAAUgAQAFIAEABSABAAUgAQAFIAEABSABAAUgAQA
88=FIAEABSABAAUgAQAFIAEABSABAAUgAQAFIAEABSABAAUgAQAFIAEABWChAAUgATAFIAEAB
89=SABAAUgAQAFIAEABSABAASe8AwZ7fHlWWVhrbGkq7AMtjABcBUgAUAJMBEAHSABAAVgBUA
90=JIAEABWAEGnaWmpKikrbSyWAFABLwCTAFAAUgAQAFIAEABSABAAUgAQChIAEAoSABAASdc
91=AEABSABABEgAQAFIAEABSABAAUgAQAFIAEABSABAAUgAQAGoACcsAEABSAAnUAAgEiwAQF
92=JIAFApSAA/HAFMHyePAJ2dljZMCieMACo8AirsAFwCXCYGnKOkhYyKrbW0M7wATAQqXAAn
93=3ASsKFgBQAGsBCf8AkABSAZQAkgAQAFIAEABSABAAUgAQAFIAEABSABAAUgAQAFIAEABSA
94=BAAUgAQAFIAEABSABAAUgAQAFIAEABSABAAUgAQAFIAEABSABAAUgAQAFIAEABIAMMBVgE
95=UAVIAEABSwB/h4knLABAAUgAUAJIAEABSABAAUgABnJ1b5uhoICDf0wBUAJIAEABvCm8IA
96=mSmZm1wMCbr7hth5RIA0AESABAAUgAQAFIAEABSABAAUgAQAFIAEAHrAFYKEABSABQAlwX
97=TChIAEABWAFQAkgAQAFIAEABSABAAUgAQAFIAEABSABAAagAJywAQAFIACdQADwvAPr6AE
98=gAPIwASAlABEgAQAFIAEABSAAG4Ovv4u3w4+3xRwJgYV5YSUAiXAJYAUgAQAFIAEABSABA
99=AUsAXVxXrARYBAaPlZWSlpRlZmJcAlACrARcICdMBAxSZXC50d3B2OS70t7I3eZABEgAUA
100=VIAEABSABAAUgAQAFIAEABSABAAUgAQAFIAEABSABAAUgAQAFIAEABSABAAUgAQAFIAEAB
101=SABAAUgAQAFIAEABSABAAUgAQAFIAEABSABAAUgAQAFIAEABSABAAUgAQAFIAEABQCgtCA
102=C8AkgDQAFIAEABSABAAUgAQAFIAEABSwDi7fFLAOHs8FQABpGVkdzp7dzo7VwjQAQzDwhY
103=XFxYJUAESABMBEgAUAhMAQaTmZeHjYmdp6VYAScMBVwpQAQJfZSip8DMfJekw9njSwC/1u
104=FIAFwCSABQBUgAQAFIAEABSABAAUgAQAFIAEABSABAAUgAQAFIAEABSABAAUgAQAFIAEAB
105=SABAAUgAQAFIAEABSABAAagAJywAQAFIACdQAC0sAFAdLQAFLTgALbwAKhwBSCdIAEwoSA
106=BAAUgAQAGgBFQAQAdIAFwLSACsakMotLy8UKdY0EAEWCVAJUwEQwGfqKpD9Hh+e1wCSABQ
107=AkgAQAFIAEABSABAKEgAQChIAEABSABAAUgAQARIAEAESABAAUgAQAFIAEABSABAAUgALU
108=QDuAFcAkAESABAAUgAQAFIAEABSABAAUgAQAFIAEABSABAAUgAQAFIAEABSABAAUgAQAFI
109=AEABrAogAxQAvAVIBkABSABQJkgAXCZIAEABSABAAUgAQARIAEAESCRcI0gAQAFYKFACSA
110=BcAkxPBqWpp2FgW32CgVgBUAJIAEABSwC6wL8nLABAAUgAUAJIAEABSABAAUgAQChIAEAo
111=SABAAUgAQAFIAEAESABABEgAQAFIAEABSAA/aANMBFAFSABAAUgAQAFIAEABSABAAagAJy
112=wAQAFIACdQAKwBP4gBKoAAKuwAWAcG6PDz5+/y6fH0KiwAKowAJywAWChQKVgBRAVIAEAB
113=SABAASqcKW4rr7JLe21vaSGoI0AESABMBEgAUFlIAEAxSABQAkgAUAJIAAnJ3ebR4unS4+
114=rc6e4qLABABEgAQARIAEABKggDNiwAWARQBUgAQAFIAEABSABAAUgAQAFIAEABSABAAUgA
115=QAFIAEABSABAAUgAQAFIADZwATZcAEAHSABAB0gAUClIAFwpSABAAUgAQAFIAEAESABABE
116=gAMwwFXAInnClcLFx9SABQKUgAUKQn7ABAATMMBUAoSABMKEgAQAFIAEABSABcBUgAUAtI
117=AEABNggDMFwAvAVIBkABSABAAUgAQAFIAEABqAAnLABAAUgAJ1AAKiwAMGQBM0QAM+wAXA
118=hAKEgAQChIAEABBtjh4piWkOHr7za8AFAmSABQJkilBoWKiICHh5ScnlgBCY6Tj8jS0Kms
119=pK23tjbsAAbZ6OtvipjB1N1cJkAoSABAAUgAM7wAMxQDM1AAWAdAGUgAQAFIAEABSABAAU
120=gAQAFIAEABSABAAUgAQAFIAEABSABAAUgAQAFIAEABSABAATOIAbACQARIAEwESABAAUgA
121=QAFIAEABSABAAUgATCgO5e7y4uzvwszNcmxiho+QnKR870AESABABEgAQAFIAEABSABAAU
122=gAQAEDjo2FoaOdryuoq6NQAkgAXAJIAEABSABAAUgAQAEPgY+Vc4KHkqm0kam32Ofs1eXq
123=NgwFvAVIBkABqBg/FABQBUgAXAVIAEABSABAAUgAQAGoACcsAEABSAAnUAAwLABYcEBtMM
124=QBSAZQBUgAQAFIAEABSABAAUgAQAFIAEABSABAAUsA4OvvrCIDpK2tdnt6J1wAQAFIAEAE
125=SABAAax2rAFYAUABTFJAB6wBWAFAAUgAQAFIAEABSABAAVv6kKSsWARQBUgAUAJIAFwCSA
126=BAAUgAQAFIAEABSABAAUgAQAFIAEABMFwDJ0QAQARIAEwESABAAUgAQAFIAEABSABAAUgA
127=QAFIAEABSABAAUgAQAFIAEABSABAAUgAQAFIAEABWChQKUgAQAG0DLwCSANAAUgAQAFIAE
128=ABSABAAUgAQAFIAEABSABAAUgAQAFIAFMdx9LTQMpI81ACSABQAkgAQAFIAEABTMdQKUgA
129=QAFIAFACSABcAkgAQAFIAEABSABAAUgJUCZMASrcPVwCSABQAkgAQAFIAEABSABAAbwXSB
130=hAAVgBUAJIAEABSABAAbwaJxQAUAJIAFwCSABAAUgAQAFIAEABSABAAUgAQAGoACcsAEAB
131=SAAnUAAtLAAn3AFMEDaMADlcACQ0Ri1MAQbN19dMR0BwcGxIISrsAEAoSABAKEgAKlwAMy
132=wATAdQKTbcPSrcAUgYUBdIAEABSABAAS08Aid8AUQpJywANowAIEtcAFwgQCKsGSoUACoM
133=Age1v75tb22GjpCbIAXMFCrsAEwBTCgJmqKknKepgYeGtcDAWAFAK0gAXCAqxAGsAVwFQC
134=hIAEwoSABMBEgAUAJIAEABSABAAUgAQAFIAEABSABAAUgAQAFIAEABSABAAUgAQAFIAEAB
135=SABAAagAJywAQAFIACdQACAeLAAzDAWkGrQAXAtAH0gAQB8DoaqqjZWWSA9QAkgAQAFIAE
136=ABSABAAawfrAFYAUABSACwCFQAT6PF0dK8AkgJQAFQAjkIAEwHTARIAEABSABAAUgVUD6s
137=AVgBQAFIAEABSABAAUgAQAFIAEABSABAAUgAQAFIAEABSABAAUgAQAFIAEABSABAAUgAQA
138=FIAEABSABAAUgAQAFIAEABSABAAUgAQAFIAEABSABAAUgAQAFIAEABSABAAUgAQAFYEzZE
139=A0AESABMBEwfUyna6e1QU1h8UAInyABMAUgATARIAFApSABASUwBJ4AAQAE2bBRIAzMIAE
140=AKSABQCEgAQAGsKFwUTAFIAFACSABAAUgAQAFIAEABSABAAUgAQAFIAEABSABAAUgAQAFI
141=AEABqAAnLABAAUgAJ1AAICEsAAa8wL6inZLT29wqUAMzfAFcKSdsOCqwAEwBQChIBlARWC
142=hAAUgATAFcAkgANmwUrAQnmABEBUgACd3q7dfh47SzrcrQz0AESABABEgAQAFIAEABSABA
143=AUgAQAFIAEABSABAAUgAQAFIAEABSABAAUgAQAFIAEABSABAAUgAQAFIAEABSABAAUgAQA
144=FIAEABJ7wGQAFYAVACSABAAUgAQAFIAEABSABAAUgAQAFIAEABSABAAQ+vrKShmY2PhXee
145=lonQ2Nrc5+q8AkgDQAFIAEABSABAAUgAQAFIAEABSPkGhYeDS0tIhY+SbB8F6e2KkZCTm5
146=xIA0AESFdALkgAQAEwbBSsBFgEQAFIAEABSABAAUgAQAFIAEABSAAJzNHPuru1qaSavcC8
147=UAJIAFACSABAAUgAQAFIAEABSABAAUgAQAFIAEABSABAAUgAQAFIAEABSABAAUgAQAGoAC
148=csAEABSAAnUABMAScMBSAJ/AsJq6ifmot3lINtsKiaSAlQCEgAQAFIAEABSABAAUgAQAFI
149=AEABSABAAUgAQAFIJEAlA4yMgqmuqK8Bk5iUKowzUAIGmaKjiY+Lenx2TKNYAVwFSABMB0
150=gAUAhIAEABSABAAUgAQAFIAEABSABAAUgAQAFIACA5PAVQC0gAQA1IAEABSABAAUgAQAFI
151=AEABSABAAUgAQAFIAEABSABAAUgAQAFIAEABB8jPzqSekpKEcr+YPVACSABcAkgAQAFIAE
152=ABSABAAUgAQAFIAEABSABAAUgAQAFIAFAjSABQI0gAQAG/Ao6NhSpvBbrDwrwCXAVAAUgA
153=QAFIAEABSABAAUgAQAFIAEABSABAAUhCUEGsAVgBQAFIAAnHysbFyMWxr6fM1NNQAkgAUA
154=JIAEABSABAAUgAQAFIAEABSABAAUgAQAFIAEABSABAAUgAQAGoACcsAEABSAAnUAAgCSwA
155=CcTIxrq6tKSdkZmQg1gHQAdIAEABSABAAUgAQAFIAEABSABAAUgAQAFIAEABSABAAUgAQA
156=FIAEABSABAAUgAQAFIAEABSABAASpsBUwBUAJIAFwCSABAAUgAQAFIAEABSABAAUgAQAFI
157=AEABWChQKawBWAFAAUgAQAFLANPd3ycsAEABSABQAkgAQAFIAEABSABAAUgAQAFIAEABSA
158=BAAUgAQAFIAEABSABAAUgAQAFIAEABSABAAUgAQAFIAEABSABAAUgAQAFIAEABSABAAUgA
159=QAFIAEABAs/W19rkIqhfTAFIAFACSABAAUgAQAFIAEABTBlAAUgATAFIAEABSABAAUgAQA
160=FIAEABSABAAUgAQAFIAEABSABAAUgAQAFIAEABSABAAUgAQAFIAEABSABAAUgAQAFIAEAB
161=SABAAUgAQAFIAEwoSABAEEgAUAJIAFACSABAAUgAQAFIAEABSABAAUgAQAFIAEABSABAAU
162=gAQAFIAEABSABAAUgAQAFIAEABSABAAagAJywAQAFIACdQACAJLABY60DrSABAAVgHQAdI
163=AEABSABAAUgAQBlIAEAZSABQAkgAUAJIAEABSABAAUgAQAFIAEABSABAAUgAQAFIAEABSA
164=BAAUgAQAFIAEABSABAAVgNUA6sAQrd6e3e6u7e6u7d6e3dEQAAEgvKEwjp7d7q7t7q7t3p
165=7UgATwGvuZJAAUgATAFIAEABSABAAUsA/wAAJwgAUAJIAFACSABAAUgAQAFIAEABSABAAU
166=gAQAFIAEABSABAAUgAQAFIAEABSABAAUgAQAFIAEABSABAAUgAQAFIAEABSABAAUgAQAFI
167=AEABSABAAUgAQAFLAMvf6EsAzeLrSABQAqwBXAJMAUgAQAFIAEABSABAAUgAQAFIAEABSA
168=BAAUgAQAFIAEMBrbePQB9MAUABSABMAUgAXAJIAFACSABAAUgAQAFIAEANSABQDkwBUAJI
169=AEABSABAAUgAQAFIAEABSABAAUgAQAFIAEABSABAAScMBScgALwCSANAAUgAQAFIAEABSA
170=BAAUgAQAFIAEABSABAAUgAQAGoACcsAEABSAAnUAA8LAAn6AEnvABYGVAaSABAAUgAJ1wA
171=PBwBWARABEgAQAFIAEABSABAKEgAQChIAEABSABAAUgAQARIAEAESABADawBIB6sAVAIrB
172=lMCkwBSABAAUgAQAFIAEABSABAAUgAQAFIAEABSABAAUgAQAFIAEABSABAAUgAQAFIAEAB
173=SABAAUgAQAFIAEABSABAAUgAQAFIAEABSACoDyoUACpcAycsACe8AEABSABAB0gAQAFIAE
174=ABSABAAUgAQAFIAEABSABAAUgAQAFcJkAoSABAAUgACYKDfc3V0tDZ2oCDf0AErAFYBEwB
175=SABAAUgAQAFIAEABSABAAUgAQAFIAEABSABAAUgAQAFIAEABSABAAUgAQAFIAEABSABAAU
176=gAQAFIGEA0rAFYAUABSABAAUgAQAFIAEABSABAAUgAQAGoACcsAEABSAAnUAA8LAAnGAUg
177=BrwAWARACkgAQAFIAEABSABAAUgAQAFIAEABSABAAUgAQAFIAEABSAAGe3x5VllYa2xpWC
178=hAKAaeqKp4fnudp6VABEgAQARIAEABSABAAUgAQAFIAEABSABAAUgAQAFIAEABSABAAUgA
179=QAFIAEABSABAAUgAQAFIAEAoSABMKEgAQAFIAEABXAJABEgAQAFIAEABSABAAUgAQAFIAE
180=ABSABAAUgAQAFIAEABSABAAUgAQAFIAEABSABDAfr6AKgAJywAvAJYAUABSABAAUgAQAFI
181=AEABSABAAUgAQAFIAEABSABAAUgAQAFIAANydW+boaBATEwBUAJIAEABSABAAUgAQAFIAE
182=ABSCdAKAOdnZaprqhYAVACA5OYlKGopqwBWAFAAUgAQAFIAFAFJywAQAFYWAODhX6Ql5dM
183=AUgAQARIAEABSABAAUgAQAFIAEABSABAAUgAQAFIJ0AoSABAAVgBUAKgH6wBWAFAAUgAQA
184=FIAEABSABAAagAJywAQAFIACdQAKwBvAg2FACsBEgGQAFIAEABSABAAUgAQAFIAEABSABA
185=AQKEnrHc6GvqdXp5WAFQAkgABpmipKGoqmlucEwBUAJIAEABSABAAUgAQAFIAFwjJ/QBJy
186=wAWCtABEgAQARIAEABSABAAbwCBmBhXoWIhXV4d1wFSABQAgxlZmLT4ePB1+G80t25xMhQ
187=BUgAXAVIAEABSABAAUgAQAFIAEABSAAn0AEqIABcAkAESABAAUgAQAFIAEABSABAAUgAQA
188=FIAEABSABAAUgAQAFIAEABKhwBMCwArARYBEABSABAAUgAQAFIAEABSwDl7/NKAOTudAAG
189=bXyF1uXr4uzwXAJBBIDgAAOTmZeHjYlAdrwCSANAAUgAQAFIAEABMNwBpAJIA0AESABAAU
190=gAQAFIgQNqamaKkI/tC4BcAlAOUDgM2ebqpKmkwtjjw9njv9bhSABcBUgAQARIAEABSABA
191=AUgAsAs5FABMBFAFSABAAUgAQAGoACcsAEABSAAnUABMATk0AagDTAQqvAAqLwDi7fFLAO
192=Hs8EgAA+Tv897q70sA4OvwKowAJ7wDSJ9QR0gAXEcqTAG0DDMUACocAUAHSABMB0gAUKon
193=WAFMBKzWTwrL1tgnDAVAAUgAUClIAEwESABABEgAQAFIAEABM8QBsAJABEgATARIAEABSA
194=BAAUgAQAFIAEABSABAAUgAQAFIAEABoAc5FABMBEgAUAVIAEABSABAAagABujw8+fv8unx
195=9FgBJywAUBpIAEDxSABQBUgAVANLAJKVj6wBXCBAIqwBXAJAATn0AagDTARIAFAFKu4An6
196=YoPBpMDVAOSABAAVgEQChIAEAoSABAAUgAQAFIAFAISABABEgApAs5FABMBFAFSABAAUgA
197=QAGoACcsAEABSAAnUAA5KAEqaAAnvAAq7ABPAeny9SdMCiosAFAaSAZABEgACaWvso+VlW
198=lubrW9u1ACSABQAkgAQAFIAEABKqABLSwAXAhIALwjUAVIAFwFSAADx9LTXVxXU6SdpqhA
199=BKzHWARABEgAQARIAEAoSABAKEgAQAFIAEABSABABEgAQAQtrAEqOABABEgATARIAEABSA
200=BAAUgAQAFIAEABSABAAUgAQAFIAEABSABAAbAIKiwApAJUAFACSABMBEgAQAFIAEABSABA
201=KEgAUHpIAEABSABAAUgAQAS8GkwETAFIAEABSwCSlpRLpW1vaUwBUAJIAEABSABAAUgAQA
202=FY6FgNrAdAAUgAvAJIA0ABSABAAUgAQwFYXFxQpFjNTAFIAFACSABAB0gAUAhIAFACSABQ
203=AkgAQChIAEAoSABAAUgAQAFIAEAESABABEANKggAUAJIAFwCSABAAUgAQAFIAEABqAAnLA
204=BAAUgAJ1AAIBIsAFAmVAZQelwmKiwAJ0wBTBlQGkgAQAFEBVwCWHlAc0gAUM5YAVACTAFA
205=AUgATAFIAEABSABAAUgGQAcnLABAAUgAXAJIAEABSABAAVjNQAGsClgBTAFIAEABKuwAWA
206=FQAkgAQAFIAEAoSABAKEgAQAFIAEABSABABEgAQARIAEABSABAAUgAQAFIAEABSABAAUgA
207=QAFIAEABSABAAUgAQAFIAEABSABAAUgAQAFIAEABSABAAUgAQAFIAEABSABAAUgAQAFIAK
208=ABrChDo9Xi51DLXClceqgDTAQnHARMAVACSABAAUsAoKmqSKUDrbW0rbe2UCAnXABAAUgA
209=QARIAEABSABAAUgAQAFIAEABSABAAUgGUC9MAQm0vLzN19d9cV+krrFQAkgDUAJIAEABSA
210=BAAUgAQAFIAEABSABAAUgAQAFIAAbJ3ebS4ujS4OVMKEwBBtnn7M7h6Nzp7kAESABABEgA
211=QAFIAEABSABAAUgAQAFIAEABqAAnLABAAUgAJ1AAIAksAFgWTBlIAEwovGsChJCW3up49F
212=AITJRclVgKTAFIAEABSABAAUgAQAcGn6iqkpaThYyKUAJYAVAISABMAUgAQARIAEABSABA
213=AUgAQAFIAEABSABAAUgAQAFIAEAHSABAB0gABkxHQHZ7epGYmVwCQARIAEABSABAAUgAQA
214=FIAEABSABAAUgAQAFIAEABSwCdpKUnnBFcKSdcAEABSABABEgAQAFIAEABSABAAUgAQAFI
215=AEABSABAAUgAQAFIAEABSABAAUgAQAFIAEABSABAAUgAQAFIAEABSABAAUgAQAFIAEAZrA
216=FcaycsAFwCUAJIAEABSABAAUgAQAFIAEABSABAAUsAusC/JywAQAFIAFACSABAAUgAQAFI
217=AEABSABAAUgAQAFIAEABSABAAUgAQAFIAEABSABAASrsHlgBUAJIAEABSABAAUgAQAFIAE
218=ABSABAAUgATBZIAEAxSAA/nBFcBUAHSAAJ3uru3uru3ent3entEQAA

[AITriggerTypesEnable]
043F40BC-G=yes
043F521C-G=yes
043F874C-G=yes
044082BC-G=yes
05CB5B6C-G=yes
05CB830C-G=yes
05CBAEDC-G=yes
05CBC04C-G=yes
05CBC19C-G=yes
05CBC2EC-G=yes
05FC088C-G=yes
05FC0C9C-G=yes
05FC13EC-G=yes
05FC1A8C-G=yes
05FC1C5C-G=yes
05FC333C-G=yes
05FC37CC-G=yes
05FC3C9C-G=yes
05FC50EC-G=yes
05FC747C-G=yes
05FC75CC-G=yes
05FFA7DC-G=yes
05FFB18C-G=yes
06002BFC-G=yes
0611A1EC-G=yes
0611A33C-G=yes
0612B11C-G=yes
0612CD8C-G=yes
0612EAEC-G=yes
0612F46C-G=yes
0612F9AC-G=yes
0616004C-G=yes
06C551AC-G=yes
078F4B2C-G=yes
07C04C7C-G=yes
07C04EDC-G=yes
07C0B14C-G=yes
07C30A5C-G=yes
07C310BC-G=yes
07C3266C-G=yes
07C329FC-G=yes
07C330CC-G=yes
07C33DDC-G=yes
07C4853C-G=yes
08A3EEDC-G=yes
08B902EC-G=yes
08B90B1C-G=yes
08B911BC-G=yes
08B9154C-G=yes
08B9213C-G=yes
08B9305C-G=yes
08B9356C-G=yes
08B940EC-G=yes
08B9423C-G=yes
08B9483C-G=yes
08B9586C-G=yes
08B9641C-G=yes
08B9708C-G=yes
08B9767C-G=yes
08B97C6C-G=yes
0A31295C-G=yes
0A44F17C-G=yes
0A44F2CC-G=yes
0A452C6C-G=yes
0A452E5C-G=yes
0AA845AC-G=yes
0AA846FC-G=yes
0ABC484C-G=yes
0AD2BAEC-G=yes
0C0C7AEC-G=yes
0C0D184C-G=yes
0C0D251C-G=yes
0C1245AC-G=yes
0C1246FC-G=yes
0C32599C-G=yes
0C32D84C-G=yes
0C87B45C-G=yes
0C87B99C-G=yes
0C87E5AC-G=yes
0C8B81BC-G=yes
0C8BC5AC-G=yes
0C8C2AEC-G=yes
0C8C2C3C-G=yes
0C8C430C-G=yes
0C8C4C3C-G=yes
0C8C51BC-G=yes
0C8C56FC-G=yes
0C8C645C-G=yes
0C8C6EDC-G=yes
0C8C71BC-G=yes
0C8E2C3C-G=yes
0C8EE1BC-G=yes
0C8EEAEC-G=yes
0C8EEEDC-G=yes
0C91D45C-G=yes
0C92C1BC-G=yes
0C92C45C-G=yes
0C955AEC-G=yes
0C955C3C-G=yes
0C9561BC-G=yes
0C9565AC-G=yes
0C96F45C-G=yes
0C96F5AC-G=yes
0CA1F84C-G=yes
0CA24D8C-G=yes
0CA2A04C-G=yes
0CA2B06C-G=yes
0CA2D99C-G=yes
0CA2FEDC-G=yes
0CA5945C-G=yes
0CA6621C-G=yes
0CA6AEDC-G=yes
0CAD0B2C-G=yes
0CAD0C7C-G=yes
0CAD0DCC-G=yes
0CAD130C-G=yes
0CAD145C-G=yes
0CAD25AC-G=yes
0CAD2AEC-G=yes
0CAD2C3C-G=yes
0CAD5AEC-G=yes
0CADD99C-G=yes
0CADDEDC-G=yes
0CB29EDC-G=yes
0CB2CEDC-G=yes
0CDF899C-G=yes
0CDF8D8C-G=yes
0CDF8EDC-G=yes
0CE2395C-G=yes
0CE23AAC-G=yes
0CE26B5C-G=yes
0CE26CAC-G=yes
0CE2E8DC-G=yes
0CE2EA2C-G=yes
0CE44D0C-G=yes
0D022B1C-G=yes
0D022C6C-G=yes
0D052AEC-G=yes
0D0803CC-G=yes
0D08461C-G=yes
0D0848BC-G=yes
0D084A0C-G=yes
0D084B5C-G=yes
0D0873DC-G=yes
0D087D8C-G=yes
0D0B3B9C-G=yes
0D2769BC-G=yes
0D2C41EC-G=yes
0D2C448C-G=yes
0D2C45DC-G=yes
0D53099C-G=yes
0D53130C-G=yes
0D53430C-G=yes
0D535EDC-G=yes
0D62145C-G=yes
0D6215AC-G=yes
0D6216FC-G=yes
0D62199C-G=yes
0ECCB2BC-G=yes
0ECCB40C-G=yes
0ECCB55C-G=yes
0ECCB7FC-G=yes
0ECCBC3C-G=yes
0ECCF14C-G=yes
0ECCF29C-G=yes
0ECCF68C-G=yes
0ECCFA7C-G=yes
0ECCFCAC-G=yes

[Africans]
IQ=0
Edge=North
Color=DarkRed
Allies=Africans
Country=Africans
Credits=0
NodeCount=0
TechLevel=1
PercentBuilt=0
PlayerControl=no

[Alliance]
IQ=0
Edge=North
Color=Gold
Allies=Alliance
Country=Alliance
Credits=0
NodeCount=0
TechLevel=1
PercentBuilt=0
PlayerControl=no

[Americans]
IQ=0
Edge=North
Color=Gold
Allies=Americans
Country=Americans
Credits=0
NodeCount=0
TechLevel=1
PercentBuilt=0
PlayerControl=no

[Arabs]
IQ=0
Edge=North
Color=DarkRed
Allies=Arabs
Country=Arabs
Credits=0
NodeCount=0
TechLevel=1
PercentBuilt=0
PlayerControl=no

[Basic]
Name=[4] ¾Ýµã
Author=Burg
Percent=0
GameMode=standard
HomeCell=98
InitTime=10000
Official=no
EndOfGame=no
FreeRadar=no
MaxPlayer=4
MinPlayer=2
SkipScore=no
TrainCrate=no
TruckCrate=no
AltHomeCell=99
OneTimeOnly=no
CarryOverCap=0
NewINIFormat=4
NextScenario=
SkipMapSelect=no
CarryOverMoney=0.000000
AltNextScenario=
MultiplayerOnly=1
IceGrowthEnabled=yes
VeinGrowthEnabled=yes
TiberiumGrowthEnabled=yes
IgnoreGlobalAITriggers=no
TiberiumDeathToVisceroid=no

[British]
IQ=0
Edge=North
Color=Gold
Allies=British
Country=British
Credits=0
NodeCount=0
TechLevel=1
PercentBuilt=0
PlayerControl=no

[CellTags]

[Confederation]
IQ=0
Edge=North
Color=DarkRed
Allies=Confederation
Country=Confederation
Credits=0
NodeCount=0
TechLevel=1
PercentBuilt=0
PlayerControl=no

[French]
IQ=0
Edge=North
Color=Gold
Allies=French
Country=French
Credits=0
NodeCount=0
TechLevel=1
PercentBuilt=0
PlayerControl=no

[GDI]
IQ=0
Edge=North
Color=Gold
Allies=GDI
Country=GDI
Credits=0
NodeCount=0
TechLevel=1
PercentBuilt=0
PlayerControl=no

[Germans]
IQ=0
Edge=North
Color=Gold
Allies=Germans
Country=Germans
Credits=0
NodeCount=0
TechLevel=1
PercentBuilt=0
PlayerControl=no

[Houses]
0=Americans
1=Alliance
2=French
3=Germans
4=British
5=Africans
6=Arabs
7=Confederation
8=Russians
9=YuriCountry
10=GDI
11=Nod
12=Neutral
13=Special

[IsoMapPack5]
1=Gg0AIA43AAEA//8AAAAAADYAAgD//0MBAAA3KCkAOCgrADUAA+EENigpADcoKQA4KCkAOS
2=grADQABPkGNSgpADYoKQA3KCkAOCgpADkoKQA6KCsAMwAF8Qk0KCkANSgpADYoKQA3KCkA
3=OCgpADkoKQA6KCkAOygrADIABukMMygpADQoKQA1KCkANigpADcoKQA4KCkAOSgpADooKQ
4=A7KCkAPCgrADEAB+EPMigpADMoKQA0KCkANSgpADYoKQA3KCkAOCgpADkoKQA6KCkAOygp
5=ADwoKQA9KCgAAjAACABDWEEBBQAAMUgByUMyKCkAMygpADQoKQA1KCkANigpADcoKQA4KC
6=kAOSgpADooKQA7KCkAPCgpAD0oKQA+KCsALwAJkBRFRDDJAQF9FQkoJAUnKQAzQATVGDQo
7=KQA1KCkANigpADcoKQA4KCkAOSgpADooKQA7KCkAPCgpAD0oKQA+KCkAPygrAC4AClQrSw
8=AEAC8oKQAwSAF2LgQEVS4KjBtBMDJWArgCTwUAADNIAScVAwr5HDUoVQA2KCkANygpADgo
9=KQA5KCkAOigpADsoKQA8KCkAPSgpAD4oKQA/KCkAQCgrAC0AC4QUTTEuKCkALygpADBJAU
10=RoBG4bCwBoAVE1MlQCJ24DCwDJATRUAtkcNSgpADYoKQA3KCkAOCgpADkoKQA6KCkAOygp
11=ADwoKQA9KCkAPigpAD8oKQBAKCkAQSgrACwADG0YAFkcLSgpAC4oKQAvKCkAMCgpADFIAW
12=QeQTsyyAFBOzNIASfFAwwoNAcnKQA2QATdIDcoKQA4KCkAOSgpADooKQA7KCkAPCgpAD0o
13=KQA+KCkAPygpAEAoKQBBKCkAQigrACsADfEfLCgpAC0oKQAuKCkALygpADAoKQAxSAFgXF
14=knMsgBUUAzSAEnHQQNKBwEJykANkAEJxwEJ1UAOChVADkoKQA6KCkAOygpADwoKQA9KCkA
15=PigpAD8oKQBAKCkAQSgpAEIoKQBDKCsAKgAO6SIrKCkALCgpAC0oKQAuKCkALygpADAoKQ
16=AxSAGfIAQAMkgBYCVBRjPIAUFGNEgB3SA1KCkANigpADcoKQA4KCkAOSgpADooKQA7KCkA
17=PCgpAD0oKQA+KCkAPygpAEAoKQBBKCkAQigpAEMoKQBEKCsAKQAP4SUqKCkAKygpACwoKQ
18=AtKCkALigpAC8oKQAwKCkAMUgBJ88EDwBAcQwEXKSoAVFLNEAEJ80ED/FLNihVADcoKQA4
19=KCkAOSgpADooKQA7KCkAPCgpAD0oKQA+KCkAPygpAEAoKQBBKCkAQigpAEMoKQBEKCkARS
20=grACgAEGQbfY4pKCkAKigpACsoKQAsKCkALSgpAC4oKQAvKCkAMCgpADFIASclBRCFKQJk
21=KagBAQMAADRABCclBRAoJAUnKQA3KIEAOCgpADkoKQA6KCkAOygpADwoKQA9KCkAPigpAD
22=8oKQBAKCkAQSgpAEIoKQBDKCkARCgpAEUoKQBGKCsAJwAR8SooKCkAKSgpACooKQArKCkA
23=LCgpAC0oKQAuKCkALygpADAoKQAxSQEnfQ0DV3sRAINNUwF8K6gBXfs0QAR8A00ANSgpAD
24=ZIAdUuNygpADgoKQA5KCkAOigpADsoKQA8KCkAPSgpAD4oKQA/KCkAQCgpAEEoKQBCKCkA
25=QygpAEQoKQBFKCkARigpAEcoKwAmABKjRgQAJygpAChIAVQdtVoShAFFwyooVQArKCkALC
26=gpAC0oKQAuKCkALygpADAoKQAxSAFpLQR1LhKWLgUDXIOpAQZ0WqgBAQcAADVMBbIQADYo
27=KQA3KCkAOEgBzTE5KCkAOigpADsoKQA8KCkAPSgpAD4oKQA/KCkAQCgpAEEoKQBCKCkAQy
28=gpAEQoKQBFKCkARigpAEcoKQBIKCsAJQAT4TAmKCkAJygpAChIAZMfBAApKCkAKigpACso
29=KQAsKCkALSgpAC4oKQAvKCkAMCgpADFIAW0xCG0xE44xCQJMMaoBCgFEjKkBC28xEwAenB
30=FPMRMAIqkBN0QIpgEAOEgBJywGzxsAADooVQA7KCkAPCgpAD0oKQA+KCkAPygpAEAoKQBB
31=KCkAQigpAEMoKQBEKCkARSgpAEYoKQBHKCkASCgpAEkoKwAkABRCIAAAWX8lyAEBAwQAJs
32=gBUWEnSAGHHgQAKCgpACkoKQAqKCkAKygpACwoKQAtKCkALigpAC8oKQAwKCkAMUkBJngN
33=ZTQUtC53ZRQAH3UCAkU0FFQTTQEBVGXBBAFENMAEIvVAFFQDiQA4UAknhQYUtE9kNCcpAD
34=sogQA8KCkAPSgpAD4oKQA/KCkAQCgpAEEoKQBCKCkAQygpAEQoKQBFKCkARigpAEcoKQBI
35=KCkASSgpAEooKwAjABX1GCQoKQAlSQEzQh4FAEUjFfU5J9QCVTkoSQE0QARVOSlIAWQBSQ
36=EqKCkAKygpACwoKQAtKCkALigpAC8oKQAwKCkAMSgpADJIAZA1fTYVSBJcDX02FblpAl82
37=FQAqUQIAfDbIAX02Fbk9AERrJ5kDOVAJyTg6KCkAOygpADwoKQA9KCkAPigpAD8oKQBAKC
38=kAQSgpAEIoKQBDKCkARCgpAEUoKQBGKCkARygpAEgoKQBJKCkASigpAEsoKwAiABbpOCMo
39=KQAkKCkAJSgpACYoKQAnSAHNPChIAXQ5RXYpyAFNPCpJAVdzKgQAK0gBJR0lLCgpAC1IAX
40=wDRT8uKCkALygpADAoKQAxKCkAMkgBwXIzSAGFogNXcBYAgiH+IAADVDmqAQECVHCoAQEC
41=AQA3TAVhBAN0OSfFAzlUAic0BydVADsoVQA8KCkAPSgpAD4oKQA/KCkAQCgpAEEoKQBCKC
42=kAQygpAEQoKQBFKCkARigpAEcoKQBIKCkASSgpAEooKQBLKCkATCgrACEAF+E7IigpACMo
43=KQAkKCkAJSgpACYoKQAnKCkAKCgpAClIAXg9VXsqSQExbDhtPBckr0IEACxUAtk9LSgpAC
44=5IAWgFWT0vKCkAMCgpADEoKQAyKCkAMygpADRIAWk4BG08F5o9BQNMPKkBBmR2qQEHbDwn
45=8QM5WAYnjAcnVQA7KFUAPCgpAD0oKQA+KCkAPygpAEAoKQBBKCkAQigpAEMoKQBEKCkARS
46=gpAEYoKQBHKCkASCgpAEkoKQBKKCkASygpAEwoKQBNKCsAIAAY+T0hKCkAIigpACMoKQAk
47=KCkAJSgpACYoKQAnKCkAKCgpACkoKQAqSAFkP01+K8gBTX4sSQE3czwEAC3IAQEBBAAuSA
48=FohYU/GHgDInkrMFQCjAEi9EsnVQAyKFUAMygpADRIAcVKNUgBckAJBEU/GJFACmQ/J/ED
49=OEAE2T05KCkAOigpADsoKQA8KCkAPSgpAD4oKQA/KCkAQCgpAEEoKQBCKCkAQygpAEQoKQ
50=BFKCkARigpAEcoKQBIKCkASSgpAEooKQBLKCkATCgpAE0oKQBOKCsAHwAZ8UAgKCkAISgp
51=ACIoKQAjKCkAJCgpACUoKQAmKCkAJygpACgoKQApKCkAKigpACtIAWhDXYMsSAF8QVVELc
52=gBXa8uSAF8QVUCL8gBTUcwSAHdxTFIAclDMigpADMoKQA0SAEnPwgZAEJwBXxBqAFZwDdA
53=BNFAOCgpADkoKQA6KCkAOygpADwoKQA9KCkAPigpAD8oKQBAKCkAQSgpAEIoKQBDKCkARC
54=gpAEUoKQBGKCkARygpAEgoKQBJKCkASigpAEsoKQBMKCkATSgpAE4oKQBPKCsAHgAa6UMf
55=KCkAICgpACEoKQAiKCkAIygpACQoKQAlKCkAJigpACcoKQAoKCkAKSgpACooKQArKCkALE
56=gBlTkAVYYatcgAVIYnKQAvQARgRkVKMEgBcEtNiTFIAWA/SQEyKCkAMygpADRJATpnBAQA
57=NcgBSUM2SAHJQzcoKQA4KCkAOSgpADooKQA7KCkAPCgpAD0oKQA+KCkAPygpAEAoKQBBKC
58=kAQigpAEMoKQBEKCkARSgpAEYoKQBHKCkASCgpAEkoKQBKKCkASygpAEwoKQBNKCkATigp
59=AE8oKQBQKCsAHQAb4UYeKCkAHygpACAoKQAhKCkAIigpACMoKQAkKCkAJSgpACYoKQAnKC
60=kAKCgpACkoKQAqKCkAKygpACwoKQAtKCkALkgBxUovKCkAMEgBbEddjjHIAV2OMkkBNrVE
61=M8gBTdY0SAFsR00FNUgB0Qk2KCkAN0gB2Ug4KCkAOSgpADooKQA7KCkAPCgpAD0oKQA+KC
62=kAP0kBg3sRAABASAHJDEEoKQBCKCkAQygpAEQoKQBFKCkARigpAEcoKQBIKCkASSgpAEoo
63=KQBLKCkATCgpAE0oKQBOKCkATygpAFAoKQBRKCsAHAAc+UgdKCkAHigpAB8oKQAgKCkAIS
64=gpACIoKQAjKCkAJCgpACUoKQAmKCkAJygpACgoKQApKCkAKigoAAUrABwA//8AABEAAN8M
65=ACAGAAAALAAcAP//QAEDAAAtABwAyQEuKCkAL0oBuAKBBDAoKQAxSQExUAIBBQAAMkkBNk
66=gBTQQzyAEBAwAANEgB2QY1KCkANkgByQw3KCkAOCgpADkoKQA6KCkAOygpADwoKQA9KCkA
67=PkkBg0wQSQA/KCkAQCgpAEFIAcEPQigpAEMoKQBEKCkARSgpAEYoKQBHKCkASCgpAEkoKQ
68=BKKCkASygpAEwoKQBNKCkATigpAE8oKQBQKCkAUSgpAFIoKwAbAB3lNBwoKQAdKCkAHigp
69=AB8oKQAgKCkAISgpACIoKQAjKCkAJCgpACUoKQAmKCkAJygpACgoKQApKCkAKigpACsoKQ
70=AsKCkALSgpAC4oKQAvKCkAMCgpADEoKQAyKCkAMygpADQoKQA1KCkANigpADcoKQA4KCkA
71=OSgpADpKAQ0BR0cAADvIAVUBPEgBwUY9SAHRSz4oKQA/KCkAQEgBzQVBKCkAQigpAEMoKQ
72=BEKCkARSgpAEYoKQBHKCkASCgpAEkoKQBKKCkASygpAEwoKQBNKCkATigpAE8oKQBQKCkA
73=USgpAFIoKQBTKCsAGgAe6U4bKCkAHCgpAB0oKQAeKCkAHygpACAoKQAhKCkAIigpACMoKQ
74=AkKCkAJUgB1S4mSAHdKycoKQAoKCkAKUkByVyPUTgqKCkAKygpACxIAcUILSgpAC4oKQAv
75=KCkAMCgpADEoKQAySAHZETNIAdEJNCgpADUoKQA2KCkANygpADgoKQA5KCkAOkgBdE9Jpj
76=vIAQEEAAA8yAFZqz1IAdUNPigpAD9IAdkRQEgBwQRBKCkAQigpAEMoKQBEKCkARSgpAEYo
77=KQBHKCkASCgpAEkoKQBKKCkASygpAEwoKQBNKCkATigpAE8oKQBQKCkAUSgpAFIoKQBTKC
78=kAVCgrABkAH+FRGigpABsoKQAcKCkAHSgpAB4oKQAfKCkAICgpACEoKQAiKCkAIygpACRI
79=AcktJSgpACYoKQAnSAHBMCgoKQApSAEnTgofAMkBKyhVACxIAdkGLSgpAC4oKQAvKCkAMC
80=gpADFIAdkRMigpADMoKQA0SAHdCjUoKQA2KCkANygpADgoKQA5KCkAOkgBbVIGZqIfAGkB
81=B2xSJwEGPUAEyQw+KCkAPygpAEAoKQBBKCkAQigpAEMoKQBEKCkARSgpAEYoKQBHKCkASC
82=gpAEkoKQBKKCkASygpAEwoKQBNKCkATigpAE8oKQBQKCkAUSgpAFIoKQBTKCkAVCgpAFUo
83=KAACGAAgAENcj0V2GUgB1SMaKCkAGygpABwoKQAdKCkAHigpAB8oKQAgKCkAISgpACIoKQ
84=AjKCkAJEgByUMlKCkAJkgB2REnKCkAKCgpAClIAdlTKigpACsoKQAsKCkALUgB0QkuKCkA
85=LygpADAoKQAxSAHZETIoKQAzKCkANEgB0Qk1KCkANigpADcoKQA4KCkAOSgpADpJAQlU9U
86=EvO8gBVQE8SAHdCj0oKQA+KCkAPygpAEAoKQBBKCkAQigpAEMoKQBEKCkARSgpAEYoKQBH
87=KCkASCgpAEkoKQBKKCkASygpAEwoKQBNKCkATigpAE8oKQBQKCkAUSgpAFIoKQBTKCkAVC
88=gpAFUoKQBWKCsAFwAhkFYBAAQAGMgBWScZSAHZJxooKQAbKCkAHCgpAB0oKQAeKCkAHygp
89=ACAoKQAhKCkAIigpACMoKQAkKCkAJSgpACZIASUlMScoKQAoSAHRFCkoKQAqSAHJWStIAc
90=EELCgpAC0oKQAuKCkALygpADAoKQAxKCkAMigpADNIAdVaNEgByQw1KCkANigpADdIAdkR
91=OEgBzQU5KCkAOkgBfVcCZq0hAGkBA2WtIendPUAE2QY+KCkAPygpAEAoKQBBKCkAQigpAE
92=MoKQBEKCkARSgpAEYoKQBHKCkASCgpAEkoKQBKKCkASygpAEwoKQBNKCkATigpAE8oKQBQ
93=KCkAUSgpAFIoKQBTKCkAVCgpAFUoKQBWKCkAVygrABYAIlCASwAEABcoKQAYSAF0sgEEBA
94=AZyAFBtBpIAdEqGygpABwoKQAdKCkAHigpAB8oKQAgKCkAISgpACIoKQAjKCkAJCgpACUo
95=KQAmKCkAJygpACgoKQApKCkAKigpACsoKQAsKCkALSgpAC4oKQAvKCkAMCgpADEoKQAyKC
96=kAMygpADQoKQA1KCkANkgByVk3KCkAOEgBxSk5KCkAOkkBsUgxSQA7yAFZijxJAelIAkkA
97=PUkBxFwASQA+yAFBBD9IAdEJQCgpAEEoKQBCKCkAQygpAEQoKQBFKCkARigpAEcoKQBIKC
98=kASSgpAEooKQBLKCkATCgpAE0oKQBOKCkATygpAFAoKQBRKCkAUigpAFMoKQBUKCkAVSgp
99=AFYoKQBXKCkAWCgrABUAI1glSwAEABYoKQAXKCkAGEkBRFwDUbkZyAFRKhpIAdWnGygpAB
100=xIAcktHSgpAB4oKQAfKCkAICgpACEoKQAiKCkAIygpACQoKQAlKCkAJigpACcoKQAoKCkA
101=KSgpACpIAd0VKygpACxIAd0VLSgpAC4oKQAvKCkAMCgpADEoKQAyKCkAMygpADQoKQA1SA
102=HBXDYoKQA3KCkAOCgpADkoKQA6SAFsXYa4IwBoAYa4IwBsXUEwPUAEbF1BBD7IAUEEP0gB
103=wRpAKCkAQSgpAEIoKQBDKCkARCgpAEUoKQBGKCkARygpAEgoKQBJKCkASkgB2ddLSAHNEE
104=woKQBNKCkATigpAE8oKQBQKCkAUSgpAFIoKQBTKCkAVCgpAFUoKQBWKCkAVygpAFgoKQBZ
105=KCsAFAAkbVoAVVoVKCkAFigpABcoKQAYKCkAGUgBcGFBvxrIAUG/G0gB0UscKCkAHUgB3S
106=AeKCkAHygpACAoKQAhKCkAIigpACMoKQAkKCkAJSgpACYoKQAnSQFLaxoEACjIAQEBBAAp
107=SQFFtQIqyAFNRytIAd0VLEgB0RQtKCkALigpAC8oKQAwKCkAMSgpADIoKQAzKCkANCgpAD
108=UoKQA2SAHRYTcoKQA4KCkAOUgB2RE6KCkAOygpADwoKQA9SQERVBlZGz7IAVUBP0gBxQhA
109=KCkAQSgpAEIoKQBDKCkARCgpAEVIAdEURkgB0QlHKCkASEgBzV1JKCkASigpAEtIAdkGTC
110=gpAE0oKQBOKCkATygpAFAoKQBRKCkAUigpAFMoKQBUKCkAVSgpAFYoKQBXKCkAWCgpAFko
111=KQBaKCsAEwAlUChLAAQAFCgpABUoKQAWKCkAFygpABgoKQAZSAEiQCRZaRrIAU0xG0gB3U
112=wcKCkAHUgB1SMeKCkAHygpACAoKQAhKCkAIigpACMoKQAkKCkAJSgpACZIAcU0J0gBfWIC
113=fmIlAJgRfGInKQAqQARoZEl6K8gBSXosSAHRFC0oKQAuKCkALygpADAoKQAxKCkAMigpAD
114=MoKQA0KCkANSgpADYoKQA3KCkAOEgBwVE5SAHZETooKQA7KCkAPCgpAD1IAXxihsMlAGgB
115=hcMlJvEvQEAE0QlBKCkAQkgB1Q1DSAHBBERIAdUCRSgpAEYoKQBHSAHNBUgoKQBJSAHBME
116=ooKQBLKCkATEgB2QZNKCkATigpAE8oKQBQKCkAUSgpAFIoKQBTKCkAVCgpAFUoKQBWKCkA
117=VygpAFgoKQBZKCkAWigpAFsoKwASACZcY0sABAATKCkAFCgpABUoKQAWKCkAFygpABgoKQ
118=AZKCkAGkgBYGdVTxvIAVVPHEgBh1UAAB0oKQAeSAHNJh8oKQAgKCkAISgpACIoKQAjKCkA
119=JEgB2TIlKCkAJigpACdJATFUHF14KEgBjBB3ZSYAObUCKlQCaAFVeytIAYAEIrVvJqRrIr
120=VvJv1MLkAE3RUvKCkAMCgpADEoKQAyKCkAMygpADQoKQA1KCkANigpADcoKQA4KCkAOSgp
121=ADooKQA7KCkAPCgpAD0oKQA+KCkAPygpAEAoKQBBKCkAQkgB3WJDKCkARCgpAEUoKQBGKC
122=kAR0gBySJIKCkASUgB2TJKSAHBBEsoKQBMKCkATSgpAE4oKQBPKCkAUCgpAFEoKQBSKCkA
123=UygpAFQoKQBVKCkAVigpAFcoKQBYKCkAWSgpAFooKQBbKCkAXCgrABEAJ2RHIqElEigpAB
124=MoKQAUKCkAFSgpABYoKQAXKCkAGCgpABkoKQAaSQFYcwwEABtIAXC5XVccyAFFVR1IAcVV
125=HkgB3SsfKCkAICgpACEoKQAiKCkAIygpACQoKQAlSAHdNiYoKQAnSAFsaF2vKMkBA21oJ4
126=xoVQIqVALZESsoKQAsSAHFEy0oKQAuKCkALygpADAoKQAxKCkAMigpADMoKQA0KCkANSgp
127=ADYoKQA3KCkAOCgpADkoKQA6KCkAOygpADwoKQA9KCgAAj4AJwD/EQAAcw0AIAj/AAAAAA
128=A/ACcA/6oBQAAnKQBBKCkAQigpAENLAckCAGEARCgpAEUoKQBGKCkARygpAEhIAckMSSgp
129=AEooKQBLKCkATCgpAE0oKQBOKCkATygpAFAoKQBRKCkAUigpAFMoKQBUKCkAVSgpAFYoKQ
130=BXKCkAWCgpAFkoKQBaKCkAWygpAFwoKQBdKCsAEAAocCQCAAAEABEoKQASKCkAEygpABQo
131=KQAVKCkAFigpABcoKQAYKCkAGSgpABooKQAbSQG4ZzQEABxJAUVUEAEEBAAdyAEBBQAAHk
132=gBzTEfKCkAICgpACEoKQAiKCkAIygpACQoKQAlKCkAJkkBg1QNSQAnSAHJDChJATFIAkEP
133=KUgBhxMAACooKQArSAHNBSwoKQAtKCkALigpAC9IAcUIMCgpADFIAcUIMigpADMoKQA0KC
134=kANSgpADYoKQA3KCkAOEgByQw5KCkAOkgByQw7KCkAPCgpAD0oKQA+KCkAPygpAEAoKQBB
135=KCkAQigpAEMoKQBESAHRbEUoKQBGKCkARygpAEgoKQBJSAHRFEooKQBLKCkATCgpAE0oKQ
136=BOKCkATygpAFAoKQBRKCkAUigpAFMoKQBUKCkAVSgpAFYoKQBXKCkAWCgpAFkoKQBaKCkA
137=WygpAFwoKQBdKCkAXigrAA8AKUhLSwAEABBIAZAffW0pv5kEABJUAlgDdXATKCkAFCgpAB
138=UoKQAWKCkAFygpABgoKQAZKCkAGigpABtIAYBGf20pAEF4DXxtqQEBfG3bEQAAH0wFkxQA
139=ACAoKQAhKCkAIigpACMoKQAkKCkAJSgpACYoKQAnKCkAKCgpACkoKQAqKCkAKygpACwoKQ
140=AtKCkALkgBgxoAAC8oKQAwKCkAMUgB1RgyKCkAMygpADRJAUu9IDXIAQEBBAA2SAF0kUWi
141=N8gBVSM4SAHRCTlIAcEPOkgB1QI7KCkAPCgpAD0oKQA+KCkAPygpAEAoKQBBKCkAQigpAE
142=MoKQBESAEnvA0nsQZGKFUAR0gB2RFIKCkASSgpAEooKQBLKCkATCgpAE0oKQBOKCkATygp
143=AFAoKQBRKCkAUigpAFMoKQBUKCkAVSgpAFYoKQBXKCkAWCgpAFkoKQBaKCkAWygpAFwoKQ
144=BdKCkAXigpAF8oKQAOTLhoPFU5D0gBlCN1cCrpbxEoVQASSAHNBRMoKQAUKCkAFSgpABYo
145=KQAXKCkAGCgpABkoKQAaKCkAGygpABxIAXVwAnVwKoFyA3RwxBN0cCcpACBMBYsXAAAhKC
146=kAIigpACMoKQAkKCkAJSgpACYoKQAnKCkAKCgpACkoKQAqKCkAKygpACwoKQAtKCkALigp
147=AC8oKQAwKCkAMSgpADIoKQAzKCkANEgBdHBdIDVIAYRrdnAqAMkBN1QCYHIBBAQAOMgBVf
148=Q5SAHJIjooKQA7KCkAPCgpAD0oKQA+KCkAPygpAEAoKQBBKCkAQigpAEMoKQBESAEnFA4n
149=hQZGVALZEUcoKQBIKCkASSgpAEooKQBLKCkATCgpAE0oKQBOKCkATygpAFAoKQBRKCkAUi
150=gpAFMoKQBUKCkAVSgpAFYoKQBXKCkAWCgpAFkoKQBaKCkAWygpAFwoKQBdKCkAXigpAF8o
151=KQBgKCsADQArjGxBcg4oKQAPSAGYJ21zKyhsDicpABJABJ8GBAATKCkAFCgpABUoKQAWKC
152=kAFygpABgoKQAZKCkAGigpABsoKQAcSQFDeA1ucysAaAFNwB5UApAUbHPEE2TkJykAISiB
153=ACIoKQAjKCkAJEgBzUclSAHRCSYoKQAnKCkAKCgpACkoKQAqKCkAKygpACwoKQAtKCkALi
154=gpAC8oKQAwKCkAMSgpADIoKQAzKCkANEkBUFwgWeI1SAHBcjZIAVACIrUiN0kBWGwBb3Mr
155=AEqpATlVAkapATrIAVknO0gBxR48SAGTCQAAPUgB1QI+KCkAPygpAEAoKQBBKCkAQigpAE
156=MoKQBEKCkARSgpAEYoKQBHKCkASCgpAEkoKQBKKCkASygpAEwoKQBNKCkATigpAE8oKQBQ
157=KCkAUSgpAFJIASXVMVNIAcUeVCgpAFUoKQBWKCkAVygpAFgoKQBZKCkAWigpAFsoKQBcKC
158=kAXSgpAF4oKQBfKCkAYCgpAGEoKAACDAAsADNIOAEDBAANyAGFdixMAksABAAPVAJAAXFA
159=ECgpABEoKQASKCkAE0gBmz0EABQoKQAVSAHFCBYoKQAXKCkAGCgpABkoKQAaKCkAGygpAB
160=woKQAdSQFDQAtdxR7IAV3FH0gB1S4gKCkAISgpACJIAc1zIygpACQoKQAlKCkAJkkBg0gM
161=SQAnKCkAKCgpACkoKQAqSAHBDysoKQAsKCkALSgpAC4oKQAvSAF44lUuMMgBVXAxSQFIVA
162=5VAjLIAVUCM0kBUFQCSeg0yAEBAwQANUgBUAJlNDYoKQA3KCkAOCgpADlIAd14OkkBRX8G
163=BAA7yAFRdzxIAYg4ZXYsq/MAAD5UAs0bPygpAEAoKQBBKCkAQigpAEMoKQBEKCkARSgpAE
164=YoKQBHKCkASCgpAEkoKQBKKCkASygpAEwoKQBNKCkATigpAE8oKQBQKCkAUUkBg3MfAABS
165=KCkAUygpAFRIAcUeVSgpAFYoKQBXKCkAWCgpAFkoKQBaKCkAWygpAFwoKQBdKCkAXigpAF
166=8oKQBgKCkAYSgpAGIoKwALAC2r6AAADEgBfHhFYA3IAQECAAAOyQEDf3gtADRkHmXvLaA7
167=Imw6JykAEkwFhD9k7ydVABRVAoBcQgEBAwAVyAEBAgMAFkgBbAlZUxcoKQAYKCkAGSgpAB
168=ooKQAbKCkAHCgpAB1IAc1SHkgBzVIfyAFNDyBIAc0xISgpACIoKQAjSAHJeiQoKQAlKCkA
169=JkgBxQgnSQGDjhcAKCgpAClIAcEEKigpACtIAYkiAEwuySIATAIn1QUuUAHZBi9IAXx4TX
170=MwSAGbBgQAMSgpADJIAZ0OBEGuLYQBWSc0KFUANSgpADYoKQA3KCkAOCgpADkoKQA6SAHV
171=DTtIAXgnRaI8yAFdQT1IAYAEfHgnFQM/VALJF0AoKQBBKCkAQigpAEMoKQBEKCkARSgpAE
172=YoKQBHKCkASCgpAEkoKQBKKCkASygpAEwoKQBNKCkATigpAE8oKQBQKCkAUUgB1TlSKCkA
173=UygpAFQoKQBVSAHFHlYoKQBXKCkAWCgpAFkoKQBaKCkAWygpAFwoKQBdKCkAXigpAF8oKQ
174=BgKCkAYSgpAGIoKQBjKCsACgAu6XoLKCkADCgpAA0oKQAOSAHNfg9IAXR7TX4QyQEDdXsu
175=VMNITSLkSagBVcgTQARoekEEFMkBBHZ7LgB2AgUCV3suACBUBgEAAwAXQATJARhJASi1Ah
176=lIAWQBXVcaKCkAGygpABwoKQAdKCkAHigpAB9JAUVICEVVIMgBRVUhSAHFNCIoKQAjSAEn
177=dg8uAMkBJShVACYoKQAnKCkAKEgB0QkpKCkAKkgB0WErKCkALCgpAC1IAdkGLigpAC9JAV
178=NcFUUeMEgBhAh1ey5sAmXvMlQCjAF0eydVADQoVQA1KCkANigpADcoKQA4KCkAOSgpADpI
179=AdUNO0kBRG8MBAA8yAFRoz1IAd0VPkgBjwUAAD9IAdUCQCgpAEEoKQBCKCkAQygpAEQoKQ
180=BFKCkARigpAEcoKQBIKCkASSgpAEooKQBLKCkATCgpAE0oKQBOKCkATygpAFAoKQBRKCkA
181=UkkBg3MfAABTSAHNG1RIAdUCVUgB1QJWKCkAVygpAFgoKQBZKCkAWigpAFsoKQBcKCkAXS
182=gpAF4oKQBfKCkAYCgpAGEoKQBiKCkAYygpAGQoKwAJAC/hfQooKQALKCkADCgpAA0oKQAO
183=KCkAD0gB2T0QSAF4f01oEUkBNUAlRYESyAEBAwAAE0gBdHsBBgAAFMgBAQcAABXKAQgBTX
184=4vrX4CTH4iXGOJCBhBBB1EAUWBGUgBZAFFYBooKQAbKCkAHCgpAB0oKQAeKCkAH0kBQWkI
185=BEUNLyMgTF1XIVQC3TYiKCkAIygpACRIASfNDy/5fyZUAtkGJygpACgoKQApKCkAKigpAC
186=soKQAsKCkALSgpAC4oKQAvSAFsfkmmMEgBZBdRHzEoKQAyKCkAMygpADQoKQA1KCkANigp
187=ADcoKQA4KCkAOSgpADooKQA7SAGMPG5+LwB4f0mmPVQCaAFZPT5IAd0gPygpAEAoKQBBKC
188=kAQigpAEMoKQBEKCkARSgpAEYoKQBHKCkASCgpAEkoKQBKKCkASygpAEwoKQBNKCkATigp
189=AE8oKQBQKCkAUSgpAFIoKQBTKCkAVCgpAFUoKQBWKCkAVygpAFgoKQBZKCkAWigpAFsoKQ
190=BcKCkAXSgpAF4oKQBfKCkAYCgpAGEoKQBiKCkAYygpAGQoKQBlKCsACAAw+X8JKCkACigp
191=AAsoKQAMKCkADSgpAA4oKQAPSAGXRAAAECgpABEoKQASKCkAE0gBiFllgTCJ/gpkgaoBCw
192=BEgSIsc0kEAUaBMACbfwIAGFgGiwEDABlIAVgDdd4aKCkAGygpABwoKQAdSAGHEwQAHigp
193=AB9IAWWBAmSBCDAAQQAAAAMAACEAEQAAZA0AIAMwALgCAABAAAMiADAA//9DAQAAIygpAC
194=RKAckClQIlKCkAJkgBzQUnKCkAKCgpACkoKQAqKCkAKygpACwoKQAtKCkALigpAC9JAVBe
195=DgEEQQEwQAFLAAQAMVABQAECAAAEADJJAYNvAQQAM0gBZAFVAjQoKQA1KCkANigpADcoKQ
196=A4KCkAOSgpADooKQA7SAGXIwQAPEkBQ28MBAA9yAEBAQAAPkgB3SA/KCkAQEgBAXIDAABB
197=BEHIAUUoQkkBHmcIAABDKCkARCgpAEUoKQBGKCkARygpAEgoKQBJSQEisQlKSAHNEEsoKQ
198=BMKCkATSgpAE4oKQBPKCkAUCgpAFEoKQBSKCkAUygpAFQoKQBVKCkAVigpAFcoKQBYKCkA
199=WSgpAFooKQBbKCkAXCgpAF0oKQBeKCkAXygpAGAoKQBhKCkAYigpAGMoKQBkKCkAZSgpAG
200=YoKQAHTErZJwgoKQAJKCkACigpAAsoKQAMKCkADSgpAA4oKQAPKCkAECgpABEoKQASKCkA
201=E0gBsjkAFCgpABVJAR25AhbrAQEAF+sBAgAYSQEkYwQDABlJASCpARpJAYFITwEAAwAbyA
202=EBAQMAHEgByVkdKCkAHkkBOXsGBAAfyAFFByBIAY8FAAAhKCkAIkgBwSUjKCkAJCgpACVI
203=AcmFJkgBzQUnKCkAKCgpACkoKQAqKCkAKygpACxJAUulEy3IAUWBLkgBcIIBAgQAL8kBA3
204=2DMWQFcYIxVAKMAX+DMQCDbAF8gycpADRABNUCNUgBfANVhjYoKQA3KCkAOCgpADkoKQA6
205=KCkAOygpADxIAYwmfYMxRHxVEQRcg6gBAQUAAD9ABHCCXYJAyAEBBAAAQcgBAQUBAEJIAZ
206=2DAVYHMQDJAUQoVQBFKCkARigpAEcoKQBISAGTggEASUkBH5IbAEpIAc0xSygpAEwoKQBN
207=KCkATigpAE8oKQBQKCkAUSgpAFIoKQBTKCkAVCgpAFUoKQBWKCkAVygpAFgoKQBZKCkAWi
208=gpAFsoKQBcKCkAXSgpAF4oKQBfKCkAYCgpAGEoKQBiKCkAYygpAGQoKQBlKCkAZigpAGco
209=KQAGTM7FKQcoKQAIKCkACSgpAAooKQALKCkADCgpAA0oKQAOKCkADygpABAoKQARKCkAEi
210=gpABNIAag8VYYyxgEAFVQCJ9YQMgCIAXaGMgCIhXaGMgCJhQJUhicpABpYBnaGAwJWhjIA
211=aQEEdIaqAQUEQwkyADhxDARKUzIAdIZR2h9YBpleAE0KMiYpISEoVQAiSAHNJiMoKQAkKC
212=kAJSgpACYoKQAnKCkAKCgpACkoKQAqKCkAKygpACxIAXSGXYMtSAGHEwQALigpAC9IAXAY
213=TX4wKCkAMSgpADIoKQAzKCkANCgpADUoKQA2KCkANygpADgoKQA5KCkAOigpADsoKQA8KC
214=kAPUkBWGgTdYYyVHZNAQRWhjIAdIYBBgQAQEAEagEHA1SGtgIIAlWGMlwxTQUCVIYnKQBE
215=TAWDiAIARSgpAEYoKQBHSAGLhQIASEgBiIV1hjJcwFEJAF0PMiY1KEtABMk4TCgpAE0oKQ
216=BOKCkATygpAFAoKQBRKCkAUigpAFMoKQBUKCkAVSgpAFYoKQBXKCkAWCgpAFkoKQBaKCkA
217=WygpAFwoKQBdKCkAXigpAF8oKQBgKCkAYSgpAGIoKQBjKCkAZCgpAGUoKQBmKCkAZygpAG
218=goKwAFADPxKgYoKQAHKCkACCgpAAkoKQAKKCkACygpAAwoKQANKCkADigpAA8oKQAQKCkA
219=ESgpABIoKQATSAGdPgBNiTPEAU2JM1x+lQEWQASAiG2JM1B9VwIBABhUAo2JAUyJJ1UAGl
220=QCYogGAU2JM4yJAQcAABzWAggATQozjokBAExXJ0kEH0AEhHZtiTMoLBEngQAiQATBUSMo
221=KQAkKCkAJSgpACYoKQAnKCkAKCgpACkoKQAqKCkAKygpACxJAVRUHEmFLUgBhBNsidQjIg
222=QiJykAMEAEaAVNBTEoKQAyKCkAMygpADQoKQA1KCkANigpADcoKQA4SAHBDzkoKQA6SAHV
223=DTsoKQA8KCkAPUgBIyQmbokzAMkBP1QC2QZASAFtiQptiTOGjAsDTYkzXDFJBANMiScpAE
224=RMBY2JA0yJJ1UARlQCg4gDAEdIAYCIbYkzoIhsicgBbIknCQdLTAXJOEwoKQBNKCkATigp
225=AE8oKQBQSAGXGAAAUUgBxQhSKCkAUygpAFQoKQBVKCkAVigpAFcoKQBYKCkAWSgpAFooKQ
226=BbKCkAXCgpAF0oKQBeKCkAXygpAGAoKQBhKCkAYigpAGMoKQBkKCkAZSgpAGYoKQBnKCkA
227=aCgpAGkoKwAEADT5igUoKQAGKCkABygpAAgoKQAJKCkACigpAAsoKQAMKCkADSgpAA4oKQ
228=APKCkAECgpABEoKQASKCkAEygpABRIAVRMaQAVSAGbigAAFkgBj4kAABcoKQAYKCkAGSgp
229=ABpIAWaMCQBFjDSFjApkjCcdBB1ABNVEHigpAB8oKQAgKCkAISgpACIoKQAjKCkAJCgpAC
230=UoKQAmKCkAJygpACgoKQApKCkAKigpACsoKQAsSAFkjAEBBAAtSAF8IUGILkgBzX4vSAHV
231=AjAoKQAxKCkAMigpADMoKQA0SAHFCDUoKQA2SAHRCTdIAcEEOCgpADkoKQA6KCkAOygpAD
232=xIAcUIPUgBgHJljDQohBEnKQBAQATNBUEoKQBCKCkAQygpAEQoKQBFKCkARkgBmIpljDS4
233=imSMyAFkjMgBZIwn5QdLWAbFP0woKQBNKCkATigpAE9IAZcYAABQKCkAUUgBxQhSKCkAUy
234=gpAFQoKQBVKCkAVigpAFcoKQBYKCkAWSgpAFooKQBbKCkAXCgpAF0oKQBeKCkAXygpAGAo
235=KQBhKCkAYigpAGMoKQBkKCkAZSgpAGYoKQBnKCkAaCgpAGkoKQBqKCsAAwA18Y0EKCkABS
236=gpAAYoKQAHKCkACCgpAAkoKQAKKCkAC0gBzTEMSAHBMA1IAdUCDkgB1QIPKCkAECgpABEo
237=KQASKCkAEygpABQoKQAVKCkAFigpABcoKQAYKCkAGSgpABooKQAbKCkAHCgpAB0oKQAeKC
238=kAHygpACAoKQAhKCkAIigpACMoKQAkKCkAJSgpACYoKQAnKCkAKCgpACkoKQAqKCkAKygp
239=ACxJAVNwc32ONWEBAJyOJykAL0AEmAIibEUnVQAxKFUAMigpADMoKQA0SAHZijUoKQA2SA
240=HRCTcoKQA4KCkAOSgpADooKQA7KCkAPEgB3Qo9SAHRCT5IAYhDIpQ0J5ECQFQCwQRBKCkA
241=QigpAEMoKQBEKCkARSgpAEZIASfdETUo3BHIAXyOyAF8jicxDEtYBtlTTCgpAE0oKQBOKC
242=kAT0gBiBd9jjW0pyJkIycpAFJABNEJUygpAFQoKQBVSAEjG0sAAFZIAc0FVygpAFgoKQBZ
243=KCkAWigpAFsoKQBcKCkAXSgpAF4oKQBfKCkAYCgpAGEoKQBiKCkAYygpAGQoKQBlKCkAZi
244=gpAGcoKQBoKCkAaSgpAGooKQBrKCsAAgA26ZADKCkABCgpAAUoKQAGKCkABygpAAgoKQAJ
245=KCkACigpAAtIAcU0DCgpAA0oKQAOKCkADygpABBIAc0xESgpABIoKQATKCkAFCgpABUoKQ
246=AWKCkAFygpABgoKQAZKCkAGigpABsoKQAcKCkAHSgpAB4oKQAfKCkAICgpACFIAcVKIkgB
247=1RgjKCkAJCgpACUoKQAmKCkAJygpACgoKQApKCkAKigpACsoKQAsSAF0kSMVJDaMd5WRNi
248=QEOCKcNSdVADBMBYQEIiRoJ1UAMihVADMoKQA0KCkANUgBwYg2SAHFCDcoKQA4KCkAOSgp
249=ADooKQA7KCkAPCgpAD0oKQA+KCkAPygpAEAoKQBBKCkAQigpAENIAZcuBABESAHFE0UoKQ
250=BGSAEnNRI2KDQSyAF0kcgBdJEnXQxLWAbJOEwoKQBNKCkATkgBwVxPKCkAUCgpAFEoKQBS
251=KCkAU0gB3QpUSAGLFwAAVSgpAFZIAcEEVygpAFgoKQBZKCkAWigpAFsoKQBcKCkAXSgpAF
252=4oKQBfKCkAYCgpAGEoKQBiKCkAYygpAGQoKQBlKCkAZigpAGcoKQBoKCkAaSgpAGooKQBr
253=KCkAbCgrAAEAN+GTAigpAAMoKQAEKCkABSgpAAYoKQAHKCkACCgpAAkoKQAKKCkACygpAA
254=xIAdU5DSgpAA4oKQAPKCkAEEgB3TYRSAHRNRIoKQATSAHBBBRIAcEEFSgpABYoKQAXKCkA
255=GCgpABkoKQAaKCkAGygpABwoKQAdKCkAHigpAB8oKQAgKCkAIUgBxRMiKCkAI0gB0RQkKC
256=kAJSgpACYoKQAnKCkAKCgpACkoKQAqKCkAKygpACxIASOMaSLFJDfhky5UAtmKLygpADBI
257=Ad14MSgpADIoKQAzKCkANCgpADVIAdEJNkgBxQg3KCkAOEgBImxbAQAIADnIAQEBCAA6SQ
258=FHcwUIADvIAVUCPEkBRbUCPcgBWas+SAFwAgoABAA/ADcAAAAAAAAEEQAAjA0AIAQAQAA3
259=AAAAQwAEAEEoKQBCSQGDUAIBAAQAQygpAERIAXACVQJFKCkARkoBcANfAgMAR8gBAQECAE
260=jIAQECAQBJyAFNBEpKAf//TwUAAEsoKQBMKCkATSgpAE4oKQBPSgHJApkGUCgpAFEoKQBS
261=SAHdClMoKQBUKCkAVUgBgxoAAFZIAc0FVygpAFgoKQBZKCkAWigpAFsoKQBcKCkAXSgpAF
262=4oKQBfKCkAYCgpAGEoKQBiKCkAYygpAGQoKQBlKCkAZigpAGcoKQBoKCkAaSgpAGooKQBr
263=KCkAbCgpAG0oKAABAgA4AN0gAygpAAQoKQAFKCkABigpAAcoKQAIKCkACSgpAAooKQALKC
264=kADCgpAA1IAdU5DigpAA9IAcU0ECgpABEoKQASKCkAEygpABRIAdUYFSgpABYoKQAXKCkA
265=GCgpABkoKQAaKCkAGygpABwoKQAdKCkAHigpAB8oKQAgSAHJFyEoKQAiKCkAIygpACRIAd
266=0VJSgpACYoKQAnKCkAKCgpACkoKQAqKCkAKygpACxJATFEZFVkLcgBAQMEAC5JATNUAkV2
267=L0kBuFQDSQEwSAFwAkkBMSgpADIoKQAzKCkANCgpADUoKQA2KCkANygpADhJAUtACwECCA
268=A5SAGXDQgAOigpADsoKQA8KCkAPUkBRVgGAQQIAD7IAQEFBAA/SAFRAgBRFEAoKQBBKCkA
269=QkkBg2QEbpQ4AMkBRChVAEVIAXwDRQhGSAFtlARulDgAagEFA0yUqgEGAE6UOACfFQAASk
270=wFxTRLKCkATCgpAE0oKQBOKCkATygpAFBIAcFcUUgB0QlSKCkAUygpAFQoKQBVKCkAVigp
271=AFcoKQBYKCkAWSgpAFooKQBbKCkAXCgpAF0oKQBeKCkAXygpAGAoKQBhKCkAYigpAGMoKQ
272=BkKCkAZSgpAGYoKQBnKCkAaCgpAGkoKQBqKCkAaygpAGwoKQBtKCkAbigpAANMSsUpBCgp
273=AAUoKQAGKCkABygoAGhR2QYJKFUACigpAAsoKQAMKCkADUgByTgOKCkAD0gBn0wAABAoKQ
274=ARKCkAEigpABNIAcEPFCgpABUoKQAWKCkAFygpABgoKQAZKCkAGigpABsoKQAcKCkAHSgp
275=AB4oKQAfSAHdFSAoKQAhKCkAIkgB0RQjKCkAJCgpACUoKQAmKCkAJygpACgoKQApKCkAKi
276=gpACsoKQAsKCkALUgBepUFAE6UOQBslE2TL1QCaAEBAwQAMEkBV3d3BAAxSAFkAV14Migp
277=ADMoKQA0KCkANSgpADYoKQA3KCkAOEkBVHQJYUM5rH5tlDlsAgIAAAgAO0AEjwEIADxIAZ
278=NACAA9SQFEeAJulDkAaQEBbJTbBgQAQEAEfANRFEEoKQBCKCkAQ0kBg2UEBFQHJ9kARVQC
279=cAJZBkYoKQBHSAFulAkETpQ5AGkBCmyU3BVtlDnt90tMBck4TCgpAE0oKQBOKCkATygpAF
280=AoKQBRKCkAUigpAFMoKQBUKCkAVSgpAFYoKQBXKCkAWCgpAFkoKQBaKCkAWygpAFwoKQBd
281=KCkAXigpAF8oKQBgKCkAYSgpAGIoKQBjKCkAZCgpAGUoKQBmKCkAZygpAGgoKQBpKCkAai
282=gpAGsoKQBsKCkAbSgpAG4oKQBvKCkABFze2TIFKCkABigpAAcoKAB8T80FCShVAAooKQAL
283=KCkADCgpAA0oKQAOSQHJQGhJSQ9IAdEJECgpABFIAZdPAAASKCkAE0gBzQUUKCkAFSgpAB
284=YoKQAXKCkAGCgpABkoKQAaKCkAGygpABwoKQAdKCkAHigpAB8oKQAgKCkAIUgB3RUiSAHR
285=FCMoKQAkKCkAJSgpACYoKQAnKCkAKCgpACkoKQAqKCkAKygpACwoKQAtSAElTSAuKCkAL0
286=gBbJRFlzBIAXCYUXcxSAGPBQQAMkgBXDAi4SIzKCkANCgpADUoKQA2KCkANygpADhIAW2U
287=AW2UOiiNEjqYCoyUJykAPEwFmAJslCdVAD5UAmyUAQQIAD/JAQVslMAEIqw3JykAQkAEhA
288=giHCUnVQBEKFUARSgpAEYoKQBHSAFoDFEfSMkBAW2UOuGTSlQC3TZLKCkATCgpAE0oKQBO
289=KCkATygpAFAoKQBRKCkAUkkB74IWAFPIAUEPVEkB6LUCVcgBVQJWyAFBA1fIAVUCWEkB60
290=gCSQBZyAFVAlrIAVloW0gByRdcKCkAXSgpAF4oKQBfKCkAYCgpAGEoKQBiKCkAYygpAGQo
291=KQBlKCkAZigpAGcoKQBoKCkAaSgpAGooKQBrKCkAbCgpAG0oKQBuKCkAbygpAHAoKQAFXN
292=7FHgYoKQAHKCgAYOPBBAkoVQAKKCkACygpAAwoKQANKCkADigpAA8oKQAQKCkAESgpABJI
293=Adl/E0gBwQ8UKCkAFSgpABYoKQAXKCkAGCgpABkoKQAaKCkAGygpABwoKQAdKCkAHigpAB
294=8oKQAgKCkAISgpACIoKQAjKCkAJCgpACUoKQAmKCkAJygpACgoKQApKCkAKigpACsoKQAs
295=KCkALUgBnI4iHSU7q4UAAC8oVQAwSAFslFVaMckBA2+UOwBXWF9RdzNUAmQBSQE0KCkANS
296=gpADYoKQA3KCkAOEgBfApVkTlIAYwQfdg7jAlVAjtUAojSIhwlJ1UAPVQChAQiHyU7AFhs
297=AW6UOwAiBDhZBkBABGkBAWyU2wYEAEJUAmgFURRDKCkARCgpAEUoKQBGKCkARygpAEhIAX
298=iVAQQEAEnIAUW4SkgB0UtLKCkATCgpAE0oKQBOKCkATygpAFAoKQBRKCkAUkgBbJRVLlPI
299=AQEDAABUSAFslFUCVcgBVQJWyAFVAlfIAVUCWEgBbJRJAVnIAQEEAABayAFJF1tIAckXXC
300=gpAF0oKQBeKCkAXygpAGAoKQBhKCkAYigpAGMoKQBkKCkAZSgpAGYoKQBnKCkAaCgpAGko
301=KQBqKCkAaygpAGwoKQBtKCkAbigpAG8oKQBwKCkAcSgrAAYAPPnMBygoAGRNySIJKFUACi
302=gpAAsoKQAMKCkADSgpAA4oKQAPKCkAECgpABEoKQASKCkAEygpABQoKQAVKCkAFigpABco
303=KQAYKCkAGUgBg1wAABpIAWxHWQEbyAFV0xxJAcRIAkkAHcgBVQIeSAHFHh8oKQAgKCkAIS
304=gpACIoKQAjKCkAJCgpACUoKQAmKCkAJygpACgoKQApKCkAKigpACsoKQAsKCkALSgpAC5I
305=AYiFbZQ8+ZUwVALVGDFIAXiKQVwySQFTWB1NfjNIAWQBSQE0KCkANSgpADYoKQA3KCkAOE
306=gBcQkCIsJAPABpAQNtlDwjvDlRjTtABJwKZ0c8AMlIcFUCPVQCkBRslCdVAD8oVQBASAFs
307=lAEECABByQEFbZQ8jAlRFENUAowBIqw3J1UARShVAEYoKQBHKCkASEkBQ3wGbpQ8AGgBTT
308=xKVAKYESLMXCfNBExUAs0mTSgpAE4oKQBPKCkAUCgpAFEoKQBSKCkAUygpAFQoKQBVKCkA
309=VigpAFcoKQBYKCkAWSgpAFooKQBbKCkAXCgpAF0oKQBeKCkAXygpAGAoKQBhKCkAYigpAG
310=MoKQBkKCkAZSgpAGYoKQBnKCkAaCgpAGkoKQBqKCkAaygpAGwoKQBtKCkAbigpAG8oKQBw
311=KCkAcSgpAHIoKwAHAD34lSKYLt02CShVAAooKQALKCkADCgpAA0oKQAOKCkADygpABAoKQ
312=ARKCkAEigpABMoKQAUKCkAFSgpABYoKQAXKCkAGCgpABlIAXRTTQAaSAFslEFmG8gBQdUc
313=SAFslFUCHcgBVQIeSAHFHh8oKQAgKCkAISgpACIoKQAjKCkAJCgpACUoKQAmKCkAJygpAC
314=goKQApKCkAKigpACsoKQAsKCkALSgpAC4oKQAvSAHJbzBIAdUYMSgpADJIAW6UAQRJij1A
315=I0sABAA0VAJAASIFODUoKQA2KCkANygpADhIAYgMbZQ9jJRNiTpUAiKQOUWXO8gBRZc8SA
316=Ej1CZwSNQNbZQ9oKkiHCUnKQBATQVBcBBtlD1elAAAURRCVAJwAoyUxAhslCcpAEUogQBG
317=KCkAR0gB0RRIKCkASUgBbJQBBAQASsgBWbZLSAGPBQAATEgBzSZNKCkATigpAE8oKQBQKC
318=kAUSgpAFIoKQBTKCkAVCgpAFUoKQBWKCkAVygpAFgoKQBZKCkAWigpAFsoKQBcKCkAXSgp
319=AF4oKQBfKCkAYCgpAGEoKQBiKCkAY0gBg8oAAGQoKQBlKCkAZkgB1SNnKCkAaCgpAGkoKQ
320=BqKCkAaygpAGwoKQBtKCkAbigpAG8oKQBwKCkAcSgpAHIoKQBzKCgAbErHEwkAPuWXCigp
321=AAsoKQAMKCkADSgpAA4oKQAPKCkAECgpABEoKQASKCkAEygpABQoKQAVKCkAFigpABcoKQ
322=AYKCkAGSgpABooKQAbKCkAHEkBsYpgAB3IAU3sHkgBImQuQQMfyAFVAiBJAeRIAkkAIcgB
323=VQIiyAFVnCPIAVWcJEkB7EAFSQAlyAFNBSZIAcUpJygpACgoKQApKCkAKigpACsoKQAsKC
324=kALSgpAC4oKQAvSAHdbTBIAdUNMSgpADJJAVRYEk1+M0gBZAEHAAQANAA+AAAAABEAAD4N
325=ACAGAAAEADUAPgAAYAAEBAA2AD4Ag6kBN0gBZAFBBDgoKQA5SgG4Al8CBAA6KCkAO0kBM1
326=ACAQUEADxJATFIAQEACAA9SQHJbQUIQgE+AJsGCAA/UAHJAUBJAUFMBQECCABByAEBAwQA
327=QkgBgwQEAENIAVwDcRREKCkARSgpAEYoKQBHSAHZBkgoKQBJSQFAawgEAErIAQEBAABLSA
328=GPBQAATEoB//9mBABNKCkATigpAE8oKQBQKCkAUSgpAFIoKQBTKCkAVCgpAFUoKQBWSQGD
329=kg0AV0gBwQ9YKCkAWSgpAFooKQBbKCkAXCgpAF0oKQBeKCkAXygpAGAoKQBhKCkAYkgBmz
330=IAAGMoKQBkKCkAZUgBxRNmKCkAZygpAGgoKQBpKCkAaigpAGsoKQBsKCkAbSgpAG4oKQBv
331=KCkAcCgpAHEoKQByKCkAcygpAHQoKQAJTErdFQooKQALKCkADCgpAA0oKQAOKCkADygpAB
332=AoKQARKCkAEigpABMoKQAUKCkAFSgpABYoKQAXKCkAGCgpABlIAdFAGkgByRcbKCkAHEkB
333=sVRETWcdyAEBAwAAHkkB6LUCH8gBVQIgSQHkVAIBBAAAIcgBAQUAACLIAQEGAAAjyAEBBw
334=AAJEkB7EwFXQolyAFFCCZIAc0QJygpACgoKQApKCkAKigpACsoKQAsKCkALSgpAC4oKQAv
335=KCkAMCgpADEoKQAySQFURBMBAQQAM0gBj3MEADRIAVACeX81SAGMJm6UPwDJATcoVQA4SA
336=HNBTkoKQA6KCkAOygpADxIAW6UAgROlD8AaQEDbZQ/XJ9MCGyUqAEBAQgAQE0FPFACWaBB
337=SAHFE0IoKQBDSAF8A0EERCgpAEUoKQBGKCkARygpAEhIAdEJSUgBbJRZEUrIAVkyS0gBnA
338=pulD8AxTRNVALJAU4oKQBPKCkAUCgpAFEoKQBSKCkAUygpAFQoKQBVSAGTKgAAVigpAFdI
339=AdUNWCgpAFkoKQBaKCkAWygpAFwoKQBdKCkAXigpAF8oKQBgKCkAYSgpAGJIASeOEj8AyQ
340=FkKFUAZSgpAGZIAdEUZygpAGgoKQBpKCkAaigpAGsoKQBsKCkAbSgpAG4oKQBvKCkAcCgp
341=AHEoKQByKCkAcygpAHQoKQB1KCkACkxK3RULKCkADCgpAA0oKQAOKCkADygpABAoKQARKC
342=kAEigpABMoKQAUKCkAFSgpABYoKQAXSAHFPxgoKQAZKCkAGkgB3RUbKCkAHCgpAB1IAcU0
343=HigpAB8oKQAgSAHFCCEoKQAiKCkAIygpACQoKQAlKCkAJigpACcoKQAoKCkAKSgpACooKQ
344=ArKCkALCgpAC0oKQAuKCkALygpADAoKQAxSAEBhwEAAEkAMsgBWXQzSAHRdzRIAZh0Ihwl
345=dHhQAWyUJykAN0AEnysEADgoKQA5SAFEBWmbOigpADsoKQA8SAHJDD1IAW6UBQRN3kCMlE
346=0QP1UCNkoIAwRBAUAkdyUEAEFQAdkGQkgBXANpDEMoKQBEKCkARSgpAEYoKQBHKCkASEgB
347=0QlJSQFEdAkiHiVAAGgBSSJLVAJwAk0ATCgpAE1IAdk9TigpAE8oKQBQKCkAUSgpAFIoKQ
348=BTKCkAVEkBg1wLSQBVKCkAVigpAFcoKQBYSAHBD1koKQBaKCkAWygpAFwoKQBdKCkAXigp
349=AF8oKQBgKCkAYSgpAGIoKQBjSAHFYGQoKQBlSAHZEWYoKQBnKCkAaCgpAGkoKQBqKCkAay
350=gpAGwoKQBtKCkAbigpAG8oKQBwKCkAcSgpAHIoKQBzKCkAdCgpAHUoKQB2KCkAC0xK1RgM
351=KCkADSgpAA4oKQAPKCkAECgpABEoKQASKCkAEygpABQoKQAVKCkAFigpABcoKQAYSAHdQR
352=koKQAaKCkAG0gB3RUcSAHZMh0oKQAeKCkAHygpACAoKQAhSAHFCCIoKQAjKCkAJCgpACUo
353=KQAmKCkAJygpACgoKQApKCkAKigpACsoKQAsKCkALSgpAC4oKQAvKCkAMEgBYJMBBAAAMc
354=gBAQUAADLIAQEGAwAzyAEBBwMANEgBXGdlgTUoKQA2SAGXIwQANygpADgoKQA5SAHZBjoo
355=KQA7KCkAPEgB3YM9KCkAPkgB2QY/KCkAQCgpAEEoKQBCKCkAQygpAEQoKQBFKCkARigpAE
356=coKQBIKCkASUgB2RFKSAFslAEEBABLyAFVI0xIAYcTAABNSAHNPE4oKQBPKCkAUCgpAFEo
357=KQBSKCkAUygpAFQoKQBVKCkAVkgBxVVXKCkAWEgBwQ9ZKCkAWigpAFsoKQBcKCkAXSgpAF
358=4oKQBfKCkAYCgpAGEoKQBiKCkAYygpAGQoKQBlKCkAZigpAGcoKQBoKCkAaSgpAGooKQBr
359=KCkAbCgpAG0oKQBuKCkAbygpAHAoKQBxKCkAcigpAHMoKQB0KCkAdSgpAHYoKQB3KCsADA
360=BCJq0sDSgpAA4oKQAPKCkAECgpABEoKQASKCkAEygpABQoKQAVKCkAFigpABcoKQAYKCkA
361=GUgB0UAaSAHFPxsoKQAcKCkAHUgBgHIirTdCJtErHyhVACBIAcUIISgpACIoKQAjKCkAJC
362=gpACUoKQAmKCkAJygpACgoKQApKCkAKigpACsoKQAsKCkALSgpAC4oKQAvKCkAMEgBbZQI
363=bpRCAGoBCQFMlKoBCgJMlKkBC22UQqhzIhwl0B8iHCUnKQA3UAmUIyIcJSdVADlUApwGIj
364=xKJwUBOyhVADwoKQA9KCkAPigpAD8oKQBASAGQNSIdJUImkTlCVALJDEMoKQBEKCkARSgp
365=AEYoKQBHKCkASCgpAEkoKQBKSQFDYAtulEIAaQEBIqw3J/0KTUAE2T1OKCkATygpAFAoKQ
366=BRKCkAUigpAFMoKQBUKCkAVSgpAFYoKQBXSAGTHwAAWEgBwQ9ZKCkAWigpAFsoKQBcKCkA
367=XSgpAF4oKQBfKCkAYCgpAGEoKQBiKCkAYygpAGQoKQBlKCkAZigpAGcoKQBoKCkAaSgpAG
368=ooKQBrKCkAbCgpAG0oKQBuKCkAbygpAHAoKQBxKCkAcigpAHMoKQB0KCkAdSgpAHYoKQB3
369=KCkADVA93SsOKCkADygpABAoKQARKCkAEigpABMoKQAUKCkAFSgpABYoKQAXKCkAGCgpAB
370=koKQAaKCkAGygpABwoKQAdSAGIb2GTQyhgEicpACBABMEaISgpACIoKQAjKCkAJCgpACUo
371=KQAmKCkAJ0gBwVEoSAHdCikoKQAqKCkAKygpACwoKQAtKCkALigpAC8oKQAwSQEdaG9ik0
372=MAiAFgk8gBYJPIAWCTZHNQBWCTJykANkQITAIiSSU3KCkAOEgBgyUEADlIAcEEOigpADso
373=KQA8KCkAPSgpAD4oKQA/SAGcICKBN0P1kUEoVACshlAMIqBcJ2UCREAETAJlE0UoKQBGKC
374=kARygpAEgoKQBJKCkASigpAEtIAWQLAQQEAEzJAQUi8SRDJL85AABOVALFNE8oKQBQKCkA
375=USgpAFIoKQBTKCkAVCgpAFUoKQBWKCkAVygpAFgoKQBZKCkAWigpAFsoKQBcKCkAXSgpAF
376=4oKQBfKCkAYCgpAGEoKQBiKCkAY0gBkyoAAGQoKQBlKCkAZkgB3SBnKCkAaCgpAGkoKQBq
377=KCkAaygpAGwoKQBtKCkAbigpAG8oKQBwKCkAcSgpAHIoKQBzKCkAdCgpAHUoKQB2KCsADg
378=BEJsUkDygpABAoKQARKCkAEigpABMoKQAUKCkAFSgpABYoKQAXKCkAGCgpABkoKQAaKCkA
379=GygpABwoKQAdKCkAHkgBk2wAAB9IAdUuICgpACEoKQAiKCkAIygpACQoKQAlKCkAJigpAC
380=dIAYtvAAAoKCkAKSgpACooKQArSAHNECwoKQAtKCkALigpAC8oKQAwSAGcjmmQRCgIEsgB
381=aJDIAWiQIiwzXE9okCcpADZECEwCYX03KCkAOCgpADkoKQA6KCkAOygpADwoKQA9KCkAPi
382=gpAD9IAZwgaZBEKAgSJykAQiiBAENIAdkRRCgpAEUoKQBGSAGfNgQAR0gBzQVIKCkASSgp
383=AEooKQBLSAEjME1okCT1SgFpkEQoCBInKQBPTAXNMVAoKQBRKCkAUigpAFMoKQBUKCkAVS
384=gpAFYoKQBXKCkAWCgpAFkoKQBaKCkAWygpAFwoKQBdKCkAXigpAF8oKQBgKCkAYSgpAGJI
385=AYAlIqxuxD9okCcpAGUogQBmKCkAZygpAGhIAckiaSgpAGooKQBrKCkAbCgpAG0oKQBuKC
386=kAbygpAHAoKQBxKCkAcigpAHMoKQB0KCkAdSgrAA8ARf2OECgpABEoKQASKCkAEygpABQo
387=KQAVKCkAFigpABcoKQAYKCkAGSgpABooKQAbKCkAHCgpAB0oKQAeKCkAHygpACAoKQAhKC
388=kAIigpACMoKQAkKCkAJSgpACYoKQAnKCkAKEgBn20AACkoKQAqSAHJOCsoKQAsKCkALSgp
389=AC4oKQAvKCkAMEgBJ7ARCkUAHQAAAAABADIARQARAADZDQAgCB0AAAAAAgAzAEUAiwEDAD
390=RIAUwCAgAABAA1KCkANigpADcoKQA4KCkAOSgpADooKQA7KCkAPCgpAD0oKQA+KCkAPygp
391=AEBJAYNzEAQAQSgpAEJIAXACRRNDKCkARCgpAEVKAckCSwQEAEYoKQBHKCkASEgBWANtG0
392=koKQBKSQG4uQZLSQFARAQBAgQATMgBAQMAAE1IAYMEAABOSgH//0cEAABPKCkAUCgpAFEo
393=KQBSKCkAUygpAFQoKQBVKCkAVigpAFcoKQBYKCkAWSgpAFooKQBbKCkAXCgpAF0oKQBeSA
394=GXFQAAXygpAGAoKQBhKCkAYigpAGMoKQBkKCkAZSgpAGYoKQBnKCkAaCgpAGkoKQBqKCkA
395=aygpAGwoKQBtKCkAbigpAG9IAcktcCgpAHEoKQByKCkAcygpAHQoKQAQWEDFCBEoKQASKC
396=kAEygpABQoKQAVKCkAFigpABcoKQAYKCkAGSgpABooKQAbKCkAHCgpAB0oKQAeKCkAHygp
397=ACAoKQAhKCkAIigpACMoKQAkKCkAJSgpACYoKQAnKCkAKCgpAClIAYdrAAAqSAHVIysoKQ
398=AsKCkALSgpAC4oKQAvKCkAMEgBl4YAADHrAQEAMusBAgAzSQEkeE97ikYAIKkBNVQCyQE2
399=KCkAN0oBgQFHBAMAOMgBAQEDADlIAUwCZXY6KCkAOygpADwoKQA9KCkAPigpAD8oKQBAKC
400=kAQSgpAEIoKQBDKCkARCgpAEUoKQBGSAHFjEcoKQBISAHRFElIAYuFBABKKCkAS0kBQWQE
401=eYpGTpoAAEUdTVQCwTBOKCkATygpAFAoKQBRKCkAUigpAFMoKQBUKCkAVSgpAFYoKQBXKC
402=kAWCgpAFkoKQBaKCkAWygpAFwoKQBdKCkAXkgBfBlNAF9JAYRUGUkAYMgBTalhSQEeVANJ
403=AGIoKQBjKCkAZCgpAGUoKQBmKCkAZygpAGgoKQBpKCkAaigpAGsoKQBsKCkAbUkBIkAQSQ
404=BuSAFYAGkAbygpAHAoKQBxKCkAcigpAHMoKAABEQBHANE1EigpABMoKQAUKCkAFSgpABYo
405=KQAXKCkAGCgpABkoKQAaKCkAGygpABwoKQAdKCkAHigpAB8oKQAgKCkAISgpACIoKQAjKC
406=kAJCgpACUoKQAmKCkAJygpACgoKQApKCkAKigpACsoKQAsKCkALSgpAC4oKQAvKCkAMEgB
407=JwERRyQEImKIRwCUhmOIRwAgdzYCADRMBckBNSgpADYoKQA3SAFiiAMCQohHAGkBBGCIqA
408=EBBQQAOkEEM3MJBAA7SAFkAQEABAA8KCkAPSgpAD4oKQA/KCkAQCgpAEEoKQBCKCkAQ0gB
409=l0QEAEQoKQBFSAHVDUZIAScBEUeQAk0QSFQCjwEEAElIAScCEUcAyQFLVAJgiCNdIkeAiC
410=NcIidNCk5ABIAPIlwiJ1UAUChVAFEoKQBSKCkAUygpAFQoKQBVKCkAVigpAFcoKQBYKCkA
411=WSgpAFooKQBbKCkAXCgpAF0oKQBeSAF0hlUYX8gBAQQAAGDIAQEFAQBhSAGDiAEAYigpAG
412=MoKQBkKCkAZSgpAGYoKQBnKCkAaCgpAGkoKQBqKCkAaygpAGxIAZeGAQBtSQEmnjIAbkgB
413=lwIAAG9IAbICAHAoKQBxKCkAcigrABIASPWGEygpABQoKQAVKCkAFigpABcoKQAYKCkAGS
414=gpABooKQAbKCkAHCgpAB0oKQAeKCkAHygpACAoKQAhKCkAIigpACMoKQAkKCkAJSgpACYo
415=KQAnKCkAKCgpACkoKQAqKCkAKygpACwoKQAtKCkALigpAC8oKQAwSAEnqRBIvINphUi/gw
416=EAM0AEnYMBSIUnVQA1KFUANigpADdIAX6DBgFJhUiIhQEHAAA51gIIAEmFSEIKAABF2TtU
417=AnWGA2mFSEwLTz8EAD1UAs1zPigpAD9IAVgDIrUiQCgpAEEoKQBCSAGbdAQAQygpAEQoKQ
418=BFSAHFCEYoKQBHKCkASEgBwQ9JKCkASkkBOX8GBABLyAFd8UxIAYwFIgkzSKyJIggzJ00K
419=T0AEmxEAAFAoKQBRKCkAUkgBm5UAAFNIAc0FVCgpAFUoKQBWKCkAVygpAFgoKQBZKCkAWi
420=gpAFtJAUupF1xIAY+iBABdyAEBAQQAXkgBaIUBBgQAX8oBBwNKhUgAdgIIAkqFSACJhQJI
421=hScpAGNMBdUCZCgpAGUoKQBmKCkAZygpAGgoKQBpKCkAaigpAGsoKQBsSQEfaBdphUhjAQ
422=AAAUqFSACUAmiFJ9UFcEwFpgQAcSgpABNcvdEqFCgpABUoKQAWKCkAFygpABgoKQAZKCkA
423=GigpABsoKQAcSQGDpQ8dKCkAHigpAB9IAc0QICgpACEoKQAiKCkAIygpACQoKQAlKCkAJi
424=gpACcoKQAoKCkAKSgpACooKQArKCkALCgpAC0oKQAuKCkALygpADBIASOkICIDMkkAILkc
425=MlQCyQEzKCkANCgpADUoKQA2KCkAN0gBcoIJAFGCSZGCCnGCSeFnOkAE2Wk7SAFwggEFAA
426=A8SQE0QA9JhT3IAQEDBAA+SQE3VAJR+z/IAUlZQEgBbAVVAkFIAXwDSQFCSAGAMHGCSbzF
427=IvwgJykARUAEgA8iXUNJlAZZBkdVAlJxAQRfSUkANqkBSVQCaAFVDUpIAXCCRRNLSAGHCA
428=AATCgpAE1IAYAPcILUDSL8ICcpAFAogQBRSAHFgVIoKQBTKCkAVEgB0QlVKCkAVigpAFco
429=KQBYKCkAWSgpAFooKQBbSAFwggECBABcSAGIF3CCzDFzgkkAJ2UeA1GCSYWBCnCCqgELA1
430=GCSbGCA1CCJykAY1AJk4IDAGQoKQBlKCkAZigpAGcoKQBoKCkAaSgpAGpIASNPIAMAa0kB
431=hkSuAQADAGzIAUEwbUkBRXEUBFCCJMBJTQRvVAJwAk0AcCgrABQASqc/AAAVKCkAFigpAB
432=coKQAYKCkAGSgpABooKQAbKCkAHCgpAB1JAYNUDkkAHigpAB8oKQAgSAHJOCEoKQAiKCkA
433=IygpACQoKQAlKCkAJigpACcoKQAoKCkAKSgpACooKQArKCkALCgpAC0oKQAuKCkALygpAD
434=AoKQAxKCkAMigpADMoKQA0KCkANSgpADYoKQA3KCkAOCgpADkoKQA6SAGDUQAAO0gBwSU8
435=SAHVAj1IAXR7UYI+SAF4f0lvP8gBAQMAAEBIAWAEVQJByAEBAwQAQkgBbIlJekNIAZAJeX
436=9Kv44EAEUoVQBGSAFoek0FR8gBRUpISAFsfl0KScgBVQ1KSAHRFEtIAZwKeH8nnQlNVALB
437=BE4oKQBPKCkAUCgpAFEoKQBSSAHFgVMoKQBUSAHRCVUoKQBWKCkAVygpAFhIAdkRWUgB2Q
438=ZaKCkAW0kBVFhUWRxcSAGMBXl/SmwCInUlXlQCjAEiTCAnVQBgKFUAYSgpAGIoKQBjKCkA
439=ZCgpAGUoKQBmKCkAZygpAGgoKQBpKCkAakkBJnAQen9KAHl/Anh/JzkCbUAEyRduSAFkgQ
440=EEBABvyAFXRBUAS+1+FigpABcoKQAYKCkAGSgpABooKQAbKCkAHCgpAB1JAYNlEwBKoEsA
441=yQEfVALJLSAoKQAhKCkAIigpACMoKQAkKCkAJSgpACYoKQAnKCkAKCgpACkoKQAqKCkAKy
442=gpACwoKQAtKCkALigpAC8oKQAwKCkAMSgpADIoKQAzKCkANCgpADUoKQA2KCkANygpADgo
443=KQA5KCkAOigpADsoKQA8KCkAPSgpAD5IAY88AAA/KCkAQCgpAEFIAWx+WT1CSAFgfVl0Q8
444=kBA2N9SwA1cDVgfagBScdGQARgfU0FR0gByQxIKCkASUgB1TlKKCkASygpAEwoKQBNKCkA
445=TigpAE8oKQBQKCkAUSgpAFJIASegDyelClRUAsEPVSgpAFYoKQBXKCkAWEgByRdZSAHZBl
446=ooKQBbSAFgfUUeXEgBxfpdSAFkIll/XigpAF9JAYN7AgQAYCgpAGEoKQBiSAF8A1kGYygp
447=AGQoKQBlKCkAZigpAGcoKQBoKCkAaSgpAGooKQBrKCkAbEgBjxsEAG0oKQBuSQFYcxAEAB
448=YhqCXFHhcoKQAYKCkAGSgpABooKQAbKCkAHCgpAB0oKQAeSAGfIAAAH0gByQwgKCkAISgp
449=ACIoKQAjKCkAJCgpACUoKQAmKCkAJygpACgoKQApKCkAKigpACsoKQAsKCkALSgpAC4oKQ
450=AvKCkAMCgpADEoKQAyKCkAMygpADQoKQA1KCkANigpADcoKQA4KCkAOSgpADooKQA7KCkA
451=PCgpAD0oKQA+KCkAP0gBjDxt90y/8QAAQShVAEJIAcEwQ0gBdHtBfURIAWh6UXdFyAFd8U
452=ZIAdEJRygpAEgoKQBJSAHRCUooKQBLKCkATCgpAE0oKQBOKCkATygpAFAoKQBRKCkAUigp
453=AFMoKQBUKCkAVSgpAFYoKQBXKCkAWCgpAFlIAcEaWkgByRdbSQExpWBcSQElawEDAF1IAW
454=QBTXNeKCkAX0gBiFlpekyj1QQAYShVAGJIAYuQBABjKCkAZCgpAGVIAd0KZigpAGcoKQBo
455=KCkAaSgpAGooKQBrKCkAbCgpAG0oKwAXAE319BgoKQAZKCkAGigpABsoKQAcKCkAHSgpAB
456=4oKQAfKCkAICgpACEoKQAiKCkAIygpACQoKQAlKCkAJigpACcoKQAoKCkAKSgoAAkqAE0A
457=//8AAAAAACsRAAAADQAgCABNAP//AAAAAAAsKCkALSgpAC4oKQAvKCkAMCgpADEoKQAyKC
458=kAMygpADQoKQA1KCkANigpADcoKQA4KCkAOSgpADooKQA7KCkAPEkBg1wWSQA9SgH//0MB
459=AAA+KCkAPygpAEAoKQBBKCkAQigpAEMoKQBEKCkARUoBuAKdCkYoKQBHKCkASEgBwQ9JKC
460=kASigpAEsoKQBMKCkATSgpAE4oKQBPKCkAUCgpAFEoKQBSKCkAU0gBxRNUSAHNEFUoKQBW
461=KCkAVygpAFgoKQBZKCkAWigpAFtJATFAHlEeXMgBAQMEAF1JATNUAgEABABeSAFkAUkBXy
462=gpAGBJAYN7AgQAYUkByVgHQQRiKCkAYygpAGQoKQBlSAF0Bk0FZigpAGcoKQBoKCkAaSgp
463=AGooKQBrKCkAbCgrABgATvVaGSgpABooKQAbKCkAHCgpAB0oKQAeKCkAHygpACAoKQAhKC
464=kAIigpACMoKQAkKCkAJSgpACYoKQAnKCkAKEgBmycAAClIAdU5KigpACsoKQAsKCkALSgp
465=AC4oKQAvKCkAMCgpADEoKQAyKCkAMygpADQoKQA1KCkANigpADcoKQA4SAHdFTlIAd0VOk
466=gB1QI7SAHVAjxIAdUCPSgpAD5IAcEEPygpAEAoKQBBKCkAQigpAEMoKQBEKCkARSgpAEYo
467=KQBHKCkASCgpAEkoKQBKKCkASygpAEwoKQBNSAHJF04oKQBPKCkAUEkBS2NYBABRyAEBAQ
468=QAUkkBRbUCU8gBAQEAAFRIAcV2VUgB0R9WKCkAVygpAFgoKQBZKCkAWigpAFtIAdEJXEgB
469=ZnYFAFp0TgB4dFVvXlQCaAEBAwQAX0kBV7kRYEgBZAFdbWEoKQBiKCkAY0gB0XdkKCkAZU
470=gB2QZmKCkAZygpAGgoKQBpKCkAaigpAGsoKwAZAE/tcxooKQAbKCkAHCgpAB0oKQAeKCkA
471=HygpACAoKQAhKCkAIigpACMoKQAkKCkAJSgpACZJAYOSGwAnKCkAKCgpAClIAdE1KigpAC
472=soKQAsKCkALSgpAC4oKQAvKCkAMCgpADEoKQAyKCkAMygpADQoKQA1KCkANigpADcoKQA4
473=SAHVGDkoKQA6KCkAOygpADwoKQA9SAHNGz4oKQA/KCkAQCgpAEEoKQBCKCkAQygpAEQoKQ
474=BFKCkARigpAEcoKQBIKCkASSgpAEooKQBLKCkATEgBzRtNKCkATigpAE8oKQBQSAFhcgJi
475=ck8AiGRgcicpAFNABG5zBARCck8AaAFBZ1VUAt0gVigpAFcoKQBYKCkAWSgpAFpIAYsMAA
476=BbKCkAXCgpAF1IAd0KXkgBYHJVDV9JAVRrTgQAYEgBZAGBck+EAUkBYihVAGMoKQBkKCkA
477=ZSgpAGYoKQBnKCkAaCgpAGkoKQBqKCsAGgBQ9XAbKCkAHCgpAB0oKQAeKCkAHygpACAoKQ
478=AhKCkAIigpACMoKQAkKCkAJSgpACYoKQAnSAHNPCgoKQApKCkAKkgBxSkrKCkALCgpAC0o
479=KQAuKCkALygpADAoKQAxKCkAMigpADMoKQA0KCkANSgpADYoKQA3SAHdFTgoKQA5KCkAOi
480=gpADsoKQA8KCkAPSgpAD5IAc0bPygpAEAoKQBBKCkAQigpAEMoKQBEKCkARSgpAEYoKQBH
481=KCkASCgpAEkoKQBKKCkASygpAExIAdkcTSgpAE4oKQBPKCkAUEgBfNBdV1FIAZxia29QAD
482=l/WgQAU1QCaAGN4VCvcwAAVVQCjwUAAFZIAd0gVygpAFgoKQBZKCkAWigpAFtIAcUIXCgp
483=AF1IAdEJXigpAF9IAWhvVfRgSAGYBiLJKlBpFABJF2JUAo8BBABjKCkAZCgpAGUoKQBmKC
484=kAZygpAGgoKQBpKCsAGwBR/W0cKCkAHSgpAB4oKQAfKCkAICgpACEoKQAiKCkAIygpACQo
485=KQAlKCkAJigpACdIAdU5KCgpAClIAcElKigpACsoKQAsKCkALSgpAC4oKQAvKCkAMCgpAD
486=EoKQAyKCkAMygpADQoKQA1KCkANigpADcoKQA4SAHJFzkoKQA6KCkAO0gBnzYAADxIAc0F
487=PUgBzRs+KCkAPygpAEAoKQBBKCkAQigpAEMoKQBEKCkARSgpAEYoKQBHKCkASCgpAEkoKQ
488=BKKCkAS0gB0RRMKCkATSgpAE4oKQBPKCkAUEgBcmwCAEIBUQBpAQNxbFGQbFUCU1wCxR5U
489=SAGAXHBsJ/UJVlQCwQRXKCkAWCgpAFkoKQBaKCkAWygpAFwoKQBdKCkAXigpAF9IAWQTWW
490=lgSAGbMgQAYUgBmxEEAGIoKQBjSAHBBGQoKQBlKCkAZigpAGcoKQBoKCsAHABS5WsdKCkA
491=HigpAB8oKQAgKCkAISgpACIoKQAjKCkAJCgpACUoKQAmKCkAJygpACgoKQApKCkAKigpAC
492=soKQAsKCkALSgpAC5IASPjLQAAL0gBxTQwKCkAMSgpADIoKQAzKCkANCgpADUoKQA2KCkA
493=NygpADgoKQA5SQGDhjAAOkgBpgEAO0kBDUC1WQE8yAFVAT1IAUQCaQA+KCkAP0gB3RVAKC
494=kAQSgpAEIoKQBDKCkARCgpAEUoKQBGKCkARygpAEgoKQBJKCkASigpAEsoKQBMKCkATUgB
495=zRtOSAHRFE8oKQBQSAGMUnlpUpppBQBNAlL101NQAdkGVCgpAFUoKQBWKCkAVygpAFhIAc
496=EPWSgpAFooKQBbSAHdClwoKQBdKCkAXigpAF9IAXhpVXtgyQEDe2lSADRlMQRZaVJgAXnX
497=Y0AEjwEEAGQoKQBlKCkAZigpAGcoKQAdUPPZER4oKQAfKCkAICgpACEoKQAiKCkAIygpAC
498=QoKQAlKCkAJigpACcoKQAoKCkAKSgpACooKQArKCkALCgpAC1IAdVlLigpAC8oKQAwSAHB
499=GjEoKQAyKCkAMygpADQoKQA1KCkANigpADcoKQA4KCkAOSgpADooKQA7SAFhZwN+0FMAaA
500=EBBAAAPdQCUUs+SAGHNAAAP0gB0RRAKCkAQSgpAEIoKQBDKCkARCgpAEUoKQBGKCkARygp
501=AEgoKQBJKCkASigpAEsoKQBMKCkATSgpAE4oKQBPKCkAUCgpAFFIAc1oUigpAFNIAc0bVC
502=gpAFUoKQBWKCkAV0gB1TlYSQGDuSNZKCkAWigpAFsoKQBcSAHJDF0oKQBeKCkAXygpAGBI
503=AWxoQTBhSAFgZ1lpYsgBAQMEAGNIASJ4Nk3WZEgBixAEAGUoKQBmKCsAHgBU5c4fKCkAIC
504=gpACEoKQAiKCkAIygpACQoKQAlKCkAJigpACcoKQAoKCkAKSgpACooKQArKCkALEgBxSkt
505=KCkALigpAC9IAc0mMCgpADEoKQAyKCkAMygpADQoKQA1KCkANigpADcoKQA4KCkAOSgpAD
506=ooKQA7SAF9YgZpZFSJZAdoZCJcLp0uPkAE0RQ/KCkAQCgpAEEoKQBCKCkAQygpAEQoKQBF
507=KCkARigpAEcoKQBIKCkASSgpAEooKQBLKCkATCgpAE0oKQBOKCkATygpAFAoKQBRKCkAUi
508=gpAFMoKQBUKCkAVUgByThWSAHdIFdIAdUCWCgpAFlJAYOKJgBaSAHNBVsoKQBcKCkAXSgp
509=AF4oKQBfKCkAYCgpAGFIAcl6YkgBdGVBZ2NIAWhkQWdkyQEDamRUACV3UR8AVf1iICgpAC
510=EoKQAiKCkAIygpACQoKQAlKCkAJigpACcoKQAoKCkAKSgpACooKQArKCkALCgpAC1IAdkn
511=LigpAC8oKQAwSAHZJzEoKQAyKCkAMygpADQoKQA1KCkANigpADcoKQA4KCkAOSgpADooKQ
512=A7SgEFAY04PMgBVQE9SAHZET4oKQA/KCkAQCgpAEEoKQBCKCkAQygpAEQoKQBFKCkARigp
513=AEcoKQBIKCkASSgpAEooKQBLKCkATCgpAE0oKQBOKCkATygpAFAoKQBRKCkAUigpAFMoKQ
514=BUSAHRNVUoKQBWKCkAVygpAFgoKQBZSAHNJlooKQBbKCkAXCgpAF0oKQBeKCkAX0gB2V5g
515=KCkAYSgpAGJIAckMYygpAGRIAXxiS2QgAFblYCEoKQAiKCkAIygpACQoKQAlKCkAJigpAC
516=coKQAoKCkAKSgpACooKQArKCkALCgpAC1IAcUpLigpAC8oKQAwKCkAMUgBzRsyKCkAMygp
517=ADQoKQA1KCkANigpADcoKQA4KCkAOSgpADooKQA7SAF4Xk2JPMkBA2zAJ/kEPlQC2RE/KC
518=kAQCgpAEFJAYOeZgBCKCkAQygpAERIAcUIRSgpAEYoKQBHKCkASCgpAEkoKQBKKCkASygp
519=AEwoKQBNKCkATigpAE8oKQBQKCkAUSgpAFIoKQBTKCkAVCgpAFUoKQBWSAHJOFcoKQBYKC
520=kAWSgpAFooKQBbKCkAXEgB3SBdKCgABl4AVgD//wAAABEAAAYNACAGAABfAFYA//8AYAAD
521=YABWAP//ZgEAYSgpAGIoKQBjKCsAIQBX7QUiKCkAIygpACQoKQAlKCkAJigpACcoKQAoKC
522=kAKSgpACooKQArKCkALCgpAC0oKQAuSgHJAokXL0gB1RgwKCkAMSgpADIoKQAzKCkANCgp
523=ADUoKQA2KCkANygpADgoKQA5KCkAOigpADtIAQUFAQAABAAAPMgBAQUAAD1IAcUTPigpAD
524=8oKQBAKCkAQSgpAEJJAYOKGwBDKCkAREgB0QlFKCkARigpAEcoKQBIKCkASSgpAEooKQBL
525=KCkATCgpAE0oKQBOKCkATygpAFAoKQBRKCkAUigpAFMoKQBUKCkAVSgpAFYoKQBXSAHJOF
526=goKQBZKCkAWigpAFtIAdEfXCgpAF0oKQBeKCkAXygpAGAoKQBhKCkAYigrACIAWPVaIygp
527=ACQoKQAlKCkAJigpACcoKQAoKCkAKSgpACooKQArKCkALCgpAC0oKQAuKCkALygpADAoKQ
528=AxKCkAMigpADMoKQA0KCkANSgpADYoKQA3KCkAOCgpADkoKQA6KCkAO0gBaVkGallYAGkB
529=B2hZJ6EEPkAEzTE/KCkAQCgpAEEoKQBCKCkAQygpAEQoKQBFKCkARigpAEcoKQBIKCkASS
530=gpAEooKQBLKCkATCgpAE0oKQBOKCkATygpAFAoKQBRKCkAUigpAFMoKQBUKCkAVSgpAFYo
531=KQBXSAEnKAsnoQRZKFUAWkgBzSZbKCkAXCgpAF0oKQBeKCkAXygpAGAoKQBhKCsAIwBZ/V
532=ckKCkAJSgpACYoKQAnKCkAKCgpACkoKQAqKCkAKygpACwoKQAtKCkALigpAC8oKQAwKCkA
533=MSgpADIoKQAzKCkANCgpADUoKQA2KCkANygpADgoKQA5KCkAOigpADtJAQ9cr1WmPMgBVQ
534=E9SAHVLj4oKQA/KCkAQCgpAEEoKQBCKCkAQygpAEQoKQBFKCkARigpAEcoKQBIKCkASSgp
535=AEpJAUtEFFXES8gBAQEEAExJAUi1Ak3IAVUCTkkBRbUCT8gBQRpQSQG4td5RKCkAUigpAF
536=NIAcUeVCgpAFUoKQBWKCkAVygpAFgoKQBZKCkAWigpAFsoKQBcKCkAXSgpAF4oKQBfKCkA
537=YCgrACQAWuVVJSgpACYoKQAnKCkAKCgpACkoKQAqKCkAKygpACwoKQAtKCkALigpAC8oKQ
538=AwKCkAMSgpADIoKQAzKCkANCgpADUoKQA2KCkANygpADgoKQA5KCkAOigpADtIAXhTSTc8
539=yQEDbKonSQQ+VALdNj8oKQBAKCkAQSgpAEIoKQBDKCkARCgpAEUoKQBGKCkARygpAEgoKQ
540=BJKCkASkgBeFMBAgQAS0gBcE9FVUxIAYtOBABNKCkATigpAE9IAWRVAQQEAFDIAQEFAABR
541=SAGbBgAAUigpAFNIAdkcVCgpAFUoKQBWKCkAVygpAFgoKQBZKCkAWigpAFsoKQBcKCkAXS
542=gpAF4oKQBfKCsAJQBb7VImKCkAJygpACgoKQApKCkAKigpACsoKQAsKCkALSgpAC4oKQAv
543=KCkAMCgpADEoKQAyKCkAMygpADQoKQA1KCkANigpADcoKQA4KCkAOSgpADooKQA7SAFgUS
544=OeKlsAaAFRNT1UAtkyPkgBxdk/SAHVAkAoKQBBSAHBBEJIAcEEQygpAEQoKQBFKCkARigp
545=AEcoKQBIKCkASSgpAEpJAVN4T2BRxDR9pFtsAiKNLU1ABJNLBABOKCkAT0kBQ2gEYlFbAG
546=gBSaZRVALRFFIoKQBTKCkAVCgpAFUoKQBWKCkAVygpAFgoKQBZKCkAWigpAFsoKQBcKCkA
547=XSgpAF4oKwAmAFz1TycoKQAoKCkAKSgpACooKQArKCkALCgpAC0oKQAuKCkALygpADAoKQ
548=AxKCkAMigpADMoKQA0KCkANSgpADYoKQA3KCkAOCgpADkoKQA6KCkAO0gBfEwjPCknxQM9
549=VALZSD4oKQA/KCkAQCgpAEEoKQBCSAHVOUMoKQBEKCkARSgpAEYoKQBHKCkASCgpAEkoKQ
550=BKSAFoTkXvS0gBiAxpTlx8SahOJykATkAE1U9PSAGEBGlOXIhOWaBRVAJ0T0VrUkgBkwkA
551=AFMoKQBUKCkAVUgBkwkAAFZIAc0FVygpAFgoKQBZKCkAWigpAFsoKQBcKCkAXSgrACcAXf
552=1MKCgpACkoKQAqKCkAKygpACwoKQAtKCkALigpAC8oKQAwKCkAMSgpADJIASUdOzNIAc0b
553=NCgpADUoKQA2KCkANygpADgoKQA5KCkAOigpADsoKQA8KCkAPUgBJ3IJXQDJAT8oVQBAKC
554=kAQSgpAEIoKQBDSAHdFUQoKQBFKCkARigpAEcoKQBIKCkASUkBdVD8SZBKyAGD610AJ2dG
555=AwBMVAJkAU3sTSgpAE4oKQBPKCkAUEkBWHEFBEPrXQBHqQFSVAJoAVFWU0gBcPBRCVTIAU
556=EPVUgB1RhWSAHdTFdIAdUCWCgpAFkoKQBaKCkAWygpAFwoKwAoAF7lSikoKQAqKCkAKygp
557=ACwoKQAtKCkALigpAC8oKQAwKCkAMUgBzUcyKCkAMygpADRIAdUYNSgpADYoKQA3KCkAOC
558=gpADkoKQA6KCkAOygpADwoKQA9KCkAPkgBJxkJXuVKQChVAEEoKQBCSAHFE0MoKQBEKCkA
559=RSgpAEYoKQBHKCkASEgBbEdV9EnIAU2JSsgBAQYDAEvJAQd5SF50Qa6UXgCMJnjiJ1UAT0
560=wFhARslCdVAFEoVQBSSAGJQwROlF4AyQFUVAJkSl2ZVcgBTRBWSAGDBAAAVygpAFhIAcUe
561=WSgpAFooKQBbKCsAKQBf7UcqKCkAKygpACwoKQAtKCkALigpAC8oKQAwKCkAMUgBkx8AAD
562=IoKQAzSAHFEzQoKQA1KCkANigpADcoKQA4KCkAOSgpADooKQA7KCkAPCgpAD0oKQA+KCkA
563=PygpAEBIAdlIQUgBxRNCKCkAQygpAEQoKQBFKCkARigpAEcoKQBISAFgRgEIAABJyAEBCQ
564=EASsoBCgJCRl8AYQQLYUZf9URNQASMJmBGJ1UAT1QCJ8EIX4QBWYpRKFUAUigpAFNIAZ9B
565=BABUSAF03k0FVcgBSZBWSAHZHFdIAY8FAABYSAHVAlkoKQBaKCsAKgBg9UQrKCkALCgpAC
566=0oKQAuKCkALygpADAoKQAxKCkAMigpADMoKQA0KCkANSgpADYoKQA3KCkAOCgpADkoKQA6
567=KCkAOygpADwoKQA9KCkAPigpAD8oKQBAKCkAQSgpAEIoKQBDKCkARCgpAEUoKQBGKCkARy
568=gpAEhJAR2xOEnoAWpDYACUAmtDYAAkYARrQ2AAIKkBTU0FKKkBTkgBZAFBO08oKQBQSAGI
569=WWnSYJwDQQRSVAKMAWyJJ1UAVFQChz8EAFVIAXREWYpWyAFZildIAd1BWCgpAFkoKwArAG
570=H9QSwoKQAtKCkALigpAC8oKQAwKCkAMSgpADIoKQAzKCkANCgpADUoKQA2KCkANygpADgo
571=KQA5KCkAOigpADsoKQA8KCkAPSgpAD4oKQA/KCkAQCgpAEEoKQBCKCkAQygpAEQoKQBFKC
572=kARigpAEcoKQBISAGYPX2DYaQ/cUBhpD9xQGGnPwIATEwFhz8CAE1IAZsGAwBOSAHBO09I
573=AcU/UCgpAFEoKQBSSAHNBVMoKQBUSAEnEwhhAERnBAQAVlQCaAFJhVdIAScQCCm5B2LmPy
574=0AJykALigpAC8oKQAwKCkAMSgpADIoKQAzKCkANCgpADUoKQA2KCkANygpADgoKQA5KCkA
575=OigpADsoKQA8KCkAPSgpAD4oKQA/KCkAQCgpAEEoKQBCKCkAQygpAEQoKQBFKCkARigpAE
576=coKQBISAGcNnk9Yqw8eT1irTwBWsFiAI08AVk9YrxBeD3IAXk9YnwzIlUhT1AJJ7kHYiTo
577=I2x+J4EAUkAEkAVsfidVAFQoVQBVKCkAVkgBeD1Zf1fIAVt/LQBj7TwuKCkALygpADAoKQ
578=AxKCkAMigpADMoKQA0KCkANSgpADYoKQA3KCkAOCgpADkoKQA6KCkAOygpADwoKQA9KCkA
579=PigpAD8oKQBAKCkAQSgpAEIoKQBDKCkARCgpAEUoKQBGKCkARygpAEhIAYy1YTtjtTkAXf
580=xjtTkAQTtjtDlgO8gBYDvIAWE7Y4w1TbVPUAmMASJhKGMoYAcngQBSKIEAUygpAFQoKQBV
581=KCkAVigrAC4AZPU5LygpADAoKQAxKCkAMigpADMoKQA0KCkANSgpADYoKQA3KCkAOCgpAD
582=koKQA6KCkAOygpADwoKQA9KCkAPigpAD8oKQBAKCkAQSgpAEIoKQBDKCkARCgpAEUoKQBG
583=KCkARygpAEhIAZQuaThkxAFJOGS8Nmg4yAFoOMgBaDjIAWg42wYEAE/wCWg4J1UAUShVAF
584=IoKAADUwBkAAAAEQAAsQZvEAUAAAAEAFQAZFwASAACBABVAGRcAEgABQQALwBlAP//SwEA
585=ADAoKQAxKCkAMigpADMoKQA0KCkANSgpADYoKQA3KCkAOCgpADkoKQA6KCkAOygpADwoKQ
586=A9KCkAPigpAD8oKQBAKCkAQSgpAEIoKQBDKCkARCgpAEUoKQBGKCkARygpAEgoKQBJSAGP
587=IwAASkkBHa0BS+sBAQBM6wECAE1JASRjBAMATkkBKKkBT0gBZAFBMFBJAYNvAQQAUUgBZA
588=FVAlIoKQBTKCkAVCgrADAAZuU0MSgpADIoKQAzKCkANCgpADUoKQA2KCkANygpADgoKQA5
589=KCkAOigpADsoKQA8KCkAPSgpAD4oKQA/SgHJAokaQEgBxUpBKCkAQigpAEMoKQBEKCkARS
590=gpAEYoKQBHKCkASCgpAElIAYwNejJmACdYBsgBejJmAIwxejJmAI0xAlgywwQDAE9ECM0x
591=UCgpAFFIAZ8KBABSKCkAUygrADEAZ+0xMigpADMoKQA0KCkANSgpADYoKQA3KCkAOCgpAD
592=koKQA6KCkAOygpADwoKQA9KCkAPigpAD9IAScCBmcAyQFBKFUAQigpAENIAcU0RCgpAEUo
593=KQBGKCkARygpAEgoKQBJSAGAJWEwZygBBme0LmMwZwAgZQQBXGIBZwB3A0wBfGKpAQFhMG
594=dIAksABABQ8Al8YidVAFIoVwAyAGj1LjMoKQA0KCkANSgpADYoKQA3KCkAOCgpADkoKQA6
595=KCkAOygpADwoKQA9KCkAPigpAD8oKQBASAEnqQVo9S5CVAKTSwAAQygpAERIAdUuRSgpAE
596=YoKQBHKCkASCgpAElIAVgkaQBKSAGXWgAAS0gBlVoAS5BoACx4A2ktaIotAgRPXWgAuGFy
597=BExd2CdpLWhkBXnBUUQIjAECBAAzAGn9KzQoKQA1KCkANigpADcoKQA4KCkAOSgpADooKQ
598=A7KCkAPCgpAD0oKQA+KCkAPygpAEBIASdRBWkoUgVpACdQBScpAEQorQBFKCkARkgByS1H
599=KCkASCgpAEkoKQBKSAGcIHEqabxXcSppvVcAX1dpADFkBHEqaShRBWlsAmUpUEQIlA0CBA
600=A0AGrlKTUoKQA2KCkANygpADgoKQA5KCkAOigpADsoKQA8KCkAPSgpAD4oKQA/KCkAQCgp
601=AEFIAcUpQkgBJ/kEauUpRChVAEVIAZcYAABGKCkARygpAEgoKQBJKCkASigpAEtIAYhOeC
602=cnHQRNVAJ4J01RTskBA29SagBXYCgCBAA1AGvtJjYoKQA3KCkAOCgpADkoKQA6KCkAOygp
603=ADwoKQA9KCkAPigpAD8oKQBAKCkAQSgpAEJIAc0mQ0gBySJEKCkARSgpAEYoKQBHKCkASC
604=gpAEkoKQBKKCkAS0gBJ6EEa6RKfEwnHQROQARsJgMFAAA2AGz1IzcoKQA4KCkAOSgpADoo
605=KQA7KCkAPCgpAD0oKQA+KCkAPygpAEAoKQBBKCkAQigpAEMoKQBEKCkARSgpAEYoKQBHKC
606=kASCgpAEkoKQBKKCkASygpAEwoKQBNKCsANwBt/SA4KCkAOSgpADooKQA7KCkAPCgpAD0o
607=KQA+KCkAPygpAEAoKQBBKCkAQigpAEMoKQBEKCkARSgpAEYoKQBHKCkASCgpAEkoKQBKKC
608=kASygpAEwoKwA4AG7lHjkoKQA6KCkAOygpADwoKQA9KCkAPigpAD8oKQBAKCkAQSgpAEIo
609=KQBDKCkARCgpAEUoKQBGKCkARygpAEgoKQBJKCkASigpAEsoKwA5AG/tGzooKQA7KCkAPC
610=gpAD0oKQA+KCkAPygpAEAoKQBBKCkAQigpAEMoKQBEKCkARSgpAEYoKQBHKCkASCgpAEko
611=KQBKKCsAOgBw9Rg7KCkAPCgpAD0oKQA+KCkAPygpAEAoKQBBKCkAQigpAEMoKQBEKCkARS
612=gpAEYoKQBHKCkASCgpAEkoKwA7AHH9FTwoKQA9KCkAPigpAD8oKQBAKCkAQSgpAEIoKQBD
613=KCkARCgpAEUoKQBGKCkARygpAEgoKwA8AHLlEz0oKQA+KCkAPygpAEAoKQBBKCkAQigpAE
614=MoKQBEKCkARSgpAEYoKQBHKCsAPQBz7RA+KCkAPygpAEAoKQBBKCkAQigpAEMoKQBEKCkA
615=RSgpAEYoKwA+AHT1DT8oKQBAKCkAQSgpAEIoKQBDKCkARCgpAEUoKwA/AHX9CkAoKQBBKC
616=kAQigpAEMoKQBEKCsAQAB25QhBKCkAQigpAEMoKwBBAHfsBQhCAHcA//8AAAAAABEAAA==

[Lighting]
Red=1.000000
Blue=1.000000
Green=1.000000
Level=0.032000
Ground=0.000000
IonRed=1.000000
Ambient=1.000000
IonBlue=1.000000
IonGreen=1.000000
IonLevel=0.032000
IonGround=0.000000
IonAmbient=1.000000
DominatorRed=0.850000
DominatorBlue=0.300000
DominatorGreen=0.200000
DominatorLevel=0.000000
DominatorGround=0.000000
DominatorAmbient=1.500000
DominatorAmbientChangeRate=0.009000

[Map]
Size=0,0,55,65
Theater=SNOW
LocalSize=2,4,51,59

[Neutral]
IQ=0
Edge=North
Color=Grey
Allies=Neutral
Country=Neutral
Credits=0
NodeCount=0
TechLevel=1
PercentBuilt=0
PlayerControl=no

[Nod]
IQ=0
Edge=North
Color=Gold
Allies=Nod
Country=Nod
Credits=0
NodeCount=0
TechLevel=1
PercentBuilt=0
PlayerControl=no

[OverlayDataPack]
1=NgAAIP41FgCBBP4DAAeBBv77AQCBB/4DAAuBCv/7ATkWEgCCCwj//wE7GP/7ATkYIgCCCw
2=f+xAEAgEgAACD+NQAAgQf+BQALgQf++QEAgwQICv/9ATgAgwAABv4DAAeBBP7mFQCBBAAC
3=/vsBAIQHCAoI//sBOwKCBAj+AwALggoG/tkBAICtAAAg/iEAAIEK/gMAC4IKBv75AQCCBA
4=j+AwALgQj++wEAhQgLCggE/vsBAIIEB//6ASYA/h8EAIEE/gMAB//8ASUEgQf+AwALgQf+
5=DQAAgQb/7QE9DM08DoIECMEhAP/qASUCzTwQEBDAIwCBCP/hASMGggQE0jcMMgD/4wEjAI
6=EH01IQUgDMPw7/0wFjFNMjBIEGF///5AFRFgX50lIOwSEC/+QBURjZJBL/rwNRGoCKAAAg
7=/k0AAIEE/gcAB4EE/tcDAIEE/98BVACBBtxSAIMHCwf/3QExBIEK/gMAC9kvBv/fAS0EgQ
8=f+BAAL/90BLwb/IgbuCYIKBvwSAP+7AS8IEb/5ERIiQf/7AREQ/9oBTBTkTRL/2QFNFuRN
9=GNcmGN0NBv/fAa4UwgwIgQj/+gFsGi5aggoI/5MBaxqAoAAAIP4mAACBBP4DAAeBBP4dAA
10=CBA/4dAACBB/4GAAuBB/7aAQCCBgb//gFKAIIHCNoKAIIICv/gAWkCgQraSQKCAAj+AwAL
11=3EkG/r0BAIEE3CkAGEL/2wFtBv78BQDdSAj+4AEAgQf/3AFsBP8HAiAQHb///AFqCMNmAo
12=IKCP/4AUUQxGYCyEQS3yYA/94BWxgQEv/qAUUSUgDHSQT/xwE5HICHAAAg/icAAIEH/gcA
13=C4IKBskfAIEH/ukBAFIAcfOBBP4DAAeBBP4XAACCBgdiJ//ZAWAA/hoAAIYECAoLCgjVPQ
14=L+tgEAEdTlKwSBCP4FAAuBCP7PAQCBBv4GAAffWQSCAwciK3gq/vEBAP//AVQIJAGBCv/q
15=AT0A0BUEgQj/0QFWAusmDP6qDwCAbgAAIP4/CgCEBgcHBP76AQCGBAgKCwsI/voBAIEH/g
16=QAC4IKB//+AUQMgwsKCP/4AUIKMgCCCwv/+AFDDoEGB////AFBEoIACDYBgQb/+QFHCAQB
17=ggoI//kBRRYUAf/7AUIOwToMgQf/+wFEGP7EAQCABQAAIP4AIACABQAAIP4AIACABQAAIP
18=4AIACABQAAIP4AIACABQAAIP4AIACABQAAIP4AIACABQAAIP4AIACABQAAIP4AIACABQAA
19=IP4AIACABQAAIP4AIACABQAAIP4AIACABQAAIP4AIACABQAAIP4AIACABQAAIP4AIACABQ
20=AAIP4AIACABQAAIP4AIACABQAAIP4AIACABQAAIP4AIACABQAAIP4AIACABQAAIP4AIACA
21=BQAAIP4AIACABQAAIP4AIACABQAAIP4AIACABQAAIP4AIACABQAAIP4AIACA

[OverlayPack]
1=IgAAIP41Fv/+BQBw/wACOhT/+wE5Fv8GAjUY//oBOhr/ywE1HIAyAAAg/jUA//4HAHD++Q
2=H//wACNQBCAv7mFf+BjQAC//4BPAKCjY3/+wEoGP4FAHD/2gElHIBvAAAg/iEA//4FAHCB
3=jf75Af+Bjf4FAHD++wH/gXASAv77Af/+AwCN/hgG//4FAB7/DQJBCv/uASECzTwO/gcAcP
4=8AAlMO/+IBURBB9tY8Ev/gAVQS1D8M/+sBTBTSNRb/AAJMFv/qAUsS2QoA/64DUhqAZQAA
5=IP5NAP/+CQBw/tcD//4DAB7+3QH/3VEA/98BLQTeUAD/AAItBv7fAf//QQYMCv4FAB7/2g
6=FTBP/gASwS/0QA7AP/1gFQFORNFv8aAk0W/78BDRD9TRj/wAEMEP9GACYc/5QBahyATAAA
7=IP4mAP/+BQAe2wkA/h0A//4IAHD+2gH/2ykA/+QDZgDhSAD//wFuBP7WB//dSAj/xAVjDv
8=/hAWcE4wgW//kBLBbPJxjfJgD/pQVbGIBeAAAg/icA//4KAHD+CAD//gUAHv7pAf/rJwD+
9=AwCN/+EBWAD+GgD/gY3+BQBw/84BVwLuJwT/2QFWAt8yBkQA/9ABWQbs/wf/+gFZCP/UAV
10=ME7CUM/9IBVQLrKA7+qg//gDMAACD+Pwr//gQAcP/+AUUI/wICQQr/+gFCDP4JAHD/9wVG
11=DmIB//gDRQz//wE+CiIA/r4D/4AFAAAg/gAg/4AFAAAg/gAg/4AFAAAg/gAg/4AFAAAg/g
12=Ag/4AFAAAg/gAg/4AFAAAg/gAg/4AFAAAg/gAg/4AFAAAg/gAg/4AFAAAg/gAg/4AFAAAg
13=/gAg/4AFAAAg/gAg/4AFAAAg/gAg/4AFAAAg/gAg/4AFAAAg/gAg/4AFAAAg/gAg/4AFAA
14=Ag/gAg/4AFAAAg/gAg/4AFAAAg/gAg/4AFAAAg/gAg/4AFAAAg/gAg/4AFAAAg/gAg/4AF
15=AAAg/gAg/4AFAAAg/gAg/4AFAAAg/gAg/4AFAAAg/gAg/4A=

[Russians]
IQ=0
Edge=North
Color=DarkRed
Allies=Russians
Country=Russians
Credits=0
NodeCount=0
TechLevel=1
PercentBuilt=0
PlayerControl=no

[Special]
IQ=0
Edge=North
Color=Grey
Allies=Special
Country=Special
Credits=0
NodeCount=0
TechLevel=1
PercentBuilt=0
PlayerControl=no

[SpecialFlags]
Inert=no
FogOfWar=no
IonStorms=no
MCVDeploy=no
Meteorites=no
Visceroids=yes
FixedAlliance=no
TiberiumGrows=yes
InitialVeteran=no
HarvesterImmune=no
TiberiumSpreads=yes
TiberiumExplosive=no
DestroyableBridges=yes

[Structures]
0=Neutral,CAOILD,256,92,75,64,None,1,0,1,0,0,None,None,None,0,0
1=Neutral,CAOILD,256,77,90,64,None,1,0,1,0,0,None,None,None,0,0
2=Neutral,CAOILD,256,29,46,64,None,1,0,1,0,0,None,None,None,0,0
3=Neutral,CAOILD,256,50,25,64,None,1,0,1,0,0,None,None,None,0,0

[TaskForces]

[Terrain]
13051=TREE26
14056=TIBTRE01
16049=TREE17
23043=TREE23
23045=TREE21
27066=TREE10
28053=TREE17
30049=TREE24
32035=TIBTRE01
32050=TREE03
35045=TREE18
37041=TREE15
38041=TREE01
40027=TREE23
40038=TREE13
40057=TREE02
42078=TIBTRE01
45050=TREE02
45058=TREE01
45062=TREE09
45082=TIBTRE01
47015=TREE05
47048=TREE11
48018=TREE02
48033=TREE23
51038=TREE10
52030=TREE03
53060=TREE02
54014=TIBTRE01
56057=TREE10
56067=TREE01
56068=TREE02
57058=TREE10
57059=TREE08
57060=TREE10
58050=TREE04
58058=TREE02
59058=TREE03
59061=TREE02
60046=TREE06
60060=TREE04
60061=TREE07
60063=TREE05
60075=TREE13
62047=TREE02
62058=TREE07
62062=TREE01
62063=TREE16
62067=TREE02
62086=TREE12
63072=TREE07
64105=TIBTRE01
65054=TREE11
65055=TREE15
65063=TREE05
67079=TREE01
68065=TREE08
71074=TREE18
71088=TREE07
73058=TREE11
73065=TREE10
75071=TREE11
76065=TREE07
76070=TREE21
79042=TIBTRE01
79082=TREE06
79091=TREE07
80078=TREE06
80081=TREE23
81045=TIBTRE01
81078=TREE15
84086=TIBTRE01
88071=TREE08
89071=TREE10
90081=TREE21
105064=TIBTRE02

[Triggers]

[Waypoints]
0=58025
1=97062
2=27059
3=61093

[YuriCountry]
IQ=0
Edge=North
Color=DarkRed
Allies=YuriCountry
Country=YuriCountry
Credits=0
NodeCount=0
TechLevel=1
PercentBuilt=0
PlayerControl=no



[Digest]
1=2gBhwKg5mmREZC2Vmd5LqjgaynA=

