; Map created with FinalAlert 2(tm) Mission Editor
; Get it at http://www.westwood.com
; note that all comments were truncated

[Header]
Width=55
Height=65
StartX=228
StartY=35
Waypoint1=273,89
Waypoint2=238,43
Waypoint3=239,89
Waypoint4=272,44
Waypoint5=0,0
Waypoint6=0,0
Waypoint7=0,0
Waypoint8=0,0
NumberStartingPoints=4


[Preview]
Size=0,0,120,70

[PreviewPack]
1=7xEAIAmiqFCjp1Cjp1BTVVdIAAODhICjp1BQAkgAQAFIAEABSABAAUgAQAFIAEABSABAAU
2=gAQAFIAEABSABAAUgAQAFIAEABSABAAUgAQAFIAEABSABAAUgAQAFIAEABSABAAUgAQAFI
3=AEABSABAAUgAQAFIAEABSABAAQaUm0aEjjmHkTxMAQOdpU+BizevAY+XREABrAQqLABYBF
4=ACSABAAUgAQAFIAEABSABAAUgAQAFIAEABSABAAUgAQAFIAEABSABAAUgAQAFIAEABSABA
5=AUgAQAFIAEABSABAAUgAQAFIAEABSABAAUgAQAFIAEABSABAAScLAH1+fEgAA0tPUkFDQ0
6=gtSAAgMLQFKpQEJ/QBQAFIALgQQAEzlARQAgOAiDGCiDBTLH2IL1gEvAVQAkgAXAJLAIOM
7=NKwBTwSKkDonjABAAVgHJxQGWAGsB0ABSAAgMCwAKvQHMHwBJ0QASC1IADy0BVgWUxqQlj
8=5QFEgntBtYAVAISABQAkgAQAFIA0geQBxMAUgAUAJYT1AFJ+wAUAJIAFwCSABMCkgDWCVI
9=BkAESABAClwCUAi8AkgDQAFDKJ6mS7wCQy6NljxLAI6WP78Ie4QxTwSPl0FAAVgHLUwBvA
10=JcEVwCJ3wBTAFIBlALMFwAJ6wBUAtIAFAOSABAAQOaoEuXnkRPAZykUUsPj5U9TAdcAkgA
11=UAJIAEANSABMEEgVUAJIAFACSACgAVQASABYAUgASC1IADm0BVAIWBNIAEQURB1YCkgAUA
12=JUGy1kBKwEXAJQC0gDWChIBlgcSABQAkwNUAKsBLwIpBdMBFgoSAZABFgKQARYAUAESABQ
13=AkgAXAJAHEABSABMAUgAQAFIAEABSABcBUgAUAhcBUATJ6wBTAG8AkgDQAFIAEABSABQC6
14=wHrA0nXABQAkgAQApIAA+zq1nFs2XXtWi3qVi+rmD6+gBIAEwBA8mxZeC8cEMBiJI/VDYn
15=rAFAATCkBic0AUABSABYCkgASC1IADO0BbRjRBRUCUgApCZUGEAWSBtcAkgVrAFYAVwCSA
16=BIGCpcAKwBWARAAUgAUAhIALwIQBBQL0QyWAFAAaQvXAhcAkgAQBNIAEABSABAAUgAQAFI
17=AEABSABAAUgAQAFYDUAKvA5ICUwBrA1MAUABvAJcDkwBvBSsDVgBUAJIAFACvAhICVQnWA
18=FDEJqjSUwrMwsA5r5zvAVcDlAISABQCEgAUAJIAFAISACgAVQASABYAUgAQAFIAEABSABI
19=LUgAMLQFSBUnNAEnFwOQl0BcO6QRRA6gAbQAXAVIAFACQBZQC0gAUAtYAVAItBhUEiccAV
20=QhUAKsBFgEQAFIAEABSABAAUgAQAFIAEABA9CpUMykSKwBWAFAAUgAQAFIAEABSABQDkgM
21=UAtIAEABSAxIKlwCTAFIAFACXBFMFkMlvLBcvBG8AlsEjJU/SwPJsWJMZ0xYA+W/c+a9cL
22=gZtAAqOABIWlhPWA1QCFgKM/wCJ1QCQAFQBUCpLcwRSC1IAC20BVgEJzQBUAtIGAONmD+b
23=pEqsEDBUAl8CjJRBtBhcC0xVrAFUElwOSABYH0QaQFisAVgBQAEDualUrp5NrAEAC52hSK
24=aaSaWYRqeaTMigTNiVP9qnSt6jSeGoS8uiN7QFXBRADUgAQA1UKkghrAFYAUh7QyjcuGtE
25=JkAfSANAGVwCQARIA0Os57tuQRkU4ABMAUgAUAVMGTMIAFA1J+wArBZIGEABSACgAVQASA
26=BYAUgAWA1QJkA6TAFQAkAQSBVEI0gtSAAttAWsBFgEQAFIACr0AfQTfAAqXABEEUgAWBlI
27=AEABUDVYH1AaUAhIAFAISABAAUgAQAFAKwGQjUZ4gABYAVACAAyXlVKMj0rMnUXXl0Dcnk
28=Dgm0Ldp0rfpkngpknGoEWsBFgEQAFIAFAXWBm0J0gnvAJYGVAOA62jUKSZR6QpA8m1Zbyv
29=XrQkSBJAE0gAUAVYskAEQCtsGOwAKiwDMywAVEVMB0gAQBBIAEABSACgAVQASABYAUgAQA
30=FEEUgtSAC0LUgPUBRIIUgDSC1IADm0BSroAagTKkQAQBxUKlQYTAonBARQDkgAUAtIAEAB
31=DKyeT6KUTJ+gTqyqe7ewn4ws0AAAFXx1R31/THuDSoGATJeTTNSiSteVP92eQd+aQtefRu
32=KqUN6qUMSqTL0IoiZcMEwNJywDJxwNSxuvn0lTOK2aSUwNXAInPAJcBUgAUBRMBFjfSABE
33=4DAsA6xbVDAqgwOcpFG8CERTQBBIAFARSACgAVQASABYAUgAKgwIWA1IAEQOSABABLyVTA
34=RILUgAMLQFQEAq0AEwLABMuFwIA6OgULWXSkCCLZQQA5OHRZ6PTU9YsZxMxit4eCeoBQAd
35=hIBJdXBDd3VDd3hKenxMhIJKhYNHkZBF1aJJ4J9H46pS26xUx6ROj5BTbHhLf4MrJBFMTF
36=gfJywDQAFIAFAaRClcsLSHabGXxJtIA0AESABAAUBMMCADpAKwL7QApAK0AFhJeRynIgA4
37=QAFIAFAmtABAAUzrJ9wHSAxQBaxPQAG4B2qZvnNYBFA1XAVILUgAMLQFUAVbOpacRkABSA
38=BICVQVQAFQC0gASBtMBwmfl0u0n0qilkeppk9AEA+ejEeRekWKdEOPe0SMbz+ejEpQeieo
39=BQADtK6Qq6WKu7SouLWdeXhJdXVEeHlGYAEAEHpMg4RJjIhLq6RLyqJKi4dMZmdFZmpKaG
40=1OcHRMcndLh4nULVhVWOtIAFARQC6kiVwaQENEg18a5b5zQExAeUwEXAJIElAUVDNQzqwB
41=XBdIAKwfWFtMAbxZsCysAVACUAWsDVgcTAFIAFwISACgAVQASABYAUAQRBFIAEQjUCxAWE
42=wHLQgAUBFABFARQARNPX0pLzn/AACoAEgJJ6wKTApQBSd8AUiQrAFAdkABAAyZikOWfUOT
43=ekSMdkOIbj6Fbj2DbD6Ne0KrlUeul0tLLbKqnrc2sayeWAFIAAAhn6RfhYVNfHlJjYRJpZ
44=VMnZRMu5xPp4JGs5VIaGtLZ2xEZ2xGZWxLZnBLc3hHcXdJhYZKTBYnDAJMEyf8AlQhWIIn
45=fBYnzAJMBEwTSABAAUgAQAEnFAYqNQQUKQAAJ1wALawBTAdIALAIVABIAFgBtAlQLFQhJ+
46=AAKiEA5vw+TARcBUgAQAdIALgrKhQAJ+Q+rApEGkA9QBxAB1QzQAcAG6yiSpeAQpJ6Q4Ju
47=P4JrPoFrPH9pPIBtQKOQRa6NQ6uMQbOTR6WFP6uTSLewllxKBraxnbKsmLKqm1guWAEAG5
48=ukSp+YU6+QSppzPZpwPJx6Q7GLS6yFRrSURHJ2SmlwSG9xSnZ3TWlxSnt9SycMAlwOSABA
49=FkxVQAFIEkBYTxOMlz5YAVwCSwCao1UnIANQAkgAUAJIACcUBkRHQGFANEBbLXwWVJAnvA
50=BAAUgAQAdIAKABVABIAFgBSABYarQYQGpELKQ2tAlTa8y2ZLzyJwQQSBhIBkgPVCcneAIt
51=nERABEgATARQLEAHUDhQBUwNABvCpFHXqVLiqVOFbD2CcD6bij+kiD6miT6nh0Cqhj2qhT
52=yuh0Csj0K5tJ64saRXh6eaTLQtSFpAFkxbSAAADJl5QqF6QKN6Q6Z8Q6J9Q6+GRMqbS9Wq
53=T4ODVIB9S1gEQA1IAEAQSA9IKkwBUAJIAEABTE9IP0hdrHNQAkgAJxQDJyAAWIUnzAJcHU
54=AuWDRIGFwjJwgARFAn1AZQCKwBQKxMAUgATA20AKABJywAJ/gAQAGoLbQAWAGoAFAmWBZI
55=AKQXQAFIAKwBKiURUykMUEQdSABAB1AaBrmpVJ+ZS6WYRlwOAAnIo0y0okjImEOihT6mhD
56=yogjupgzmngDqpjENYKEgAUCxXh6abTEgGV4eaoEtEL1wCKggADpN0QJ95QrqJRuSvVt+p
57=VN6rIshRUAtIAFAaSABAAbQqQCtYPUgVUAJIAFwCUCZAAUgATAFIAEABJ4QFTGdYAVACWB
58=ZAAUAuSCdYAUwBSABAAUgAWI60KlT8QBy0MEgMWDcnjABDAZSYQlQASABIBkgAQAFIAEAB
59=vFm0KlAsoAG0AEw3rAREFEQLSABYEEQLSC20GFARNrQFUGWsBwKej0m8oSi8CQzZsFXgsV
60=flrlSyhzyni0EqDAWsAUxYJ3QPA6uphqyljLwCVABcXK8K26NMIeAhrAFIGEABpCBcEUAB
61=J5wCLQQEWARQBUgAQAFIAEABSABIKlgZWDFMAUxYJ+wAQFsnjABMCrwdTB9cAlFHriZUNS
62=eMAAOqr1OTmT+wLEsJlZhESANIAEwBSAC8KTMUAEAQWBZMBEABJyQCWBAnxAFAAUAZUFZE
63=aza3BaOgUCTsKiS8ISfeAdWpKBwKQCioAEyyRB1YClgZQx+to1AkryKfoE5ABwOooU6toU
64=4tHAFME6wQWK9AAVgEQBZIAFwUvE1ME1ACSABQAmgACJxMpqFOoaNLpalSTA1IBlwXWA1U
65=JyeMAEAQJ7wDUAJIAEAHRE1AClgZA7WXSqKUTCrnCL25VKwEWARKLZGSImhRpAK4LqwBVA
66=NcLFNivK9eQAEnCAAq9A1EEUgPQBBAASpEA1hbUAhIAFAISAA2tAVABFMRubZZtDxIP0AB
67=XAVH0aKheVBWTLJAAVJ3j5kikF9ADQaMlEGIkj+mmklMByQkPlQbTAFIAEAHSAAnnAJAAV
68=ACSABQAkgAQAFIAEABSABAAUgAQAFoAAieUbOhT66oUqOhTFACUCxAHEwZJywARDst3Aon
69=nAJMBEgAcAgCp1CkmUwn5AgGp6xTurhWra1TSANAHKwEtABEAkABBY6UQJCTQKCofESkDk
70=hXTENQKVgNRBcqxAFUHkgARCxIAEABSABAAVgEJ4wATAFMClgBWBZcCC20BQM1NzlmZ2ZQ
71=LEwESABDELGvVVw+QBNQAkAuUAJIAFwCSABAAUgAQAFJAIosJF8nXABYEzAIAFxWQBlITk
72=BPTAFQBQACnpdHrZJDnp9MqKdYnqBUnJ9NsqtgT0gDUAtIAEAZvB2sASdsC0ABrBNYE1wU
73=SABYUkwEQAdIAEABSABABLQwTBlMASdfAKSpUbxZpCxQLEgDSABIBkgARA5IAFQnSABAAU
74=gAQAFIAEQOrARcVlACSABQAkgAQAFIA6RuTAFIAFACSABAASfkAlQtBmhqZkFCQjAxLCqU
75=HFQSSABIGEQsSBhIAFQYSABADUgAUBFIAEABSABAAUgAQAFIAEABSABEKTCEBUQCQARIAE
76=AESABAAQmon0yxl0iymEetoUpYAVACSABMB1CJQBlUQkhCSBVAFkgAQAGsGVgZUAWoVFgT
77=VJa8Vkuxp6xVSANQCFwUUBdIAEAESwDAtGhIA0gtTBlABEgATAS3AJ2hRkABSABEAkgAM8
78=QBtA82VAJAE0AEVBJZwZ8jLCFQF0gVrApMAVxQJyQCVC1IACQsOUBbQy6DhIBMbVAFSABi
79=EJhCSC1IAEgYSABABydcAEABrEZYBEwBSABAAUgAQCsqCAAnXABAAQmop1O4nUysl0iuoU
80=1YAVAFSABAAUgAQAFIAFAXSBVQF0gAQBy8X0wBQAQnrAFTxa+0VEIltLV4K0gDQweqnExU
81=8FgTWCtIAEABvAJIA1wCrAFcF1xZLQwLXDu0DFAmVA+sAaQOtAZECEQRSABIJ6wEWARAAU
82=gARCkkF0ickUdHwoyXPiF4XFwFQAdAEFgQSABMAUgAUAJIAEBbJ7QFSC1IAFctubhWUGsn
83=jABKLZCUaJlcBVAIvAJcCFwCSABIGFwCUAJIAEABSAAtqAUJoKhSoaJKrpREtppHJ4wABq
84=emVqOhTpqiUlwFXB2sGawcUKRInFwCUAVYDUANSABADUgALawBXBQqjABQBb3Fn3TzAUu3
85=uFVABLQwWASgClQASABYAUgAQAFIAEABSABAAUgAQAFIAEABSABAAUgAQAFIAFgTJxQGTA
86=Gk1FvutJ9KWGFPspCXQFAFSABQBSqsClgBWHCkEUwBSC1IAKxbSC0DMDI0VldWjUZLvEdE
87=QVQYvAhcBUABSABAAUAfWB9IAEABWAFQAlAmVNhEPlQtWAFQAkgABa6USZyhS52mJRxbBa
88=OnT52dTKGldN4nVAUIg4w0fYgvjZY8hI4RAADhEgAgDTmKkDqnrFO6uFa5tlmiqFBLAKOn
89=UEsAk5k/SwCUmEJMAQWnrFO6uFatrXQATAEDt7hVubhWXAIGjpRAp5pMn6BOTAFABK8HpZ
90=tNXAJEAlsBvblUWwqVmERMAUgAUAJIAEABSABAAUsAqq9TJ5QBUAIDj5dEh5E8XAJMAUgA
91=QAFIAAmDjDSAiDGCiDCEjjlMAUsAkJY+XAJQCyeMAEABSABQAkgAJyQCTAEMfX58ZWZjOD
92=s8LzEtU1VXSwCDhIBcAirsAFQVrAdQGkABWAEGkJNAoKhOkJRAWAFQBUgAQBBDJZ6mS0wB
93=cAIFqU+rl0avnU5MAUgAUAJIAEABSABAAQOBizd9iC+vAY+VPUABSABcAkgASCdYE0QpTA
94=FQAkgAQAFIAFAgA6esVbGvVVglUAJQLLgEAa+0VBSCAK2hbA0nXwCmm0xYBEAHtABQBUAB
95=J+QCTAFIAFQDSABIBlAOSBtMASdEA0QUWChQGlQqQC4DlJtGjpY/SBUDjZY8j5dBUBdAAU
96=gDSB68CFgHUAsnLABAAUgAQApcAkABSABPAZGSP1QtSAAGS09SQUNDNTc5J7QFQARIAEwE
97=WElAAQaiqEu0tVWdoUYnTAFLA52lTycMAowEcFBcAga0jD+jmk2ZpFFMAUwEWxN7hDFAQE
98=wWvBRQMlwFQDpIJ6RNrAFYAUABSANAB/wOzApcArxWXAJQI0gAQBlYBAavn0mQjUatmklI
99=WlACSAC8AlAISEJUAEgAWAREF0ABSABMAUgAQAFIAEABSABcNScsACeEAkQpSC1ALlgWTA
100=RABEAZSDBcWUwBSABQAkgAUF9ALlgZTAFcYrxBSEVBBHiAAFARKscEaGpmJ7QFSC1IAKxb
101=TwSkqVFYMUwWKjwCXAhIAFALSAAFp6tVnJxInaLcWQagqFOmnUixoE1ABEgAQARIAEwWSA
102=BQF1BBUAJASVhMVCpME1hVSCdYVUQpSABQAkQvUA68AkwHUAIDo6BQtZdKvFZIBkAESAZE
103=CEgDvAVMCrwCXAVILUgVoCtYAUgAVANIAEABSABAASekAEwBSABQAkgAQAFIAEABSFdAAU
104=gATAFYQ1gorAFYAUBGSABQAlAvUAJIAHIClT1YEKwBWAFAAVAmWCVYUkwBSABQAkgASB5A
105=E1guTAFILUgAr1swMjQntAUnTA1MBEAHSABAAUgAQAFIAEABCZqeTaCkUKilVqirWlgBBq
106=yWSqGeTZqhUkwBWECsXlAsWENYFrc/vLpXQCVIP0wEWEBIFUQmSABAClAsRDtUk1wCWAFA
107=BEsAvKFLJ4wASDBIA0gzXAVQJlgBWC5YAUABSABMAVwFUB1AAVgHSABYAUgAQAEqBAEnpA
108=BcAlAITDesBFgBQAFIAEABSABAAUgAQAFIAEABSABIcicsACr0BEh+vDtQLEAESABQBUAr
109=QAFQEVACRC9ILawETAFQtjO0BVwFSABMB0gAQAECoKZMoaZwekwBSABTAqWpUkMBmaRNTl
110=umpXjZWAFcAkgAQAFIAEABVEVQHUgASCRIAEAcJ8QEUFangKmmTypkByqMAFAISABcCEgA
111=UAgGnaFIpppJrp5NUCZIBkgzXAJQGlgBsCxYAUAoSAZQBVgNSABAAVgBXAJABFgEJ/QBQA
112=EnXAAnxAGsB7wCagabRrRyXFlEhlhGQAFcAkgnJ4wAKnwBUAJIAEAEsGusAaQvrAFIAyq0
113=BUBbA1VXV4aGglwCQAQPpppNr5VJopRIopxLpZZGnpZK3AICoU6lpE1MAUSJWARAAUgAQA
114=FIAEABSABMEEgAUB1IAEABSABAAUwZYgGpVFglTB9QBUgAUAVMAVwCJyQFULNAKLRCREdA
115=Q0AWSABQBbwCSANMAUgATAdYYUwoQAFYAUABSAlUXSf0BFNoualUQ7uqnExIA0wESABQBU
116=gAQAFQDrQSXAWsByqMAFCGSC1IWkCgpHRYAUABROZMB0gAUAhUEkgSrAFA9UABSABcAkgA
117=QAFIAEABKowAWAFAWwAifX98UFJRTElCaWBQeWREkX9guYw/tpJDqKNTq6RVtZNCsopAuK
118=JPtqhRsZlGqpdIq6ZWqZSHQApIAFAISAAJoqdSvr5dr7hXv75YQBlIAEwZSABgBO6vsZwl
119=nCAqXANuB6hLQEZIQiokBVwCSC2kj0gDXAisClQ2TAFIAEAEtABAASesCkwBUAJYNFh2TA
120=FEDkAiWApAYVwCQCtYB0wKTAEnNAFILQaHkjyGlEKCkjlcAkDlSOFAKycsAEAuQKMnvABc
121=AkgAUAtIAEABQDpcR6wBUClMskDfXAJIAFACSABAAYHmeEQyA4CAe3+Bf0wECVxTQWBcU0
122=hKS3t8dKwEWARAAUgAQAFIAEABSABAAViyVPMqlAcMmqVNlJxJnahGnaRNwLxVTAS8sEge
123=J7wDTAFAH1wgVANcCIwBaJNMAUQCJywDQCJIJ0hUpDW8AkwBXAJYIlg0SABcBVRaVABIAF
124=gHSwCooU6kDkArQDe8Akw0VAYnNAFAASo0AQ+SmjyMmD+Hkj6LlEGgp0yjqFBQGlBZrAdM
125=W1jNrAG0M0AWUAu0NrwCWPcJn5lLn5dLnJFHn6BOSC1IAEQptC2kLCoUAFQtAAJ+gH1PUV
126=FAQ0Y+QD5UVlKiqWCXoSWMIawKTBlYBCcIAFQ8J18AcVIuJywAQAFIAFAFSABYIryqXB1Q
127=ArwUSBVcIEwBQC5EL1wCpBGsGVgBQAdIAEABJ0wEKjwaJ0wBQARYBER0XAhQX0ABWAFUA1
128=ApTDRIV1gHUCxAAVwCUAVIk0ghVAxYDSe+AKisaEJABAx9dzt9ZTRmWS90bTOBZzVASTDs
129=IbQYrF5MTCfEGXIsmUtI+UjPagl+fCe0BUwNJwgASCcDgoOAUVRWSAAJOj09RUhJeXt2qq
130=16TA1IAzwIAHwXDZ5Ss4VAf10yraNQpJlMno8irCsnNDG0TlQqWCtIAFwFKS0AS7wdXBdA
131=AUgATCVIAEwEA6akUZqdTUxYTAFIAFAXSABABEA0UAVcCEtXcG42SANQKVgEUClAKFgBWA
132=RIAFgrtC1IA0QvrD1AE0AEvAVMuFwFgRZHXAVcAlA1UD6sAacyhmk2SC1YSVD7QOJE46y1
133=QItMXidYBFwCp+atmkmcCMR0SC1IAE9bRklLUAUnhAUGQkRETFBSfn99SAAnvABcaEwEqA
134=BcaKABJxQAWARAE0gABqiVTHlWL3tgMkwBVIS8AkBqBpOAQIduPImIREQjWCusGUAlVCRY
135=H1h/XAUn9ARYHEwBCK2lUp6PTIZ9RIyHeBZABEgAQAoGdWU2YFIycnk4TAEDg286dGQzQA
136=FIA0QpQAFIAEwBSABYKK8BpJlHUKdTEaWbTaw9vAJYK0ABQGRAAVcttJ9KQBNYE0gAVA+w
137=AqQmBnZzNXhRKaNtN1wFSABQCzAEBKghXLknhBFYBFAFSABAAUgAQwGHhlSoWkQsoAEqhA
138=WsBLwIORQAXAhAOlNopXxEWwR7WzNYTKwHD3d1OmZWLoJsPIt1OpqDP46KP0wZQBlIBkAE
139=SABYTCcsAEABSABQAgALnJRHkG45k4VFimY8fXA1f3M7rZJIwIxEZ1UvmXoiEENPBMaOSk
140=ANQAFIBrQkTDRMAUgAUAJEYlgZrDpYAUAEvAJMAUABSABAAUwEVCondAxMu0hgJ1AMrAQD
141=bF40j3o+rAFIBkABpIZYHEgArFtAAScIAKwEWARAAUgAQAFYEEgADF1XSUtQVEJITGJlZH
142=R4d1wCA0pLS0hJS6y4WAFQBbAIMEwBKlwAXGgnNAcCwItIx5HUIVMjqoxGQExLTp2ORUAK
143=rAFUSEwBSFpYTCpMGVgNXAJIAEABSABAAUgAQAFIAEABSABAAUgAQAFIAKABVABIAFgBSA
144=BAAVQnQAFIAEwBVGZYKLQnWAFQArQPUClAAVgBUAJIAEABWAFEFEgASI1YAVACSAAGem43
145=tqBJs5JITAFQArwdORQAJwQEvAUJoKZ7UVNRUFNVNjo6SC1LAHJyTVgHQAGrAENHSrSKVC
146=1cs7eTjZY8TAQzCABIMEgAQGcqBBNYW0wTJ/wCTAFIAEAQWNNQAqwBUIZIh0gAQAFEC1AC
147=tKJYBFAjvAJMAVwCSABAAUgAQAFIAEABSACgAVQAJ6QAUK2k0bQtQA1IJ0gAQAQCkJM/ub
148=cinEpEiSSsNEDiTAe0h0wETAEDnoNCj4dFRAsId3U7r5FKqnI6hmkiME1IA1ACSABQFCcI
149=AEgeJywAJyMAnqZLUAVIAFAFDJ6lZD9CRUFCPz5BQVteXqwEpCwqFABILUgATLhULUAHSA
150=BMB7AFKhQAvAJUllwOSABULUgAQAEDjJRBiJI/SIRE8qSkWAdQGkh1USCkKeQUUCx9IJQi
151=k1C1l0onjABMuzNUEVwIUA5IAKABVABIAEQFJL8zopRMRAhcDkhmVABYBFCGUJVIAEgPWF
152=tQXESMUAK0ilARJ1wAC5GDQEQ+MpF4P4ltPKF1K4QFXE1A4lgcKuwDrAFIDEAQTAEtPAu/
153=AkVISrQqA3FeQYaGgVgEuAFUAEAESABMB0gASC1IACe0BaREXG5ABCosAFgBUAVQ8lNfrJ
154=5PUB0Drp5NjZg/vAJMGZwadPBMASdcA7wdSANQIEgAUAUnTAFAIlgBTApIADlsC1QDWARI
155=AEABSABAAaQIvFNYAVACQCtAAbcwpZhGTAG8lUQORBFMMUQyVBJYEEgAUAIDe2U5rohDWA
156=RMB0gAQAFIAEABSABUJDMIAEAESABABEgAQAEAD5+kUJmbTp6dSJ2dULeOQLiQQoZsQmxc
157=P11UQUFDQoGDgUwEvBSkKUAcQAGsB7BEXBdIe7wRW3Cmm0ysAUysXFa/caKWR0ABA4yXPp
158=qjSawHJ0wBQAFIDFACSABAASe8A1AgSANQC0gAJ1wATApQAlgBUAVcXyfMC1gBUAJIAKAB
159=VABUJFgBUAVYB0gAQAFYAVwCRGVIGEAHQAFYAVACrFhMAVxfJ0QDXAK0GFAsQAFYAUAESA
160=BAAUgAQAFIAEABpOBUdS2oBUgDQARIAEABSABAAUgAC7ORRauaRqaoUrOmT6agcIlQAgxW
161=VE9DRUIuMDAwMSxmZ2YnbAJMqVAUSAC8FFQ/WExYQ1wRQApIAEwHWAFAAUgbQBxQMkwBSA
162=BcAkxbUAKsAVwIQAFIAFwCVIFQHUgJUCNYAVALSM9ABFgHJ98BpZtNXCC8BVgEVDBYH1AO
163=SABQAkgAQAdIAKABVAwnxARMAbACtAMnLABUDEgAVBhY7kgYJ1wAWBBYAUgYRAtIDCdcAE
164=ABQ4WBize0zKQsTf19JvxiQIhMo1gBWNYqTBa8DgmmpEuymEe0jT+oqVhICVACSABAAVgT
165=WhxBQmgtQy5BQ0NMskATSABME0wEQAFIAKwBXAVMi0gAXAJMAUgAQAFUb0ABSBVAFiocCk
166=gDXAK8C1QwQFgnHAGoBkAESABAJUgeSCpMAUAEUCxQCFgNTAdIAFACSCFAAUgATAFIAEAB
167=SACgAVQASAAnNAFQCEgDSABQAlRgKtQbWAonhAJABKwBrJdYAVwFSABAAUgAQAFIAECyUC
168=lAWEgAQAEkJDJcAkAEpC9cAkwBSABQAkgAQAEJraJOrJdIsZdIvp9PWAFQAkgAQAFIAEAB
169=UBQnpANIsUgtSAAwtAVAT7wFRCBMT1gBXFBUJ1ACSABcCCo0BCq8A1wLQARIAEwETAdAB6
170=wBWAEqbAtILSd0CSpEBlAFSABQBUsAj5dEKrwDRAJIA0gzWApMAScUA0wBXJigfEwBSCpA
171=ClBZWEBcBVgBQAFIAEwBSABABEgAQAFIAEABSABAAaQpTFhELFDOWHNUKicvAI2WPFACWA
172=RQBUgAQAEIpalTr5xKuJ1MsZsiiG1QAkgAVBVQ40BeTAFMBFgTSCFYwUQdSABIJDC0BVBB
173=TEy8BUgGQAFIAEABrBZIA0wBSABQAkgAQAFIAEABSAknJAVMAVAFvAJIA0AfJ3wEVA8nXA
174=BAAUgAQARIAFAOJywAQB9YHFAdSABQF7wCtABEBUgJSAC0LUgYSABYDVwCKsQBVAlYAVgr
175=SABAB0gAQARIAEABSABAAUgAuIVYglQMWIInXABAAUgAQARIAEABSABAAUgAQAEIpJ5Lo5
176=NCmp1Lr5MigDBQAkgAXAJIAEABQDRAAUgATAFIACqkA1AUSABcFLQtXLYDLzEtVldWUAVI
177=AFAFSABUJyfsCUxbJ4wDYAQjFlSppmBneAEjXHtACrwFXHRQAkgAUAhLAJCTP0gDTA1MAU
178=wKJywAQCInjAAqhAVILUgAUiCQliWYNlgEUAVIJ0w9JyQFVAxYDbwCTAFAAUgATARIAFwF
179=SABYDUgAQAFQC1BWvLBEAqgARIZIAFQtVAxMUioEDUgGrARAAQmhpFCsl0euiz6qjz9YBF
180=AISANACiqEAgOnplerqFdcAgqiqFCiqFCjp1C5uFaOEQAAIhIAIAAIlECiqFCjp1C5uFa3
181=uFWvtFSdoUY4OzxDRUJIAAADQUNDg4SApKlRk5k/lJhCo6dQvblUvAVNAZDsB08BvKFLJ1
182=wAQAFIAFACSABAAUgAQAFdC44pvABADbwCSAMqLABQAgmUm0aEjjmCiDCAiDFIAEABSwB9
183=iC9IA1AFtABAAXQSBJZBj449kJNJGEtQF0gMUxeiqEtACkABnQJQJ7wAWApTCI2WPEsAjp
184=Y/J1wAQAFIAEAKSABYDUgAWA1LAIqQOidcAA+loUyinU2cnk+volKwmkr6+gBLAIGLN1QA
185=qACsCgmpmUigmkqdmUujpk0n7AAnxARAKCcsAEwNQwR9fnxLAEtPUieoBVctp6xVSANABE
186=gAbBzkL1ACSABQAksAj5dEWxOepktMAVACSABAAUgAQAEDualUrp5NrAFYAUABSABAAUgA
187=QAFIAEABSABAAVwXUB1IAFAdSABAAUgAQwGQlj6gBFQASDZYKGgA7DdUGFgrSANECEgAQA
188=FIAEABSABAAUgAQwGPlT1AAUAuXziHkTxAASpkAUgDrAQqFAYIpKFMsJVDpaNMpaVoNkAc
189=QAesKycUAEAHCaChVKWUR6uQQp2cSVgBXAhIAC1UBSdcAEABQyiRkj9cF1hDqC20LSfABV
190=RFSANER1wIKjwLTAdYFlwXQCJMAUgAQARoAAWgUJ+XS5yRR0gATF68FFwCQwGDjDRIJ0wB
191=UAVYAVwXTAFQCKwfXAhYT0gDUwJ7hDEnLACkAlACSC1TEbS1Ve0BUEABSABICaQIQApTBZ
192=2lT0A3rAFYAUAEWAFABEAKUFBIACpUBUAEWAdQBVgETAEGo6pRoZlJoppKTAFIAFACTAcn
193=eAVEFFBKCaanV62lVaOfSbCXRqwEWARAAUgAQAFAJVAUJ8QEJ+QFVEJIhEhXA7GvVbm2WV
194=AFSABcBVctLjAwJ7QFM+QITBBQF7wFSAZgAQWgULWXSqKUTEgtUiyppmgeTBxIG0hLTxyP
195=l0FYAUAWSABAAVgHUAKsAScUBkAlSANRApApPAtyC6dQSEItJAJYNEw9UAhIDKwERBFYCg
196=Oto1CkmUdMAVACpGtMN0wBJ1QFQAG0DFgHSA9AKLRyBaeRRqSeSZ2mZHEnhAUtIwCjnUyk
197=ArwLSAknpAYnLABILUgAWC5IACqECEwQWAFAW0BGQAFYAVAIVC1ILUgAvLZQAkgAXAJIAE
198=AcvBRWIYyXwHwDlpxGkI1GrA0CrZpJjJUrVBRIBlAaSABcILwIrB+8AkArXB2sCiqMAKQF
199=RA4nVAJMAVACSABAAUw9VAZIAFgQWAFICVALWC5QJkw9SABYagOilkexnEy8BUQOQAQnLA
200=BYDUgASA9IAFACBZ6kUKGUSLuYaIFYAUAKSAAnBAesKzMUAEAQSEhQC0QXTAEDjJRBiJI/
201=TAdILUBDrMcqLABQC0gAQARIAEABSABAATa0BVgKUBRYCqwcUAVIAFwFvAJIA1AXSANYLq
202=wBTBBAAUgAvAJMIqwBWAEq7AMnLABICaAKSBWgAaQCQAq8R0QIUAVUKqQIrFhDZ6yeT6Qs
203=UCwGn5lLpJlMno9JUMVQCEgAUAhIAEABSABAAVQVUAisAVgBBrKTQ6KjT6CoTkwBCKGiVK
204=ufTqWiS52mwFgwkAUnFAZcBUwBDL6uYNy4a8mxYo2YP8mxZUABXAJAAQPmvnO8sFxcUFAX
205=J+wMTAEw9AQ2tAVcGlg3tDlYH0AWW1iQl0BYH1wOWAFADUwZSCpIAEAiSABAAUgAQAFMBE
206=AHWARQCERQUAVQhkhUVDNMAUgATAe0AKABrAFABFgHSABECEgAUAJIAEAEA5ukSrSfSlNr
207=mqNJQCtMAbQJVBJUbCcsAFQzrAcqlAFYB1AIAAOll0utlEWim0ynqlWom0qqnEyfnU5cAk
208=gAQASwLKwBWAFAAUgAQAFIAFgrCeXAe+PChea9cOW/cysuAL9zUAIDzLZknKRRQC5EL1Ad
209=QAGkL0QjSC28EVwURC+0MDa0BUwNRCa8BU8fs6tZWA1fC7epWEAcvAK0KlgEUAtMBEAKWA
210=1cDkwHQBZIAEABSABYLicsAKABVABIAEgDSABUCScEAVgKUAhANFwCVBhYAVgKV2ajoFBA
211=K0CXQMRQAkAZSCpMBEAHSAC0DyoMCwARpaBJr5VDsZ9MvYo/s5NCq6RMp5pLuIo/uYxAp5
212=tJs5RBo5p0LQOjl0ykl0hcCHARAqpRmKFPTAFELArhvHjXuX3cu3zav4l4gAAJ3L2A2cCM
213=2rl55b10UiDgvHAvQAFIXVgiSABMAUgAXAhIAFAISBJcFEgAXBdUJFACQC5YLjC0BVgfWE
214=xMHFAFrB8D57tu5b5zUEdQAkgAUAJIEkANQCugQy0UAFglXAtIAFwOSABAAUgAoAFUAEgA
215=SAxAZ7yeVAxAJUgSSABYBEgDJ/QBSANUFUArSA+sAVgBVA9YBFAISAAqHAcJpKRQpZhJn5
216=1Pm6BPQARIAEAESABAAUgAQAFIAAAGq6BLsKVRwKVRuYk9r5FAqKhPnqBOoJpNJywJABXM
217=sXp3hGZBRFc/QleSjmF2fV5BRFlCRVl3eV3BqW1pd2FzfWHjvnhYK0gAWCtIAEQjJ3wBQA
218=FIAEANVC1IQrwapCa8Ai20BUhFSBhTYo2WPEAEJ+wDQAdIElguUCwtbAUwOABYDUwHSABA
219=AUgAoAEqdCRUDEgASBJUJ1QDSABYBEgAUAJIALwCWCtIAEAESABAAUAQSBItHgejpmArQw
220=elp1FQCLQVSEhMAUgAXAJIAEABSABAAUgAQAFIAEABSABAASdEAwAJ3Lh4f5JtXWpfRUlZ
221=S1JZcIFkT1ZcQUNYQUNZtC0AA1llXk9WW1FUWn18XeS9db+scdS5f1guRH1AT0AuSIpIty
222=pUCFwLWAFILVRFQFtQRFAXLbQFTARIAFARSABYLicvAMm1ZSdVBRTgACdEAKABUB2sJVwL
223=QAdIAFAItAAmdCQnzSxBKqQAUBFIJFAFVCpIAFgrSABAAUgAQAFIAFAISABABEgAQAFIAE
224=ABSABAAUgAQAFIAEAKvAVUD1gcrAFAHEAESABABEgAQAGBg3hPAcWzZbxTBtm8hIGFY9a5
225=flQnBsuwdHV8YEZLWExbSFoDgGdYR0ZTQAFLAFNcXUgAWC5YWwbcxpPhw4vlwn9MW0wKQB
226=9ccVwUUA60QkBDXBEnLABMBEgAUA45tAVABEgATASwKewsfACkAlQAQBZDMbyvXkQ7TA1Y
227=Z1AdSAagB1QASABYAUgASCq8O0wBXDikvFhYVAZAE0ABtBVYAUABtBW8AkAKA5qjVf8AAK
228=gAQApIAFAISABAAaQdSEhAB1gKVHJYB1gQWAFAAVA4TwSXlVKwLLQAA9e1aM+3aCe3BeTB
229=f0C1BneEZlJaXUlOWlFZQEhaAAtDWUJEWFJaXMeucr+pbVFZXExTWtS5g+S/fOS/eFBZWA
230=pAEEgAQA1IAEwNSABQAkA9UBFIACqsGVwCSABQBbQtoBlUAFAXJ4wDQG1cKagASCygAS0U
231=AFALJ6wBUCmsCrQAUAtAAUgAQAFQKUABJFwhWJEtEAG4AVQVVCRIAFgrSAZYEEy7SBItCA
232=BcCEgAQARIAFgrJywAQAFQEVgcXAhQSgmWjUt8dUd9f0x7g0qwLFwFVNtQLFQtXKFcRAbj
233=vXfSs3hremVAtZ2GWExYDEBDWEpQWnF7YN+8e+LBgawHVABcBUgAUFlcSkwNSABAClwaWB
234=9YDVhDXA5MAUgAQAFIGFARJywAUAVIAC0gA1gBTBxIGERETHCwIDAUACeMAFgKQAonvABA
235=CkAQVABIAEABSAAn7AZQES0cAVg3SAAqUABUCSe8BkwHWC5cEagAQApICVR1rFVYZEABTA
236=RcAkgAQAFIA0gerAEABoSASXVwQ3d1Q3d4Snp8TISCSoWDR5GQRVgEWCUJ5b100rR8zbF3
237=eYFgTCsDd2ddWVBWfLNwWWDiRLYDeHlff4NgQItQLCcLAOa+c7wLXAhQEUAfQBZcGlB0SA
238=NIMDbkBUQpQAegGVUAQykMUF8CnKRRIaAuQEBIIVBBQMFYAViFKowDKiwASAZAELQAoAEn
239=LABEJkAoWA1UCUwrKggAUAuoAFgWWDdIFVxBQAdIQrxTQAdYAUAKSABAOqwBWAQqvABQBV
240=gEXAtMBEAESABAAQZ5eEl1dUR4eUZgAQJ6TIOESSfEBA7du3njvXbPs3pXYl1HR1h3aSXI
241=IYBbSIdoAAZbZ17cu3vhwIFYslQzrGFQIFALRiOPmSLQUlAOUONAZFDjTBBIEkQvSABMBF
242=gBvBcn7ANIElwCSABAAaSJQC4k5D5Td42YPyFAMVwjSDYq7ACsCkgJTA2sB1gHoAFUAEgA
243=WAFIAEABJxw0SBKoKlQAM6gFXAJILVApVGlUFUgMUBRYLrwISAlAAUgAQAFIAEABSABMBF
244=hYUEpIAFACSABQAkgAQAFIAEABC4WFTXx5SY2ESaWVTJ2UIjg/WBBEI1CABuC8eWp4YE1U
245=WlDgXLNNW0IjgCdYAQVaZl2YnXDduiJ0J0AfTFVICUxMrApPAaeaTEirWKBqCb5zWFtAaq
246=wWSBJAAUgAQAEnbAJIGycIAFAIrAEttAVcAkgAUAtICUwHSABQCEgAQAEwHASkBVAFSA8n
247=lAFIErxBVBuoDFQASC1UADMIAFAISABQCLxWQA1YDUAuWGdYOi3cClAyUAVIAFwFSABDAb
248=25VCGTTZWYREwBSABTAp+YU0ABSABMAVAjSIcP1bVzwqxzXGhfVV5fa3hjTVVcXCxUh1As
249=BkRIWGhtXde+ilhYQBZMVUAHSABPB7euWmABI/9NpZhGUBpQLyc8ILwUSBVAAUgAQAFUPy
250=2AA1QeSACwAmoJp1A2tAWsH6woSAlACkgAQAFcIEAHUCBUAFAsUDJUXUwBSABEFEgAWBa8
251=CzAUAEgPqABQR7RmVAlAAaQLUAtAAUgAQAFIAEAKSABACksAqq9TIQFTlCOMY1ACA6esU7
252=q4VlAsTAFIAEAESANAAUgATAFIAEABSABAAUR0D+G9eOG/ft7Ahr+pbXuIaMCpcEABQC5Q
253=WVAsA+LChOW+dlwRvAVIBkABSABAAUsAkI1GWBNAHFjEQAEnbAJAAUhySCRcFEhCQExYOr
254=wdoBxUALgBtABACkgAQAo2tAUqFAlYClwLrFu0BkAHWH8nLABYDUg/SBtYQ7wLJxQAXA4t
255=CABANFQJtBVcQSccAbQMvDtUOVBWJ3wBSC1IAEgqXA5cLCdcAEMBjpRAIVZToKgiJD5YAU
256=AESABAAUgAQAFIElQ/rBNALgXiwYHjw4XkwSJgMlwCSABAFqyyvAVIBkABQCtELEQpUBFY
257=AVACrBOkIFgBXBdIAEAEVEVQC7wILZgDKpQoUAhIAEAHNrQFSANABEgAQAFMDUQ4RCBYAU
258=B8QD1QAkgSpA5cAlgNSABEFyeQBaABQBC8AkABQO5ISLyhWBZIAEgVXAhAZEAuUDtELyqE
259=BSqXXpCTPyEzU7m4VlwFXQKvI4xvUCxcEUgAUAJIAEABUD5MTC30BCfUA6QvvBFIFWEBvi
260=LsTqwHWBBYQFAsUBpIAKQpJ4wDWAFQAkgAQAFIACcUBlgNpB0wFABcEUgAUAtIAEABSABA
261=ATm0BUAQvAukBVARWAFIAFgNRCNc6UsAiJI/1hi+c1CeVBgw3AGkAic0AVgHTDesCkAQu4
262=KtrVNNAaQpVnS1tSj0EFgrUIlQs0wEQAEnnAtQCEgAUAJIAFQnQCtMEFQtWOJYAVARTAFA
263=BEgAQAS8FKyvWARYRifEB1AaSABAE0gAJyQFTExQAkgAUAJIAEABvHFQREwHSBhYTKgbJx
264=QAJ4wDTARQDkgAXA5IAEABSABAATa0BUwrQApABEQItAxEDkQCtAZcAkgtJPQiQMdQArxK
265=QBxYHEgAQAGsEKwHTEYnFANMB1wFWFhAr0gATAFIAFACSAAqDwuQlECgMU0Epym0dEgtSA
266=NIh1wFQAdIAEABrBBQLCLAICR0VJQ/SGlABEgATARIAEwZUCZAGUgAQAFIElhGrAEn5AUt
267=PAsnXABAcLwIWHBAAVgEUBpIAEwBSABQC0QmTApIJFQwWAFQAkgAQAFIAEABSABAATa0Bb
268=QDQARYJVAISBJQCFACSABQAkgAQAFIAEABSABQSqwBKvwIRB1YGbwCTARAAQmiqFCjp1C6
269=uFaiqFARAACyAXACAAaiqFCjp1Cjp1CkqVGQlECgqE6jp1CvtFQnXwC3uFVLALm4VlwCUA
270=JYBAORkj+Qk0BMAUgAUAJIAEABSABAAQPnu27lvnOvAbyvXkABSABcAkgAQAEJnaVPgYs3
271=hI45gIgxSwCCiDBIACdcAE8BfYgvWAFQBQOPlT2Olj+sAQN7hDGDjDS8BQOHkTyPl0SsAV
272=wIJ7wASAZTBZSbRlACXAhMAUgAUAJIAEABSABAAUgAQAFIAEABA0tPUkNFQkgAA0FDQ4OE
273=gFMC////VABIAFQDUxSKkDqsAVgBQAFIAEABSAADs6tZybVlSxu8sFxQAkgAUAJIAEABSA
274=BAAUgAQAFIAEABSABAAUgAQAFAKEMBjpRASCdIAEwBSABcAkgAQAFIAEABSABILUgAUAVP
275=AZOZPydEBkAESABQAkgAQAFIAEABSABAAUgAQAFIAEABSABAAUsAj5dBSABIJ1QhKpQEJ1
276=QFTARQBUgAQAFIAEABSABAAUgGJ7wAKhQGSANABEgAQAFcIyeMAFgBUAJIAEABSABAAUgA
277=QAFIAEABSABAAQlLT1JDRUJDRUJBQ0MRAAA=

[AITriggerTypesEnable]
043F40BC-G=yes
043F521C-G=yes
043F874C-G=yes
044082BC-G=yes
05CB5B6C-G=yes
05CB830C-G=yes
05CBAEDC-G=yes
05CBC04C-G=yes
05CBC19C-G=yes
05CBC2EC-G=yes
05FC088C-G=yes
05FC0C9C-G=yes
05FC13EC-G=yes
05FC1A8C-G=yes
05FC1C5C-G=yes
05FC333C-G=yes
05FC37CC-G=yes
05FC3C9C-G=yes
05FC50EC-G=yes
05FC747C-G=yes
05FC75CC-G=yes
05FFA7DC-G=yes
05FFB18C-G=yes
06002BFC-G=yes
0611A1EC-G=yes
0611A33C-G=yes
0612B11C-G=yes
0612CD8C-G=yes
0612EAEC-G=yes
0612F46C-G=yes
0612F9AC-G=yes
0616004C-G=yes
06C551AC-G=yes
078F4B2C-G=yes
07C04C7C-G=yes
07C04EDC-G=yes
07C0B14C-G=yes
07C30A5C-G=yes
07C310BC-G=yes
07C3266C-G=yes
07C329FC-G=yes
07C330CC-G=yes
07C33DDC-G=yes
07C4853C-G=yes
08A3EEDC-G=yes
08B902EC-G=yes
08B90B1C-G=yes
08B911BC-G=yes
08B9154C-G=yes
08B9213C-G=yes
08B9305C-G=yes
08B9356C-G=yes
08B940EC-G=yes
08B9423C-G=yes
08B9483C-G=yes
08B9586C-G=yes
08B9641C-G=yes
08B9708C-G=yes
08B9767C-G=yes
08B97C6C-G=yes
0A31295C-G=yes
0A44F17C-G=yes
0A44F2CC-G=yes
0A452C6C-G=yes
0A452E5C-G=yes
0AA845AC-G=yes
0AA846FC-G=yes
0ABC484C-G=yes
0AD2BAEC-G=yes
0C0C7AEC-G=yes
0C0D184C-G=yes
0C0D251C-G=yes
0C1245AC-G=yes
0C1246FC-G=yes
0C32599C-G=yes
0C32D84C-G=yes
0C87B45C-G=yes
0C87B99C-G=yes
0C87E5AC-G=yes
0C8B81BC-G=yes
0C8BC5AC-G=yes
0C8C2AEC-G=yes
0C8C2C3C-G=yes
0C8C430C-G=yes
0C8C4C3C-G=yes
0C8C51BC-G=yes
0C8C56FC-G=yes
0C8C645C-G=yes
0C8C6EDC-G=yes
0C8C71BC-G=yes
0C8E2C3C-G=yes
0C8EE1BC-G=yes
0C8EEAEC-G=yes
0C8EEEDC-G=yes
0C91D45C-G=yes
0C92C1BC-G=yes
0C92C45C-G=yes
0C955AEC-G=yes
0C955C3C-G=yes
0C9561BC-G=yes
0C9565AC-G=yes
0C96F45C-G=yes
0C96F5AC-G=yes
0CA1F84C-G=yes
0CA24D8C-G=yes
0CA2A04C-G=yes
0CA2B06C-G=yes
0CA2D99C-G=yes
0CA2FEDC-G=yes
0CA5945C-G=yes
0CA6621C-G=yes
0CA6AEDC-G=yes
0CAD0B2C-G=yes
0CAD0C7C-G=yes
0CAD0DCC-G=yes
0CAD130C-G=yes
0CAD145C-G=yes
0CAD25AC-G=yes
0CAD2AEC-G=yes
0CAD2C3C-G=yes
0CAD5AEC-G=yes
0CADD99C-G=yes
0CADDEDC-G=yes
0CB29EDC-G=yes
0CB2CEDC-G=yes
0CDF899C-G=yes
0CDF8D8C-G=yes
0CDF8EDC-G=yes
0CE2395C-G=yes
0CE23AAC-G=yes
0CE26B5C-G=yes
0CE26CAC-G=yes
0CE2E8DC-G=yes
0CE2EA2C-G=yes
0CE44D0C-G=yes
0D022B1C-G=yes
0D022C6C-G=yes
0D052AEC-G=yes
0D0803CC-G=yes
0D08461C-G=yes
0D0848BC-G=yes
0D084A0C-G=yes
0D084B5C-G=yes
0D0873DC-G=yes
0D087D8C-G=yes
0D0B3B9C-G=yes
0D2769BC-G=yes
0D2C41EC-G=yes
0D2C448C-G=yes
0D2C45DC-G=yes
0D53099C-G=yes
0D53130C-G=yes
0D53430C-G=yes
0D535EDC-G=yes
0D62145C-G=yes
0D6215AC-G=yes
0D6216FC-G=yes
0D62199C-G=yes
0ECCB2BC-G=yes
0ECCB40C-G=yes
0ECCB55C-G=yes
0ECCB7FC-G=yes
0ECCBC3C-G=yes
0ECCF14C-G=yes
0ECCF29C-G=yes
0ECCF68C-G=yes
0ECCFA7C-G=yes
0ECCFCAC-G=yes

[Actions]
01000000=1,98,7,_Amb_BirdsHarbor,0,0,0,0,A
01000002=1,98,7,_Amb_BirdsPark,0,0,0,0,A
01000004=1,98,7,_Amb_BirdsNightOwl,0,0,0,0,A
01000006=1,98,7,_Amb_BirdsMorning,0,0,0,0,A
01000008=1,99,7,_Amb_OceanHeavy,0,0,0,0,P
01000010=1,19,7,_Amb_BirdsNightOwl,0,0,0,0,A

[Africans]
IQ=0
Edge=North
Color=DarkRed
Allies=Africans
Country=Africans
Credits=0
NodeCount=0
TechLevel=1
PercentBuilt=0
PlayerControl=no

[Alliance]
IQ=0
Edge=North
Color=Gold
Allies=Alliance
Country=Alliance
Credits=0
NodeCount=0
TechLevel=1
PercentBuilt=0
PlayerControl=no

[Americans]
IQ=0
Edge=North
Color=Gold
Allies=Americans
Country=Americans
Credits=0
NodeCount=0
TechLevel=1
PercentBuilt=0
PlayerControl=no

[Arabs]
IQ=0
Edge=North
Color=DarkRed
Allies=Arabs
Country=Arabs
Credits=0
NodeCount=0
TechLevel=1
PercentBuilt=0
PlayerControl=no

[Basic]
Name=Air Port
Percent=0
GameMode=standard, meatgrind, duel, cooperative, teamgame
HomeCell=98
InitTime=10000
Official=no
EndOfGame=no
FreeRadar=no
MaxPlayer=4
MinPlayer=2
SkipScore=no
TrainCrate=no
TruckCrate=no
AltHomeCell=99
OneTimeOnly=no
CarryOverCap=0
NewINIFormat=4
NextScenario=
SkipMapSelect=no
CarryOverMoney=0.000000
AltNextScenario=
MultiplayerOnly=1
IceGrowthEnabled=yes
VeinGrowthEnabled=yes
TiberiumGrowthEnabled=yes
IgnoreGlobalAITriggers=no
TiberiumDeathToVisceroid=no

[British]
IQ=0
Edge=North
Color=Gold
Allies=British
Country=British
Credits=0
NodeCount=0
TechLevel=1
PercentBuilt=0
PlayerControl=no

[Confederation]
IQ=0
Edge=North
Color=DarkRed
Allies=Confederation
Country=Confederation
Credits=0
NodeCount=0
TechLevel=1
PercentBuilt=0
PlayerControl=no

[Events]
01000000=1,13,0,50
01000002=1,13,0,52
01000004=1,13,0,54
01000006=1,13,0,56
01000008=1,8,0,0
01000010=1,51,0,425

[French]
IQ=0
Edge=North
Color=Gold
Allies=French
Country=French
Credits=0
NodeCount=0
TechLevel=1
PercentBuilt=0
PlayerControl=no

[GDI]
IQ=0
Edge=North
Color=Gold
Allies=GDI
Country=GDI
Credits=0
NodeCount=0
TechLevel=1
PercentBuilt=0
PlayerControl=no

[Germans]
IQ=0
Edge=North
Color=Gold
Allies=Germans
Country=Germans
Credits=0
NodeCount=0
TechLevel=1
PercentBuilt=0
PlayerControl=no

[Houses]
0=Americans
1=Alliance
2=French
3=Germans
4=British
5=Africans
6=Arabs
7=Confederation
8=Russians
9=YuriCountry
10=GDI
11=Nod
12=Neutral
13=Special

[Infantry]
0=Special,CTECH,256,64,66,0,Guard,128,None,0,-1,0,1,0
1=Special,ENGINEER,256,63,69,0,Guard,192,None,0,-1,0,1,0
2=Special,ALL,256,83,85,1,Guard,64,None,0,-1,0,1,0
3=Special,JOSH,256,50,88,1,Guard,64,None,0,-1,0,1,0
4=Special,JOSH,256,40,91,1,Guard,64,None,0,-1,0,1,0
5=Special,JOSH,256,42,83,1,Guard,64,None,0,-1,0,1,0
6=Special,JOSH,256,76,50,1,Guard,64,None,0,-1,0,1,0
7=Special,JOSH,256,70,31,1,Guard,64,None,0,-1,0,1,0
8=Special,JOSH,256,83,41,1,Guard,64,None,0,-1,0,1,0
9=Special,JOSH,256,80,32,1,Guard,64,None,0,-1,0,1,0
10=Special,JOSH,256,79,65,0,Guard,64,None,0,-1,0,1,0
11=Special,JOSH,256,47,65,2,Guard,64,None,0,-1,0,1,0
12=Special,CIVB,256,42,46,1,Guard,64,None,0,-1,0,1,0
13=Special,CIVA,256,37,46,1,Guard,64,None,0,-1,0,1,0

[IsoMapPack5]
1=+g0AIA48AAEA//8AAAAAADsAAgD//0MBAAA8KCkAPSgrADoAA+EEOygpADwoKQA9KCkAPi
2=grADkABPkGOigpADsoKQA8KCkAPSgpAD4oKQA/KCsAOAAF8Qk5KCkAOigpADsoKQA8KCkA
3=PSgpAD4oKQA/KCkAQCgrADcABukMOCgpADlJAY2SIwA6SQGFqQE7SQGHqQE8SAHZJz0oKQ
4=A+KCkAPygpAEAoKQBBKCsANgAH4Q83KCkAOCgpADlJAZC1DTpJAYipATsoKQA8SAHFEz1I
5=AcUTPkgBxRM/KCkAQCgpAEEoKQBCKCsANQAI+RE2KCkANygpADgoKQA5KCkAOigpADsoKQ
6=A8SQGMvRU9SQGDqQE+SAHRFD9IAdEUQCgpAEEoKQBCKCkAQygrADQACfEUNSgpADYoKQA3
7=KCkAOCgpADkoKQA6SAHBOztIAdknPEgB0RQ9KCkAPkkBhqkXP0gBJ7wCJw0CQShVAEIoKQ
8=BDKCkARCgrADMACukXNCgpADUoKQA2KCkAN0gB0RQ4SQGJrRA5KCkAOkgBJz4ICgDJATxU
9=AicWAwoAyQE+VAInFAMnDQJAVALBGkEoKQBCKCkAQygpAEQoKQBFKCsAMgAL4RozKCkANC
10=gpADUoKQA2SQGRtRg3SQGKqQE4SgH3AY0BOUkB76kBOkkB8akBO0gB0RQ8SAHRYT1IAcUe
11=PkgB2Rw/SAHRS0BIAdkGQSgpAEIoKQBDKCkARCgpAEUoKQBGKCsAMQAM+RwyKCkAMygpAD
12=QoKQA1KCkANkgBzRs3SAHNGzhJAe2tGzkoKQA6KCkAO0gBzQU8KCkAPUgBySI+SAHdID9I
13=AcUpQEgBJ8YDDADNR0JUAskiQ0gBwQREKCkARSgpAEYoKQBHKCsAMAAN8R8xKCkAMigpAD
14=MoKQA0KCkANUkBk546ADZJAfalHjdIAdEfOCgpADkoKQA6KCkAOygpADwoKQA9KCkAPkgB
15=wSU/SAHVI0BIAd1MQUgB1URCSAHFYENIASccBCdtA0UoVQBGKCkARygpAEgoKwAvAA7pIj
16=AoKQAxKCkAMigpADMoKQA0SAHdQTVIAckXNkgBySI3KCkAOCgpADkoKQA6KCkAOygpADwo
17=KQA9KCkAPigpAD8oKQBASAHBD0FIAc0mQkgBxUpDSAHFokRIAc1HRUgBzSZGKCkARygpAE
18=goKQBJKCsALgAP4SUvKCkAMCgpADEoKQAyKCkAMygpADRJAfqtRzVJAfKpATZIASfOBA8A
19=yQE4KFUAOSgpADooKQA7KCkAPCgpAD0oKQA+KCkAPygpAEAoKQBBSQHwrRBCSAHJIkNIAc
20=ndREgB3UxFSAHBBEYoKQBHKCkASCgpAEkoKQBKKCsALQAQ+ScuKCkALygpADAoKQAxKCkA
21=MigpADMoKQA0KCkANUkBj+5zEAAnbQ4QKCQFJykAOUwF3Ss6KCkAOygpADwoKQA9KCkAPi
22=gpAD8oKQBAKCkAQSgpAEJIAcFRQ0gBwVFESAEnJAUnHQRGVALRKkdIAdWcSEgBxVVJSAHB
23=BEooKQBLKCsALAAR8SotKCkALigpAC8oKQAwSAHJDDFIAckMMkgByQwzKCkANEgBzQU1SA
24=HJFzZIASd9BREofAUnKQA5QAQnfAUnVQA7KFUAPCgpAD0oKQA+KCkAPygpAEAoKQBBKCkA
25=QigpAENIAcktREkBjrFARUgBwRpGKCkAR0gB1VpISAHBGklIAc0FSkkBIaUIS0kBHqkBTC
26=grACsAEuktLCgpAC0oKQAuKCkALygpADBIAcEPMUgB0fsySAHBMDNIAc0QNEgBzQU1SAHN
27=4TZIASfVBRIo1AUnKQA5QAQn1AUnVQA7KFUAPCgpAD0oKQA+KCkAPygpAEAoKQBBKCkAQi
28=gpAENIAdWGREgBwVxFSAHFrUYoKQBHSAHFHkhIAcEaSUgBxR5KSQEdqS1LSAGXAgEATEgB
29=jzEBAE1IAYwxAgEAKgAT4TArKCkALCgpAC0oKQAuSAHdVy9IAcUTMEgB2RExKCkAMkgB3U
30=EzSAGPEAAANEgBxUo1SAHJ3TZIAcktNygpADgoKQA5KCkAOigpADsoKQA8KCkAPSgpAD4o
31=KQA/KCkAQCgpAEEoKQBCKCkAQygpAERIAdFhRUgB2UhGSAEl0SBHSAHBMEhIAdkcSSgpAE
32=pIAScsBsgtbjETAJQCbDHXAgIATk0FJnw2AgEAKQAU+TIqKCkAKygpACwoKQAtSAHZMi5I
33=Ac0xL0gB0RQwSAHVAjEoKQAyKCkAM0gB1Tk0SAHdNjVIAcHrNkgBwes3SAHRNTgoKQA5KC
34=kAOigpADsoKQA8KCkAPUgB0Qk+KCkAPygpAEBIAckMQSgpAEIoKQBDKCkAREgBwWdFSAHR
35=S0ZIAc0xRygpAEgoKQBJKCkASkgBjzEAAEtIAX0vAGU0FCiFBhSRAgBkNCcpAE9MBdM1KA
36=AV8TUpKCkAKigpACsoKQAsSAHRNS1IAdkyLkgB1S4vSAHJFzBIAclOMUgBzQUyKCkAMygp
37=ADQoKQA1SAHZoDZIAdEJN0gB1Tk4SAHBMDkoKQA6SAHVLjsoKQA8SAHdKz1IAckXPkgBwU
38=Y/SAHVDUBIAckMQUgByQxCKCkAQygpAERJAfQkmSRFSAHZHEZIAdEJR0kBrKEESEkBpqkB
39=SUgBwRpKSQEkoTNLSQEoqQFMSAGUOWVrFawCfDYnKQBPQASbAgIAUEgByzgnABbpOCgoKQ
40=ApKCkAKigpACsoKQAsSQGMlgkALUgBxTQuKCkAL0gBwSUwSAHBcjEoKQAySAHZBjMoKQA0
41=KCkANSgpADZIAdEJNygpADgoKQA5SAHZJzpIAc0xO0gBzTE8SAHVLj1IAckXPkgBzRA/SA
42=HRFEBIAdUNQUgB3QpCSAHBMEMoKQBESAHJQ0VIAdEJRkkBhrUjR0kBq6k4SEkBoqkBSUkB
43=pqkBSkgBlNN3cBYAJbkGTFQCJzYHFgCABHY5FgCb1wIAT0AEyQFQKCkAUSgrACYAF+E7Jy
44=gpACgoKQApKCkAKkgB1RgrSAHRHyxIAcEaLSgpAC4oKQAvSQGGvRUwSAHR2jFIAcnHMkgB
45=xfozSAHdKzRIAd0KNSgpADYoKQA3KCkAOCgpADkoKQA6SQGLoQ87SAHZMjwoKQA9SAHBDz
46=5IAcHVP0gBzQVASAHBBEFIAcEEQkgBwQRDKCkAREgBwUZFSAHJF0ZIAdkGR0kBr7U5SEkB
47=p6kBSUkBqakBSkgBlDltPBe0OWWtF1jdWBhldhekP288FwCueQYDTTwXVANJAANEdidVAF
48=FQCUwCAgAAAwBSSQEfbQECVQcY+j0mACcpACcoKQAoKCkAKUgB2T0qSAHBGisoKQAsKCkA
49=LSgpAC4oKQAvSAEn5gcYAN1tMVQCwakySAElLT0zSAHdQTRIAcUpNUgBwQ82KCkANygpAD
50=goKQA5SAHJLTpIAcU0OygpADwoKQA9KCkAPigpAD8oKQBAKCkAQSgpAEIoKQBDKCkAREgB
51=1URFSAHNEEZIAc0QRygpAEgoKQBJKCkASkgBJ+UHGOHrTPcCAgBNSAFkOFU5TkgBmEhnPx
52=gAqLFAUFQCh0oDAFFJAaq1AlJIAYe4AgBTSAHHgSQAGfFAJSgpACYoKQAnSAHFPyhIAcF9
53=KUkBiJIQACooKQArSAHFNCwoKQAtSAHNBS5IAcEELygpADBJAYexCTFIASWpMTJIAclDM0
54=gBybE0SAEnPggZAN0KNlQCyQE3SAHJDDhIAclOOUgBwTA6KCkAOygpADwoKQA9KCkAPkgB
55=0R8/SAHRFEBIAdEJQUgBwQRCSAHBBENIAcEERCgpAEUoKQBGKCkARygpAEgoKQBJKCkASk
56=gBJz0IGSg8CMgBfUEZsycDAE5NBSdwAXe9GQAgqQFQVAKJ/gJcQSetAFJVArKpQ1NIAWgF
57=RUpUKCsAIwAa6UMkKCkAJSgpACYoKQAnSAHZMihIAdUuKUgB3SAqKCkAK0gBzQUsSAHNBS
58=1IAc0FLkgBwQQvSAHVOTBIAc0FMUgBwYgySAHJQzNIAZigIu80GgCOhhoANVQC2cw2SAHZ
59=ijdIAckMOEgB3Qo5SAHNEDpJAdh0IyJfbxoA0qkBPFQCJTVUPUkBiakMPkgB0RQ/SAHBUU
60=BIAdVlQUgBwQRCSAHVDUNIAdUNRCgpAEUoKQBGKCkARygpAEhIAZP7AABJSAGfeAAASkgB
61=JSEgS0gBgEZ9xRqgRndEGgCudBh2RBoAzcBPTAWQGCKGJxoAI4wodkQaAMFGUuEEA1WGGo
62=gFlEQnKQBVQATTCSIAG+FGI0gB3WIkSAHdYiVIAcUeJkgBwQQnSAHVIyhIAdknKUgB2Scq
63=KCkAK0gBzQUsKCkALUgBzQUuSAHFCC9IAc0FMEgB1S4xSQGwfyAAADJJAaipATNJAampAT
64=RJAY6hHTVIAdWRNkgBJW0vN0kBkKEEOEkBiqkBOUgBzRs6SQHbsQk7SgEWAoUEPEkB0LUC
65=PUgBxUo+SQGSngMAP0gBxQhASAHJDEFJAYihBEJIAcEaQ0gBxR5ESAHdK0VIAclDRkgByU
66=NHKCkASEgB1URJSAGZCgFNRxurQwEAS1QCJ+0IGyjvCBsAsWgXbUcbKOwI2AZtRxuNCQBt
67=Rxv5SFJQCcmQUygpAFQoKQBVSQEjYwcCAFZIAZhIAgEAIQAc+UgiKCkAI0gBxXYkSAHdIC
68=VIAd0gJkgB1QInSAHZPShIAdEqKUgBxQgqSAHNBSsoKQAsKCkALUgBxQguSAHFCC9IAdgy
69=BTAAHACDAAAAEQAAVQ8AIAUAAAAxABwAhVwASAABMgAcAMkBMygpADRJAYZUA0kANUoB9g
70=FDAQAANkkB7akBN0kB8akBOEoB//+BBDkoKQA6KCkAO0kB260FPEkB06kBPUkB1akBPkgB
71=xQg/KCkAQCgpAEEoKQBCSQGMkg0AQ0kBg6kBREgB3RVFSQEdtQJGSAGHAQEAR0kBrHcNAQ
72=BISQGoqQFJKCkASkkBqbUCS0gBhwgBAEzrAQIATUgBkwkDAE5JAR9vAQIAT0kBrXsGAgBQ
73=SAFwAgEAAgBRSQGutQJSSAHVAlMoKQBUKCkAVSgpAFZIAZ8KAQBXSQEmnAYCACAAHQDVIy
74=FJAY21AiJIAd02I0gB3SAkKCkAJUkBiK0FJkgBwQQnKCkAKEgBxQgpSAHNBSooKQArSAHZ
75=BiwoKQAtKCkALkkBh6kML0gB0RQwSQGMtQIxSAHFCDIoKQAzKCkANEgB3TY1SQH6bCZ/TB
76=0A8qkBN1UC9KkBOEkBj70KOUgB1Q06KCkAOygpADwoKQA9KCkAPkgB2Sc/SAHRH0BIAdUY
77=QUgB3QpCSAHVGENIAdUYREgB3RVFSAGXRAAARkkBsHAUfkwdANlISFQCmxUBAEkoKQBKKC
78=kAS0gBhAh/TB0AJHAFfUwdSD5NAQJfTB0AI0QBRUpPTQWvaAx/TB0AqKkBUVQClw0CAFJI
79=AWgFTQVTSQEhbwECAFRJAR6pAVUoKQBWSAEnngkdAIMEAQBYVALJAR9MAsElIEgBwSUhSA
80=HdICIoKQAjSQGIaQwARxgeAIqpASVUAsUpJkkBkLUCJ0gBzQUoSAHNBSlIAc0FKigpACtI
81=AdkGLEgBwQ8tKCkALkgBzTEvSAHFCDBIAd02MUgB2QYyKCkAMygpADQoKQA1SAHZHDZJAY
82=m9FTdIAdUCOEgB0Qk5SAHBRjpIAcEPOygpADwoKQA9KCkAPkgBxRM/SAHRCUBIAckiQUgB
83=1Q1CSAHBBEMoKQBESAHNJkVIAYxHdE+WNgAAd08eACepF0hBBCCpAUkoKQBKSQEotQJLSA
84=GITnZPHgCNBQFWnB4AgQQBVE/cCnScJykAUFgGgAh2nB4A3UxSVAKLBAIAU0kBJWQEdE+M
85=AgIAAAMAVVQCcAJJAVYoKQBXSAGVnAJVTx5QAUsEAgBZQAGBBwJBAR/snwEfAB8A3UEgSA
86=HVIyEoKQAiSAHVIyNIAdkyJCgpACUoKQAmKCkAJygpACgoKQApKCkAKigpACsoKQAsSAHZ
87=ES1IAck4LkgBxRMvSAHVOTBIAcEEMUgBwQQyKCkAM0gBwQQ0SAHBBDVIAcFcNkgBwRo3SA
88=HZSDhIAc0FOUgBzQU6SAHNBTsoKQA8KCkAPSgpAD5IAdUYP0gBxQhASAHFCEFIAcEEQkgB
89=1Q1DSAHNBURIAc0FRUgBhEptUh+lSgBF7x+xmABE75SOUDxEoicpAEoo2QBLSAGVTwBE78
90=AEbVIfSItUBmxS3QoBRO8nKQBQ+QYBRe8fWJhMBWWiH7lTA0xSZJpVAgNEoicpAFVZBiJQ
91=AoxS1Q0DRO8nKQBYQAR8A0EEWSgpAFooKQAdUBzcpGRo0IJ8EskiIEAE0TUhSAHNJiJIAc
92=EEIygpACQoKQAlKCkAJigpACcoKQAoKCkAKSgpACooKQArKCkALCgpAC0oKQAuSAHBOy9I
93=AcFnMEgBxRMxSAHJFzJIAckXM0gBwQQ0SAHFCDVIAcUINkgBwQQ3SAHBBDhIAcFcOUgBzQ
94=U6SAHNBTsoKQA8SQEMf9sAAD3IAVUBPkgBzQU/SAHFE0BIAdUuQUgBwQRCSAHBBENIAckX
95=REgBwQRFSAGAO2RVhJ91AUcoVQBIKCkASSgpAEooKQBLSAHdr0xIAZigZFV45UwJZFUnKQ
96=BPQASfmQEAUEgBkKNkVSJgJ0wFZFXIAWdVIACsWh0ABEdVIACqqQFVWAaXUgMAVkgBUAZt
97=qldIAYEPA1Sn1Q0DVKcnKQBaQASDDwMAWygpABxUYt0gHUkBjJQJRq0hAMAleGbBBCAogQ
98=AhSAHBBCJIAcEEIygpACQoKQAlKCkAJigpACcoKQAoKCkAKSgpACooKQArKCkALCgpAC0o
99=KQAuKCkALygpADAoKQAxSAHNGzJIAckXM0gByRc0KCkANSgpADYoKQA3KCkAOCgpADkoKQ
100=A6KCkAOygpADxIAX1XAn5XIQBoAQEDAAA+VALBDz9IAd1iQEgBzapBSAHdxUJIAdUCQ0gB
101=yRdESAHFCEVIAYQ/fFciWCaNOEdUApg9ZK0nVQBJKFUASigpAEtIAYBRZK0iWDFECH5XIQ
102=Al3TJOQAROAgAAdP9sP1ABIuwp3Ap2/yEAhAh8V8QIf1chALGxVlTlCARU/3z0RAh8V8AX
103=ZK0n2QBYTAWdAgRcV8sMBABaVAKBGgReVyEAj7UEAFxUAiPTIAMAG0wCySIcKCkAHUgBxT
104=8eSAHZJx9IAc0FIEgBwDB1CopAE0kAIlQCwQQjKCkAJCgpACUoKQAmKCkAJygpACgoKQAp
105=KCkAKigpACsoKQAsKCkALSgpAC4oKQAvKCkAMCgpADFIAckXMkgBzaozSAHNRzRIAcWiNU
106=gBwRo2SAHB1TdIAc0FOEgBzQU5SAHNBTooKQA7KCkAPEgBaVkEdVoilVoFdVoiJn0mP0AE
107=xQhASAHBMEFIAclZQigpAENIAdkyREgB2QZFSAHNqkZIAUoyAAAiTCucPmkBSChVAEkoKQ
108=BKKCkASygpAExIAZAJd1oiAK1sUiJENdAJdFoiCD1QDHRa1wIDAFFYBkwCeatSSAEjOCN0
109=Wmj2XAIi/CAnKQBVQAQjeDZ0WicFAVdUAoAPdLLIDHRawQQFVFonKQBbTAWcunRa1wIEAF
110=1UAk0NAE/AGgAj/SsbKCkAHEkBjYUEACKAON0rHlQCyAEixCXBOyBUAt0rISgpACIoKQAj
111=KCkAJCgpACVJAbdvJgAAJsgBVQEnyAFJmyjIAUmbKcgBSUMqyAFJQyvIAQEGAAAsSQGzWA
112=dJFi3IAVUBLsgBUQkvyAFRCTDIAVEJMcgBUQkyyAFRCTNIAcVgNEgBxWA1SAHVWjZIAd0g
113=NygpADhIAclOOUgBySI6KCkAOygpADxIAWxdVQ09yQEHbF0nLQY/VALFCEBIASeuCyMAwQ
114=9CVALFE0NIAcWMREgB2QZFSAGURGS4kEhhXEdUAlAkaQFIKCkASSgpAEooKQBLKCkATEgB
115=kAluXSMAJZ1ATlUCplwshLgijEhEC2xd1A1sXScpAFJMBSPgOCL8NiJMKo0FVFUCIEQBRQ
116=hVSAEjZy4CAFZIAXECAGS43AptXSMkkC5sXcQIZLgnKQBbWAacDWxdgAFhXF1VAjV3CQQA
117=XsgBAQEEABlICcElGigpABsoKQAcSAHULiLgRNUuHlQCyAEixTCGfwoAACBUAtEJISgpAC
118=IoKABgF8EEJChVACVIAWRgRT8myAEBCAAAJ8gBAQkAACjIAQEKAAApyAEBCwAAKsgBAQwA
119=ACvJAQ1mYCQAZGBRCS1UAmgBUQkuyAFRCS/IAVEJMMgBUQkxyAFRCTLIAVEJM0gB3RU0KC
120=kANUgB3WI2SAHdIDcoKQA4KCkAOUgB3YM6SAHRCTsoKQA8SQESTEdJAD3IAVl0PkgB3Y4/
121=SAHdbUBIAdUNQUgB1S5CSAHdCkMoKQBEKCkARUgBkFZkYJ6sAAB0vScpAEhABCNMICL+TC
122=QAIyMgAQBKVAKHpQEAS0gBiDwiBEMi5FNQAWRgxAh1vSQkMCJ0vcAEZGDABGVgJEQ6WAYi
123=DCN0n4kBU/wKIgRDzwUCAFVUApwVZGDUAmRg3ApkYNQCZGAnKQBaWAZUCm1dW0kBUmwBZ2
124=AkAD1pAQBWvSQAZGBdK15ABGgBWaBfSAHbJxgAJe3AGSgpABooKQAbKCkAHEgBJ10MJfWR
125=HlQCxTQfSAHFNCBIAcgMIiQnyQEiKFUAIygpACRIASNhKABCASUAfWIOZMOpAQ98YqkBEH
126=xiqQERfGKpARJ8YqoBEwBcYqkBFH1iJZxiUQktRAt8YlEJLsgBUQkvyAFRCTDIAVEJMcgB
127=ARMAADLIAVEJM0gB1Rg0KCkANSgpADZIAdUjN0gBwbQ4KCkAOUgBzbU6SAHRCTsoKQA8SA
128=F8YlXTPcgBVdM+SAHJbz9IAd0KQEgB1S5BSAHVLkJIAd0KQ0gB2WlESAHBckVIAdVHRkkB
129=ILVER0gBnK8ibC8iaF9YAnxiIwQuIpEuSkAEI1QsfGIi9FWBBExUAogEfGKAAW0FTlQChG
130=t9YiVQAUwFfWIlJPAvfGIirEyVAlK4A3kGU0gBiBd8YiKIN4EEVVQChAt8YoABIvEkV1QC
131=lGV8YtQCfGInKQBaQARcB79iJQA/bAF8YqgBXY5dQASVDQBEwycFDF8oVQBgKCsAFwAm6W
132=QYKCkAGSgpABooKQAbKCkAHEgB3UEdSAHdNh5IAd02H0gB3TYgSAHZESEoKQAiSQGwUBVV
133=FyNJAaSpASRJAampASVIAXVlFXVlJoFnFnRlqQEXdGWpARh0ZakBGXRlqgEaAFRlqQEbdW
134=UmlGVRCS1cCnRlUQkuyAFRCS/IAVEJMMgBUQkxyAFRCTLIAVEJM0gBwRo0KCkANUgBzVI2
135=SAHRHzdIAc0FOCgpADkoKQA6KCkAO0gBaGQBBgAAPMgBVd49SAHFCD4oKQA/KCkAQEgBzT
136=FBSAHBD0JIAdkGQ0gBwQRESAHZdEVIAVAvaQBGKCkAR0gBlE90ZSL0a1wDdGUiMEJJAQJU
137=yCJUYokBS0wFg8oCAExIAUwCbV1NKCkATkgBkAl1ZSYkd0YDAFBUAow8dGUiOFlAB3TIjH
138=BlCFNABNFsVEgBgF90yMAEIswwJykAV0AEiAx0ZdQCdGUnKQBaQAScICIlPCaVZQJ0ZagB
139=XcVd4AR0ZScxDF8oVQBgKCkAYSgpABZY358KAAAXKCkAGCgpABlIAd1BGkgByf4bKCkAHE
140=gB0TUdSAHQCSIYYtE1H1QC0TUgSAHBBCEoKQAiKCkAI0gBI/RAIi1pJ+l6JVUCtLlpJsgB
141=VQEnyAFd5ijIAV0gKcgBQbQqyAFBtCvIAU1SLEkBtVgHWTUtyAFVAS7IAVEJL8gBUQkwyA
142=FRCTHIAVEJMsgBUQkzSAHBGjQoKQA1SAHRHzZIAdUjN0gBzQU4KCkAOSgpADooKQA7SAFt
143=aAluaCcAaQEKItw9J0kEPkAE0Qk/KCkAQEkBkEAbSQBBSAHdmUJIAQmFAAAAAAAAQwAnAI
144=YRAABfDwAgCgAAAAAAAEQAJwD//wBjAEUAJ3gAbQBGKCkAR0kBHW8CAABI6wEBAEnrAQIA
145=SkgBnwMDAEtJASZvAQIATEkBIqkBTUgBZAEBAAIATkgBkwkCAE9KAbEBXwIDAFBIAYsPAg
146=BRSQEjUAJNBVJIAWQBSQFTSAHZBlRIAZcCAwBVKCkAVigpAFdJAYG9CljIAQEBAwBZSAGb
147=HAQAWkkBO2sIBABbyAFZBVxIAYMEAABdKCkAXigpAF8oKQBgKCkAYSgpAGIoKwAVACjxKh
148=YoKQAXKCkAGCgpABlJAYx7EQAAGkkBg6kBGygpABxJAYi1Ah1JAYWpAR5JAYapAR9IAckX
149=ICgpACEoKQAiSQGuTBxZBSNIAc0FJEkB2rUCJUkBtEgBAQcAACbKAQgAWhkoAHYCCQBMAq
150=gBAQoAAClQAXQCAQsAACrIAQEMAAAryAEBDQAALEkBtbEJLcgBUQkuyAFRCS/IAVEJMMgB
151=UQkxyAFRCTLIAVEJM0gB3RU0KCkANUgBzSY2SQGKQBtJADdIAc0FOEkBjUgCSQA5SQGHXA
152=BJADpIAcEEO0kBBFAUVQI8yAFVAT1IAcEEPigpAD8oKQBAKCkAQSgpAEJIAdkRQ0gB2RFE
153=SAHRCUVJASFIDUkARkkBHlwASQBHSQElXABJAEhIAYBcZmsoAIgBZ2soAKxZEgBnaygApq
154=kBTEwF0WxNSAGQCWZrKACQCWVrKEgKSABnaygAH0QBTWhRTAVkAUkBUigpAFNJASR7AgIA
155=VEkBIKkBVSgpAFYoKQBXSAFkawEDAgBYyQEEZmsoAHUCBWZrKABmawIARGsnBQxcTAXdIF
156=0oKQBeKCkAXygpAGAoKQBhKCkAYigpAGMoKQAUSFHdChUoKQAWKCkAFygpABhIAd1BGUgB
157=0WwaSAHFaxtIAd02HEgB3QodSQGMayIAAB5JAYapAR9IAcEEICgpACFJAaxnNAAAIkkBqa
158=kBI0gBzQUkSQHZtQIlSAFtaA59bSmRbA98bakBEHxtqQERfG2pARJ8baoBEwBcbakBFH5t
159=KQB8bVEJLVwKaAFRCS7IAVEJL8gBUQkwyAFRCTHIAQETAAAyyAFRCTNIAd0VNEgBzSY1SA
160=HRHzZIAcEENygpADhJAZC1IzlIAcUpOkgBzQU7SQEEUB9JQzzIAQEDAAA9SAHBBD5JARRA
161=BFEIP8gBVQFASAHBBEFIAdkRQkgB2RFDSAHBBEQoKQBFSAGPaAAARkgBi28BAEdIAZVlAU
162=XZKbRlfW0pKL8NKQCvVA6ebSkAiTgDRdkpUBJLAAMATUQIQQEAQQROKCkATygpAFBIASe8
163=DdsGAgBSVAKbBgIAU0gBid0BXm0pAJ1tAUTZJykAVkAE1QJXSAFmawYBXW0pkGxBtFnUAk
164=2qWkgB0R9bKCkAXCgpAF0oKQBeKCkAXygpAGAoKQBhKCkAYigpAGMoKQBkKCkAE0i/wQ8U
165=KCkAFSgpABYoKQAXKCkAGEkBjIIhABlIAck4GkgB0QkbKCkAHCgpAB1IAdkGHkgB2QYfSA
166=HZBiAoKQAhSAEjVCF1cCrx8CNVAthjOwAAJEkB0akBJUgBdXAVdXAqlXAWdHCpARd0cKkB
167=GHRwqQEZdHCqARoAVHCpARt1cCqUcFEJLVwKdHBRCS7IAVEJL8gBUQkwyAFRCTHIAVEJMs
168=gBUQkzSAHNGzRIAcVrNUgB2ZU2SQGFpSk3SAHd2zhIAdkGOSgpADooKQA7SAF0cAEEAAA8
169=yQEFdHAnoQQ+VAJ0cFl0P8gBWXRASAHdCkFIAdkRQkgBwalDSAHNEERIAc0FRUgBJxUOKr
170=BsdXAqoRcCVHAnKQBJ7AV23ioAhHZ13ipAr1gFdHAnKQBNTAWfeAMATkgBI5cpAwBPSAFE
171=BW1zUEgBJxYOKgDdbVJUAsVrU0gBI5QpdHDMEHRwzwUAAFZABI8FAABXSAF2cAkAVXAqlH
172=ABCgAAWVQC2RxaKCkAWygpAFwoKQBdKCkAXigpAF8oKQBgKCkAYSgpAGIoKQBjKCkAZCgp
173=AGUoKQASSFHZERMoKQAUKCkAFSgpABYoKQAXKCkAGEgB0WwZSAHBOxpIAd1MGygpABwoKQ
174=AdSAHNBR5IAcG/H0gB2REgKCkAISgpACJIAcFyI0kBFlxNTTckKCkAJUkB0Ll0JkkB1KkB
175=J0gB1QIoKCkAKUkB0qEEKkkBkUQJSQArSQGLXABJACxIAdkRLUgBwQ8uSAHZBi9IAcEEME
176=gBJa0sMUgB1QIyKCkAMygpADQoKQA1KCkANkgBxSk3SAHZlThIAdEJOSgpADooKQA7SAFt
177=cwZucysAaAFVvT1UAtkGPigpAD9IAXh0UXdASAHBBEEoKQBCSAHNEENIAc0QREgBzQVFSQ
178=EkSCNJAEZJASxcAEkAR0kBKF0AAGXkK7dwAgBJVQIldAJtcyu8eG1zKyRxKgRH5CsAqmEw
179=BEXkK2cFAAAETXMrJOwpbXMrt3ACAFBQCYhvIqw3wQQBROTBBABF5Cu54gBE5CcpAFX5Bg
180=BMc8gMbHMnKQBYQATNG1koKQBaSAGMiSJFKiuviQAAXFQClIYirDcnBQFeVALNBV9IAYeM
181=AABgKCkAYUgB2QZiSAHVDWMoKQBkKCkAZSgpAGYoKwARACzp0hIoKQATSAElZSMUSAHBqR
182=VIAckMFigpABcoKQAYSAHNPBlIAdVwGigpABsoKQAcSAHJxx1JAYqtNB5IAckMHygpACAo
183=KQAhSAHRYSJJAdtvPAAAI0gBJ8YOLADJASVUAsHrJkgB3QonSAHZBihJAdOlCClIAdkGKk
184=gB1XsrSAHBcixIAcUILUkB17kGLkgB2QYvSAHNBTBIASPXJgAAMUkBpq0FMkgBxQgzKCkA
185=NCgpADUoKQA2SAHFKTdJAYa1IzhIAcUIOSgpADooKQA7SQGyrQU8yAFNDz1IAdkGPigpAD
186=8oKQBASAHZPUFIAdmrQkgByThDSAHNEERIAdEJRSgpAEZIAcHrR+gBZXYsrHNldiyzdwMA
187=SkAEkHdndiwArUQUTXNMVAKEF2V2LKxzdeksUDtcAmV2LLB3ZHbUg2R21AJkdsgBZHbABG
188=R2JykAVegMZHYnVQBXKFUAWEgBzRtZKCkAWkgBzRtbSQGyfRUBRHYntQFdVALZBl5IAc0F
189=X0kBsK0FYEkBpqkBYUgBIyMgAABiSAHZBmMoKQBkKCkAZSgpAGYoKQBnKCsAEAAt8XcRKC
190=kAEigpABNIAdlIFEgB1TkVSAHNPBYoKQAXKCkAGEgBzQUZKCkAGigpABtJAYZUMkkAHEgB
191=1RgdKCkAHigpAB8oKQAgKCkAIUkBq2giIlUsLay1fngtAM1zJEAEzXMlKCkAJkgB0WwnSA
192=HB6yhJAYtMEUkAKUgBJUk7KkgByYUrSAHVAixJAZNABUkALUgBJx4PLQDVDS9VAtWlEzBI
193=Ac0bMUgBhFUibDon1QUzVALBBDQoKQA1KCkANkgBwTA3SAHVnDhIAdkGOSgpADooKQA7SA
194=F9eAJm7y0AaQEDIlcsLQD0XBZREz5ABMUIPygpAEBJAZBABEkAQUgB2atCSAHVOUMoKQBE
195=SAHRQEVIAcm8RkgB3VdH6AF9eC0oHA/IAX14LUANSwAEAEtMBYCeZO/UOX14LaR2fHjMBX
196=x41AJ8eNQCfHjUAn94LQAmWApJAFNcCtXeVEgByd1VSAFQA2kAVigpAFcoKQBYKCkAWUgB
197=0UBaSAElgSFbSQEgfAdl7y2kjGTv2xEAAF5ABN0gX0gBiQUBR+8tALFULwEAAQBhVAInHA
198=8nPQhjVALZMmRJAY2eBgBlSAHJLWZIAcktZ0gBzQVoKCsADwAu6XoQKCkAESgpABIoKQAT
199=SAHZPRRIAdk9FUgB2T0WKCkAFygpABhIAc0FGSgpABpIAdkGGygpABxIAckXHUgByRceSA
200=HJFx8oKQAgKCkAIUgBgCV0eydBAyNVArB4JyLPOy4AqKkBJVUCqqkBJkgB2X8nSQHUtQIo
201=KCkAKUgBxfoqSAHJDCtIAdkGLEgB2QYtSAHdeC5IAd0VL0gB3UEwSAHVAjFJAau1DTJIAd
202=kRM0gBwQQ0SAHVOTVIAckiNkgB2aA3SAHNBTgoKQA5KCkAOigpADsoKQA8SQH0VUQEdXsu
203=lHsBBQAAPtQCAQYAAD9IAd0KQCgpAEEoKQBCSAHFjENIAck4REkBiFwKSQBFSQGKXABJAE
204=ZIAdVaR+gBdXsuKHQPyAF1ey5EBkgAdXsu/fFMWQYgUQIAIuVJLqBndHvMBXV7Lqx+dHvb
205=BgEAUVgGI4gtdHvPBQEAU1QCbQkAIs07Lu1+VVQCwX1WSAGDBAAAVygpAFgoKQBZSAGfjg
206=AAWkkBqqk4W0gBJdksXEgBwYhdSAHdCl5IAcWBX0kBIK0MYCgpAGFIAZwVdPQn/QpjVALN
207=MWRIAdUuZUgB1S5mKCkAZ0gB1URoSAHBZ2lIAccIDgAv4X0PKCkAECgpABEoKQASKCkAEy
208=gpABQoKQAVSAHZERZIAdkRF0gB2VMYSAHBDxkoKQAaSAHZBhtIAdkGHCgpAB1IAcUIHkgB
209=xQgfKCkAICgpACFJAbmhMCLIAVUBI8gBRdkkyAFF2SVJAbtUA0EvJsgBVQEnyAFNBSjIAU
210=0FKUgB1fQqSAHV/ytIASMkJiKfSy8Aj0QJSQAtVALRFC5IAdGNL0kBpVwLQQQwSAHBBDFI
211=AcGIMkgB1QIzKCkANEkBkEwGSQA1SAHZaTZJAYpIAkkAN0gB2QY4SAHdgzlIAdk9OkgBwQ
212=Q7KCkAPCgpAD1IAXl/CW1+L5l/Cmx+qAEBCwAAQEAExQhBKCkAQkgBxRNDSAHZEURIAc0F
213=RSgpAEZIASfNDy+gfWx+yAEiZC7IAW1+L1gaSABtfi+gciKdSy8kmDpufi8AjGhsfswFbX
214=4vKMwPyAFtfi+3hgAAUkwQIxA/ImQu2AZsficpAFVABMn+VkgBxXZXKCkAWCgpAFlIAY0Q
215=AEx+xAgiLD3UGGT61wIBAF1MBd0KXkgB2QZfSAFQHGkAYCgpAGEoKQBiSAHFKWMoKQBkSA
216=HVZWVIAdVlZigpAGcoKQBoSAHBZ2lIAdEJaigrAA0AMPl/DigpAA8oKQAQKCkAEUgB0UsS
217=SQGFYxcAABMoKQAUKCkAFUgBxRMWKCkAF0gB2REYSAHZERlIAd0KGkgB2QYbKCkAHCgpAB
218=0oKQAeSAHBXB9IAdEJICgpACFIAWSBUdoiyAFR2iPIAVHaJMgBDQcAACUAMAC7AQAABAAA
219=JgARAAB6DwAgCDAAuwEAAAUAACcAqAEBBgAAKMgBAQcAAClLAdcBAGEAKkoBFgJmAQArSQ
220=HStQIsSQGMkgIALUkBhakBLkkBh6kBL0kBsa0FMEoB//+ZAjEoKQAyKCkAMygpADQoKQA1
221=KCkANigpADcoKQA4SQGQmgoAOUkBg6kBOkgBzRA7SAHBDzwoKQA9KCkAPkkB9FgGAQ4AAD
222=/IAQEPAABASQH7VAJVF0FIAcUIQigpAEMoKQBEKCkARSgpAEZJAYhYB1EIR8gBAQEBAEjI
223=AQECAgBJyAEBAwMASkgBXAQCAAAEAEsoKQBMKCkATUkBJmcEAwBOSQEiqQFPSQEfawECAF
224=DrAQEAUesBAABSSQEkYwQAAFNJASipAVRJASFrAQEAVUkBHqkBVigpAFcoKQBYSAGXDQEA
225=WUgBlw0AAFpJAa6tG1tJAR1nCAAAXEkBsHcCAQBdSQGqqQFeSAGLFwAAX0gBlw0AAGBIAZ
226=8KAABhSAHdK2IoKQBjKCkAZEgB3UxlSAHNPGYoKQBnKCkAaCgpAGlIAc1SakgB3UFrSAHU
227=DQEMADEAyQENKCkADigpAA8oKQAQKCkAEUgB2RESSAHZERMoKQAUSQGIqSIVKCkAFigpAB
228=coKQAYSQGJrQUZSAHRCRooKQAbKCkAHCgpAB1IAckMHkkBiqUIH0gBwRogKCkAIUkBuUwx
229=AQgAACLIAQEJAAAjyAEBCgAAJMgBAQsAACVIAXCCTQUmyAFNBSfIAU0FKMgBTQUpSAEnfh
230=AxACd/EDEA0VQNRRIsQQSQXABJAC1IAc0bLigpAC9IAdEfMEgBxTQxSAHVGDIoKQAzKCkA
231=NCgpADUoKQA2KCkANygpADgoKQA5SAHZETpIAdkRO0gBwQ88SAHBDz0oKQA+KCkAP0gBcY
232=IEfoMxAGgBAQUAAEHUAlWnQkgBxQhDKCkARCgpAEUoKQBGSAF8g1EJR8gBUQlISQGJeScD
233=XoMxAGkBAX2DMVAoSAB8gycpAExNBbJvBQQATUgBWANhiE5JAYJ3AgMAT8kBAX6DMQB1Ag
234=J8g6kBA3yD0Al+gzEA3XhUWAaIAXyDwwQCAFZVAqx/CgIAV0kBqqkBWEgBkIJ+gzEAiAF+
235=gzEAwb9bQASRCQBegzEA3Y5dVAKHgQEAXigpAF9JASJ5GAFegzEA1YZhVAKPBQAAYkgBgw
236=QAAGNIAcktZEkBjHsGAABlSAHBO2YoKQBnKCkAaCgpAGkoKQBqSQGGpQhrSAHdCmwoKwAL
237=ADLphQwoKQANKCkADigpAA8oKQAQSQGNvQoRSAHFExIoKQATSAHBDxRJAfdzKgAAFUkB76
238=kBFigpABcoKQAYSQHxoQQZSAHVWhpIAckMGygpABxJAYqtEB1JAay5Bh5JAaSpAR9JAaap
239=ASBIAdEfIUgBdYYMdoYyAGkBDXSGqAFR5STABFHlJUgBdIZNBSbIAU0FJ8gBTQUoyAFNBS
240=lIASfWEDIAJ9QQJykALEAEJYEhLUkBjKkXLkgB1RgvSAHRFDBJAZKhBDFIAdUCMigpADMo
241=KQA0KCkANSgpADYoKQA3KCkAOCgpADkoKQA6SAHZETtJAYahDzxIAcEPPSgpAD4oKQA/KC
242=kAQEgBdIZNqkHIAU2qQsgBTapDSAHRCUQoKQBFKCkARigpAEdIAWCIUQlISAFqhQIEVYYy
243=vxIEAEpUAowBdoYyAIP2BABMKFUATUkBsmc/BABOSAF9gwR1hjKIhQEFAwBQ1AJJm1HJAQ
244=d2hjIAwXJTVQIljgwAVEgBgH13hjIAsHwKd4YyAKmpAVdBBCdvBQEAWEkBI6kBWUgBJ9QQ
245=yxcAAFtUApAJdYYyoJMiVCHVcAJWhjIAixcCAF9MBYQIdIbHCAEAYVQChSkBVYYy4ZNj9w
246=IAAGRJAZBsEHaGMgDBZ2ZUAskBZygpAGgoKQBpSAHF72pIAc0Fa0gBJa0hbEgBwcptSAGM
247=EAIAAAoAM+GICygpAAwoKQANKCkADigpAA8oKQAQSAHVTxFIAcEPEigpABNIAc1SFEkB+n
248=Qub4kzAO2pARZUAskBFygpABgoKQAZSAHZihpIAdUjG0gB3QocSAHBGh1JAa+9Ch5JAaKp
249=AR9JAaWpASBIAc0FIUgBYYgQbYkzjYkRbImpARIiBCKpARMiBSIzI1gyTQUmWAZ4ik0FJ8
250=gBTQUoyAFNBSlJAdu1DSpIASctETP5iixVAtWhBC1JAZK5PS5IAcUTLygpADAoKQAxKCkA
251=MigpADNIAZvXAAA0SAHFYDUoKQA2KCkANygpADhIAc3WOUgBwQ86SAHdKztIAcmbPEkB87
252=EUPcgBVRc+yQECIoYyMwBgBE33QFQC0QlBSQH7WAZFrULIAUWtQ0gBwQREKCkARSgpAEYo
253=KQBHKCkASEgBkP5sidBWbYkzqHpviTMAp1kSAG+JMwCqqQFNWAZIECQEIifZAE9UAnqKCQ
254=RNiTOYikGeUVQC1XtSSAGTFAEAU0gBhQgBTokzACPcMm+JMwAgewIBAFZABMkBV0gBwYhY
255=SAF9AwAiBSIzJtEgWlQCxTRbSAHNlFxIAd0KXUkBIHwGIgQiJ4kBX1QC3QpgSAF9AwBsic
256=AabYkzKCwR1AJsiScpAGVYBtl0ZkgB2XRnKCkAaEgB2WlpSAGTHwAAakgB3UFrSAHZBmxI
257=Ac0FbUgBzQVuKCkACUhR1QIKKCkACygpAAxIASUFIg1JAYWGGgAOKCkADygpABBIAcEPES
258=gpABJIAcGeEygpABRJAYuxCRVJAfZzQAAAFkgBJ4URNP2OGChVABkoKQAaSAHRjRtJAY6x
259=CRxIAcEaHSgpAB5IAdGNH0kBqbUNIEgBzQUhSAFljBRljDSFjBVkjKkBFmSMqQEXZYw0hI
260=xNBSZYBmSMTQUnyAFNBSjIAU0FKUgByQwqSAEl4SIrSAEnjTM0/botVALNBS4oKQAvKCkA
261=MEgBwYgxSAHZUzIoKQAzSAHdYjRIAYMEAQA1KCkANigpADdIAZuKAQA4SAGD4AAAOUgBzR
262=A6KCkAOygpADxIAWCIAQQAAD3IAQEFAAA+yAFd/D/IAV38QEgB0QlBKCkAQkkB2lA1VZFD
263=SAHBBEQoKQBFSAHJTkZJAYdMBUkAR0gBzQVISAFkjEUISckBA2SMdKpEBWWMNFwASABkjC
264=cpAE1MBUwCp4w0ADtvAQQAT1QCaAFJQlBIAXACTQBRSAHFKVJJAa5UA114U0gBUQMASQFU
265=SAEjMyIAAFVJASCYAkaMNAAlkURXVAKQAiK0IswQZIwnKQBaKIEAWygpAFwoKQBdKCkAXi
266=gpAF8oKQBgKCkAYUgBlCNljDQohBEncQlk4AQitiI0AMmFZlUCg5YUAGcoKQBoSAHVhmlI
267=AZwKZIwnMQFrVALNlGxIAc0FbUgBzQVuKCkAbygpAAhIUcEECSgpAAooKQALKCkADEgByQ
268=wNSAHRFA5IAc2JDygpABAoKQARSAHZERJIASU9NBNIASU9NBQoKQAVSAHRjRYoKQAXKCkA
269=GCgpABkoKQAaSQHwf0EAABtIAdEUHEgB0aMdKCkAHkgB3VcfSAHRHyAoKQAhSAF9jhh9jj
270=Wdjhl8jqkBGnyOqQEbfY41nI5NBSZYBnyOTQUnyAFNBSjIAU0FKUgB1Q0qSQHbvRUrSAEl
271=OSMsSAHBBC0oKQAuKCkALygpADBIAdFhMUgBmwYBADJIAZUCAVnJNbFIAlA9JykANUAEjw
272=UCADYoKQA3SAGRjQFdjjXlVTlUAo8FAAA6KCkAOygpADwoKQA9KCkAPigpAD8oKQBAKCkA
273=QUgBcI1NlELIAU2UQ8gBTZRESAGuFwBFSAHdYkZJAYq5AkdIAaYBAEgoKQBJSAFokF0KSk
274=kBM0QEVZFLyQEDfI54H1gCImxFqQEBIpU0NZyOTQVPTAVYA2kAUCgpAFFIAZAqIpY0NQCM
275=1iJlIzUkmCQiZCMnzQRVTAV4B00AVkgB2QZXSAFEAm2UWEgBzZRZSAHNlFpIAc2UW0gBzQ
276=VcSAHNBV1IAc0FXkgBzQVfSAHNBWBIAc0FYUgBzQViSAEj6CMibEXQQCJkIycpAGVABIcI
277=AABmSAHBZ2dJAYO5AmgoKQBpSAHZaWooKQBrSAHNBWxIAcF9bUgBzUduKCkAbygpAHAoKQ
278=AHSFHNBQgoKQAJKCkACigpAAsoKQAMSAHdFQ1IAcEPDkgB0QkPKCkAECgpABFJAY6tGxJJ
279=Afq1cBNJAfKpARRIAcmQFSgpABYoKQAXKCkAGCgpABkoKQAaSQH0sQkbSAHRFBxIAcElHU
280=gByaYeSAHVAh9IAcGTIEgB1RghKCkAIigpACMoKQAkKCkAJSgpACYoKQAnKCkAKCgpACko
281=KQAqKCkAK0gBJTkjLEgBI7ciAAAtKCkALigpAC8oKQAwSAElOS4xSAGIF3WRNiaVPzP0An
282=aRNgCEVSIWJDYAhVUBWAMnKQA3UAGQVnWRNig1Eja0NnWRNiZ9JjtMBZcNAAA8KCkAPSgp
283=AD4oKQA/KCkAQEkB2lkJCCKmVzYAaAEBCQAAQtQCAQoAAENIAVwDaQBEKCkARSgpAEYoKQ
284=BHKCkASCgpAEkoKQBKKCkAS0gBYJNNlExIAXxwXY5NyAEBAwAATkgBdA5NAE9IASXNJVBI
285=AclDUUgBI7gzdJHMJiKkVycpAFRABJgnIhUkNiRzVgAAVlQCxTRXSQGyeFMiFCQnfQVZVA
286=JQDmkAWkgBxZdbSAFoAgEAAQBcSAGTxAAAXUgBlwIAAF5IAc0FX0gBlAIizEYnXQFh9AIi
287=pFcnCQdjKFUAZCgpAGUoKQBmSAHBZ2dIAclkaEgBwWdpSAHVAmooKQBrSAHBBGwoKQBtSA
288=HFl25IAcUpb0gBnxUAAHAoKQBxKCsABgA3/UwHKCkACCgpAAkoKQAKSAHRNQtIAdUNDEgB
289=0RQNKCkADkgBwQQPKCkAECgpABFIAdkGEkgBzQUTSAEleTYUSQH6aDgiLUg3Jk02FlQCxZ
290=cXKCkAGCgpABlIASWZJBpIAd0VG0gB1Q0cSAHBqR1IAcVrHkgBzTEfSAHNBSBIAcUTIUgB
291=0SoiSQGspRMjSAElOVokSQGmtQIlSAHdCiYoKQAnKCkAKCgpAClIAdWRKkgB1ZErSAHJTi
292=xIAZUCAU2UNyQDUwEALihVAC8oKQAwKCkAMUgBJZ01MkgBkAkixCTYPW2UN7yObJTUAm2U
293=N71FAVEGN7OYAAA4UAHdbTlIAaYEADpIAdkcOygpADwoKQA9SQHWsQU+yAFBJD/IAVGCQM
294=gBUYJBSQHaTQUNbJTMEGyUJygAB0QANwAAAAAAAAARAACXDgAgBABFADcAAACBAEYoKQBH
295=SQGNkgIASEkBh6kBSUgBpgEASigpAEtIAc0FTEgBzQVNSAHNBU5IAcEET0kBg7kCUCgpAF
296=FJAYm1AlJJAYupAVNIAaYBAFQoKQBVSQEduQJWSAGHAQEAVygpAFhJASaaAgBZSQEeqQFa
297=SQElqQFbSAGHAQEAXEgBzQVdSAHNBV5JAS2GBABfSQEgqQFgSQEjqQFhSAGmAQBiKCkAYy
298=gpAGQoKQBlSAHRH2ZIAdEfZ0kBhqkIaEgBpgEAaUkBjK0BakgBwQRrSAGyAgBsKCkAbUkB
299=kLkCbkkBiqkBb0gBpgEAcCgpAHEoKQByKCgAAwUAOAD//5UFBigpAAcoKQAIKCkACSgpAA
300=pIAcEPC0kBiIIIAAwoKQANSAHZHA4oKQAPKCkAECgpABFIAcUIEkgB1RgTSAHFExRJAZOp
301=DBVKAfoBjQEWSQHtqQEXKCkAGCgpABlJAfShBBpIAdEqG0gB1Q0cKCkAHUkBhZoKAB5IAc
302=kXHygpACAoKQAhSAHZMiJJAa+pDCNJAaepASRJAaKpASVJAaapASZIAcEaJ0kBIbUNKEgB
303=yU4pSAHZUypIAYNcAQArSAGPBQIALEgBjwUCAC0oKQAuSQEicwkCAC9IAWQBAQACADAoKQ
304=AxSQEfewIBADJIAd0KM0gBcAJNBTRIAYdgAQA1SAGLDAEANkgBnQoBWkU4AIUIAE0COJQG
305=UQA5UAFYAGkAOkgBzRs7KCkAPCgpAD1JAdZEBQEEAAA+yAEBBQAAP8gBAQYAAEDIAQEHAA
306=BBSAHRCUJIAVQGaQBDKCkAREgB2WlFSQGHewMAAEZIAaYBAEdIAdk9SEkBhrkCSUgBpAFE
307=lycVA0tUAs0FTEgBxT9NSAHdQU5IAdUCTygpAFBIAd0KUUkBrK08UkkBpqkBU0gB1Q1USA
308=GLOAAAVUgBzTxWSAGABGaXOACDBAEAWFQCwTBZKCkAWkgBzTFbSAHZBlwoKQBdKCkAXkgB
309=0TVfSAGPBQAAYCgpAGEoKQBiKCkAYygpAGRIAd0rZUgB0R9mKCkAZ0gBzWhoSAHBJWlIAc
310=0FaigpAGtIAcU0bEgB2RFtKCkAbigpAG8oKQBwKCkAcSgpAHIoKQBzKCsABAA58ZgFKCkA
311=BigpAAcoKQAIKCkACSgpAAooKQALKCkADCgpAA1IAcGeDkgB0R8PSAHFHhBJAYaxGxFIAd
312=1XEigpABMoKQAUKCkAFSgpABZIAcmbF0kB8rlIGEgB0ZgZSQGRqQwaSAHdpBtIAdUNHCgp
313=AB1IAd0VHkgB3RUfKCkAICgpACEoKQAiSAHF7yNIAd0KJEgB1ZwlSQGppRMmSAHBBCdIAZ
314=uKAAAoSAGXAgEAKSgpACpIAYAEfpk5AIgBfZk5uRkDXJknKQAuTAWcV3yZ1AJ/mTkAJ3cF
315=AQAxQASQ8HyZ0wkBADNUAnwDnJkn2QA1KFUANkgBnAp+mTkAgJ5+mTkAhWsAWAPbBgAAOl
316=ABlxgAADsoKQA8KCkAPUgBfZkIfpk5AGkBCXyZqQEKfJknTQpBTAXRCUJIAZMUAABDKCkA
317=REkBjLkCRUgB2UhGSAGwAl6ZOQDBBEhUAslOSUgByW9KKCkAS0gBwQRMKCkATSgpAE4oKQ
318=BPKCkAUEgBxUpRSQGrrTxSSAHZPVNJAY+9EVRIAYg4fJnPJgEAVlQCnAN8mSdZBlj3AgIA
319=WSgpAFpIAc0xW0gB2QZcKCkAXSgpAF5IAY8FAABfSAGMBXyZww8AAGEoVQBiSAHFl2NIAd
320=UjZEgBxWBlSAHVI2ZIAcktZ0gB3QpoSAHJLWlIAc0FakgBxQhrSAHBJWxIAdkGbSgpAG4o
321=KQBvKCkAcCgpAHEoKQByKCkAcygpAHQoKQADSFHNRwQoKQAFKCkABigpAAcoKQAIKCkACS
322=gpAAooKQALKCkADCgpAA0oKQAOKCkAD0gBzYkQSAHRHxFIAcUTEigpABMoKQAUKCkAFSgp
323=ABYoKQAXKCkAGCgpABkoKQAaKCkAGygpABwoKQAdKCkAHigpAB8oKQAgKCkAISgpACIoKQ
324=AjKCkAJCgpACUoKQAmKCkAJ0gB2V4oSAGEP3WcOoQBAQABACpUAoAEd5w6ACR8AnecOgAg
325=qQEtQATJAS5IAZCYdZw66Zsw9AJ0nCddATJUAt0KM0gBbAmUnMMEAgA1KFUANkgBlGV0nM
326=EEAUnlOiYBJzlABIQIdZw6/eY7VALVOTxJATVYf0kAPckBAnWcOpWcDXScJ9kAQEAE2QZB
327=KCkAQkgB1XBDSAHVcERIAdlpRUgB2WlGSAHBBEdIAcEESCgpAEkoKQBKKCkAS0gBxQhMKC
328=kATSgpAE4oKQBPSAHRVlBJAaxAG0EgUUkBpakBUkgBwetTSAHNBVRIAZQudJwnJQVWVAJW
329=BwAAdJzMPCLUJs08AVScJykAWkwFjzwBAFtIAZvXAABcSQEgiggAXSgpAF5IAYwFdJzUDX
330=ScJykAYUAEtgYAYkkBjK0BY0gB0ZhkSAGyAgBlSAHBBGZIAdEqZ0kBhaUEaEgB1QJpSAHF
331=CGpIAb4DAGsoKQBsSAHVI21IASUtJ25IAc0FbygpAHBIAcU/cUgB1Q1ySAHZBnNIAdkGdC
332=gpAHUoKQACQe4luTIDKCkABCgpAAUoKQAGKCkABygpAAgoKQAJKCkACigpAAsoKQAMKCkA
333=DSgpAA4oKQAPKCkAECgpABEoKQASKCkAEygpABQoKQAVKCkAFigpABcoKQAYKCkAGSgpAB
334=ooKQAbKCkAHCgpAB0oKQAeKCkAHygpACAoKQAhKCkAIigpACMoKQAkKCkAJSgpACYoKQAn
335=SQEXWIBNNyhIAYQ0bp87AMkBKlQCgARsn9QCbJ8nKQAtQASPBQIALigpAC9JARl/CgEAME
336=gBgARsn9gGIoYnOwDdCjPjBAIANCgpADUoKQA2SAHRCTdIAdEJOEgBlAIihCfcCmyfJykA
337=O0AEYJ4BBAAAPMgBAQUAAD3JAQZunzsAYQQHb587AC9YU0kAQEAEaAFVF0HIAQEDAABCSA
338=HR5UNIAdFsREgB0WxFSAFUKGkARkkBjGMBAABHSAHNBUgoKQBJKCkASkgBxQhLSAG2BgBM
339=KCkATSgpAE4oKQBPKCkAUEkBr1wWSQdRSQGpqQFSSAFEAmkAUygpAFRIASftEztwA2GeVl
340=QCjAFsnydVAFhUAsmbWUgByZtaKCkAW0gByZtcSAGFCABMn8cIAABeKFUAX0kBrKUTYEkB
341=pqkBYUkBjb0GYkgBwSVjSQGKtQJkSAGkAU2fOyatLGZUAs0FZygpAGgoKQBpKCkAakkBh6
342=kIa0kB96EPbEkB8akBbUkBjqEEbkgBpgEAbygpAHBJAZC5AnFJAYipAXJIAc0Qc0gBxaJ0
343=SAHVDXVIAaoFAHYoKQABSFHB6wJJASVMEEkAAygpAAQoKQAFKCkABigpAAcoKQAIKCkACS
344=gpAAooKQALKCkADCgpAA0oKQAOKCkADygpABAoKQARKCkAEigpABMoKQAUKCkAFSgpABYo
345=KQAXKCkAGCgpABkoKQAaKCkAGygpABwoKQAdKCkAHigpAB8oKQAgKCkAISgpACIoKQAjKC
346=kAJCgpACUoKQAmKCkAJ0gBYJNZMihIAYQ0ZqI8AMkBKlQCgARkotQCZKInKQAtQASMBWSi
347=J1UAL1QCeZUBZKLUAmSiJykAMkAE3QozSAHFCDQoKQA1KCkANkgB0Qk3SAGMBSI2KDwAlA
348=JkotwKZKInKQA7TAVhnghlojyNnwlkoqkBCmSiqQELZaI8haIFIsw7qAFJpkFECHCjSaZC
349=SAHBXENIAclkREgByWRFSAHdYkZIAdVlRygpAEgoKQBJSAHZBkpIAdl/S0gByQxMKCkATU
350=kBIbkCTkgBI1dNAABPSAElwT9QSAG+AwBRSAHNBVJIAc0FU0gBzQVUSAEjQC8iNig8ANWc
351=VlQCyQFXKCkAWEgBwZ5ZSAHJDFooKQBbKCkAXCgpAF0oKQBeSAHZoF9IASUxWWBJAaVcTU
352=EKYUgBxSliSQGGSAJJAGNIAVgAaQBkKCkAZUkBjG8CAABmSAHdK2coKQBoKCkAaSgpAGpI
353=Ad0Ka0kB9qEPbEkB8KkBbUgBzRBuSQGJqQxvSQGLqQFwSAHBqXFIAcGpckgB2RFzSAHZEX
354=QoKQB1SAHRo3ZIAa4JAHcoKQACUfMlTBBF7wMoKQAEKCkABSgpAAYoKQAHKCkACCgpAAko
355=KQAKKCkACygpAAwoKQANKCkADigpAA8oKQAQKCkAESgpABIoKQATKCkAFCgpABUoKQAWKC
356=kAFygpABgoKQAZKCkAGigpABsoKQAcKCkAHSgpAB4oKQAfKCkAICgpACEoKQAiKCkAIygp
357=ACQoKQAlKCkAJigpACdIAWCTWTIoSAGENGWiPYWiAiJ9PD0jLCdJASvgBGSiwAQiVGMnKQ
358=AuKIEAL0kBGVAKWQYwSAHdCjEoKQAySAGADyIUUCcFATRUAowFInw8J1UANlQC0Qk3SAGA
359=BGWiPYSiVQw59AJkotgGIhVQPZmgDGSiqQENZKKpAQ5koqkBD2WiPYSiSaZAUQkvRFVJpk
360=HIAUmmQkgB1VpDKCkARCgpAEVIAcVrRkgByWRHKCkASEgBzZ9JSAHRCUooKQBLKCkATCgp
361=AE1IASVZJ05JAbJGEwABRaI9JnFAUFQC0QlRSAHNBVJIAZcCAQBTSAEje0EAAFRIAZQCZa
362=I9xgEAVihVAFcoKQBYKCkAWSgpAFooKQBbKCkAXCgpAF0oKQBeSAEl9SpfSAEnRhQ9AMkB
363=YVUCpmMaAABiSAElqSZjSAHJE2RIASURKWVIAdEqZigpAGcoKQBoSAHZzGkoKQBqSAHVLm
364=tIASdGFD0AJR1ybVUC760QbigpAG8oKQBwSAHNBXFIASVhX3JIASdGFD0AxRN0VALJAXVI
365=AcEPdkgBwRp3KCkAeCgrAAMAPiZRRwQoKQAFKCkABigoAAQHAD4A//8AEQAAwA4AIAcAAA
366=AACAA+AP//QAEDAAAJAD4AyQEKKCkACygpAAwoKQANSQGNlgYADkkBh6kBD0gBxQgQKCkA
367=ESgpABIoKQATKCkAFEgB0QkVSAHRCRZIAdEJFygpABhIAc0FGUgBzQUaSAHNBRsoKQAcKC
368=kAHUgB2QYeSQGFvRUfSAHFCCBIAcUIISgpACIoKQAjSAHFCCRIAdkGJUgBrgkAJigpACdJ
369=AR25AihIAYcBAQApKCkAKkgBgwQBACtIAYMEAgAsKCkALSgpAC4oKQAvSQEmcwUBADBJAS
370=KpATFIAWQBAQABADJIAd0KM0gBlwICADQoKQA1SQEnewIBADZJASOpATdIAWQBRQg4SQEf
371=jgEAOUgBySI6KCkAOygpADwoKQA9KCkAPigpAD9KASYBlQlAyAFVAUHIAQECAABCSAGbAw
372=AAQygpAEQoKQBFKCkARkkBjLEFR0kBhqkBSEgBpgEASSgpAEooKQBLSQEhpQRMSQEeqQFN
373=SQEtqQFOSQEgqQFPSAGLIgAAUEgBsgIAUUkBJK0BUkgBzQVTSAHNBVRIAb4DAFVIAc0mVk
374=kBsFgdRQNXSQGmqQFYSAHBBFkoKQBaKCkAWygpAFwoKQBdKCkAXkgBTAppAF9JAau9CmBJ
375=AaKpAWFJAampAWJIAc0mY0gB2V5kSQGDfwcAAGVJAYipAWZIAdUCZ0kBhrUCaEgBpgEAaU
376=kB970KakkB76kBa0kB7akBbCgpAG0oKQBuKCkAbygpAHBJAfC5BnFIAcVrckgBzRBzKCkA
377=dEkBirEQdUgBpgEAdigpAHcoKQB4SAHdK3koKwAEAD/pmwUoKQAGKCkABygpAAgoKQAJKC
378=kACigpAAsoKQAMKCkADUkBkKkTDkgB1RgPSAHJhRBIAcUTEUgBxSkSSQHxvSATSAHdIBRI
379=AcUIFUgBzTEWSAHFCBcoKQAYSAHBDxlIAdU5GkgB2T0bKCkAHCgpAB1IAckMHigpAB9IAd
380=UNIEgB1Q0hKCkAIigpACNIAdFLJEgB0QklSAHBDyZIAdEfJ0gBg5MAAChIAZwkZaI/hAEB
381=AAEAKlQCkGxnoj8AIH0CAUWiP1wFTwEBAC1ABEABAgAAAgAuKCkALygpADBIAYeXAQAxSA
382=GMBWaiPwDdCjNUAt0KNCgpADVIAZx4ZKInOQI3VALFCDhIAZ0KAESiJxkJOlQC1SM7SQEn
383=qTg8yAFVAT3IAVWcPkgBzQU/SAEnRhQ/AGgBTQVB1AJNBUJIAc0FQygpAEQoKQBFKCkARk
384=gBxT9HSAHJZEhIAYkXAESiJ70CSihVAEtIAc0xTEkBrkAQAQABAE1IAdkcTkgBxQhPKCkA
385=UCgpAFEoKQBSKCkAU0gByRdUSAHFCFVIAdUCVigpAFdJAa9jDwAAWEkBpqkBWUgBzQVaSA
386=HRYVtIAdlIXEgBwQRdKCkAXigpAF9IAd0KYEgB2aBhSAHRCWJIAcVVYygpAGRIAdknZUgB
387=yQxmSAHdK2dIAdkGaEgB2RFpSQH2qRdqSAHZoGsoKQBsKCkAbSgpAG4oKQBvKCkAcEgBJ0
388=YUPwDBD3JUAsl6c0gB0RR0SAHdK3VIAc0bdkgBxRN3SAHBBHhIAcEaeSgpAHooKwAFAEDx
389=owYoKQAHKCkACCgpAAlIAdUNCkgB1Q0LSAHJDAwoKQANKCkADkgByYUPSAHFKRBIAcUIEU
390=gBxSkSSAHdIBNIAd0gFEgB3SAVSAHFCBZIAcUIF0gBzRAYKCkAGSgpABpIAc0QG0gBxQgc
391=KCkAHSgpAB4oKQAfSAHBDyBIAcmbISgpACIoKQAjSAHdCiQoKQAlSAHFCCZIAck4J0gB1X
392=AoSAGQNWWiQIQBQXIqKFUAKygpACxIAd2ZLUkBIHUFAUWiQOmmLyhVADBIAcmbMUgBaQUA
393=ZKIniQEzVAIjNygAADRJASCGBAA1KCkANigpADcoKQA4SAGcCmSiJ+0IOlQCwTA7SAFkog
394=EDAAA8yAEBBAAAPcoBBQBA8yfZAD9UAnigTQ9AyAFFakHIAYSiJ60AQ1UCJVQDTQVEKCkA
395=RSgpAEYoKQBHKCkASCgpAEkoKQBKSAFACWkAS0gBzTFMSQGxaAxmokAAJ0QUzyYAAE9ABG
396=wGTQBQKCkAUUgBJZUpUkgBJZUpU0gBI5MuAABUSAFIBmkAVUgBwSVWKCkAVygpAFhIAY8Q
397=AABZSAHNBVpIAdFhW0gB3UxcSAHFYF1IAc0FXigpAF9JAZF7DgAAYEkBiakBYUgBzVJiKC
398=kAY0kBhqEEZEgBJYkiZUgBJbEnZkgBJbUiZ0gB2WloSAHZBmlIAd14akgBJ0cUQADycyoA
399=AGwoVQBtKCkAbigpAG8oKQBwKCkAcUgBzRBySAHNEHNIAcUedCgpAHVIAcUTdkgBxRN3SA
400=HNBXhIAdGYeUgByXp6SAHFKXtIAc8FBgBB8aMHKCkACCgpAAlIAdkyCkgB0SoLSAHdCgwo
401=KQANKCkADkgByTgPKCkAEEgB3RURSAHFKRJIAcUpE0gB3SAUSAHdIBVIAc0QFkgB3QoXSA
402=HNEBgoKQAZKCkAGkgB3RUbKCkAHCgpAB1IAdEJHkgBxRMfSAHVIyBIAcktIUgBzQUiKCkA
403=IygpACRIAcUIJUgBxQgmSAGmTgAnSAHVcChIAZQCZaJBhQEAIowoJykAKyiBACwoKQAtKC
404=kALigpAC8oKQAwKCkAMSgpADJIAZsRAQAzSAHNfjRIAaQPRKInEQg2KFUAN0gBmwYAADhI
405=Ac0FOSgpADpIAcEEO0gBZaIGZqJBAGkBB2SiqQEIZKIniQE/TQUmtWVAyAFVAUHIAYSiJ6
406=0AQ1UCKFQDRa1EyAEBBQAARUkBJVQCTQVGKCkARygpAEgoKQBJKCkASkgB1RhLSAGbzAAA
407=TEkBILkCTUgBwb9OSAGwAkSi2DIi1jxBANmgUUEEJaUEUkgBhwEBAFNIAd0rVEgBzQVVSA
408=HJplZIAcmmV0gBmAYijCgniQFZVALRKlooKQBbSAHBUVxIAd1MXUgBzQVeSQGPtQlfSAGk
409=AUSiJ10BYVQCzQViKCkAY0kBjrEFZEkB+lAqVQFlSAHBcmZIASW1ImdIAc0QaEgBzRBpSA
410=HZBmpJAfSlCGtIAdkRbEgBwX1tSAHdCm4oKQBvKCkAcCgpAHFIAc2qckgB3QpzSAHJm3RI
411=Adl/dUgBzXN2KCkAd0gBwQR4SAHBBHkoKQB6KCkAe0gBzQV8SAHfpAcAQvGjCCgpAAkoKQ
412=AKKCkAC0gBzZQMSAHVDQ0oKQAOKCkADygpABBIASXFJBFIAcElEkgBwSUTKCkAFCgpABVI
413=AdGjFkgBwQ8XSAHBnhgoKQAZSAHJDBpIAdFAGygpABwoKQAdSAHNPB5IAdUYH0gB1SMgSA
414=HVAiEoKQAiSAHBDyMoKQAkSAHBDyVIAcEPJkgBTExpACdIAdVwKEkBKG8CAAApSAGMBWWi
415=QlimmQIrVALZdCwoKQAtSAHZBi5IAYcFAQAvSAEl3ScwSAHZBjEoKQAyKCkAM0gBzX40SA
416=GFCABFokLGAQA2KFUAN0gBfI5JAzgoKQA5KCkAOigpADsoKQA8SAHRmD3JAQVkoidxCT9V
417=AjOhZ0DIAVUBQcgBVZxCSAGIIiIcUUgiVANNEERVAidIAUkARcgBTQVGSAHNBUdIAVwEaQ
418=BIKCkASSgpAEooKQBLKCkATCgpAE0oKQBOSAHdmU9IAd2ZUEgB2aBRSAFoDQEAAQBSKCkA
419=U0gBJ0YUQgDB4FVUApMUAQBWSAHBBFdIAZQCZKInAQZZKFUAWigpAFtIAdleXEgBzVJdSA
420=HFVV5IAc2UX0gBhBMijCgnXQFhVALNiWJIAdkGY0gB0QlkSAHFgWVIAdWcZkgB1ZFnSAHV
421=ZWhIAdUNaUgB1RhqKCkAa0kBkrEQbEgBwX1tSAHBfW4oKQBvKCkAcEgB3a9xSAElpStySA
422=ElpStzSAHdFXQoKQB1KCkAdigpAHcoKQB4SAHFdnkoKQB6KCkAeygpAHxIAckMfUgByyII
423=AEPxowkoKQAKKCkACygpAAxIAdE1DUgBwQ8OSAHdCg9IAdknEEgBJWUuEUgB1SMSKCkAEy
424=gpABQoKQAVSAHBJRZIAcEwF0gB0QkYSAHJphlIAcEEGkgB0UAbSAHRQBwoKQAdSAHRFB4o
425=KQAfKCkAICgpACFIAdUYIkkBrEBzRT4jSQGkqQEkSQGmqQElSAHF5CZIAVwEaQAnSAHFEy
426=hIAdVlKUgBlAJlokMm0TYr9wIAACxIAc1zLUgBwXIuSAFwCkFyL0gB0WwwSAGXAgAAMSgp
427=ADIoKQAzKCkANCgpADUoKQA2KCkAN0kBJUAaXY44KCkAOSgpADooKQA7KCkAPCgpAD0oKQ
428=A+SAGbHAAAP0gBZKIBAwAAQMoBBABC80MAdQIFImRlJ/UJQ0AEeKBNBUTIAU0FRcgBTQVG
429=SAHdCkdIAdEfSEgB1QJJSAHZJ0pIAcmbSygpAEwoKQBNKCkATkgByS1PSAGfCgEAUCgpAF
430=EoKQBSSAHJ0lNIAcXOVEgBzTxVSAGYEWaiQwAjG2wAAFdUAtkRWEgBJeUoWUgBjwUAAFoo
431=KQBbKCkAXEkBjJ4RAF1IAd1XXigpAF9IAc1dYEgBzYlhSAHNc2IoKQBjSAHFCGQoKQBlSA
432=HFgWZIAdkRZ0gBwX1oSAHV/2lIAcEEaigpAGsoKQBsSAHZq21IASXdJ25IAdl/bygpAHAo
433=KQBxSAEltThySAHVe3NIAdEfdEgByRd1KCkAdigpAHdJAYahJXhIAdEUeSgpAHooKQB7KC
434=kAfEgB2Rx9SAHJDH5IAcsiCQBE8aMKKCkACygpAAwoKQANKCkADkgByRcPSAHFExBIAdUj
435=EUgBySISKCkAEygpABQoKQAVKCkAFkgBwSUXSAHFCBhIAcmmGUgB0R8aSAHNEBtIAc0bHC
436=gpAB0oKQAeKCkAHygpACAoKQAhSAHVGCJJAa9IhVUtI0gBJTFvJEkBpbUCJUgBJS0yJkgB
437=XARpACcoKQAoSAEluSgpSQEgewMAACpIAdlpK0gBCP//AAAAAAAsAEQAEQAAGQ4AIAEdAA
438=AAQAADLQBEAP//QwEBAC4oKQAvSQEfUAJJADBJASFcAEkAMUkBHlwASQAySQEiXABJADNI
439=AVgAaQA0KCkANSgpADYoKQA3SgGuAWoFADhIAYMBAAA5KCkAOigpADsoKQA8SAGTFAAAPS
440=gpAD4oKQA/SQEzXAoBBgAAQMgBAQcAAEHIAQEIAABCSAHFCENJASetBUTIAQEHAABFyAFN
441=BUZIAc0FR0gB0R9ISAHRH0lJASWtF0pIAYcBAQBLKCkATCgpAE0oKQBOKCkATygpAFAoKQ
442=BRKCkAUkgBwTBTSAGLDAAAVEgB3TZVSAGTFAEAVigpAFcoKQBYSAHFCFlIAY8FAABaKCkA
443=WygpAFxJAZCtDF1JAYipAV4oKQBfSQGKtQJgSAHRCWEoKQBiKCkAY0kBjK0FZEkBg6kBZU
444=kBhqkBZkgBxQhnKCkAaCgpAGkoKQBqSQGNuQZrSQGFqQFsKCkAbUkBh7UCbkkB+kA7VQFv
445=SQHyqQFwKCkAcSgpAHJJAfShBHNIAdEfdEgB0R91KCkAdigpAHdIAd0geEgB1Rh5KCkAei
446=gpAHsoKQB8KCkAfUgB1Q1+SAHRCX9IAdEJCkhRyQELKCkADEgB3SANSAHdIA5IAd0rDygp
447=ABBIAckiEUkB9rkcEkkB7akBEygpABQoKQAVKCkAFigpABcoKQAYSQHwpQgZSAHZERpIAc
448=0QGygpABwoKQAdKCkAHigpAB8oKQAgKCkAISgpACJIAdUYI0kBq6EPJEkBpakBJUgB3Uwm
449=SQGFWD5JACcoKQAoSAHFCClIAdEqKkgByRcrSAHBBCxIAcVrLUgBjAVnokUAJ1AKSQAvVQ
450=IjXABJADBIAc0FMUgBzQUySAHdbTNIAVwEaQA0KCkANUkBrKkXNkkBpKkBN0kBoqkBOEgB
451=1QI5SQGmtQI6SAGLDAAAO0gBcApNADxIAdUCPSgpAD4oKQA/SAFloglmokUAaQEKZKKpAQ
452=tlokWjvwAAQ0wF0QlEKCkARSgpAEYoKQBHSAHRH0hIAZOjAQBJSAGTowEASigpAEsoKQBM
453=KCkATSgpAE4oKQBPSAGDygEAUEgBSBwCAAABAFEoKQBSSQEmmgIAU0gBlA1mokUAybFVVA
454=KcA2SiJ90GV1UCIJoCAFhIAck4WUgBxR5aKCkAWygpAFwoKQBdKCkAXigpAF8oKQBgKCkA
455=YSgpAGIoKQBjSAHNfmRIAcWMZUgB2X9mSAHZEWcoKQBoKCkAaSgpAGpIAdEJa0gB0QlsKC
456=kAbUgB3QpuSAHdCm9JAZG9IHBJAYmpAXFJAYupAXJIAc0FcygpAHQoKQB1KCkAdigpAHco
457=KQB4KCkAeSgpAHooKQB7KCkAfCgpAH0oKQB+KCkAfygpAIAoKwALAEbxVgxIAd0gDUgB3S
458=AOKCkAD0gBwZMQSQGGuRwRSAHRxBJIAdHEE0gB0aMUKCkAFSgpABYoKQAXKCkAGEgBJ0YU
459=RgDZERpUAsEPGygpABwoKQAdSAHdFR5IAc0FHygpACAoKQAhKCkAIkgB1RgjSQGvvYMkSQ
460=GpqQElSQGMuRwmSAHdCicoKQAoSAHJQylIAdk9KkgByRcrSAHBBCxIAcF9LUgBjAVmokYA
461=1Zwv9wIAADBJASShDzFIAd1tMkgB3W0zSAG+AwA0KCkANUgB1Rg2SAHZoDcoKQA4SQGnrR
462=s5SAHZHDpIAdEJOygpADxIAZAUIowoJ5UIPihVAD9JAS6xCUDIAVUBQckBAmeiRgA0SAJN
463=C0NUAmgBVQFEyAFBBEXKAQMAQwFGACVUA00FR1EBF1QDSQFI6AFkosEEAkSiJykAS0AEmw
464=YCAEwoKQBNKCkATigpAE9JARl8CmSixAhkoicpAFJABJEJAUSiJ1UAVChVAFUoKQBWSAGT
465=CQAAV0gBmQYARKLbBgAAWShVAFooKQBbKCkAXCgpAF0oKQBeKCkAXygpAGAoKQBhKCkAYi
466=gpAGMoKQBkKCkAZSgpAGYoKQBnKCkAaCgpAGkoKQBqKCkAaygpAGwoKQBtKCkAbigpAG8o
467=KQBwKCkAcSgpAHIoKQBzKCkAdCgpAHUoKQB2KCkAdygpAHgoKQB5KCkAeigpAHsoKQB8KC
468=kAfSgpAH4oKQB/KCkAgCgpAIEoKwAMAEfxow0oKQAOKCkAD0gBwX0QSAHJkBFIAc3AEkgB
469=zWgTSAEl5SgUSAHRoxUoKQAWKCkAFygpABgoKQAZSQHxqWQaSAHBkxtIAcGTHEgB3ZkdSA
470=HBDx5IAc0FH0gBzQUgKCkAISgpACJIAdUYI0kBiUhwSQAkSAElNSglSAHFCCZIAc0FJ0gB
471=wQ8oSAHBDykoKQAqKCkAKygpACxIAdWcLUgB1ZwuSAHVnC9IAVwPaQAwKCkAMUgByQwySA
472=F0A00AMygpADQoKQA1KCkANkgB0aM3SQGppSk4SAEl9So5SAHZHDpJAYdQCkkAO0gBWABp
473=ADxIAcEPPSgpAD4oKQA/SAFlogQijihHAGkBBSKMKKkBBmWiR4SiQQRDTAVkokEERMgBQQ
474=RFyQEHZaJHhKJdFEdUAmSiSQFI6AFkosAEZKInKQBLQQQlQQUBZKInVQBNKFUATigpAE9I
475=AXGYAWSizAVkoicpAFJABJAJZKInVQBUKFUAVSgpAFZIAZAJZKLMBWSiJykAWUAEkAki1D
476=wnVQBbKFUAXCgpAF0oKQBeKCkAXygpAGAoKQBhKCkAYigpAGMoKQBkKCkAZSgpAGYoKQBn
477=KCkAaCgpAGkoKQBqKCkAaygpAGwoKQBtKCkAbigpAG8oKQBwKCkAcSgpAHIoKQBzKCkAdC
478=gpAHUoKQB2KCkAdygpAHgoKQB5KCkAeigpAHsoKQB8KCkAfSgpAH4oKQB/KCkAgCgpAIEo
479=KwANAEjlog4oKQAPKCkAECgpABEoKQASKCkAE0gBJbkoFEgBJbkoFUgBxaIWKCkAFygpAB
480=hIAc0FGUgBJaVBGkgByZsbSAHBkxwoKQAdSAHJeh5IAcEEHygpACAoKQAhSAHRmCJIAcF9
481=IygpACRIAdUNJUgBzQUmSAHNBSdIAcEEKEgBwQ8pKCkAKkgB2YorSAHZBiwoKQAtKCkALi
482=gpAC9IAc2UMEgBxQgxSQEhe5IAADJIASX9NjNIASPbNwAANEgBvgMANUgBxQg2SAHFCDdI
483=AcEEOEgByRc5SAHBJTpIAdkcO0gBzQU8SAHJFz0oKQA+KCkAP0gBbZ8IeaBImaAJeKCpAQ
484=p5oEiYoEEEQ0wFeKBBBETIAUEERckBC3mgSJqgAgBaUEgAeKBJAUhABIgBeKDABHigJykA
485=S0AEcY0CeKAnVQBNKFUATigpAE9IAWWXAnigzAV4oCcpAFJABJAJeKAnVQBUKFUAVSgpAF
486=ZIAZAJeKDMBXigJykAWUAEkAl4oCdVAFsoVQBcKCkAXSgpAF4oKQBfKCkAYCgpAGEoKQBi
487=KCkAYygpAGQoKQBlKCkAZigpAGcoKQBoKCkAaSgpAGooKQBrKCkAbCgpAG0oKQBuKCkAby
488=gpAHAoKQBxKCkAcigpAHMoKQB0KCkAdSgpAHYoKQB3KCkAeCgpAHkoKQB6KCkAeygpAHwo
489=KQB9KCkAfigpAH8oKQCAKCsADgBJ7Z8PKCkAECgpABFIAclkEigpABMoKQAUKCkAFUgB2a
490=AWSAHJmxdIAcmbGEgBxXYZSAHNiRpIAc1zGygpABwoKQAdSAElUSYeKCkAHygpACAoKQAh
491=SAElbToiSAHJeiMoKQAkSAHRgiVIAc0FJkgBzQUnSAEl/SsoSAHBDykoKQAqSAHBiCtIAd
492=kGLEgBzRstSAHNGy4oKQAvSAHZHDBIAcEPMUgBJQE9MkgBkwkBADNIASUBPTRIAZUCAEKe
493=SQDJFzZUAs0QN0gBwQQ4SAHBBDlIAdUNOigpADtIAcUTPEgByaY9SAHFCD4oKQA/KCkAQC
494=gpAEEoKQBCSAF1nAwibVBJjJ8BDQAARNUCDiK0ZCdxCUZUAskMR0gBxR5ISAEjrCxinkkA
495=I6wsImxQJykAS0AE1QJMKCkATSgpAE4oKQBPSAEjiC1hnkmsVmGeSSZxVlJABJMJAABTSQ
496=EoqQRUSAGHAQEAVSgpAFZIAcEwV0gBgARgnidBA1lUAsEaWigpAFsoKQBcSAHdQV1IAckt
497=XkgB2QZfSAHBBGBIAcEEYUgBwQRiSAHBBGNIAcEEZEgBwQRlKCkAZigpAGcoKQBoKCkAaS
498=gpAGooKQBrKCkAbCgpAG0oKQBuKCkAbygpAHAoKQBxKCkAcigpAHMoKQB0KCkAdSgpAHYo
499=KQB3KCkAeCgpAHkoKQB6KCkAeygpAHwoKQB9KCkAfigpAH8oKwAPAEr1nBAoKQARSAHBOx
500=IoKQATKCkAFCgpABUoKQAWKCkAF0gBxTQYSAHdbRkoKQAaKCkAGygpABxIAdl/HUgB1Tke
501=KCkAHygpACAoKQAhKCkAIigpACNIAc0QJEgB0YIlSAHdCiYoKQAnKCkAKCgpACkoKQAqSA
502=HBiCtIAcmFLEgBzRstKCkALkgB0aMvSAHBDzBIAcEPMUgBlHsiLSdKtXsASptKAJh0Ii0n
503=StwvSZtKKGoTSgDVDTdECM0QOEgB1QI5KCkAOigpADsoKQA8KCkAPUgBwWc+SAHFEz8oKQ
504=BAKCkAQUkBtqESQskBAWmbSombEWibJxkJRUAE0QlGKCkAR0gBxR5ISAHRjUlIAdGNSkgB
505=hAwiIHjTHwEATFQCJQFpTUgB2QZOSAHZBk9IAdkGUCgpAFFIAc2UUkgBgARqm0oA2atU9A
506=Jpm0r5oFZUAsEwV0gB1RhYKCgACVkASgD//wAAAAAAWhEAAOQOACAIAEoA//8AAAAAAFtJ
507=AY1cAEkAXEkBg1wASQBdSQGGXABJAF5KAf//QwEAAF9JAYyGAQBgSQGIqQFhSQGFqQFiSA
508=HFCGNIAcUIZEoBrAGFBGVJAaapAWZIAcEPZ0gBxQhoKCkAaUkBh5YGAGpIAc0QaygpAGwo
509=KQBtKCkAbigpAG9JAfe1DXBJAe+pAXEoKQBySQHxtQJzSAHJDHQoKQB1KCkAdigpAHcoKQ
510=B4KCkAeSgpAHooKQB7KCkAfCgpAH0oKQB+KCsAEABL+TIRSAGuHwASKCkAEygpABRIAd0V
511=FUgBzQUWKCkAF0kBkLkCGEgB2TIZKCkAGigpABtJAYatBRxIAd0KHSgpAB4oKQAfKCkAIC
512=gpACFIAdU5IkgB1TkjSAHBDyQoKQAlSAHBBCZIAc08J0gBwQ8oKCkAKSgpACpJAYyxFCtI
513=Ad0KLCgpAC1IAdUYLkgB0QkvSAHZBjBIAdUNMUgBwQQyKCkAMygpADRIAcEaNUgB1Q02KC
514=kANygpADgoKQA5KCkAOigpADsoKQA8KCkAPSgpAD5IAcUTP0gBxRNAKCkAQUkBtlAfAQIA
515=AELIAQEDAABDSQHEVAJJAETIAVVZRUgBxQhGKCkARygpAEgoKQBJSQEkWAdJAEpJAShcAE
516=kAS0gBWAACAAABAExJAR+OAQBNSAHdCk5JAR21Ak9IAYcBAQBQKCkAUUkBJpoCAFJJAR6p
517=AVNJASWpAVRIAYcBAQBVSAHJDFZIAckMVygpAFhIAc0xWUgBzUdaKCkAW0gBxTRcKCkAXS
518=gpAF5IAdkGX0gB1URgSAHVDWFIAdVEYkgByZtjSAHNBWRJAa9QK00WZUkBqakBZkgB2QZn
519=SAHNEGgoKQBpKCkAakgBzRBrSAHZPWxIAc0QbSgpAG5IAcWXb0kB7bUNcCgpAHEoKQBySQ
520=HwoQRzSAHRCXQoKQB1KCkAdigpAHcoKQB4KCkAeSgpAHooKQB7KCkAfCgpAH0oKQARXUQh
521=SCNJABJIAdk9EygpABQoKQAVSQEiQAVJABZIAVgAaQAXKCkAGEgB0SoZSAHRKhooKQAbSA
522=HZMhxIAXgHTQAdSAHRHx4oKQAfKCkAICgpACFIAdGjIkgByQwjKCkAJEgB0UAlKCkAJkkB
523=ikgNSQAnSAHVDSgoKQApKCkAKkgByQwrSAHRCSwoKQAtSAHBDy5IAclDL0gBzQUwSAHBBD
524=FIAcEEMigpADMoKQA0SAHZBjUoKQA2KCkAN0gB0Qk4KCkAOSgpADooKQA7KCkAPCgpAD1I
525=AckMPkgB3SA/SAHdIEAoKQBBKCkAQkgBZZcFepVMAHiVUZhEVAJoAVGYRUgBxQhGKCkARy
526=gpAEgoKQBJKCkASkgBxZdLSQEgTDJJAExJAS5cAEkATUgBwVFOSAHdjk9IAVADaZtQSAGT
527=VgEAUUgBjQUBWpVMAJtTAQBTVAKHEwEAVEgB2QZVSAEnuRJM4fZXVAKPBQAAWEgBxT9ZSA
528=HNJlooKQBbKCkAXCgpAF0oKQBeSAHRNV8oKQBgSAHRQGFIAcVgYkgBwQ9jSAHBZ2RIAc0F
529=ZSgpAGZIAd0KZygpAGhIAdEUaUgBwQRqKCkAa0gB1Q1sSAHBk21IASVJJW5IAc2UbygpAH
530=AoKQBxKCkAckgBJ7gSJ/kEdFQCybx1SAHJF3ZIAd2kd0gB2Rx4KCkAeSgpAHooKQB7KCkA
531=fCgpABJA2Mk4E0gBkwkBABQoKQAVSAHBOxZIAY8FAAAXKCkAGEgB3SsZSAHBJRooKQAbSA
532=HdYhxIAcUIHSgpAB5IAYtOAAAfSAGLTgAAIEgBi04AACFIAdkGIkgB1Q0jSAHBMCRIAYsX
533=AAAlKCkAJigpACcoKQAoKCkAKSgpACooKQArKCkALCgpAC1IAcEPLkgBwQ8vSAHBDzBIAc
534=FcMUgBzUcyKCkAM0gB3SA0SAHZBjUoKQA2KCkAN0gB1Q04SAHRKjkoKQA6KCkAOygpADxI
535=AckMPUgByQw+KCkAPygpAEAoKQBBKCkAQigpAENJAQSp6ETIAVUBRUgB3QpGSAHZU0dIAc
536=1SSEgBwQRJKCkASkgByThLSAHBBExIASXFJE1IAYMEAQBOSAGDBAEATygpAFBIAYwFYZNN
537=igUAAkGTTVBGVAFjk00AJ0QBSQBUTAXNn1VJASNIAkkAVkgB3RVXSAHdFVhIAdF3WUgBJe
538=UzWkgBjBAiMThN/ZlcKFUAXSgpAF5IAdE1X0gB0TVgKCkAYUgBwUZiSAHdCmNIAdkGZEgB
539=2QZlKCkAZigpAGdIAcUIaEgBxQhpSAHFCGpIAcUIa0gBzQVsSQH2UDZRH21IAdWRbigpAG
540=8oKQBwKCkAcSgpAHIoKQBzSAHVI3RIAc1ddUgBwQ92KCkAd0gB3St4SAHdFXkoKQB6KCkA
541=eygpABNMP04VAABpkE6EAUkBFVQCJwgS1AJokCcpABhABN0gGUgB2REaSAHRYRtIAbYJAB
542=woKQAdKCkAHkgBkEtokN8KAQAgVALBDyFIAcUIIkgB0R8jSAHJDCRIAcEEJUgBxR4mKCkA
543=J0gB1ZwoSAHVnCkoKQAqKCkAK0kBhb02LMgBVQEtSAHBDy5IAcEPL0kBTEQPAQEEADBJAU
544=dIAQEABAAxyAFVAjJJAUW1AjPIAVEJNEgB0RQ1KCkANigpADdIAdUNOEgB0So5KCkAOigp
545=ADtIAdkRPEgB3Qo9SAHdbT5IAd1BP0gBwQRAKCkAQSgpAEIoKQBDSAFokCNuJE4AaAEjbS
546=RO4XJGQATRFEdIAc0QSEgByQxJKCkASkgBeCBNAEsoKQBMSAHFP01IAVEDAElOTkgBhAho
547=kNQNIis3TgAkZARrkE4AIKkBUkwFhIxpkE63kQAAVFQCfANNAFVJAZFcAEkAVkgBxSlXSA
548=HdFVhIAdl0WUgB2XRaSAHdbVtIAZsRAABcSAHZlV1IAcEEXkgB3SBfSAHJDGAoKQBhKCkA
549=YkgBJSkhY0gBzQVkSAHN1mUoKQBmSAHBBGcoKQBoSAHFCGlIAcEEaigpAGtIAScLEk4A+l
550=xNUR9tVALNG24oKQBvKCkAcCgpAHEoKQByKCkAc0kB9LEJdEgBySJ1SAHRH3ZIAdUYd0gB
551=xRN4SAHVT3lIAdkGeigpABRAzUAUAgAAAQAVSAHNfhZIAZQCcY1PxgEAGFQC1Q0ZSAHJOB
552=pIAcUEGygpABwoKQAdKCkAHkgBmEhzjU8AIL0GIFQCmEgivCMntQEiVAK+AwAjKCkAJCgp
553=ACUoKQAmSAHFjCdIASVtLyhIAZcCAQApSAGfjgEAKigpACtIAXCNAQMBACzIAQEEAAAtyA
554=EBBQAALkgBZIwBAgQAL8kBA3CN0BRzjU8ArnsyBAAyQASfKwQAM0gBfI4BBAQANMgBUQk1
555=SAGDBAAANigpADcoKQA4SAHRuTlJAYO1HzpIAcVKO0gBxQg8SAHFjD1IAc0FPkgBzQU/SA
556=HNBUAoKQBBKCkAQigpAENJAQRUGFEfRMgBXRVFSAHFCEYoKQBHKCkASCgpAElJAQxECEkW
557=SsgBVQFLSAHFCExIASewEdgnIr0jTybhIk9ABN1BUCgpAFEoKQBSKCkAU0kBI0gNSQBUSA
558=HRglVIAdGCVkkBklQDSQBXSAHBBFhIAdVwWSgpAFpIASUBMltIAd0VXEgBwZNdSAHBBF5I
559=AcEEX0gB0WFgSAHBMGEoKQBiKCkAY0gB2TJkSAHZEWVIAd0VZkgBxT9nSAHRCWgoKQBpKC
560=kAaigpAGsoKQBsSAHBfW1IAd2ObkkB8kAxXSBvSAHRH3AoKQBxKCkAckgB2RxzSQGPTAZJ
561=AHRIAcUedSgpAHYoKQB3SAHJF3hIAdkceUgB2wYVAFBAeEsJAAAWSAGAAXmKUMQBWIonKQ
562=AZKIEAGigpABsoKQAcKCkAHSgpAB4oKQAfKCkAICgpACEoKQAiKCkAIygpACRIAYiFIho1
563=UACLhQAAJlQCzYknSAGDBAEAKEgBlAJ6ilAAlQICWIrbBgIAK0AEeooGAluKUACGYTADWI
564=qqAQEEW4pQAFF4H3iK0B97ilAAsGwFeopQACNIUXiKJ4EAM10KRLkGNMgBWQU1SAHJLTYo
565=KQA3KCkAOEgBxTQ5SAHRSzooKQA7SAHR2jxIAcEEPSgpAD4oKQA/SAHdTEBIAcEPQSgpAE
566=IoKQBDSAF4igEGAABEyAEBBwAARUgB2QZGSAHRmEdIAc0QSEgByQxJSAF4igECAABKyAEB
567=AwAAS0gBeCBNAExJASRcAEkATUgBwYhOSAHdg09IAdUNUCgpAFEoKQBSKCkAUygpAFRIAd
568=l/VUgB3WJWSAHRCVdIAcEEWEgBxWtZKCkAWigpAFtIASVlRFxIAc0FXSgpAF5IAcWBX0gB
569=yQxgSQGQQBtJAGFIAdH7YkgBxTRjSAHdbWRIAc1+ZUgB3RVmSAHFCGdIAdkGaCgpAGkoKQ
570=BqKCkAaygpAGwoKQBtSAHFNG5IAcU0b0gBwQ9wSAHRjXEoKQBySAEl4SJzSAHBUXRIAcUI
571=dUgBxR52KCkAd0gByRd4SAElrSEWuGZGIgAXKCkAGCgpABkoKQAaKCkAGygpABwoKQAdKC
572=kAHigpAB8oKQAgKCkAISgpACIoKQAjSAGbfwAAJEgBkIJgiI97AAABQIgnKQAnQASA4GCI
573=1wICACn0AmGIUa2JA0KIUQBiiAkDQohRAGGIAmCI2AZgiCcpAC9ECCPvPwMAMEkBIG8jAw
574=AxSAEj82YDADJIAXECACJdIlEk+DAiXSJRUHIDAAAEBAA1QAR4ikn+NkgBzTE3KCkAOEgB
575=zTE5SAHBUTpIAcVKOygpADwoKQA9KCkAPigpAD9IAdFWQEgB1Q1BKCkAQigpAENJAQZInF
576=kXRMgBVQFFSAHZBkZIAcVKR0gB2RFISAHBRklIAWGIBGKIUQBoAVkcS1QCxQhMKCkATSgp
577=AE4oKQBPSAHMlHC2xWBRVQKJWBJJAFJJAYtcAEkAU0gB0ftUSAHBfVUoKQBWSAHFgVdIAc
578=EEWCgpAFkoKQBaSQFeUApJAFvIAVEfXEkBf0gCSQBdyAFVAl5IAc1+X0gBzRtgKCkAYSgp
579=AGJIAdQ5BmMAUQCDAAAAABEAAOgPACAGAABkAFEAhwAAYAADZQBRAPYBZgEAZkkB8akBZ0
580=kBkJICAGhJAYOpAWkoKQBqKCkAa0kBiKEEbEgBzQVtKCkAbkkBhqEEb0oB//+NAXBJAY2G
581=AQBxSQGHqQFySAHBBHNJAYy1AnRIAcUIdUgBwQR2KCkAdygrABcAUrMGAAAYKCkAGUkBIb
582=0CGkkBHqkBG0kBIqkBHEgBpgEAHSgpAB4oKQAfKCkAICgpACEoKQAiKCkAI0kBHbUJJEgB
583=hwEBACUoKQAmKCkAJ0kBJGcEAQAoSQEoqQEpSAGHCAIAKusBAwArSAF8AwEABAAsKCkALS
584=gpAC5JAa5rOAQAL0kBH3MFAwAwSAGXAgMAMUgBlw0DADJIAZcNAwAzSAFoBV0KNEkBP28B
585=BAA1yAFdCTZIAdUuNygpADgoKQA5KCkAOkgBzUc7SAHdQTwoKQA9SAHBRj4oKQA/SAHNBU
586=BIAd1BQUgBwQ9CKCkAQ0kBBlgSAQIAAETIAQEDAABFSAHNBUZIAc1HR0gBzUdISAHBBElJ
587=AQxECAEGAABKyAEBBwAAS0gBwQRMKCkATSgpAE4oKQBPSAHJDFBIAckMUUkB91wKRShSSQ
588=HvqQFTSQHtqQFUKCkAVSgpAFZJAV5MBkkAV8gBWQVYSQFZSAJJAFnIAVUCWkgBbAVRH1vI
589=AVEfXEkBf0AFVQJdyAFVAl5IAcEPX0gB1XtgSAHZHGEoKQBiKCkAY0gBzRtkSQGKXApJAG
590=VIASeqEFIA3QpnVALdCmhIAdkGaUgB1TlqSAHVI2tIAcEPbEgBzQVtSAHNBW4oKQBvSQGF
591=VA5JAHBIAcEEcUgB2RFySAHRCXNIAdEJdEgB1Q11SAHBBHYoKAABGABTANUCGUgBk2wAAB
592=pIAUQNAgAAAQAbSAGDZwAAHEgBlQIAUYJTxgEAHihVAB9IAdmKIEgB2YohKCkAIigpACNJ
593=ASWtCCRIAYQBcILfCgEAJihVACdIAZwKcYJTRIdXBQEAKVQCnBVyglMA3XgrVQIgXgMAA1
594=GCU1CITwEDAC1VArBURUl6LkkBpakBL0gBjBtzglMArXQCcoJTAJQNcILUDXCCxxMEADRY
595=BnGCAnKCUwBoAVFLNlQCxSk3KCkAOCgpADkoKQA6KCkAO0gB0TU8SAHRNT1IAdEJPigpAD
596=9IAc0FQEgBxT9BSAHNBUIoKQBDSAFxggRyglMAaQEFc4JTAI1EIkkARkAE2UhHSAHBD0hI
597=AdEJSUkBEGgicoJTAGgBVQFLVALBBEwoKQBNSAHdCk5JAYVcC0kAT0gByZtQSAHdFVFIAc
598=FnUkgBwWdTSQF6TAZJAFTIAVUNVUkBXEgCSQBWSAHBfVfIAVUuWEgBcIJBfVnIAVUCWkgB
599=bAVRH1vIAVEfXEkBdEQJSQBdyAFJDF5IAc0QXygpAGBIAd14YUgBxR5iKCkAY0kBkkQJSQ
600=BkSAGDygAAZUkB+lAKVQJmSQHyqQFnSQH0qQFoSAHJOGlIAcEwaigpAGtIAdknbEgBwQRt
601=KCkAbigpAG9IAd0rcEgB3StxSAHdFXJIAdkyc0gB0Ql0SAHNBXVIAc8FGQBUrGh6f1QAjW
602=gAW39UACNUGUkAHEAEWABpAB0oKQAeKCkAH0gBgXIAVQdUrWgBWQBUTIRXBgEAIkAEkYIB
603=TAonVQAkKFUAJUgBIwQieX9UTAZLAAEAJ1QCnAp4f9UCAlh/3BV4f98VAgArTAWZ+AJYf8
604=AEeX9U5YEuQQSxbDEiTiBUACf6D1QAlAJ5f1RYm0APeH/XDQQAM1gGTQIAQYg0SQGDRQgB
605=en9UAGgBVU82VALFKTcoKQA4KCkAOSgpADooKQA7SAHdQTxIAdVwPUgB0Qk+SAHJOD9IAc
606=EEQEgBwQRBKCkAQigpAENIAWx+RfpEyAFF+kVJAZCaGABGSAHNR0dIAd0KSEgB3QpJSAFs
607=fk0bSsgBRWtLSAHBBEwoKQBNSAHVGE5IAdEJT0gBzQVQSAElISBRSAHdbVIoKQBTSAF4f1
608=UNVMgBVQ1VSAF4f1UtVkgByXpXyAFJelhJATpUA00FWUkBO0gBRQhaSQFwuRxbyAFBA1xJ
609=AX61Al3IAVUCXkgB2RFfKCkAYCgpAGFIASXhImJIAdGCY0gBzRtkSQGvRAlJC2VJAaSpAW
610=ZJAaapAWdIAck4aEgB1XBpSAHBMGpIAdUCaygpAGwoKQBtKCkAbkkBhkgNSQBvSAHNEHAo
611=KQBxSAHVDXJIAd0Kc0gBzX50SAHbBhoAVVwIiQAbKCkAHCgpAB0oKQAeKCkAH0gBgHJhfV
612=W0ZWB90QkCQ31VAKxxHwJDfVUAqKkBJFkGqqkBJUgBiG9hfVVMhEwQYX1V8fsoQAROAgAA
613=Yn1VAJirYH0niQErQASMEGB91AJhfVWzmAMALkAEk5gDAC9IAZCYfPwnrQAxVAKECGB91A
614=JhfVWKegQDXPyoAQEFAwA1TAVgfVlpNsgBWWk3SAHFKTgoKQA5KCkAOigpADtJAYyGGgA8
615=SAHZMj1IAdW9PkgB1QI/SQGKrQVASAHJDEEoKQBCKCkAQ0kBElAqSQBEyAFFYEVIAdkGRi
616=gpAEdIAc0QSEgBJVExSUgBYH1R5UrIAUVrS0gBxQhMKCkATUgBxQhOSAHRFE9IAc0FUEgB
617=0ftRSQF5tRhSyAFRFFNJAV+1AlTIAVUCVUkBPVwAXXhWSAFoelUYV8gBVQJYSQFAQARFB1
618=nIAVUBWkgBYH1NBVvIAU0FXEgBYH1VAl3IAVUCXkgBJ6EPVSa9LmAoVQBhSAHB9mJIAcH2
619=Y0gBzRtkKCkAZUgBzX5mSQGpTBFFE2dIAdUjaEgB2XRpSAHFCGpIAcEEa0gB2T1sKCkAbS
620=gpAG4oKQBvSAHVRHAoKQBxSAHFCHJIAdUNc0gB1w0bAFZQEokAHCgpAB0oKQAeKCkAH0kB
621=HYgFTfdWrGhpela85m33VqTkaHrdCgJdBFZY81wGIukuVlB9iQEm8AloeietAChVArBgJW
622=t6VgCnqQEqVQKqqQErSAEjFC9pelZcEFMJAgAtVAKdeAJIetkRAkh63ApoeicpADFMBZQY
623=aHrUAml6Vol6CGh6qgEJAkh6qAEBCgEANlgGdHsBCwAAN0gB2Sc4KCkAOUgBzao6SAHNMT
624=tIAcEwPCgpAD0oKQA+SQGKUBhJAD9IAd0KQCgpAEEoKQBCKCkAQ0gBaHpBckTIAUFyRUgB
625=xQhGSAHZEUdIAc0QSEgB1Q1JSAFoelmVSsgBWZVLSAHFCExIAcUITUgBzUdOSAHBBE8oKQ
626=BQSAEnSg9WAGh6RWtSVAJoAUVrU0gBaHpVAlTIAVUCVUgBfPFNO1ZJAT5cAF0gV8gBVQFY
627=SAFoelkGWcgBWQZaSQF4QAVJAFvIAU0FXEkBW0gCSQBdyAFVAl5JAYBIAkkAX8gBVQJgSQ
628=HwXABVAmFIAcEaYigpAGNJAf2hBGRIAcEEZSgpAGZJAZFYB0kAZ0kBg1wASQBoKCkAaUkB
629=hUgCSQBqSAHBBGtJAYhIAkkAbEgB1QJtKCkAbigpAG9IAc0FcCgpAHEoKQBySAHXORwAV0
630=gKiQAdKCkAHigpAB9IAZheffFX9ekhVAIjhD1wd8QIcXdX5XYkQASY4nB3wAR98Vfl+idA
631=BCMlPAJVgFckFC9xd1dA/FgRfPHYBiLgLScpACxYBlgDbfctKCkALkgBkBRwd8wFcHcnKQ
632=AxQASYf3F3V7h/It09V7iKcXdXJLwucHfIAXB3yAFxd1cmMUM4UAnBOzlJAZCeEQA6SAHV
633=LjtIAcU0PCgpAD1IAdUuPkgBxQg/KCkAQCgpAEEoKQBCSAFkdl1tQ8gBXW1ESAHFCEVIAd
634=1tRkgBwQ9HSQGGpRNISAHNBUlIAc0FSkgB3UxLKCkATEgB1RhNSAHdFU5IAcUITygpAFBI
635=ASfzDlcAZrUNUlQCaAFRYFPIAVVwVEkBb6EEVcgBQQRWSQFntQJXyAFVAlhJATxcAEV2WU
636=kBPUgBRQhaSAFwd0kBW8gBQQRcSAFwd1UCXcgBVQJeSAFwd1UCX8gBVQJgSAHV9GFIASW1
637=LWJIAc0bYygpAGQoKQBlKCkAZigpAGdIAdntaEgB1S5pKCkAakgBwTBrSAHJDGxIAdkGbU
638=gB2QZuSAHJLW9IAc0FcCgpAHEoKwAdAFi1cABRZlhMAJ0nH1QCgHJ5dFjxbCFUApgDItks
639=WCalKyNUAiWBLCRIAYAEeHTcCnl0WCatLCdBBB1kBHl0WGMBAAADIX88WAAmcAF5dFjldi
640=tMBXECAGzszAVs7NwKbOzcCnh02BF5dFi3hgIAMUQI3fEyKCkAMygpADRIAZiKeXRYpHZ4
641=dMgBeXRYKJgOJykAOVgG0So6KCkAO0gBzTE8SAHRNT1IAc0FPigpAD8oKQBAKCkAQSgpAE
642=JIAXh0AQkAAEPJAQoieEwnDQJFVALJhUZIAdFsR0gB0UBISAHBcklIAcEESigpAEtIAdEU
643=TEgB0RRNKCkATigpAE8oKQBQSAEnmQ5YmHRRYVJUAnh0AQQAAFPIAQEFAABUSAF4dEFnVc
644=gBTQVWSAF4dFUCV8gBVQJYSAF4dFlzWUgB0fBaSQFCSAJBQVtIAXT0WQZcyAFZBl1IASUN
645=Ll5JAXVABUkAX8gBRQdgyAFZBmFIAdntYkgBxR5jKCkAZCgpAGUoKQBmKCkAZ0gBzTxoSA
646=HJLWkoKQBqSAHRKmtIAckMbEgB2QZtSAHNc25IAcEEbygpAHAoKgAeACK8UFkZAUlTWa1z
647=AVXNWflpIeAEY3JZAK1YHVVlI1QCm2kBACRJAR5BCABgcifZACZUAtHlJ0gBgH1hclkkJD
648=xjclkAqnMJAwAqQASUe3zm2BFgcicpAC1ABMl6LkkBrLkGL0gBI6gxYXJZWBdQEGFyWa9z
649=AQAyQQQgUAIBAAEAM0gBIyNMAQA0SAFwAlUYNUgBgA9gcsQIYXJZKEAOJykAOUwFxSk6KC
650=kAO0kBjJYJADxIAdkyPUgBzQU+SQGNoQQ/SAHVZUBJAYe1AkFIAc0FQkkBsrUCQ8gBRR1E
651=SAHBBEUoKQBGKCkAR0gB2XRISQGKpQhJSAHZBkooKQBLSAHdFUxIAc0QTUgBzQVOKCkAT0
652=kB2lAJVVpQSQH6TBFVAVFIAcnSUkkBfEgCSQBTyAFNBFRIASK8OVUCVcgBVQJWSAFwd1UC
653=V8gBVQJYyAFJDFlIAWhvVQJaSAEnQg5ZAHQCWQZcVAJoAUEEXcgBVQJeSAFgcll0X8gBXY
654=NgyAFdg2FIAd0VYkgByehjSAHFHmQoKQBlKCkAZigpAGdIAd0raEgBJ0IOWQDJAWooVQBr
655=SAHNPGxIAd1BbUgB1Q1uKCkAbygrAB8AWkwZSQACSG8nKQAhKFUAIkkBsUQfUVYjSAFEBS
656=I9KSRJAbK1AiVIAdUCJkgB1WUnSQGwYwQDAChJAaWpASlIAYwFaW9a4GcDKwBaAAAAEQAA
657=oA8AIAUAAAACACwAWlwASAAEAgAtAFoAHUQBVQIuSgGxAU8BAwAvSQEnRAFVAjBJASOpAT
658=FJAR9rAQEAMkgBZAEBAAEAM0gBhwgBADRIAZcCAgA1SAHNBTbrAQAAN0oB//+JBDgoKQA5
659=KCkAOkkBjZ4DADtJAYOpATwoKQA9SQGFtQI+SAHBBD8oKQBASQGGoQRBSAHVDUJJAbJUAg
660=ECAABDyAEBAwAAREkB9VQCUR5FSAHNBUYoKQBHKCkASCgpAElJAeK5BkpIAdkGS0kBkFQC
661=SQBMSQGKXABJAE1IAcEETkkB2kgCAQUAAE/IAQEGAABQyAEBBwAAUUkB9kwRTQRSSQF8XA
662=BdFVPIAV0VVEkBfrUCVcgBVQJWSQFmVAJJAVfIAQEEAABYyAFVDVlJAUG9ClrIAVUBW0kB
663=O1wASQxcyAFFCF3IAVUCXkkBR0AESQtfSQF1XABJAGDIAUEDYcgBTQViSQHtSAJBBGNJAe
664=+pAWRJAfGpAWVIAd0gZigpAGcoKQBoSQGMWAdJAGlIAcE7akkBiEgCSQBrSAHVAmxIAc08
665=bUgB3QpuKCsAIABbRAZLAAIAISgpACJIAZdaAQAjSQEgXAMBAAEAJEkBKKkBJUgBZAFZXi
666=ZIAZdaAgAnSAGXAgMAKEgByWQpSAGTCQIAKkgByWQrSQEhcwUCACxJAR6pAS1JAS2pAS5J
667=ASCpAS9IAdkGMEgBcAJBDzFJASZsAXNsWwAiqQEzVQIkqQE0SAGHCAEANUgBhwgBADZIAZ
668=xtcmxbAMkiOFQCyQE5KCkAOkgBxVU7SAHdKzwoKQA9KCkAPkgB1S4/KCkAQEgBwVxBSAHJ
669=DEIoKQBDSAFka0FRRMgBQVFFyAFZXkZIAdkGRygpAEhIAWRrRUpJyAFNUkpIAc0FSygpAE
670=woKQBNSAFkawEIAABOyQEJcmxbAHUCCnBsJ0kEUUEE+q1SUkkB8qkBU0gB3VdUSAHVAlVI
671=AdUCVigpAFdJAWRsMXJsWwBoAVEIWVQCcGxJF1rIAUkXW0gBJ5INWwBoAVUCXVUCPkwGTQ
672=VeSQFCSAFdCV9IAXBsQQRgyAFZJ2HIAVknYkgB2RFjKCkAZCgpAGVIAd1tZkgBwalnSAHJ
673=pmhIAdU5aUgBzWhqSAHdK2tIAclDbEgBzTxtSAHABAEhAFwA1U8iSAHVTyNIAZhee2lcAC
674=VWGQABWQBcYAFlziZABJxXeGnFCAJYaScpAClABJAJeGkn2QArVALVcCxIAZUJA07WXACP
675=XQIALlUCsHknAk/WXACkqQEwVQKqqQExSAGZBgJM1tgGbNbIDGzWJykANUwFiXoAWWlcTI
676=SBBzdUAtEfOCgpADkoKQA6KCkAOygpADwoKQA9KCkAPkkBkJoKAD9JAYqpAUBIAckMQSgp
677=AEIoKQBDKCkAREgBZGtBXEXIAUFcRsgBAQsAAEdIAdEJSEgBeGlZSEnIAVlISkkB4EAPQS
678=RLyAFBUUzIAVVPTcgBWQZOSQHaTQUNeWlc+YpQVALJDFEoKQBSKCkAU0kB+FwLRQdUSAHN
679=BVVIAd3bVkgByVlXSAFo3U0FWMgBRQdZSQFsSAJJAFpJAWhcAEkAW8gBQQRcSAF4aUkBXU
680=gBeGlBBF5JAW1cAEkAX8gBQQRgSAF85lUCYcgBVQJiSAHNEGMoKQBkKCkAZUkB8EAFWQZm
681=SAHV02dIAc1oaCgpAGkoKQBqSQGHTAZJAGtIAdEfbCgrACIAXUwDSAB90F0k+CVgZ9UCAk
682=BnJykAJuwFYGcnVQAoKFUAKSgpACooKQArSAEn4AzYBmFnXSjgDNQCYmddAJPaAgAwWAZc
683=EmV2MUgBkGF90F2wYWBn2AZgZycpADVMBYByYWdd9UQ3VALRHzgoKQA5KCkAOigpADsoKQ
684=A8KCkAPSgpAD4oKQA/KCkAQCgpAEFIAcGeQkgBwZ5DSAHNMURIAdkRRUgBbGgBDgAARskB
685=D2NnXQD5VB9FPkhUAmBnQdVJSAF0ZYJnXQBoAVUCS9QCAQcAAEzIAVHPTcgBTXNOSAHVDU
686=8oKQBQKCkAUUkB+0gNQQ5SSAElxSRTSAHRz1RIAdUCVUgB1QJWSAHRVldIAWBnUXdYyAFR
687=d1lIAWBnSQtaSAFgZ0EEW8gBQQRcSAHJZF3IAU0FXsgBTQVfyAFNBWBIAWBnVQJhyAFVAm
688=JIAc0QYygpAGQoKQBlSQH0UApNG2ZIAcGeZ0gBJ+IMXQDJAWkoVQBqSAHJ0mtIAdsnIwBe
689=KIkMXkgKSABqZF4A2VMmQQQgUgIAAUUCXvXTKChVACkoKQAqSAElsScrSAHJ0ixJASBkCC
690=I9NF6sXWzLJ7UBL0AEfQMAaGQnVQAxVAInqyZeAB5kBGlkXibVJjRABHECACKpJl6ob2lk
691=XiiIDCcpADhMBcUeOUgByVk6SAHdVztIAcEEPEgBwQQ9SAHNXT5IAc0FP0gBzQVAKCkAQU
692=gB0ZhCSAHBMEMoKQBESAHFCEVIAcUIRkgBfGJRQEfIAVFASEkBz1AbWTxJyAFBBEpIAWhk
693=XdBLSAHFCEwoKQBNKCkATigpAE8oKQBQKCkAUSgpAFJJAfxIDUEOU0gB3QpUSAHVAlVIAd
694=UCVkkB+q0FV0gBwWdYKCkAWUgB3VdaSQF7UApJAFvIAUUHXEgBaGRBGl3IAUUeXsgBWeJf
695=yAFRgmBIAdEJYUgB1Q1iKCkAYygpAGRIAd1iZUgB3RVmKCkAZ0gBxTRoSAHFNGkoKQBqSA
696=HLZCQAX1QWSABxYV+zSwEAJvQCcGHDBAEAKFUCsEAbQVEpSQGmqQEqSAGHYAEAK0gB3WIs
697=SAFUCm3ALSgpAC5IASOEJ33FX6xdcGEnKQAxQASEYCKhJV+nYAIAM1QChMN8xSc5AjX0An
698=FhXygwDCcpADhABNUjOUgBySI6SAElxSQ7SAHBBDxIAcEEPUgBzSY+SAHNBT9IAc0FQEgB
699=wWdBSAHNBUIoKQBDKCkAREkBhoIhAEVIAcUIRigpAEdIAWRgSUNIyAFJQ0nIAUlDSkgB2Q
700=ZLKCkATCgpAE0oKQBOKCkATygpAFAoKQBRSQG0fzYAAFLIAVUBU8gBRVVUyAFZEVXIAVkR
701=VsgBWRFXyAFZ11hIAcUTWUgBJVEmWkgBcGFRCVvIAVEJXEgBcGFRCV3IAVEJXkgB2V5fSA
702=HZXmBIASXFJGFIAckMYigpAGMoKQBkKCkAZSgpAGYoKQBnSQGQoTBoSAElmTppKCsAJQBg
703=uAN4XicpACcoVQAoKCkAKUkBq0AmRWAqSQGqqQErSAEjmyQBACxIAcFcLUgByVkuSAEjND
704=N4XssMAwAwVAKHDwMAMUkBrnMJAwAySAGMXXleYOFyNFQCjAVswNQCeV5gKNgLJykAOEwF
705=2VM5SAHVTzpIAcUpO0gBwQQ8SAHdVz1IAc0FPkgBzQU/KCkAQEgByWRBSAHFKUIoKQBDKC
706=kAREkBioAWWF4nZQJGVQK4tQJHyAFRHkhIAWRgAQcAAElIAcEPSigpAEsoKQBMSAHJF01I
707=AdnMTkgB2QZPSAHBBFBIAcEEUUgBeF5JDFLIAQEIAABTyAEBCQAAVMgBAQoAAFXIAVHPVs
708=gBAQwAAFfJAQ0iuD4nQQNZVALRxFpIAd1XWygpAFwoKQBdKCkAXkgBxbhfSAHJF2BIAc1o
709=YUkB70gjTSViKCkAY0gBJWE+ZEgB2QZlKCkAZigpAGcoKQBoKCsAJgBhSApIAH26Ybyvfb
710=php60BAClABCMXLwEAKkgBRQUATV0rSAEngQthJBwlIpAj0wkDAC5ABIwFItBXJ1UAMFUC
711=rHQYY1xhAKmpATJUAieBC2FIzUAHfLonDQI14ARhXGEogAsnKQA4QQSMVAZJADlIAdFWOk
712=gBySI7SAHBBDxIASeCC2EAzQU+VALNBT9IAcFGQEgBwQRBSAHBBEIoKQBDKCkARCgpAEUo
713=KQBGSAFgXE2fR8gBTZ9ISAHRCUkoKQBKKCkAS0gBUBlpAExIAckXTUgByRdOSAElfSZPSA
714=HVAlBIAd0VUUgBYVwOfrphAGkBD2BcqQEQYFypARFgXKgBARIAAFbZBhNgXLUCFGBcJ6kF
715=WUAEyRdaKCkAWygpAFwoKQBdKCkAXigpAF8oKQBgSAEnggthAMG/YlQCyQFjSAHBv2RIAc
716=EPZSgpAGYoKQBnKCsAJwBiaCcirSEoSAGQS2hZ1AJoWScpACtABCcpC2IoKAvABGhZJykA
717=L00FsLFWMEkBpakBMUgBmA1ttWKgtGy12wYCADRABM0QNegBaVliKCgLJykAOEEEkJYJAD
718=lIAcmmOkgB0R87SAHBBDxIAdGuPSgpAD5JAYmlCD9IAcEEQEgB0QlBSAHRCUJIAc1dQ0kB
719=hbkGREgB3aRFSAHNBUZJAQ9kHiJKO2IAaAFVAUhUAsEESUgB0QlKSAHRCUsoKQBMSAHFVU
720=0oKQBOSAHRFE9IAcEEUEgBJykLYp1XFWhZqQEWaFmpARdoWakBGGhZqQEZaFmpARpoWakB
721=G2hZJ6kFWUgMyRdaKCkAWygpAFxIASUtPV1IAd2vXigpAF8oKQBgSAHVvWFIAd1XYigpAG
722=NIAcm8ZEgBwQ9lKCkAZigrACgAY6QxcFYnKQAqKFUAK0gBJ9EKYyjQCswFcFYnKQAvTAWU
723=CSKDIWMAr1E2AH+vYwCqqQEyQASYU3BW2AZxVmOoWSKAIcgBcVZjKNAKJykAOEQIwRo5KC
724=kAOigpADsoKQA8KCkAPUkBrG8QAAA+SAGbEQAAP0gB0QlAKCkAQSgpAEJJAYyGGgBDSAHB
725=RkRIAcFGRUgBxQhGSAFkVZ2vY5BWnK8n6QJJQATZaUpIAcFRS0gB3QpMKCkATUkBiqEPTk
726=gBpgEAT0gB2RFQSAHNEFFIAc0QUigpAFMoKQBUKCkAVSgpAFYoKQBXKCkAWCgpAFkoKQBa
727=KCkAWygpAFwoKQBdSAElMSJeSAHNUl9IAc2qYEgB0RRhSAHJsWJIAcEEY0gBwQRkKCkAZS
728=goAAIpAGQAIKEhKkgBI683AAArSAEnegpkACMwOCJ4IMwFIg5EZACMBSL8KyKkY0gIeFMn
729=KQAxRAhNAgBFVTJIASd6CmQAJXVGNFQCI2BfeVNkpFV5U2QoeAonKQA4TAXVGDlIAc2UOk
730=gB1Zw7SAHBBDxJAaytUj1JAaWpAT5JAZOcEVpTZADBBEBVAqahBEFIAd0KQkgBzUdDKCkA
731=REkBhqUIRUgB1Q1GSAF5UwRtqmSYUwEFAABIVALBBEkoKQBKKCkAS0kBjLEJTEgB3QpNSA
732=GyAgBOSAHFCE9IAcFcUEgBzQVRSAHBBFJIAdkGUygpAFQoKQBVSAEjCDNtqmQkjChsqglk
733=AB4AAAAAAABYAGQRAACSDgAgAQAeAABgAAJZAGQAImMBAABaSAGmAQBbKCkAXCgpAF0oKQ
734=BeSgH6AZUFX0kB9KkBYEoB//+VAmFIAcEEYkgBwQRjSAHBBGQoKAACKgBlAB2WBgArSQEk
735=awEBACxJASipAS1IAWQBAQACAC5IAYMEAgAvSQEgewICADAoKQAxKCkAMkkBI6EEM0kBH2
736=sBAQA0SQEnawEAADVIAYMEAAA2SAHFEzcoKQA4KCkAOUkBkLkGOkkBhqkBO0kBsLEfPEkB
737=oqkBPSgpAD5JAaS1Aj9JAaepAUBJAampAUFJAZCxCUJJAYipAUMoKQBESQGKtQJFSAHRFE
738=ZJAQ9ECAEGAABHSAHVAkgoKQBJKCkASigpAEtIAdUNTEgB3QpNSAGmDABOKCkATygpAFBJ
739=AYylBFFJAYepAVJIAaYBAFMoKQBUKCkAVUgBwTtWSAGTFAEAVygpAFhIAYcIAQBZSAGENG
740=FRZZACUQBbVAKbBgAAXEgBRAJpAF1IAdUCXkgBaAJNAF9IAdUCYCgpAGEoKQBiKCkAYygo
741=AAErAGYAmAZrTmYAJUQJAQABAC1UAmQBiU5mhAFJAS8oVQAwKCkAMUgBh0oBADJJASB3BQ
742=EAM0gBkEtqTmYAzRs1VAJ8A00ANkgBgw8AADdJAY1IAkkAOEgB3Ss5SAHBBDpJAYxUA0kA
743=O0gBwQQ8SQGrUEBVAj1IAdVPPkkBpbUCP0gB3QpASAHZBkFIAd0KQigpAEMoKQBEKCkARS
744=gpAEYoKQBHKCkASCgpAEkoKQBKKCkAS0gBQBRpAEwoKQBNKCkATkgB0RRPSQGFZwUAAFBJ
745=AYOpAVFJAYapAVJIAckXU0gBsgIAVCgpAFVIASfICSdhB1dUApsGAQBYSAGYBmhOJ1kGWv
746=UCAEyf2AZoTsc/AABdQASHCAAAXkgBhwgAAF9IAdUCYCgpAGEoKQBiKCsALABnvUwCUUtn
747=vK98mScpAC9ABJSyfZlnt7ICADFUAoxHcktnAJ1MAFJLZwCdTABemWcAnEx9mWfAE16ZZw
748=DRKjdECMUpOEkBiqkEOUgByRc6SAEncglnAMktPFQCJ3IJZwAncwlnAKXzS2cAkLEJQEwF
749=yQxBSQGFtQJCSAHJTkNIAdUNRCgpAEUoKQBGKCkARygpAEgoKQBJKCkASigpAEsoKQBMSA
750=G+DgBNSAHRH05IAcUTT0kBiKUEUEgB1QJRSAHFHlJIAdEUU0gBqAVQSydRBVVUApPPAABW
751=SAGV0wBcmcAEcEsnhQZZQATZMlpJASG1CVtIAYw8cEvEP3BL2D1wS9AJcEsnKQBgWAbFE2
752=EoKwAtAGilSgNZ4milSgNZ4mitRwNZ4mi8jnhIyAF7SGgAJrkRM0QI2RE0SAElISA1SAG8
753=A1lIaO08N1QCwSU4SAHZETkoKQA6SAEnGgloAN1MPFQCJxsJaACnrUc+VALFSj9JAaa1Ak
754=BIAcUIQUgBxTRCKCkAQ0kBh6kTREgBzRBFKCkARkkB2LEJR0kB0KkBSCgpAElJAdK1AkpI
755=AcUIS0gBwUZMSAHdV01IAcFGTkgBwRpPSAGoEEyUJ3UEUVQCwQRSSAHBBFMoKQBUKCkAVS
756=gpAFZIAdmVV0gBmAZ4SNE1AFniaJACUQBaQATNBVtIAUcCAAABWOLRQAFMlCfZAF5ABM0b
757=X0gBjwUAAGBIAdQCAS4AaQCJAQRBRmm0RGFGaahDY0ZpACp8BmFGaaRKcdppbAJhDzRECI
758=CTfI7UAiIcJScpADdABNU5OEgB0So5KCkAOkkBhrkJO0kBsLkyPEkBpakBPUkBj6EEPkkB
759=r7UCP0kBqakBQEgByQxBSAEnwghpAMkBQ1QCyQxESAGHHgAARSgpAEZJAduxCUdKARYCmQ
760=1IKCkASUkB0aEESkgBxQhLSQGQigUATEgBxT9NSAGyAgBOKCkATygpAFAoKQBRKCkAUkgB
761=3YNTSAHBclQoKQBVKCkAVkkBLa0MV0kBIKkBWEgB0Y1ZSAHRCVpIASM4I3Da2DJgRsQ/YE
762=bYPX2OaaCIfI7ZPQBJQ2q0RGlDaq0NA0nSaqBGAQIAMgDIAWhDwAQivCPUAmhD1AJoQycp
763=ADdYBtknOEgB0TU5KCkAOkgByW87SQGLqQ88SQGxrTE9SAHFPz5JAYWhBD8oKQBASAHdCk
764=EoKQBCKCkAQygpAERIAcUIRSgpAEZIAdGNR0gB1URISQHTrRBJSQHVqQFKSAEnaAjNJgBI
765=QyfFA01ABKwUSEMnVQBPKFUAUCgpAFEoKQBSSAHNflNIAYUIAUjSxwgBAFUoVQBWSAHBcl
766=dIAY8FAABYKCkAWUgB0QlaSAGDBAEAWygpAFxIAZQYaEPXGAEAXihXADAAa5UGAHFAaygQ
767=CMgBcUBrJokiNEwFzVI1SAG8BkDKxAgi0CsnKQA4QATVOTlIAcV2OkgB2QY7KCkAPEkBkb
768=kCPUgBzTw+KCkAPygpAEAoKQBBKCkAQigpAEMoKQBESAHJTkUoKQBGKCkAR0kBiaEPSEgB
769=wUZJKCkASkgBwUZLSAGEKXFAa69oAABNKFUATkgBxc5PSAHZBlBIAdkGUUgBsg0AUkgB3T
770=ZTSAGUAnBAJ6kFVVQCxYFWSQEuhgQAV0gBzYlYSAHR+1lIASUNI1pIAdkGWygpAFwoKQBd
771=KCsAMQBstAptfmykP3k9bLzFIhkqbLDEbH7MBWx+JykAN+cIAAA4SAEnuQds7bU6VALdID
772=tIAboNADwoKQA9SAHZBj5IAcU/PygpAEAoKQBBKCkAQigpAENIAdFLREgByS1FKCkARigp
773=AEcoKQBISAHZlUlIAcEPSkgB0QlLSAHRCUxIAcE7TUgB1UROSAHZBk8oKQBQSAHBBFFIAd
774=EfUkgBJ7gH2Cd4PdUuAEx+1wIAAFYorQBXSAGMJiL8ICetAFlUAsUTWigpAFtIAYwFIhkq
775=bPtTMgBtqAFhO228A3G5bbg9YDvUAmA7JykAN1gGxR44SAHZHDkoKQA6KCkAO0gB2Rw8SA
776=GuDAA9SAHdKz5IAdVwPygpAEBIAd0KQSgpAEIoKQBDKCkAREgB0SpFKCkARkgBwQ9HSAHJ
777=IkgoKQBJSAHRS0pIAdUNS0gB0QlMSAHVAk0oKQBOKCkATygpAFAoKQBRSAHVRFJIASdgBy
778=epBVRVAiahIVVIAcV2VkgBJ54fbQDZdFhUAs2qWUgBtgYAWigpAFsoKwAzAG68A2k4bigI
779=B9QCaDgnKQA3TAXBMDhIAdkcOSgpADooKQA7SAHBGjxIAawMSDgnMQE+VALdKz8oKQBASA
780=HdK0FIAckMQigpAEMoKQBEKCkARSgpAEYoKQBHSAHZMkgoKQBJSAHdCkpIAdlISygpAExI
781=AcEETSgpAE4oKQBPSAHZBlBIAc0FUUgBxR5SSAEnCAfEHmxzJykAVUAEiSIBTHMn1QVXVA
782=LJIlgoKQBZSAGMBSLJS26ob2Gpbyg9P2/cA1zmJyoANwAnKQA4SAHdNjlIAckXOkgByRc7
783=SAHJFzxIAdUJPSgpAD5IAcUTP0gB3XhASAHFCEFIAd0KQigpAEMoKQBEKCkARUgB2QZGKC
784=kAR0gBxQhIKCkASUgBJdksSkgBzRBLKCkATEgBwUZNSAHdCk5IAdkGT0gB2QZQSAHdIFFI
785=AcEEUkgByd1TSAEluT5USAGYBiLwJMQpcTVv5dlXQATR5VhIAc0mWSgrADUAcNACWDInKQ
786=A3KFUAOCgpADkoKQA6SAHBGjtIAcEaPEgByVk9KCkAPigpAD9IAdknQEgBzRtBSQH3JO0p
787=QkkB76kBQygpAERJAfG1AkVIAdUjRkgBxQhHSAHFCEhIAcUISUgB2QZKSAEloSVLSAHRFE
788=xIAckXTUgB0UtOSAGTKgAATygpAFAoKQBRKCkAUigpAFNIAdlpVEgBhAh5MnCwYXgyJykA
789=V0AEJXkrWEgBjAVxmHHuMTcAJykAOEgBxR45SAEl1SY6SAHFKTsoKQA8KCkAPSgpAD5IAc
790=ElP0gBwSVASAHBJUFJAe29K0IoKQBDKCkARCgpAEVIAdEqRkgByRdHSQH2pQhISAHRCUko
791=KQBKSAHZBktIAc1HTEgBJwIGcQDBGk5UAsU0TygpAFBIAdXeUUgBwQ9SKCkAU0gBJwEGcf
792=UuVVQCjAVgMCdVAFdUAsMwNwBy9S44SAElvTk5SAHZ1zpIAc1oO0gB0QU8KCkAPSgpAD5I
793=AZcNAAA/SAEl1WhASAHJIkEoKQBCKCkAQygpAEQoKQBFKCkARkgB0TVHSAHRCUgoKQBJKC
794=kASkkB8K0xS0gBzUdMSAHRQE1IAdEUTkgBzTFPSAHNMVBIAdFhUUgBzQVSKCkAU0gB1ZFU
795=SAHF+lUoKQBWKCsAOABzJkVsOUgBmycBADpIAcEwO0gBlwIAADxIAdm2PUgB2T0+SAHNED
796=9JAY+xBUBIAclOQUgBySJCKCkAQygpAEQoKQBFKCkARigpAEcoKQBIKCkASSgpAEooKQBL
797=SAHNMUwoKQBNSAHBXE5IAdUuT0gBJ1EFcyY5WlFUAsEaUigpAFMoKQBUKCkAVSgrADkAdC
798=bxJDpIASXxJDtIAaQiWSd0JoVTPVQC2Wk+SAHZaT9IAcE7QEgB2VNBSQHyoUZCSAHFKUMo
799=KQBEKCkARSgpAEYoKQBHKCkASCgpAEkoKQBKKCkASygpAEwoKQBNSAHRVk5IAdUjT0gB2V
800=NQSAHJF1FIAcEEUigpAFMoKQBUKCsAOgB1p4EAADsoKQA8KCkAPSgpAD5IAd02P0gB2SdA
801=SAHZJ0FIAc1SQkgB1U9DSAHNJkQoKQBFKCkARigpAEcoKQBIKCkASSgpAEooKQBLKCkATC
802=gpAE1IASeiBHUA0dpPVALdFVBIASegBCfxA1JUAs0mUygrADsAdvUjPCgpAD0oKQA+KCkA
803=PygpAEBIAcElQUgB1Q1CSAEnSwR2AO2lSkRUAskBRSgpAEYoKQBHKCkASCgpAEkoKQBKKC
804=kASygoAAhMAHYA7QEAAAAAABEAAK0C7gUFTQB2AO0BAABBAE5KAe8BQwEAAE9JAfGpAVBJ
805=AZKSAgBRSgH//40BUigoAAE8AHcA1QI9KCkAPigpAD8oKQBAKCkAQUkBjo4JAEJJAfq1DU
806=NJAfKpAURJAe2pAUUoKQBGKCkARygpAEgoKQBJKCkASigpAEsoKQBMKCkATSgpAE4oKQBP
807=SQH0oQ9QSAHNG1EoKwA9AHjlHj4oKQA/KCkAQEkBja0bQUkBhqkBQkgB0QlDKCkAREkB9r
808=UNRUgBxR5GKCkARygpAEgoKQBJKCkASkgBzSZLSAHFCEwoKQBNSAHBBE5IAc0bT0gB2RFQ
809=KCsAPgB57Rs/KCkAQEkBkLUYQUgBJ0ADJ60AQ1QC0QlESAHVOUVIAcEPRkgBxRNHKCkASC
810=gpAElJAfC9IEpIAdEJS0gB0QlMSAHBBE1IAcEETigpAE8oKwA/AHr1GEAoKQBBSQGMtRhC
811=SQGHqQFDSAHRCURIAd02RUgBwQRGSAHNEEdIAcEaSCgpAElIAdEqSkgB0QlLKCkATEgBzT
812=xNSAHFa05JAY+vEEAAe/0VQUgByS1CSQGKoQRDSAHdCkRIAdUYRUkBg6EERkkBiakBRygp
813=AEgoKQBJSQGLoQRKSAHRCUsoKQBMSAHZHE1IAcMaQQB85RNCKCkAQygpAERIASc6AnwAyU
814=NGVALJDEcoKQBIKCkASSgpAEooKQBLKCkATEkBkb8VQgB97RBDSAHFNERIAdEfRSgpAEZI
815=Ad02R0gBzRBIKCkASSgpAEooKQBLKCgAAUMAfgDBMERIASeKAX4AyQFGKFUAR0gB1Q1ISA
816=HVDUkoKQBKKCsARAB//QpFSQGIrRtGKCkAR0gByQxISAHdCklIAd8KRQCA/SBGKCkAR0gB
817=3RVISAHDRkYAgewFCEcAgQD//wAAAAAAEQAA

[Lighting]
Red=1.000000
Blue=1.000000
Green=1.000000
Level=0.032000
Ground=0.000000
IonRed=0.695000
Ambient=0.750000
IonBlue=0.775000
IonGreen=0.445000
IonLevel=0.032000
IonGround=0.000000
IonAmbient=0.650000
DominatorRed=0.850000
DominatorBlue=0.300000
DominatorGreen=0.200000
DominatorLevel=0.000000
DominatorGround=0.000000
DominatorAmbient=1.500000
DominatorAmbientChangeRate=0.009000

[Map]
Size=0,0,60,70
Theater=TEMPERATE
LocalSize=2,4,56,64

[Neutral]
IQ=0
Edge=North
Color=Grey
Allies=Neutral
Country=Neutral
Credits=0
NodeCount=0
TechLevel=1
PercentBuilt=0
PlayerControl=no

[Nod]
IQ=0
Edge=North
Color=Gold
Allies=Nod
Country=Nod
Credits=0
NodeCount=0
TechLevel=1
PercentBuilt=0
PlayerControl=no

[OverlayDataPack]
1=PQAAIP44GACDBgcG//0BPBaECAoICP4DAAf/+AE6GIQICgAK/gQAC4MKCAT/9QFDGP4EAA
2=oB/YQICgsH/r4BAIBmAAAg/jYAAIwEBwcICgsIAAAKCgf++AEAEgCGBwoKAAcE/vMBAIEE
3=FACDCgoIAAL/9QFAAIEG/gYACgQCgQj/9gFAAIMGBwAR/gH8gQj/9wFBAIYHCAYABAQGC/
4=/0AUMCGAOBBv7EEwCAPgAAIP40FACDBAcG/v0BAIQHCwoH//4BOBSCCwr//AE2FIUGCgsL
5=CP78AQCBCAQBgggE//wBOhL+AwAH/8YBOhyAzgAAIP4VBACBBv4EAAeBBP/6ARwCgQr+BA
6=ALgQf++QEAgwcKCv4DAAuBCP/5ARwEgwgACAIBggoG//kBHAiCCADrFwqCBgf/zQEbCoIH
7=CAYBgQrnGgYIMOgZDv+lAXAKggoK6EgOgQf+AwALggoI/80BGgSCBgb/LQLpBxIA/88BSB
8=Dr6w/+BAAL3hoMwBUE/9UBTBQGABIC3EoSgQQeVf/WARoGDjGBCN5KFMIUBv/MAUoShAIK
9=CgxD24MEAATfGBL/0wFGFIEF7ukF/5ABbhiAEQEAIP4+AACBBf4rAACCBgr+BQALgQf+nw
10=EAgwQHBv4qAACBAf4sAACBCP4EAAuBCugTAv51AQCBB+1vAoEE5hoEgQgEAoEI/qABAIcH
11=CgoHAAYG/1UAFACDBgcH5kIE/3oBmQSCAAj+AwAK5xcG6T4A/qMBAIEGAf7qbgCDAwoK/6
12=EBcATuPwL/ogFvBP9aALgBGaf/ogFvAv9dALcLggoI3G8GgQT/3AEZDuARAoEH3hYQ1PsJ
13=/8cBOBAcI+8YDBpc/8UBcBKEBgoKAAIB7DsSwmoA/8UBGAyBBP4EAAjubxSBB8JsAu08Fv
14=6WAQAkAe4HFv+lAWwA5BIWGALtPRaBBx5c/8QBcxr2Eg4OXP+NAXEUgHQAACD+OQAAhQcK
15=CwsI/jIAAIMEBwb+xwEAhAYHBwT+CAQAggQE/v4BAIIIByYS//gBRwaBBiIAggYKIgb/9Q
16=FSCIEAC9eCCAv/+AFNCg4N/gUACv/IAXIA8BUOgwgICvE8AP/IAX8EA/qBCP/6AUwOYgT+
17=sgsAgA4AACD+Qh4AhAYHBwb+ugEAgGkAACD+QAAAigQICgsLCggHBwT+9gEAgQf+CAALgQ
18=j//wFKAIIKB/71AQCCBAcWASIBgQb+9wEAgQhkAYEG//UBSQAqAwIAgwAICP/3AUsGJAIM
19=Bf/4AUsGggYK//wBSQwSAf/8AUoO/r0NAIAFAAAg/gAgAIAFAAAg/gAgAIAFAAAg/gAgAI
20=AFAAAg/gAgAIAFAAAg/gAgAIAFAAAg/gAgAIAFAAAg/gAgAIAFAAAg/gAgAIAFAAAg/gAg
21=AIAFAAAg/gAgAIAFAAAg/gAgAIAFAAAg/gAgAIAFAAAg/gAgAIAFAAAg/gAgAIAFAAAg/g
22=AgAIAFAAAg/gAgAIAFAAAg/gAgAIAFAAAg/gAgAIAFAAAg/gAgAIAFAAAg/gAgAIAFAAAg
23=/gAgAIAFAAAg/gAgAIAFAAAg/gAgAIAFAAAg/gAgAIA=

[OverlayPack]
1=IwAAIP44GP/+AwBw//8BPBb+BgBw//kBQBhiA//9AUMY/8EBPxyAVwAAIP42AP/+BwBwg/
2=//HhAF/vYB/xIA/gMAHgAI/vMB//4DAB7+BQBwIAj/9gFEAiIBAAn/9gFAADX5Efz/+AFA
3=ABP+//4BPgj+DAD/gbH+Bg7/gaz+sAX/gCwAACD+NBT//gMAcP8AAjcS//0BNhT+BQBw//
4=sDORYyAdo4GoGo//8BWBr+qQH/gI0AACD+FQT//gYAcP//ARwC//wBGgSCHh7/+wEYBgH6
5=/gMAHvAYCIGp/8kBTgQCAekZCv4DAB7//AFIBP4FAB7/0QFIDP4qAP/+BwAe/88BRwj//Q
6=EaEP4sAP8B+v/9AUQS/goAHuD2D//cAW8U//kB9wNGAv/vAUwY/gQAAMg/Gv/0AfMFQgDm
7=7wf/kgEXCIDIAAAg/j4A/4EA/isA/4JwcP4DAB7+AwBw/p8B/+pvAOk+ACIB/6UBbwDrcQ
8=LmPgL+BgBw/qAB/yGk/1cAEgL/pgFtBIH/3G0CgbD4MAL+ogH/7moA/gQAAP/QAUUI/6MB
9=bgb/XQC4Bf+kAW0G/2AAuA3+HQD/gh4e/94BOQ7+IAD//gUAHvPeB/7FAf/zNxL/yQEVDh
10=H97zgU/gMAcApa/8kBcxLwOxb+BAAe/8gBcBbvNhAUAP/HAXAY9jYY/8cBbhTzNxz/kwFq
11=BoBcAAAg/jkA//4FAB7+MgD//gMAcP7HAf/zOgD+tgH/ga3+HwL//8kBcQD6Dwb/+QFGBj
12=nV/8oBcADwFgggA//5AUcG/ggAcP//AU4M//0BTQb//AFKEP8EAkIG/rYJ/4ATAAAg/jEG
13=/4Gw/hAY//4EAHD+ugH/gFEAACD+QAD//goAcP72Af/+AwBwgh4e//0BRQD+BAAeIAb//Q
14=FLAv/5AUcEIgNCAP/2AUgC/gYAcCH///oBSQD//AFEAFIA/voB///9AUkO/r0N/4AFAAAg
15=/gAg/4AFAAAg/gAg/4AFAAAg/gAg/4AFAAAg/gAg/4AFAAAg/gAg/4AFAAAg/gAg/4AFAA
16=Ag/gAg/4AFAAAg/gAg/4AFAAAg/gAg/4AFAAAg/gAg/4AFAAAg/gAg/4AFAAAg/gAg/4AF
17=AAAg/gAg/4AFAAAg/gAg/4AFAAAg/gAg/4AFAAAg/gAg/4AFAAAg/gAg/4AFAAAg/gAg/4
18=AFAAAg/gAg/4AFAAAg/gAg/4AFAAAg/gAg/4AFAAAg/gAg/4AFAAAg/gAg/4AFAAAg/gAg
19=/4A=

[Russians]
IQ=0
Edge=North
Color=DarkRed
Allies=Russians
Country=Russians
Credits=0
NodeCount=0
TechLevel=1
PercentBuilt=0
PlayerControl=no

[Special]
IQ=0
Edge=North
Color=Grey
Allies=Special
Country=Special
Credits=0
NodeCount=0
TechLevel=1
PercentBuilt=0
PlayerControl=no

[SpecialFlags]
Inert=no
FogOfWar=no
IonStorms=no
MCVDeploy=no
Meteorites=no
Visceroids=yes
FixedAlliance=no
TiberiumGrows=yes
InitialVeteran=no
HarvesterImmune=no
TiberiumSpreads=yes
TiberiumExplosive=no
DestroyableBridges=yes

[Structures]
0=Neutral,CAAIRP,256,67,66,64,None,1,0,1,0,0,None,None,None,0,0
1=Neutral,CAAIRP,256,59,63,64,None,1,0,1,0,0,None,None,None,0,0
2=Neutral,CAFRMA,256,45,43,64,None,1,0,1,0,0,None,None,None,0,0
3=Neutral,CAWT01,256,40,43,64,None,1,0,1,0,0,None,None,None,0,0
4=Neutral,CAHSE05,256,47,43,64,None,1,0,1,0,0,None,None,None,0,0
5=Neutral,CAFARM02,256,42,49,64,None,1,0,1,0,0,None,None,None,0,0
6=Neutral,CAFARM02,256,43,49,64,None,1,0,1,0,0,None,None,None,0,0
7=Neutral,CAFARM02,256,41,49,64,None,1,0,1,0,0,None,None,None,0,0
8=Neutral,CAFARM01,256,41,50,64,None,1,0,1,0,0,None,None,None,0,0
9=Neutral,CABARN02,256,35,44,64,None,1,0,1,0,0,None,None,None,0,0
10=Neutral,CATS01,256,35,41,64,None,1,0,1,0,0,None,None,None,0,0
11=Neutral,CAHSE01,256,93,84,64,None,1,0,1,0,0,None,None,None,0,0
12=Neutral,CABARN02,256,81,93,64,None,1,0,1,0,0,None,None,None,0,0
13=Neutral,CAHSE06,256,86,94,64,None,1,0,1,0,0,None,None,None,0,0
14=Neutral,CASIN03E,256,66,71,64,None,1,0,1,0,0,None,None,None,0,0
15=Neutral,CASIN03S,256,64,64,64,None,1,0,1,0,0,None,None,None,0,0

[Tags]
01000001=0,YX 1,01000000
01000003=0,YX Clone 1,01000002
01000005=0,YX Clone Clone 1,01000004
01000007=0,YX Clone Clone Clone 1,01000006
01000009=0,yx2 1,01000008
01000011=2,yx3 1,01000010

[Terrain]
9060=TREE14
17063=TIBTRE02
18056=TIBTRE02
18071=TREE13
26043=TREE14
26075=TREE04
30078=TREE06
31082=TREE14
35029=TREE04
35077=TREE11
36072=TREE02
36081=TREE10
37054=TREE06
37083=TREE19
37086=TREE13
38029=TREE13
38088=TREE15
41026=TREE08
42079=TREE02
43043=TREE03
44038=TREE07
44076=TREE04
45039=TREE06
45040=TREE05
45044=TREE04
45083=TREE13
46067=TREE06
47081=TREE07
49027=TREE04
49047=TREE03
49077=TREE06
50058=TREE15
50102=TREE08
51053=TREE11
51088=TREE03
52023=TIBTRE02
53096=TREE10
55013=TREE06
55050=TREE14
55053=TREE05
56032=TREE15
56046=TREE08
56056=TREE04
57048=TREE01
57070=TIBTRE02
57092=TREE04
58044=TREE05
59065=TREE10
59086=TREE11
61078=TREE11
61099=TREE05
63109=TIBTRE02
64042=TREE06
64046=TREE12
64050=TREE10
65044=TREE05
66082=TREE03
67013=TREE10
68031=TREE11
68046=TREE13
68082=TREE03
68086=TREE15
69020=TIBTRE02
69079=TREE04
70062=TREE12
74046=TREE12
74085=TREE01
75057=TIBTRE02
75080=TREE15
75092=TREE07
76077=TREE02
76111=TIBTRE02
78037=TREE04
78083=TREE01
80041=TREE02
81050=TREE03
82071=TREE07
83044=TREE07
83049=TREE06
83087=TREE22
83089=TREE22
84032=TREE05
84047=TREE12
84088=TREE22
85091=TREE23
86035=TREE15
86039=TREE14
87043=TREE15
88035=TREE14
88085=TREE23
88104=TREE14
89042=TREE15
89047=TREE13
89083=TREE21
89095=TREE24
90044=TREE02
90053=TREE14
90057=TREE01
91055=TREE14
91062=TREE13
91071=TREE07
92038=TREE14
92049=TREE10
92055=TREE14
92059=TREE14
93042=TREE01
93048=TREE01
93057=TREE12
93093=TREE22
93094=TREE22
94038=TREE05
94066=TREE11
94090=TREE21
94093=TREE22
95054=TREE04
96046=TREE11
96060=TREE12
97049=TREE25
98044=TREE05
99041=TREE07
99052=TREE04
102088=TREE14
103080=TREE05
106056=TREE07
109055=TREE01
114067=TIBTRE02
115073=TIBTRE02

[Triggers]
01000000=Neutral,<none>,YX,0,1,1,1,0
01000002=Neutral,<none>,YX Clone,0,1,1,1,0
01000004=Neutral,<none>,YX Clone Clone,0,1,1,1,0
01000006=Neutral,<none>,YX Clone Clone Clone,0,1,1,1,0
01000008=Neutral,<none>,yx2,0,1,1,1,0
01000010=Neutral,<none>,yx3,0,1,1,1,0

[Units]
0=Special,CONA,256,63,66,96,Guard,None,0,-1,0,-1,1,0
1=Special,CONA,256,65,69,0,Guard,None,0,-1,0,-1,1,0

[Waypoints]
0=71106
1=60025
2=105072
3=27060
10=92057
11=60048
12=46042
13=41080
14=71081
15=89090

[YuriCountry]
IQ=0
Edge=North
Color=DarkRed
Allies=YuriCountry
Country=YuriCountry
Credits=0
NodeCount=0
TechLevel=1
PercentBuilt=0
PlayerControl=no



[Digest]
1=49ciEkvcfl/Hy55U38IpiAoJhZE=

