; Map created with FinalAlert 2(tm) Mission Editor
; Get it at http://www.westwood.com
; note that all comments were truncated

[Header]
Width=55
Height=55
StartX=228
StartY=35
Waypoint1=237,77
Waypoint2=270,44
Waypoint3=0,0
Waypoint4=0,0
Waypoint5=0,0
Waypoint6=0,0
Waypoint7=0,0
Waypoint8=0,0
NumberStartingPoints=2

[TELE]
OpportunityFire=yes


[Preview]
Size=0,0,120,60

[PreviewPack]
1=6RMAIAmiqFCjp1C5tlmTmT+vAbGvVUABSAADo6dQlJhCQAEGp6xTurhWubZZTAEDjpRAkJ
2=NASwOQlEBYAUABSANDAaesVUAHA8SuTL25VEgAUAVIAFwCSABMBEgDXAuvBJWYRFACSABc
3=AkgAUAUqLwCqr1NABFwOXAVIAEABTARABEgAQAFIAEABSABAAUgAQAFIAEABSABAAUgAQA
4=FIAEABSABAAUgAQAFIAEABSABAAUgAQAFIAEABSABAAUgAQAFIAEABSABAAUgAQAFIAEAB
5=SABAAUgAQAFIAEABSABAAUgAQAFIAEABSBhQHVgWJywAWAFQF0gAvBdYBEABCaWhTqGgSq
6=iWRJihT0QFBqOgULWXSp+gTkwBtCoJoKhOt7hVr7RUnaFGUCxQAkgDTAdIAEABBqSARb5/
7=RHdkNEwBSABQAqQvrAFYAUABSABAAUgAQAFIAEABXA5YE6wBWAFMAUgAWBNIAFgTSABABE
8=gAQAFIAEABTARQBawEpBqkMlwCQAEqjABYBFACSABAAUgAQAFIAEABSABAAUgAQAFIAEAB
9=SABAAUgAQAFIAEABSABAAUgAQAFIAEABSABAAUgAQAFIAEMBp5pMUCPMAeRQUAJYIlIjub
10=e0VAFLtLVVTARAE0gAXBdAB1gBSAAGp5NHrZdKrKJSTwG8oUu+ApGSc1ykqVFAAUAHSAkq
11=pAOsBFwFBnxaM2NYM3R0OEwBUAK/X62tU0wBSABQAkgAQAFIAEABSABAASccASewAC10Bl
12=xlWA1EF1Q8TAG8BVQwTAdIAFAITGRAZKwBWAFYGUgARBpMAVACSABAAUgAQAFIAEABSABA
13=AUgAQAFIAEABSABAAUgAQAFIAEABSABAAUgAQAFIAEABA62jUKSZR0wBCLmpVJCNRq2aSa
14=2hZFBIA1ACSAAqBApQAkgAUAJAUlwCRBpQIFgBQBNAGUgDSABYAQyslkeom0agoU+Zo1Oq
15=nExMNLwCUBdEBVAaSBukHUgDTDpcAkAESABPB5xvPUABSABMAUgASAwnLABAAUgAUAJIAE
16=ABJ8QEJxwKWApcAkgAQwS5uFZYK7wLUDtIPEgPQA2gCq4En5l7QKihTkserp5NUAK8BVgH
17=RDJYAUABSABAAQOpp1i7q12sAQPAr2CtqVasAUgDQAFIAEABSABAAUgABsmxZea+c7ywXE
18=wBUAJIAEABSAAGpJlMsZxMpZtNTAFQAkgAQAFIAGAK9DBQAlgWUClUUUwBSABABCrMAqQC
19=UAIIeHh4mqRMp5dFqKJ2GKKoxF9YBycsAEgbrwGej0knBARMBwmfoVSen1CjdD5nXjhcU0
20=g5WCVcAlALtCqkfUgDSA9ENVACJ5wIWChQI1BWXAUqzAgq3AFABKwHWEOBB0xDEKKUTFwL
21=vBFYTJwFbM1cCJwCzAEJ4Lxw5b9z5r1w3LhrKlwAKiwABrOrWcWzZde1aFgEKlwATAFIEk
22=g5TAoGj5dEipA6nqZLQDdcAkgAUwKkp1VIMKwBVEJPE6+fSUhUWB9AE1AdQBZMAUwTUAVY
23=BEgAQAFIAAaulkSnm02bnEtUBkCyUClAAVg0Sye1tVMnLABYAVgHSDxEICfsAAOijkVxUi
24=5DtYF4OUgMpCNUKkAEvE1YUkAHSABMB0gAWHBAEFALSABUElgNWG1cQVACSABQAkgAUAIn
25=vBhAB0gAQAdfFLSfSiqMAEgMUAJIAEABSABAAUgAQAFDKOe7blQnSy3JtmZYIrwCSANAAU
26=gAQAFIAEABSAAtjAAGjJc+mqNJpppJRCkAA4yVP5CXQI2WPL6uYOW+c8y2ZLepWEAHSABA
27=B0gAQAG8EUBGJ9QVUCBcAlBKsCBYBFAXRAJIAEwBCayXRZeBOK6SRpydTFgBXE0nxBBMAU
28=ArSAlcAkQgQH9AVUwBQAdIAEABQOJAAUgATAFMClgiSABAASq8CVR+UAJIAFwCQCtYE7Qw
29=SAYntAVELEs8kJM/WMpIQkQdWARQAlQwQAdID0AHWAFADUgAQAdIAEABSABAAUgAQAFIAE
30=ABSABYIicsAEABCJSbRoSOOYeRPKabeGFABFivXAJYAUATWAFMAUgAQwF7hDFAAbwFRCxQ
31=FFgBXwK8r15MAXCGLBQSU1CdoUisBFgEWExIFUwctC1EAicgAFACWBnEBQqZRa2dTaibSa
32=2ZRpucIhwiQB9ICbQbrDRYNEQvSABAVVwICaeeUqiVTKZ2RHF0OFhtWzqppk9MClgiQChI
33=JEwEXAJQJkBhTAFfAqyeT3p/lExQC7wIVB5Uk1gQQA1IAEgVWAS0KlQbvA5EL1AUSABQCE
34=gAQwH6+gBIAKwBWAFAAUgAQAFIAEABSABAAQOdpU+BizdTLICIMUgAA4KIMJCWPlBWUH1S
35=DpeeK7QpUAUDjpY/j5U9RCwDjJRBg4w0UAVYFlwISABDCse1YkABQCtAXlgcTAFIAFwCSC
36=FYT6wZWAEnbAW0A0QCQAFIAEABSABAASdkBAmioVWmoUumk0WinUhYBydsCyfUA0haXAJI
37=AEgMTAcGeVYvf249b2U5TFicCHykQCUnxARALpwCfL9MBFSHQBNQCEwHUAi8ZUA6J+QFRD
38=VYGaQsRDtMB1B3U63JsWJMKzAIAFwITAS0J6wBWAFAAUgASCesAU9VfYgvrAFcAkwQJywA
39=XBqsAVywUFasAUA0SDNIALQzUAJIAEAHSABAAb8RralWTAFIFUQvSLpsGfxxXAJEBUQgSA
40=BYGUwBQEmwAi1kBAmhoU6oq1W3n02jm0tICawEsTUUgABQLEQLSABAAQADq3VBalM4rnk8
41=kWU3aFcudns6fXI5ULa8QVsBcnk4XAtYB1BrVABUJ0AHSABMB0QsWC6sAVgBWDoqhAW8Dk
42=iuLXgFiRAUKlAATBlI0kgAVNJMASf0BEwBTFUnxARcWawKXAJAASd2BqepIlAqUwLDrl5c
43=AkgGSC1QLEAHSABAAUDiUL8n9xzmvnNYBFwFSABIVCcMDlQbvAK0AFQDSAMnLABcOFjrUJ
44=hcAlgcJ1wACaqWR66XR5qiUqmsWlwCSABIJEgAWCK8UEQjJywATAdABwADg2gziHo8fHg8
45=cXM6iXU5iW06v4pEWC6kLESARBFAN0xAVG9QCEgGQAdIAFwISABACiTUJ0Mln6BOXAJQRy
46=c8BbgrJxQAJ1wAQAEnHwGfl0tLAJyRR1wLUAKkJlPaj5dBSABAW0QmXAJIAFALSABIMydk
47=E1ACvCBA6FgrSABELEsAipA6sA5cBVTnSMBH47ywXFg0U7ylmEZYFlRFUERQF0wcXAhMoF
48=QASABIBkgATzTgvHBQ6Vg3VAknNAQMpqtTrpBEsJZJsqxUeHh4xiy4V1gWA42YP5ukSlxQ
49=TGFQfUABTApMBAAMknVJgGNCeWo3f3M7rZJIwIxESDYkpIBFfFozf10yTA1QaEgAXGhIAE
50=wHWEBIilwCTLisu0wBJ+QFQDFQFEAoJwgApB0tFAAndABAAVwFJK8iopZHVCdQg1iUUDVc
51=GmkDp2CaUBcnLABcDrQkXA5QAkgAQwGPmUZYMaQsTLVMAVCPXLZUM1gxrARE40cstJ9KQw
52=2toU5MDUgDUHdYB0AlrAS3AJacRiHoIqwBVHJILSQUJEAoSCFITlAyBKmVRMCiSq9KWqlT
53=WDRQBQOook6tqlO0JAOboUqfoktcOFBQSABAAVQMTwSaoEtIzK8BnKRRQA0Js4VAg286e1
54=szcG42XAJcC0hpWIhUM0ANSAZQAkAiQAGsWEgJVhikmSLMLFQkQCgnCAA2kAVMB6gDSAlI
55=HlgBQAFIAEMQybFlQLtMAVACSABAAWgAAqBQ/wAAqABILSeUB0AESAZILVTnSOFQMkAiQS
56=imJqwiUAVMBEgAUAhEQZRFeDdMIlhGSBtAAUgAXAJABExSJ4wGJ1wSXAJIJKQIWB9AW7QG
57=ABGrnEasjD+wnkutoku6iTyrkUWvj0K4lUakl0apkkenl0qenCu0BVmjqCOgOkAKTAFIFa
58=wKA8CLSLqEQSd0MyfkAlQSJ4cCtZdKUAWvZKCoTkQmSBVAbSecBUABvCknFABEAqgASHJM
59=BypUBUCOVOdIAFRIWKlYfEgSTARYE6QsKhQAXAJIAEAESABAAUghJ7QItJxEPlwCSABABE
60=gASEKsAVRCQAFAK1hGWHNQJrRIUAJYBEgAQAFIAEABSABAAUgAQAFIAEABSABAAUQgVAZI
61=AEABWAFQAkAiSAkBro9BqVwsDqFMrpREt5RErJJErJlEqaNPRA5AW62UlSaMTkwlXEFMB0
62=BqQLt8AgKORamfTUvnb2U5XAK05FxEUDtYAUANXAUn9BBYAVxKSwCQlj68KTMUAEAHSABQ
63=BUR6QHOsAVx0QKmkJlwCUAJIAEwEImk5qCg8C1ACUCZYKEgDTAFAqUAHSGBYNLTeQDRcAk
64=gAQARIAEBeQJFYiEwBSEJIHkAfUKdAHCeMAKABVABIAFgESABAAUgAQAFIAEABSABAAUgA
65=VAavna6eTUgtrDRINkwBQCJUigOhokqwlUOAfAlHs5hKsY9BtY0/q5dkwlAISABQCEAQQA
66=FIAFQJUCxAAbxQTlWRh2hXTARX5GNYM0gDTAFAOkBDSF1YLloBlJtopUTXpNGsBLwstNVM
67=AVICjJciHDdcBUwBSABAAUgAWyXJtWVYK7xcJ1wAQAFIAEAESABAuKwBtJasAVwCQAe/aJ
68=qjSUBhJ1wAQAFIAEAESGxAAUgATAFIAEgtSABQHUwBUAInsANYAQAGdlcsbVkwfHM2hXA4
69=iW07fWw8fXQ7hGI1SANEBUgAQAFUHoQRItwrRICwPlxZXCwJo6pQo51IrJdFm5xLVMC0Jw
70=mcnk2uk0OefDOPgzdEKVAISPBAWEAQaAYj91Wppk9MVScUA0wEBp+hVK6MSWpWMEwBSABc
71=DkgARCxAjkyjTAEq3CtABFhJX6eQl0AhNDG0n0wBXAJUgUjSWFJMAUwEXMJMB0wBSABAAV
72=gBQAFIAEwBSABAAUgAQAFIAEABSABAAUgAQAdbCoiSP0wBUFYDsKxYt65aTAFABEgAQAFI
73=AGABjBmsDaQ+XAJILUgbQB9QHW4Ep1BUAEgASANIAEABQGRQmAmtqVZxZTJ2dzqAWStcAk
74=BVQChYK0DWTFhMLlA+KjwLRwKnnlIh4CcDtI0/pqhSSMlIUUAECaCFOrSZSLaaQ7qrTkxY
75=VA9IAEgtTAoojgCoTlQYSA9QAkgABoJjMqyqe6yrgEwBXA6ojUwBSIoGx5FEuYZCd3g8TA
76=FT6XRkM1wCQAdIAEABSABAAUgAQAGsuye/ToCIMSfEBFQ2JywASDxIA0BkQH9AByo8FydU
77=BUAEpJVYCkwESAZDWIeRPEBnWAFQAkgAUBS8AkTmJywDVIdABEgAQAS0AKABrAFQa0yaQB
78=wMpJlHdns3p35BjIpAkHM7TARUCawESDxQU6yvVCdQAgmgoVOokUO5mESul0ekLFAsRBFA
79=6EA6Cb6rTquaRqipWKmsWkwHSC2sPaQRrKZfC3FSLkgJQwGxrJ4hZCirAJ+kX1ACBn90PV
80=pDLKN+RUghUHdTpMaOSiHQIgOIajd+ezdIBkwEUi9yeSUMXFgBUAJIAFAFJ3wBTGG0n0xP
81=SCe8XypnBNe1aE24jCPUSFSEUAhQMkAEQDFUJ6wiTQqPJuwtWMRMHCdkHFwLKhwNWLVAHE
82=haXAhUBlQArIhQelQnUCBcTUwcQFhAK1jQDH1bL4aMP4uTRY2SRIuWPagnTLKsBwmmoUuv
83=iz6nlES5mk28CFALSBgnVAIJta5XwrVcs7FbmqJSRHEnFAZcDqwBpBFbYbOFQCFrLZqjVV
84=QPqwCyqp6glEY+tZcl5EdEQSecAgPFhT3Gij6vDZ5tNidsF6wTSAxCAaSnIoxjvAhQj1xo
85=J3QPQARIEkSPXFlPuMa0YyEAOFhVUFlIA0wHTAFUJ6wBTwefl0tQp0x5RJ4qXABABLc5pp
86=pJTAG8IFwpUCm0UVACVAlMUifkAlgBUE28AkwBCZ6gToWLPnyEOoh4PVQGSABXMLGvVUgJ
87=CaSmTaqZSKCEN7KhTrAvXAhcOyf0BEcao6hPIeMtsJZJSOesCkSPQLhQOFSQRDJQAkgAQA
88=1LAKiVTCF6RHtgIhQzWCKkF6SABnZzNXhRKaNtN0ANoJdAMVARSABcEUwHTA0zbBdwC5yn
89=WLVACnoBp1BUJ1xZSABAUkwHUAJIAEABSABMeawBSLFAAUgAUAJELFBWrwGXnkRIhFhbSD
90=NIA1ACSABAAUgASPasAUh4SD9IElgxWBNQAkxJRCZIOST0IlgWUCxQAlQDUAJQbkR0RAhQ
91=AicUDEA0CKijUKqcSp2VS7CdIsBfWCVIBlgfUClYKESGRAusRlhhCaqiUrOTRKiiS5mjU1
92=AISAxQC1y5SC0nJAInVwKlfERAr0CCJBQzXAgKd3U7Z1UvYFIyj3o+wCZMZEAZQDpIe1wL
93=TBNAH0gnWwGpn00h6CIDk2w/g3I1TAdIAFAXSABMDb1QriP8ZaSDVIFMr0gAQAFALlAFSA
94=BQBUgAQAFcXFjlrAFYAUABSABAAUgAQAFYDUABSABMAUgATChIGEStSBsnJAikREgeXCMn
95=pABckrxQVCRAAUg/QDdQL0w0pAVEKUQaCaekVbWZS7SPQKqbTbQVVBtcArwIQA1cUK8Be4
96=QxUD6sAQOnl0WjolQnbxSQkz9AJUSPRBFQC6QvRG4nTw3Ai0ghGEqkHQOndjyvkUq0KlwR
97=VBisB0QdJ+wARB1MDUhOUAhISCpcDEAQSABABEgAQAFIAEABQIVAAUgATAFcFAh9iC+iqF
98=Cjp1CbpBEAACAVACAADUqaoEuooU6toU6foE6Pl0GOlj+PlT2Qlj6Pl0SDjDRAAQyjp1Ci
99=qFC+rmDcuGutqVZMAQAQvblUubZZra1TvKFLjpRAkJNAoKhOurhWo6BQtZdKqaZPkJACAA
100=+zq1nmvnO8sFyRkj+kqVGTmT+UmEKfmUunqVOMlz6ao0lMAQADk5ZBhY07pIY2rpNEtJdG
101=jJU/kJdASABYCkANSA8JFBQUoqhLt7hVubhWWAEnLAAPeHh4o6pQo51IrJdFm5xLsZxMvw
102=Wxr1VIA6wBXwWnrFWvAZacRkAQQBNIFVwCSBsGfYgvjZY8hI45XxGnrFNcF1AacAUFo0yk
103=l0afoktcBUgATxaIkj9AFmgDBadQpXxEfXI5rAFcCEABAaihTq2UJ0wBA52hSKaaSUcpna
104=VPUCkMe4QxnqZLrJ5PtJ9KopZHSAAnHAGsB1gEBoGLN4KIMIqQOlgHUAIJ57tu4LxwybZm
105=pKdVSBJIKlAsSyqRkj9QFCccBCe8AyfUAEQsJ3QDQAG8Akg5RCkJoaVRoqRMsZtOmpM9pB
106=oDj5lGqq9TrAFAHEwHCYaVQ4KSOaSZR6+0VEAWA6KUTK6eTVgNSACkLwmmoUuhoU6inlCq
107=nUlQC1gKXD4MtLVVo6NMtJhJuJtJnJ9NVDNbB52hRkgDBqCmTKKcS6GgSkwQXAVIAFQbSA
108=BACgaysFKgoFOrj0BABwapolOzmEqpo09QEUgAUBFMBAakgEV8WjN/XTJMAUAHSABCAa2a
109=fA6sAVgBQAFIAEABSwCNmD+sAUwESEisAVwCQAFIAEABSABDW7mpVFAaTAFMXidcACdUBU
110=A3UBoDqadYu6tdTARAGawEWB9cAkcCpptMQAFIG0gARCYntAInXABISwOlpEyto1BYKFwF
111=TE+nZZWYRFAFCIuYP4eSPoaUQpKbYBlABFcVkI1GtAxYAVg9JywACairVYmFOpeEOoyHPk
112=wlACq3nUyyrFSzsVuJhT2noU2rnEauqVOmmk22kkOzj0G1hTqllkayikC6ij+elUapl0e6
113=jkO4hDmukUS/sFhMB1wyRDUIpaNQnaVXnJ5Nq5coLAwDs4VAY1gzJ9wBQAFAQ0AWXBEtLA
114=AnXANcAkgAQARIAFACA6+fSaqcTE8BnKRRWGpEhrwaWH9RWa0pxBBYCidUBVwFUINYW0SG
115=XGVACrAUQAFIA0gAQDED5b9z5r1wRAgnPAtUYFgTUCm8RCf0BKgnUBFELwuMmD+5t1N8fj
116=59dzujqGyXJ0wBQAEPcmQ0dnY9dlcsbVkwfXU8dl4zVDkIo5xIr6ZVrapZp6VMWGgGQBBI
117=CQOjn02nmkxYEwaqn0uoo1N9ZTRABwOooUm4plFICUwEA6OYSbKhSswBnKSkPk+jpKZNUD
118=UDoIU6j4M3QAQGn6FUroxJalYwTAFITkMWubZZRESsUlSWUBpIALwaSCpIG1goSA9cBUge
119=SCdYDSfUD1x3WItIWlBrRIxEKSdMAVAgpIZICUwHtCqsByf0ClwCRAJUAEgAQAFYNEQIU2
120=KXnkS0BkATqAMnSAJAEEQCJ3QDSAxImay4BoJ2OIJwNYZpNkgJTAQGknpAgG41fG41TAED
121=ybFlybFiXAIGaVYugXY5iWMxTAEGj241fnc6d1guTAFAplgEQAGwtgmSdUmAY0J5ajdmWS
122=+kI0A0QARIAEwESABAAUgAQAFAKEwHJ0QDAAaopE+roEqzmEiimEuen1CijkWGYTZ5dThU
123=jUgASHhQKUgqVMlLAKWbTSdECUgJQAq8GkQyXB1IAFAgXAJAIkgDQAFIAEzErAFYskAKSA
124=BMCqSGSIFYUlRIjVtLQG1AoFRXSCpM37QGRAgnNAFECFgWUIZY31ARSCQnjABAAVvuh5E8
125=XEFMAUiZSOFIAEwBJw8IfHM2SDxSU3RrZCxIA1ALA8e1Ysa0Y6QOWwGPfTu8C08Bi1o0rA
126=RMAUABSABAAUgABqiVTHlWL3tgMmJwmUtITlR4QDQJQDkmcXM6bF40gFkrUAVIAFAFRBqT
127=Dkyej3TbCaqiUrOTRKiiS5mjUyccAUgSRCC8DlAjTBysB1gHWCusAVwaJywAUCxILUgAQA
128=FMBEAESANIMERNUAhQiUj2XAJMCqRNTAFQBUgAXAVALkBAp4zcuGtMB1QDWAegAUAEUDKk
129=BVwCWAQD5b5zzLZkUIlIJKwEQGcn1BhI8ExJJwQNQAdIAFAITAdEblgKtBJIMLwCVC1YNF
130=sHm6RKTwRzejdIYAN/Wy+uikBQCwOAVClxUy9cAkwBSABAASTMIAOsqnusq4BYAUgtWApQ
131=UE8BiXU5TLIDmKJQralTUAVIAFACSABAQ6wBCaGaSKebTbCbTqylVlwICYhqN7OITZ11Qn
132=J5OEAESABQBUgAUBQnHCJMAUgArBZUTkghWCVM01AXXHpIMEgDJywDWBxYiLwITCJEL6wB
133=TAonvABHMsWzZSRMIid0AFhzQ1ilmEZECEQFSABAAUQjQAQn9AFAAVgBSAlLA52lTyfEBF
134=hnWDdypJlHQAdIAEAERAJUD0BnvO9QAlB0WBZYB1wCUDhYlFCJSI0JeH08eX07f3E3amM1
135=WGEDhXA4iW07WI6vtbGsnlCJqwCfpF9UM7SNC7OSSKWoUJ+jUJydT6CmKJwXXAtQFEgAQA
136=ECppNFpZ4oPBcqJBFYQ1gWQFtUficsAKwWSF1Yf0gVQBZcVlCzTLJMH1BKUAVMuEwZSABM
137=HEgAXAK8FKwBSBtYKEwBQBBIAEwQrAFAAVgNXAtUJEyXQEYnlAFQOKRiSDlUh7wyUAhABK
138=QIRHFAAUgAUAhECEABtMBITkQUWAFEC0MZybVltA9YQ1ACSEJAPUgGTD1IAAPXtWi3qVhc
139=AkhRSABcAkwBSABAAUeGqap2pCxUAFgcvAJIA1SNQD1AagaQlj6kp06CYzJAwQx+ZDOMik
140=CGjD+GjkmUmEVQBQmgqFOlnUicn06joFBIG0ATTwdxUi5IA0ABSABYFkAlQFVIEkwBvAJU
141=kEwcSABULVisJxQGXAVYQ7wgSNhMHFgKUxStoU5QBawHXB1IS1h/TLJELFAdWChAKNYDtl
142=lcm0woXFm0IbwCRGJQNVAIpA5YJawBTD1ABEAfXDtIBkwBSCRIAEQUXJUk/CxcPkwKSC1I
143=AFQPQAekGlAaUEFQFFAIRw7lv3NLt8OuXksJwK9grApMB0wKA2peM2xbL7Q/A39zO3d4PE
144=QdBmFYM5l6PJ50QFeNfYgvUyZ3ZDRA7kR9AA+eoE6UmEamf0GLk0WHkjyGlEKCkjmmo0yn
145=nlKml0mupE9MCk8Bs4VAIWgtJ/QEWCuwOEAQXA5cFFgEQA1cICeUBFBQVBhIAEAZUDVMBL
146=SKVDBUmUgATMdUKidMAUh1UAi8HUQ4TAFAKFgHSABECEANUD5QCFACUCBQU1AmSCdYAUQF
147=UyCtqVZYAUwBSABEEUgAQAFIAEABSABAAUgAQAG8CFAUSAxYAVACQBBYGUQsVDakFEwKJ+
148=weVC1AW1tevK9eWEAMe3U6onxIo35FmGg2n4ZCrGoDuYZCrZJIrAoGomw3lJtGipA6W3m+
149=f0RcCEg8SAAHqKZWhYs+kpo8jCNILwaLlEGgp0yjqFBMECpkHAmjoVC6oUvAi0hwbjZAH0
150=gATB9IAEAfSB5IJ1wFJ/wOXFZMFidcAEAiWBlABEgAVEVIAFgrTAdcJrwCWAFAClAdSDNU
151=ACdkCrQDVAYnBAFEKUQOWLUk7DNABEgAQASsNKwBWAFEEbxQTgGMlSU8NUDcSCGkZXYqrF
152=VQFFBEKvQBSD9YE7xZSPZEJiQUMLSQWK8Ddns3WkMsTExLA4SOOUgAUA4npAYn7ABubZ5S
153=pIYJgXg5pZ5Nm6FKn6JLRyOorFVIaUMKfXc7TAdQHUg5A6eXRaOiVFgBQBZIAAamnk5UQS
154=pqVjBMAUQjWB9AH1Q/TAFIAEgnXAhYKypcAFwmVCdcBWBVI2w4XBpQHawKWA1ISFgBVIRM
155=H1hSvAJYClwpRAVYB6QCRAhEAqwBTVKQKU83vq5gJOwhXE1ABKcgh5E8UJVYAUAHRCyoIa
156=QRWCtQFExDWJcq9AEn7BJUckCsQ3+NljxoACbkO0gJBnZ3Oqd+QZ1qNluvgIgxrARcsFgf
157=J9QDU1x4YTYhgC1Ehk8BqKdWIVhACaSXRqmSR7CaSpueTFg0TEwABXZzNXhRKaNtN56hTL
158=GkVa2pWKWpU49uKLcdfXI5QGFIAFwOTBOkR0QmQA20M1wCVCqsHEAoTBxYEFQwXCNUBkgA
159=SDNMf1idQEy8d264tWWsc0wfQENQLKQIVAlAAUgAQAGwAqwBWwHBrmKsQ0DWUAJIAFACpC
160=BQIAOCiDCepktQAkgAXAJINkQOUDVUD0gASBJEAqQvQARIAE8Ex7ViQAS8+CTsLUAZQEBQ
161=FEAESABMBCRUMiQ8OFxWUAJIAFwCdDkACKZWoKFPmqJSgGNCf249alM4g3I1oqRMrZdHTA
162=pDZKyaSiHYSlhJVJwMbF40j3o+paVRrZxIpZxOLNxDAUu1tVNYPVBBSEJIFVQnRCxILaSY
163=WAdAE0gArBNYKKQmWBBUMFRUQAdUAEATUC9YHFgEUFlbfMmxYkwoYAfsXkAHQA1EBUAfWC
164=JAB0ABWAFICUgAQAFIAEABRmi8oXApTAFIAFACvFlQLFCktDC8AkgDQAG0D6wBQBBAAVgK
165=vAtMAbwFpBGsAV9EmqBLSD9QEUxDTARIAF8IeX07ITw4rAEPd1gumqFLq5ZFrKFNnJ9Oj5
166=dESA9LPJNsP0xSrARIBgaNmD+eg0KPh0VUOQx6bje2oEmzkkiuqVivpU60MFPggW03J9wB
167=RCNIbydkE7QtXAhUJKwKXBdMEwOwrFi3rlpcIFidWMFQC1ApUAhIZljiXAW4BEAEWFhMfF
168=BNQ16toU5ABKwftAlEBUABSABAAUgAQAFIAEABSABUciT3IqmmT0R9rFhEfSeULkwEVJ9A
169=MUAETAFVZuUjnEQktCa8CCrkBVhGQPRAEKQUJ3QSUBRcPkRxSAC8CLxKRJVYf1hSA66KQL
170=CiU0wiWBBAalQ8J3wKXFAAD6ihTpOAQJSVRpGDQEQ+MpF4P4ltPKF1QKOqUK2URKKbTEQ4
171=SzOplE8h2zJ7YDJcDgSaiEmeoE2tIxxPrLtUP0QmrBZcFCecC0wBWCW8IEAQTCJAMUBYTH
172=BYN1A7QG2sBFAvUBFMAUwHuF5ATEhIRBpYCkgAQAFIAEABSABAAUgAQAFDCpqjSUwBTB+k
173=I0AcVBW0clwCTARIAEABtBVQLFvl3LhrSC0nlARABCccAUwBpBRQiURxWElQWVQVUAJbo7
174=urXUQdVC1IAEABWDdcBVhSD0g2JIltOpqkTKSmTaWmUaGnTVc8p6ZWIYAhvFPcTQALikWH
175=bjyLdTqHhjt7ZTmuiEOnpFW1mUurkkOboku0M1y8AAOkolimikSvnEyggUiysVm1rle/nk
176=sqbBdAJVwOJ3QqJ+QFWBxQICeUEFAaQCiscFBirAFMglRIUDhAIkQyXAhANEgtQAFYB0gA
177=QAFIAEABSABIErTPXFZQAkgAUAJIAFiFUCxUdUBnUAJbAYSOOVThRA5YAUAEWKNZK4wjFG
178=BcAlACrARYBEwBSABMBFgWSBUnhA5INrRsVBJEbrQSTE9EdL4Fdnt4fwVAOSZuXzNxayL8
179=ILwCA6mhTqOhTid8CgADd3U6qoxGrXM6g2s7moM/pqtTsphHJFRiUDivT4+XQaxPCa6hTb
180=KjUrKwUrmYREsAwrVcvBGvu3Z7OiF4PkAlRCZAK1xuvFOsBKgYWFgknDhcFFglWE9cHVhD
181=SABERFwFQBm8FKx5UAJYAUgAWAdIAFwypAikI1igWAdcAkgJUxR7hDFHL7mpVLQPWAFYMb
182=/yiJI/SConVBFATEgJSCdMBFACJOQmXAhIHrwLWApYFqRrTEBUElwCWDS0ElgBTEBULVAI
183=rxNwZDNIcrSTI0hQcJhUG1htQBADp6VNqJ9MXF9cbg+kp02nqFGdpkyukETAokq9rVBQLE
184=MZjJRBchSYQkEKoCOYYFhYIhxbIwxoRCMGpqRRjIdJlZxIRzu6hEFYXgO/i0p0ZDRYi1te
185=raxVXBdcC1gWUAVIAFAUJwwLXGtAhUAZTGFILUgAQCtcBUwNWHZAdkABWAFIAFBKJywAbk
186=ylT1QYTKBIJKxYTARQQUAfVCdMAVAFRCNMOkRxTAFAMVwFVDBYGUgARBpcQVwCUC9INlwI
187=UAhYAUAHRBRIErQVWAFQCFgKXJtMAZQVIlgxUHFQBVAySCSwFFgBQwS1l0ohs06JdTlbiJ
188=1qNkAHAAanqlmqqFeknUuqkEG2oUqvoU2qmUyip1JIZkBnCcCwULSZSJ58M4+DN1AgXAUG
189=oqBNrJZFpIY2I5hgbA1cEQmtpVKQbjl9ZTmVgElUNljBJDQoWItYXgOzlE2uolVIQqwQXA
190=VQF0gAQAFEO1xZSBikRFACUA5IokhgSC20okgYTAFYRlgHSABUGEwxQAFIAEwBSABUHqym
191=JGQlQM1A6EgAQARIAEAEVAxMTKxbWAF0GCPwNUwBUF9IAFBZRCxcWVAsVI1cAkAHSABAAU
192=gAKuQCTEO0KlAUQEBAE1xBSLdQBaxGTFtMASQUM1i1TAFIAFAISABAAUgAQAFIAEABrBZM
193=AVQeSAxAZAAGoIU6tppDr49CuJVGqIxCrYo+pZZEop1ISAxcBUgAUAUCk5NFk4UiSERPAZ
194=11QljuSBtDIr21WVwISABUKkgAWDesAVgEUAusE0Q4TCVIA1AsVCpAGVA1UCNcC0wBvAu0
195=AEAKWL60ckQIUAJIAEABWDRMplBuW3ymmklAATPEBFAFSABcBVALQAFIAEwBSABELECLUF
196=xIAFACSABQAkgAQAFIAEABSABAAVARWBNIAEABJ9QkUEFbaq2pVlQVWC5YRkgtXxSBeDsk
197=fk9+ZCJbanxhMSGjT3FTL1wISABDCpeeRCEYRyRvIK6eTVgfpCMDro9BqZVGQH9IAAmmk0
198=WtlEatmEyjm0tcCydkB1gHKiwASEhIEkATVD9QCEgASC1IACeEEbxWrBNcAkAESABAAUgA
199=REdArEAQrAFEC1gTSABAAaR9rAFYAUiBWDRQWaxSM8QEU1z/AACoAEAHSABAB0gATAdQLE
200=AHSABQAkgAUAJqAKBQJE55qaYiVEe8AlhAUEdQGlgWVBJQQUCLU0S8r15UFaxGXG4KqKFO
201=qq9TlZhEo6dQohEAAPEMYBQIqFCiqFCjp1B5fTtAAUgAAAajp1B3WC6cpFGPl0F7hDGHkT
202=yQjUaPl0RAAUgDCbe4Vbm4Vp2hRpCTQEwBAA+6uFatrVO3n022mkOylEeppFOUmEKnrFWd
203=oUimmkmunk1MAUgJApacRrGvcAIADKSpUZGSP7S1Va2lUpBuOX1lOZWASZ2lT4yUQYiSP0
204=sDqq9TSAZQBXoKuFVIDFgNBrWXSryhS46UQFAOpBREEUABSABAAUgAQAEDpptMn5lLrAFA
205=CgOBizeNljxcAq8BmqNJbAECoUj/AAAtCABcAgOUm0aEjjlLAICIMUgAA4KIMJ6mS1wCtx
206=itoU5MAUgAUAtIAEABSABAAUMToqhLpBRAIgOvtFSooU5QBQmfoE6QlEC9uVS5tllLAJOZ
207=P1sBoKhOSwanmky8EVwLBnZzNY96Pq6KQFwCUw59iC9AFkgPA4OMNJCWPlACSAADjJU/p6
208=xTUCxcCEAKD7CsWLeuWrqTQbmXSp58M4+DN1gKJw8CpZtNXwiKkDq4E1AOAAPJsWXJsWKT
209=k0WThUVxUi53ZDSBeDlABAZ2ezpyeTiXnkRIMwOzq1nnu25YBEAZSBhAGbIsp3Z0J6gJRB
210=FAAUgAQAFIAFQGJ7QFQDcnwAJECydcAFAFJ5wFXzKxnExYE1AyWBxIA1AISEtAB1gHXz6k
211=p1VQAkgAXAJIAFsW+voAqABMAQPgvHC3qVhcAkQUSABbLq2aSVBBvAVTI6epU1gBWBZIAF
212=xHQC5QUFwFUAtIEksthGI1UAUGaU0siW07j5U9TAFIAEAETAFQXEgAUBFMLlALSABcC0gA
213=VCq0IQ+ghTqXgTi0mUiupE+7q10UFBSsBEwHUFlcDlQPBse1YsWzZcm2ZkIZvn90KgAMen
214=Y4d1cuVE8ysIJBnp9Qo3Q+Z144ybVlf3M7d3g8RC9AEANuVy5oVy5AAUQRSABAAUgAQAFq
215=AKBQpCZEBVQtWDpAQ1xTVCekLFMmjJc+J7wAQAFIAGIHp1BMRicsAEABrFhMUkghWAGsBK
216=wrORQAWARYHye8ACdUBVhDQFJQIEgAWDpMTK8Ej5lGQAFIAEAHAoVwOHZrYC5MAQOJYzFA
217=OSa/AnZeM0gtUDJQF0gDWChIDEAKVIFYKA/Ar2CtqVaml0mwm06lnkqYoU9QKVA7rGoDqa
218=ZPwLRopDtTO6eeUlgiVIoDnXVCdG49SCFAfE8Koo5FrA0DuYZCrZJIrAECkWU3rZrEg6QC
219=RAVYB1ARXD5YmlACSABQAlxTSC1IAFQtXEEtJAWsBFgEQAFIAEABQBlAAUgATAFIAFiIUC
220=xcTUwBUAJIAEABsCxYJagAuAEnFACsBFgEVCpAIkBPTExYHEArSHtcAkgkJ4wASySaoEtI
221=QlwCUAJAgluClZhETAFIAFACSABEjKwBA39bL46WP6wBXxSpp1hYTwa8r17Pt2h4eHi/FK
222=iWRCfcAVi1QAoGo6NMpJdGn6JLJwwCVC1INq4lkJd4mgOto1CkmUdcAlALQENAEFwOTAFI
223=AKABVABIAFgBSABAAUB/SCpIV1ybKlQFUC9QAqwEVB5EfQPlvnPMtmRMkUQdvAJYB1QwrJ
224=RYQ0gPvGJUb0AESABABEgAXCm4Ky0UAFwCMAgAXAVILUArTE9EhlAIqHhTjL6uYLckvLBc
225=XAJIAFAFUFBQbkhUUAVQMkgeUCNbH6qcTFQtBnt1OnJmNIBZK0C7QC5AE0wcREFIG1wdQE
226=kJoKhTpqNMrJZHrKJSXA4MsrBSuZhEv55LtJhJiYU9WItYuEQySAxAalgKVC0DjZg/m6RK
227=U0Gvn0m8HUDiWOJID1QtTARAE7QAQAFEFEgARBGsAUAQRynmvnNIGFwCVBKkEVhSTF6nC9
228=e1aFgNvAVMBFwCrAFfRMa0Y0iZQARUMFBNvAJMBCoYBS2QBbgBKoAATAFAB0gAQAdIAFgW
229=UBdIGFAXUAJIAFACUB1EO6wBWAFMBLQqUDJMUk8ura1TWExQAicuDKJ8xHpcBUAHSABAAV
230=wdQAEDgFQpcVMvXBcMqaRNo5xIro9BuJVGv7BYQC5YKEwKAaahS6Fc+AKeUKqdSVjoJzQH
231=XGKsJVgEXCCoD1hqXA5IALAsVAxIAFQMrKlMkUwBSEUD3Lhr5r1wJ5QEVIdcAkgAUAVIAF
232=BWJywJRAusQ1iUQARIAEAESDxAXifsEgajoFCfl0uckUdcC0AoqwCtoU64KycUALwCtAC8
233=CEgJRHdIZkBkTAEnJAWwF0hmWChcAkwEUD5YLkxtSBukMkQdUBq8CAaRkj9zejeBdjlQtg
234=yykEt9ZTRmWS90bTOBZzVI50i6CXRrNX9xN2pjNX10O0jqVi2vpiJQJ0iHXMtAarwIRCkB
235=qKtViVzmAoQ6jIc+QBCvWOe7bkwlWBBQDlA7SDO0PEwTXBFUD1gTpAhEAkABSABAAVcG5b
236=9zQCVEg0haUAJIAFwCSABUKlAXtA9QAkgAUAJIAEABSABAAUgATASsl1TnUAK0LSQ8Kawo
237=VAAnbAWgAUQCJwgASAZQCEgAQENAFkgbTP0nLwC3rlpRU6QjTCtGg7yhItAoUAVYBHQ/Iz
238=wgWLVIHkhOUAVEMlAFUB1AAVsEj307vBFEMidkBExkTBakkkxwBnFlMn53OndYLlwFJ7wM
239=REdcBawTTFsJqpZHrpdHmqJSqaxaQAdIA1AObiujUKQaTAFQBaxeQAFICUhCQAFIAEwBSA
240=BAAUgAQAFDxLmpVFNEpZhGWAFQAkCLUDtQF0wBSABQAkgAQAFQjFgTrAFYAUABSABILbSN
241=SJ9QAkgAUAJIACc8BTAgACeMAEABSABQBUgAKiwJjAEBS7S1VVwCSCdALkgtTMonFAZUFU
242=oeoqhsBEQvWBwnHAFQBa8Bj5lGRCNAMUxPSABETVgEvLlAB1wjQFJfC4taNLwFT1uPl0S0
243=5Fy8CaCoUq6USaKaSqWjTEjkSLcDuJtJnJ9NQAqkUFx0XAikREQyVDxUeCdED1ApWApIAE
244=gMSABAAbQGA6KWR6SZTLR+TAFcAko/lpzEL0hIUF9QjFBfSANAB0gAQAFYQEDxSABMAbSQ
245=QDFYf1gBQARIAFAsrLhAASrsACdkEEwERBdIn0BPSFFAAVu+w65eRBdLGLW1U1BxUCNACl
246=wRSCdMx1wCQDFABFwCTAFIAEgtVEtYKFgEQApIAEwKSAxAWEi9TAq8qkgJVCEntBFHjIJ2
247=OCFzIq6KQEzTtKK0RUwNTB8Pop5Jq55MtZhGpJxNsqxUsqtNSLcDppNFop1IXAhAQEAWTA
248=1INgOsnk+ilEy0D0R6WChAcHkupyJIO7wCRAVAAUgAQAFsBAWZS5CNRq2aSUhaSA+8AkgD
249=WCWvtbepWFACUClMqUAfUF8oFAY1FBJAB0gGUAhIAEQgvAVYB0xPWAFQTUhLSCFAJUgnSF
250=dMAUhXXBdIA1gZWARQAkxYQGpIA0icXAgn/yCQlj5YLrQqXAJACjDsAESSUAukSlwaTAS0
251=ikAlDIJwNXh9PHl9O3ZXLG1ZMCckEUBbWLJTgLSoU0AKtDlQL0jkSLcDt59No5tLSDasCl
252=AsQCtUD1gBph2ejyI0PawBXAJAAUBqSBisAVgBQAFIAEABrFUq1Bu8AkgDQAFUjUR3JIQv
253=TGQnJAVcAkAESABMBEgAQAFIAEABSABAAUgAQAFYT1BWJMw1XE1IJFApSB5cTUgwSANcWU
254=gSSBtAKLxWXAJYYVzIVPZQCEgGTFUk/CBQJlgxSABUHrwCSAwq7ABQU1AmQGFIDCfEBERE
255=RC+8BUhpWEYnHAREiUgGQARIBkhOrARUlidMAUCaAAOdnEmln0uflkmunUuhnU2tmEupo1
256=NAE0gPSDNYW0tanJFHRCNcULwCSANAAUgAQAFIAEgMrAG0GKwBXAJAAUgAQAFEIFSQQBBM
257=XqSMJ4QCRHRALkgtTFVQBUgAXAVIAEABSABAAUgAQAFIAEABVC0n1ANYAVBWQB+8WUxntC
258=1cAlAFSBJASUxSTAFIBrxcVCpYAUAERDVILaxPTAFINkgJXF9EI1RLTAdEJkSbUAu8BUgG
259=WJFYB1AFVDNcBUgASzCkp1UqJBFMCkQsuAS0AEQ7WARQHUgDQAdMcFzaJB4ioZIirzr///
260=9IDFMOpppJUCxILbQkVC1cAkgASA9IAEABSABAAUgAQAFIAEABSABAAUgAQAFIAEABSABA
261=AUgAQAFIAEABSABAAUgAQAFIAEABSABAAUgAQAFIAEABSABAAUgAQAFIAEABSABAAVQtUF
262=ZQIEQsSABQAsYjlj5ILbQ2TL5EmEAcajynUFwsWARMB0gAWC5YTFAITAFEdyccAUABrARI
263=AycsAEwEJ7wAVE5QcUDZUFNEMkgzvCNQqkSJA4F4O39hNkA0REdbdpeeREdHjZg/SAlSFL
264=m3IigorAcJo6dQoqhQjpRAkJNAEQAA

[AITriggerTypesEnable]
043F40BC-G=yes
043F521C-G=yes
043F874C-G=yes
044082BC-G=yes
05CB5B6C-G=yes
05CB830C-G=yes
05CBAEDC-G=yes
05CBC04C-G=yes
05CBC19C-G=yes
05CBC2EC-G=yes
05FC088C-G=yes
05FC0C9C-G=yes
05FC13EC-G=yes
05FC1A8C-G=yes
05FC1C5C-G=yes
05FC333C-G=yes
05FC37CC-G=yes
05FC3C9C-G=yes
05FC50EC-G=yes
05FC747C-G=yes
05FC75CC-G=yes
05FFA7DC-G=yes
05FFB18C-G=yes
06002BFC-G=yes
0611A1EC-G=yes
0611A33C-G=yes
0612B11C-G=yes
0612CD8C-G=yes
0612EAEC-G=yes
0612F46C-G=yes
0612F9AC-G=yes
0616004C-G=yes
06C551AC-G=yes
078F4B2C-G=yes
07C04C7C-G=yes
07C04EDC-G=yes
07C0B14C-G=yes
07C30A5C-G=yes
07C310BC-G=yes
07C3266C-G=yes
07C329FC-G=yes
07C330CC-G=yes
07C33DDC-G=yes
07C4853C-G=yes
08A3EEDC-G=yes
08B902EC-G=yes
08B90B1C-G=yes
08B911BC-G=yes
08B9154C-G=yes
08B9213C-G=yes
08B9305C-G=yes
08B9356C-G=yes
08B940EC-G=yes
08B9423C-G=yes
08B9483C-G=yes
08B9586C-G=yes
08B9641C-G=yes
08B9708C-G=yes
08B9767C-G=yes
08B97C6C-G=yes
0A31295C-G=yes
0A44F17C-G=yes
0A44F2CC-G=yes
0A452C6C-G=yes
0A452E5C-G=yes
0AA845AC-G=yes
0AA846FC-G=yes
0ABC484C-G=yes
0AD2BAEC-G=yes
0C0C7AEC-G=yes
0C0D184C-G=yes
0C0D251C-G=yes
0C1245AC-G=yes
0C1246FC-G=yes
0C32599C-G=yes
0C32D84C-G=yes
0C87B45C-G=yes
0C87B99C-G=yes
0C87E5AC-G=yes
0C8B81BC-G=yes
0C8BC5AC-G=yes
0C8C2AEC-G=yes
0C8C2C3C-G=yes
0C8C430C-G=yes
0C8C4C3C-G=yes
0C8C51BC-G=yes
0C8C56FC-G=yes
0C8C645C-G=yes
0C8C6EDC-G=yes
0C8C71BC-G=yes
0C8E2C3C-G=yes
0C8EE1BC-G=yes
0C8EEAEC-G=yes
0C8EEEDC-G=yes
0C91D45C-G=yes
0C92C1BC-G=yes
0C92C45C-G=yes
0C955AEC-G=yes
0C955C3C-G=yes
0C9561BC-G=yes
0C9565AC-G=yes
0C96F45C-G=yes
0C96F5AC-G=yes
0CA1F84C-G=yes
0CA24D8C-G=yes
0CA2A04C-G=yes
0CA2B06C-G=yes
0CA2D99C-G=yes
0CA2FEDC-G=yes
0CA5945C-G=yes
0CA6621C-G=yes
0CA6AEDC-G=yes
0CAD0B2C-G=yes
0CAD0C7C-G=yes
0CAD0DCC-G=yes
0CAD130C-G=yes
0CAD145C-G=yes
0CAD25AC-G=yes
0CAD2AEC-G=yes
0CAD2C3C-G=yes
0CAD5AEC-G=yes
0CADD99C-G=yes
0CADDEDC-G=yes
0CB29EDC-G=yes
0CB2CEDC-G=yes
0CDF899C-G=yes
0CDF8D8C-G=yes
0CDF8EDC-G=yes
0CE2395C-G=yes
0CE23AAC-G=yes
0CE26B5C-G=yes
0CE26CAC-G=yes
0CE2E8DC-G=yes
0CE2EA2C-G=yes
0CE44D0C-G=yes
0D022B1C-G=yes
0D022C6C-G=yes
0D052AEC-G=yes
0D0803CC-G=yes
0D08461C-G=yes
0D0848BC-G=yes
0D084A0C-G=yes
0D084B5C-G=yes
0D0873DC-G=yes
0D087D8C-G=yes
0D0B3B9C-G=yes
0D2769BC-G=yes
0D2C41EC-G=yes
0D2C448C-G=yes
0D2C45DC-G=yes
0D53099C-G=yes
0D53130C-G=yes
0D53430C-G=yes
0D535EDC-G=yes
0D62145C-G=yes
0D6215AC-G=yes
0D6216FC-G=yes
0D62199C-G=yes
0ECCB2BC-G=yes
0ECCB40C-G=yes
0ECCB55C-G=yes
0ECCB7FC-G=yes
0ECCBC3C-G=yes
0ECCF14C-G=yes
0ECCF29C-G=yes
0ECCF68C-G=yes
0ECCFA7C-G=yes
0ECCFCAC-G=yes

[Actions]
01000000=5,99,7,_Amb_BirdsMorning,0,0,0,0,K,99,7,_Amb_BirdsBeach,0,0,0,0,L,99,7,_Amb_BirdsJungle2,0,0,0,0,M,99,7,_Amb_BirdsTemperate1,0,0,0,0,N,99,7,_Amb_BirdsTemperate2,0,0,0,0,O
01000002=5,99,7,_Amb_BirdsPark,0,0,0,0,P,99,7,_Amb_BirdsBeach,0,0,0,0,R,99,7,_Amb_BirdsJungle2,0,0,0,0,Q,99,7,_Amb_BirdsNightOwl,0,0,0,0,S,99,7,_Amb_BirdsJungle2,0,0,0,0,T
01000004=3,99,7,_Amb_BirdsHarbor,0,0,0,0,U,99,7,_Amb_BirdsMorning,0,0,0,0,V,99,7,_Amb_BirdsPark,0,0,0,0,W
01000006=2,98,7,_Amb_CricketChirps,0,0,0,0,A,98,7,_Amb_CricketBed,0,0,0,0,A
01000008=1,19,7,_Amb_WindCold,0,0,0,0,A

[Africans]
IQ=0
Edge=North
Color=DarkRed
Allies=Africans
Country=Africans
Credits=0
NodeCount=0
TechLevel=1
PercentBuilt=0
PlayerControl=no

[Alliance]
IQ=0
Edge=North
Color=Gold
Allies=Alliance
Country=Alliance
Credits=0
NodeCount=0
TechLevel=1
PercentBuilt=0
PlayerControl=no

[Americans]
IQ=0
Edge=North
Color=Gold
Allies=Americans
Country=Americans
Credits=0
NodeCount=0
TechLevel=1
PercentBuilt=0
PlayerControl=no

[Arabs]
IQ=0
Edge=North
Color=DarkRed
Allies=Arabs
Country=Arabs
Credits=0
NodeCount=0
TechLevel=1
PercentBuilt=0
PlayerControl=no

[Basic]
Name=Colorful Path
Percent=0
GameMode=standard, meatgrind, airwar, duel
HomeCell=98
InitTime=10000
Official=no
EndOfGame=no
FreeRadar=no
MaxPlayer=2
MinPlayer=2
SkipScore=no
TrainCrate=no
TruckCrate=no
AltHomeCell=99
OneTimeOnly=no
CarryOverCap=0
NewINIFormat=4
NextScenario=
SkipMapSelect=no
CarryOverMoney=0.000000
AltNextScenario=
MultiplayerOnly=1
IceGrowthEnabled=yes
VeinGrowthEnabled=yes
TiberiumGrowthEnabled=yes
IgnoreGlobalAITriggers=no
TiberiumDeathToVisceroid=no

[British]
IQ=0
Edge=North
Color=Gold
Allies=British
Country=British
Credits=0
NodeCount=0
TechLevel=1
PercentBuilt=0
PlayerControl=no

[Confederation]
IQ=0
Edge=North
Color=DarkRed
Allies=Confederation
Country=Confederation
Credits=0
NodeCount=0
TechLevel=1
PercentBuilt=0
PlayerControl=no

[Events]
01000000=1,51,0,100
01000002=1,51,0,125
01000004=1,51,0,75
01000006=1,51,0,214
01000008=1,51,0,275

[French]
IQ=0
Edge=North
Color=Gold
Allies=French
Country=French
Credits=0
NodeCount=0
TechLevel=1
PercentBuilt=0
PlayerControl=no

[GDI]
IQ=0
Edge=North
Color=Gold
Allies=GDI
Country=GDI
Credits=0
NodeCount=0
TechLevel=1
PercentBuilt=0
PlayerControl=no

[Germans]
IQ=0
Edge=North
Color=Gold
Allies=Germans
Country=Germans
Credits=0
NodeCount=0
TechLevel=1
PercentBuilt=0
PlayerControl=no

[Houses]
0=Americans
1=Alliance
2=French
3=Germans
4=British
5=Africans
6=Arabs
7=Confederation
8=Russians
9=YuriCountry
10=GDI
11=Nod
12=Neutral
13=Special

[Infantry]
0=Special,COW,256,6,63,1,Guard,64,None,0,-1,0,1,0
1=Special,COW,256,6,63,2,Guard,64,None,0,-1,0,1,0
2=Special,COW,256,20,63,1,Guard,64,None,0,-1,0,1,0
3=Special,COW,256,51,64,1,Guard,64,None,0,-1,0,1,0
4=Special,COW,256,76,49,1,Guard,192,None,0,-1,0,1,0
5=Special,YDOG,256,39,68,0,Guard,64,None,0,-1,0,1,0
6=Special,YDOG,256,66,52,0,Guard,64,None,0,-1,0,1,0
7=Special,JOSH,256,76,36,0,Guard,64,None,0,-1,0,1,0
8=Special,JOSH,256,60,69,0,Guard,64,None,0,-1,0,1,0
9=Special,JOSH,256,71,60,0,Guard,64,None,0,-1,0,1,0
10=Special,JOSH,256,51,50,1,Guard,64,None,0,-1,0,1,0
11=Special,JOSH,256,44,63,0,Guard,64,None,0,-1,0,1,0
12=Special,JOSH,256,23,76,0,Guard,64,None,0,-1,0,1,0
13=Special,JOSH,256,26,57,0,Guard,64,None,0,-1,0,1,0
14=Special,JOSH,256,102,59,1,Guard,32,None,0,-1,0,1,0
15=Special,JOSH,256,94,65,1,Guard,192,None,0,-1,0,1,0
16=Special,JOSH,256,100,72,0,Guard,192,None,0,-1,0,1,0

[IsoMapPack5]
1=Vw8AIAABPAABAP//AAAABAA7AAIA//8AAEkBPEgBQAFpAT0oKAACOgADAB54AmwFJykAPC
2=hVAD0oKQA+KCkAOUEKHbkGOkgBZgEABVUNBIQBSQE8KFUAPSgpAD4oKQA/KCkAOFwFnwYE
3=ADlIASddAQWQAkUCO00AJ3MBBAA8SQEgqQE9SQEoqQE+SAFkAVkAP0wAyQFASQEfbAEEBA
4=A3AAYAIakBOEgBxR45SQEttQI6SAHdCjtJASO1AjxIAWQBTRU9SQEkbwEEAD5IAc0FPygp
5=AEBIAdkGQUgBaAVbBjYAB+EwN0gBzRs4SgGuAUkEBUYeBwDRFDpUAkwCZTQ7KCkAPCgpAD
6=0oKQA+SAGLIgMAP0gBnyADAEBIAcUIQUgB1Q1CSAGUAgIFADUACPkRNigpADdIAc0FOEkB
7=seUTCChlAgiACEEaO0AEwQ88SAGfIAMAPSgpAD5IAZwgZhMIAIwmZhMIANEUQUAElwIEAE
8=JIAYcIBABDSAGMDAIEADQACfEUNSgpADYoKQA3SAHFCDhIAcUIOUgBgw8EADpIAdleO0gB
9=nSsDT0cJALBsG38VCQCoqQE+QQSmqQE/SAGMEH0VCekXQVQCiQwDXRUJ9RhDVAKPBQQARC
10=grADMACpACQSU0KCkANSgpADYoKQA3KCkAOEgB3RU5SAGICHUYCv0gO1UCJngCdRgKpHZ3
11=GAoAIrUCPkEErfQYzBB0GCcpAEFABGgFTXhCSAGZJwNVLgrhGkRUAoMEBABFKCsAMgALkA
12=JBGjMoKQA0KCkANUgBi1kEADZIAZAFfG0n2QA4VQL5ZBN1ewugMG8bCwCqtQI7QATZBjwo
13=KQA9SAHdNj5IAYxSZErcCm0bC6t6AwBBQASIemU0C/UjQ1QClXsDRTQL+RxFVALVDUYoKw
14=AxAAyQAlkcMigpADMoKQA0KCkANUgBiC1kHifZADdUAosIBAA4SQH6rRs5SQH1qQE6SAHB
15=BDsoKQA8KCkAPUgBzTw+SAHBGj8oKQBASQElaAhnHgwArL0KQlQCxSlDSAHNJkRIAc08RU
16=gByW9GSAHZoEdIAYgMAgQAMAANdAp9jjEoKQAyKCkAMygpADRIAcEPNUkBqa0QNkgBiAhk
17=PycxATgoVQA5KCkAOigpADsoKQA8KCkAPSgpAD4oKQA/KCkAQCgpAEFIAYhDbokNAMGTQ1
18=QChIFlPw31REVUAtknRkgBwZ5HSAGLFwUASEgBmCcCBAAvAA6QAl1BMCgpADEoKQAyKCkA
19=MygpADRIAclDNUgBiAh0RCcxATdVAvutJjhJAe+pATkoKQA6SAHBRjtIAdGCPEgBhZcERq
20=0OAJiVfNAnXQE/QATRbEBIAcEPQSgpAEJIAdFLQ0gBhD92Iw4AySJFVALZBkZIAY9HBABH
21=SAGNnwRWIw4AkyoEAElUAoAlAgMALgAPlAZBJS8oKQAwKCkAMSgpADIoKQAzSAHBGjRJAa
22=e9IDVIAclZNkkBjWQLZ0oPAIepAThVAvatBTlJAfCpATpIAcmQO0gB3SA8SAF0BkUTPUgB
23=1UQ+SAHVAj9IAdEJQEkB8bEJQUgBwQRCSAHRFENJAaShBERIAYjHfaQP8ZhGVALVT0dIAY
24=0mA04mDwDJAUlUApsnAwBKSAGIDAIDAC0AEIQBURQuKCkALygpADAoKQAxKCkAMigpADMo
25=KQA0KCkANSgpADZJAZBwDGcpEACGqQE4VAInjxIQAPStGzpUAsElO0kB/LUCPEgBwVE9KC
26=kAPkkB96EEP0kB7akBQCgpAEFIAdEqQkgBfA5ZHENJAa2tBURIAc0mRUgBwSVGSAHBJUdI
27=AYEEAkUpEKW4AlRPzCZkKScpAEtMBYgMAgMALAAR/eYtKCkALkgBgAR1exGEAVkRMChVAD
28=EoKQAyKCkAMygpADQoKQA1SAHZoDZIAdFWN0kBjmQLb8ARAK65HDlUAtknOigpADsoKQA8
29=KCkAPSgpAD5IAcU0P0kB8rEJQEgByS1BSAHFYEJJAbChBENJAaWpAURIAdl0RUgBYBMBAA
30=MARigpAEdIAYAEfisRAISifCvUI3wrJykAS0wFgwQDAExIAZAJAgQAKwAShAFFKSxIAdkc
31=LSgpAC5IAYQEdC4nrQAwKFUAMSgpADIoKQAzKCkANCgpADVIAdlTNkkBkWALdVoSKFcLEg
32=CvsR85QATZMjpJAY2tBTtJAYWpATwoKQA9SAHFjD5IAdUYPygpAEBIAc0xQUgB1WVCSAFs
33=CVEfQ0kBsaEPREgBxa1FSAHFrUZIASWpJkdIAYAEdS4SvK90LtQjdC4nKQBLTAWIsXUuEu
34=2JTVQCgA8CAwAqABPtXStIAZUCBERgJ1UALVQCwRouSAHBBC8oKQAwSAHdeDFIAcV2MkgB
35=zQUzKCkANCgpADVJAY9kBH3bE2ABIv0gN1UCjHABZ2ATAImpATlUAtUuOkkBg7UCOygpAD
36=woKQA9KCkAPkgB2TI/SAHBXEBIAcE7QUgBbAlBMEIoKQBDKCkAREgB1XBFSAHNBUZIAYEw
37=A13bEya5KEhUAtE1SSgpAEooKQBLSAHJOExIAZMJAwBNKCkATigrACkAFPkyKkgBjAV1ZR
38=SEAV0VLChVAC1IASeEBieBAC9UApAFIn4mFADB1TFUAtl/MkgB0TUzSAHNBTRJAZFvAQQA
39=NUkBiKkBNkgBwTA3SAEnDBgnkQI5VQKQrQU6SAHZBjtIAdE1PCgpAD0oKQA+KCkAP0gB0T
40=VASAHBGkFJAbK9YkJIAWQMUR9DKCkAREkBsaEERUgBwQRGKCkARygpAEgoKQBJKCkASigp
41=AEtIAcE7TEgB1TlNSAHdNk5IAYsMAwBPKCsAKAAV8TUpSAGBBARFaxWEAV0VKyhVACwoKQ
42=AtSAHZHC5IAZAFdJwn2QAwVALVhjFIAcW4MkgByTgzSAElsSc0SAHFCDUoKQA2SAHZMjdJ
43=AYpkBGZrFQAlkSM5VALNEDooKQA7SAHZBjxIAck4PSgpAD5IAc08P0gB3QpASAHRNUFIAX
44=ANUR9CKCkAQygpAERJAZFkBCIVJBUmfSZGVAJwAlkGRygpAEgoKQBJSAHJsUpIAcFGS0gB
45=2QZMKCkATUgB1TlOSAHVOU9IASXJKlBIAdsGJwAWhAFBDygoKQApKCkAKigpACsoKQAsKC
46=kALUgBxSkuSAGUCXQ5J10BMChVADEoKQAySAElmSQzSAHZBjQoKQA1KCkANigpADdIASce
47=MBYA3UE5VQLzsWE6KCkAO0gB1UQ8SAHZqz1IAd14PkkBsLkGP0kBqqkBQEkBk38RBABBSA
48=HZoEJIAXACQSVDKCkARCgpAEVJAZBnBAQARkkBi6kBR0gBxQhISAFwAkUISUgB2RFKSAHZ
49=EUtIAc0FTEgBzQVNSAEl6TlOSAGVOQRVcBa/rwQAUChVAFFIAYR2AgQAJgAX7XMnKCkAKE
50=gB3QopKCkAKigpACsoKQAsKCkALUgBJ40HF4AIVRgvVAKMAWStJ1UAMShVADIoKQAzSAHJ
51=ZDRIAdkGNSgpADZIAdEfN0gBwQQ4SAHVRDlIAc0QOigpADtIAd1iPEgBzXM9SAHRdz5IAc
52=W4P0gB2TJASAHRCUFJAbGlP0JIAcEPQygpAEQoKQBFKCkARigpAEdJAa+lCEhIAdlISUgB
53=3UFKSAEnjwcXAK2tBUxUAtUNTUgBI48oBABOSQGwYQQFTzwXAKapAVBUAo8FBQBRSAGXew
54=QAUkgB2z0lABj5PSYoKQAnKCkAKEgBhwgEACkoKQAqKCkAKygpACwoKQAtSAHBJS5IAcUI
55=LygpADBIAdVlMUgBixcEADJIAd0gM0gBwQQ0SAHNPDVIAdEJNkgBwTA3SAHVAjhIAcEPOS
56=gpADooKQA7SQGScAUibFsn8QM9VALFaz5JAYqhBD9IAdEJQEgBJdUmQUgBJSEgQkgBaAVV
57=WkMoKQBEKCkARSgpAEYoKQBHKCkASCgpAElIAdkcSkgB0RRLSAHZHExIAdUNTUgBI5wqZT
58=8YJKQ2dXsYJDkuBVV7GCTAVWU/GP1BUlgG0UBTSAHTgiQAGZgKVRglKCkAJigpACcoKQAo
59=KCkAKSgpACooKQArSAHR5SxIAYMLBAAtSAHFKS5IAdUCLygpADBJAbJzVgQAMUgBwQQySQ
60=GPbwEEADNIAdVENEkBqa0FNUgBfANJFzYoKQA3SAHNBThJAaitBTlJAaqpATpIAdkROygp
61=ADwoKQA9SQGSYAsi1UcZ6WQ/VALNUkBIASWNKEFIASWtIUJIAclDQ0gBYAhFE0QoKQBFKC
62=kARkgBzRtHSAHNBUhIAdUCSUgBxT9KSAHBBEtIAc0QTEkBsqEaTUgBwRpOSAHJQ09IASOU
63=P3W9GfVEUVUCr3kGBUWBGSRDRQUAU1QChwgFAFRIASOYOgIEACMAGpwOVRgkKCkAJSgpAC
64=YoKQAnKCkAKCgpACkoKQAqKCkAK0gB2ScsSAHNJi1IAY8QBAAuSAGEDyJPIBoAjWwBfsUa
65=ANWyMUAEyQEySQGGoQQzSAFkAV0VNCgpADUoKQA2SAHNJjdIAc0FOCgpADkoKQA6KCkAOy
66=gpADwoKQA9KCkAPigpAD9IAcmFQEgBJclAQUkBj3gNIuZUGgDV00NUAnACXRVEKCkARUgB
67=xR5GSAHJ0kdIAcUeSEgB1QJJSAHV00pIAdEJSygpAExIASUhIE1IAc1+TigpAE9IAdnBUE
68=gBwcpRSAGMMXVEGiSlVwRVRBokUTwEVUQaWENfDQQAVUwFQAEiQzoiABuEAUEaIygpACQo
69=KQAlKCkAJigpACcoKQAoKCkAKUgBJdUmKkgBJfVWK0gBJQEnLCgpAC1IASXVJi5IAZAQbk
70=cbAN26MFQCzSYxKCkAMkgBJ+wIJ+kCNFQC0TU1SAHRCTYoKQA3KCkAOEkBrHhpIr5lGwAl
71=1VI6VALJATtJAaahBDxIAdEJPSgpAD4oKQA/SAElCTNASAEl4UNBSQGQfAZtRxsm8S9DVQ
72=L9vQpESAF8A1UuRUgBzQVGSQGIeAIiXlkbAMkBSFUChrUCSUgBjzwEAEpIAXACRQhLSAHV
73=AkxIAd1BTUkBsHcNBQBOSQGmqQFPSAHJhVBIAd2OUUgB3Y5SSAEjdFFsRyd9BVRUAtUNVU
74=gBI89RAwBWSAGUAgIDACEAHIQBWREiKCkAIygpACQoKQAlKCkAJigpACcoKQAoKCkAKSgp
75=ACpIAcktK0gBJ0YJHADFdi1UApAQdJEnOQIvVQKMeAIHBAAwABwAgwAAABEAAPwPACAGAA
76=QAMQAcAIgAQAAEBAAyABwAg0QBVQIzSQGFqQE0SAHVAjVJAYe1AjZIAWQBTQU3KCkAOEoB
77=qwFfAgQAOUkBoqkBOkkBp6kBOygpADxJAaq1Aj1IAVEGAFEJPigpAD8oKQBAKCkAQSgpAE
78=JJAY5/BgQAQ0gBZAFFCEQoKQBFKCkARkkBrLUNR0kBpqkBSEgBxQhJSgH//08IBABKSAFA
79=AXkRSygpAExJASR7AgQATUkBKKkBTkkBrXMJBQBPSQEmtQJQSQEiqQFRSAFkAUUTUigpAF
80=NJAa57BgQAVEgBwQRVSQEfbwEDAFZIAWQBAQADAFcoKwAgAB2QAlEJISgpACJJASF/AgQA
81=I0kBHqkBJCgpACUoKQAmSAHFEydIAWgFUQkoKCkAKSgpACooKQArSQH6vRUsSQHwqQEtSA
82=HFCC4oKQAvSQGQewIEADBJAYqpATFIAWQBVQ0ySAHBBDNIAdFLNEgBwVE1KCkANkkBi38G
83=BAA3SAFkAUUIOEkBr60QOUkBpakBOkgBwQQ7KCkAPCgpAD1IAdUuPkgBzQU/KCkAQEkBkX
84=sCBABBSQGJqQFCSAHRFENJAYW1AkRJAYepAUVJAbCtEEZIAdleR0kBqbUCSEkBkK0FSUgB
85=2QZKSAFwAkEaSygpAEwoKQBNSAGDPgQATkgBhB5+TB0An1cFAFBUAoNGBABRSQH7tQ1SSQ
86=HxqQFTSAGYBn9MHQCqtQJVVAKYBn5MHQCYBn5MHQCbBgMAWEAEhBMBAwAfAJxJcWEgKCkA
87=ISgpACJIAdEUI0gBmwYFACQoKQAlKCkAJkgBgw8EACdIAY8FBAAoKCkAKSgpACooKQArKC
88=kALEkB/LUYLUgBxQguKCkALygpADAoKQAxKCkAMigpADNJAY5rCAQANEgBZAFNMTUoKQA2
89=KCkANygpADgoKQA5SQGruRE6SQGoqQE7SQGkqQE8KCkAPUgB3UE+SAHVDT8oKQBAKCkAQS
90=gpAEJIAc1HQ0gBwVFEKCkARUkBi3cJBABGSAGXkQQAR0kBk7UCSEgBZAFNG0lIAdEJSkgB
91=2QZLSQH5vRVMSAHNBU1IAcGeTkgBwZ5PSQGxbAV1Tx5YQ1QFdE8nlQhSQATFNFNIAVgDbU
92=dUSQEnbwEDAFVJASOpAVZIAWQBl5weAPZ8CnVPHuFRWSiAAMwNcQkfuA5pASAoKQAhSAHZ
93=oCJJASVgC2Sigk4AAGxSJykAJUEErncNBQAmSAGcAmxSgAF9CihUAmAITSYpKCkAKigpAC
94=soKQAsKCkALSgpAC4oKQAvKCkAMEgBgA9k7ye1ATJUAtHPM0gBxTQ0SAHJhTVIAcEENkgB
95=xRM3KCkAOCgpADlIAdFAOkgBzQU7SAHFgTxIAcFRPUgBwQQ+KCkAPygpAEAoKQBBSQH9by
96=YEAEJIAdkGQ0kBjG8BBABESQGGqQFFSAFkAVknRkgBgEZsUifFA0hUAsEESSgpAEooKQBL
97=SAGfQQQATEkB76EPTUkB9akBTkgB2VNPSQEgdQkERaIfUOBMAWxSJ7UBUkAETAJhO1NIAc
98=FRVEgBwVFVSAGVAgJF7x9EklUFAkbvHwCU3m9SHwDyYw8DAFlMBY8QAwBaSAFFBQBeVx0A
99=hBBpDB4oKQAfSAHNUiBIAZNkBAAhSAHZUyJIAYUIBVsWIACsaAxmVSAAj4kFACVABJA1ZF
100=XUXWRVJ7UBKEAEhwgEACkoKQAqKCkAKygpACwoKQAtKCkALigpAC8oKQAwSQGreBFlVSCk
101=ziKOKCAAwVEzQATJWTRJAY5zEAQANUgBwQQ2SAFwAlFANygpADhJAbC9CjlJAaepATpIAd
102=XTO0gB2QY8KCkAPSgpAD4oKQA/KCkAQEgB0ZhBSQGPaAhkVSehBENVApC1AkRJAYipAUVJ
103=AYupAUZIAWQBXRVHKCkASCgpAEkoKQBKKCkAS0gBlERnVSAA9KEaTVQC0QlOKCkAT0gB3U
104=FQSAHdQVEoKQBSSAElfSZTSAGHWAMAVEgBkAl1pyBIllABZVUgWEOJAVdABJwKZFXc9GRV
105=JykAWkAEi04DAFtIAVAGZVUcSFHJAR0oKQAeKCkAH0gB0fsgSAGNBQVAAYwNbaoiUAHVAi
106=NIAZyOfFcngQAlVAKFawRZFiFQXFQFfFfABHT/JykAKUwFWANlEyooKQArKCkALCgpAC1J
107=AbCpLS5JAaipAS8oKQAwSAElJSYxKCkAMkgBzQUzSAGEa3f/IQCSZA9/VyEA97EJNkAE3Y
108=43SAEjbyQEADhIAWgFVUQ5KCkAOigpADsoKQA8KCkAPSgpAD4oKQA/SAHVDUBIASVdLUFI
109=AdlpQkgB0a5DSAHBD0QoKQBFKCkARigpAEcoKQBISQGNfwYEAElIASX1KkpJAYe1AktIAW
110=QBQRpMSAEl0SBNSAHVAk4oKQBPSAHdQVBIAYMwBQBRSQGmbyYFAFJIAZNWBABTSAEjPDR8
111=VyXAKHxXJykAVkAEhGAi7SkhqFl8Vyc9CFlABM0QWkgBnQIEXFfPBQQAXFQCgAQBBQAbAJ
112=hmbUccKCkAHSgpAB4oKQAfSAHVGCBIAcUIIUkBsrUYIkgB1QIjSQGrtQIkSAHZHCVIAdkc
113=JkgBjAV0WicNAigoVQApKCkAKigpACsoKQAsKCkALSgpAC4oKQAvKCkAMEkBr3sRBAAxSQ
114=GlqQEySAHRrjMoKQA0KCkANUgB1ek2SQHtuQY3SAHZlThIAdUYOSgpADpIAYsiBAA7SAHB
115=BDxIAcVKPUgB2Ug+SAEjJzEEAD9IAZPlBABASAEnVwsiAJBoCHeyIgCLqQFDQATBXERIAX
116=ACQVFFKCkARkgB1Q1HSQGFZwQEAEhJAYipAUlIASVVLEpJAYa1AktIAWQBUQlMSQGupR5N
117=SAHRxE5IAcEET0gB3UFQSAGUAnZaIgAj4CJ0WiJEKVwCdFonjQdU7wUEAFUoKQBWSAHFVV
118=dIAYNcBABYKCkAWSgpAFpIAZSydFrJqQVUWiJMNVcNBQBdQASfDQUAGkyn0QkbKCkAHCgp
119=AB0oKQAeSAGaBgQAIjgkzRsgVAJUCni2YLGBRgVDDCMAsHQjIgciIwCnqQEkTQWlqQElSA
120=EnrQsj9f8nVAKECGS4J1UAKShVACpIAcmbK0kB83MJBAAsSAHBqS1IAZsRBAAuKCkALygp
121=ADAoKQAxSAHZXjJIASWlIDNIAc0QNCgpADVIASeuCyMA1U83VALJmzhIAcEPOSgpADooKQ
122=A7KCkAPEkBkHMFBAA9SAHdTD5JAYe1Aj9IAWQBXUxASAElISBBSAHFHkJIASO4KCKUSieh
123=BERUAskXRUkBkWgIIv42IwDVWkdVAoq1AkhIAWQBSQxJSAHZEUpIAcEES0gBI+QoIgYiIw
124=DR2k1UAtkRTkgB1S5PSAEl2SxQSAEjdCQirSwjJFUgBEW4I1wCXA1vXSMAj0QBQQ9UTALF
125=gVVIAXACVQJWSAHRS1dIAYEEBU1dIyRPQQUAWVQCgw8FAFpIAZkGBUS4IpxKUAFuXSMAmQ
126=YGTV0jVFWVAl5MBclOGSYoQWRgJVRBdL0nKQAcKIEAHUgBm14FAB5IAcUIH0gBxR4gSAHF
127=HiFIASVJOyJIAVgOfWIjKCkAJEkBsXBWIg0uJKQTIg0jJCgEDCcpAChMBdU5KUgB2V4qSA
128=HVTytIAcmQLEgB2TItSAElgSEuKCkAL0gBjyYEADBIAYQTdL2MGH3bMlQC1Q0zKCkANCgp
129=ADVIAckMNkgBJ7YXJADVDThUAs1SOUkBkW8MBAA6SAHVWjtIAXACTTw8KCkAPUkBjHsCBA
130=A+SAHFVT9IAdkGQEgBfANZBkEoKQBCSAHdFUMoKQBEKCkARUgB1SNGSAHNBUcoKQBISAHR
131=d0lIAckMSkkBsGc0BABLSAHZXkxIAd3FTUgBxRNOSAHRgk9IAdEfUEgB0QlRKCkAUkgBxQ
132=hTSAHRbFRIAd26VUgBybFWSQEtawgEAFdIAdFLWEgB0UtZSAGMMWZgJACAD2RgeEtcBmVg
133=JKhvdL14rpUCXlgG3VdfSAFMAmY/GAAiKFdTAQUAGUgBmREGRMMli00GABtUAocTBgAcSA
134=GTYQYAHUgBkAl+YiUAI1AmZMPZBgRcDyJAI1wKIm06Jb0NBETDIvA5lQIjRAjNGyQoKQAl
135=SAEjAD19YiUoXAwnKQAoQATRYSlIAcFRKkgBJ18MJQCvqTgsVQKmqQEtSAGMJmbDJQDZBi
136=9UAtkGMEgBXBJpIjEoKQAySAHNRzNIAcEPNEgBlC4ibC+Q7XkGNlQCyQw3SAEnFCQngQA5
137=VALJDDpIAdleO0kBiXsCBAA8SQGFqQE9SAHVRD5IAXACRWA/SQGSbAEiFCQnXQFBVAJwAk
138=EEQkgB3RVDKCkAREgBzV1FSQGtqSJGSQGPfAYiFEUnfQVIVAJwAlEJSSgpAEpIAcl6S0gB
139=0RRMSAHFdk1IAd0VTkgBJbVOT0gB0QlQSQGyoQ9RSAHRCVJIAdkGU0gBzQVUSAHNwFVIAZ
140=94BQBWSAGITnxiJ70CWFQCmZgERMMncQlaVALRS1tIAcFnXEgBI6gmfGLbJwUAXlQC3Vdf
141=SAGPXQQAYCgpABe4W3G5GEgBhBN0ZSLgY0QWdGWfBwAAB1RlJykAHEwFnBV1ZSZQAUwFdG
142=UldS8FXL/NBQVUZSLMUEAEdmUmAIQedWUm5WAjXAcjzTsDSWkmXAVNBQNJFCYkYUkDWAMn
143=rQAnUAHFVShIAc1dKSgpACooKQArSAHJWSxJAaulNC1JAaqpAS5IAdVaL0gBJQ0uMEgBwb
144=8xKCkAMkgBJYkiM0gBxWA0SAHNUjVIAUAXtGXQHyIUZicpADhABM1SOUgBzQU6SQGObAEi
145=zDAndQQ8VQKStQI9SAFkAVFWPigpAD8oKQBASQGNZAQiFmYmAN1XQlQCyQFDSQGLoQRESQ
146=GssR9FSQGlqQFGSAHNEEdIAcEaSEgBdAZBD0koKQBKKCkAS0gB0RRMSQGysQlNSAHZBk4o
147=KQBPSAGcryLMUSJcY0gEIhwlJykAUkAE2VNTKCkAVEgBkFkizzAmAK1oDHRlyE50ZScFAV
148=hMBcUIWSgpAFpIAZy6Isww1FoiJTwmJPhcdWUmJPhcdWUmJIc8BQBfWAaRCQVUZcsMBQBh
149=VAKTCQUAFiFIZpdlBAAXSAGPJgUAGEgBlAJsaCXEcGxomFusaCcpABxMBScNDSe/YgYAHv
150=QCbWgnUAGBJSBAAcnHIUkBr3wgbWgnJo1qI1QCkAlsaNAJbGjMEG1oJ/xtdArR+yhYBicN
151=DSfpxypUAsnHK0gBJdEgLEkBqaEPLUgBJRU6LkgBwQQvSAHJ0jBIAckMMUgB0QkySAGDJQ
152=QAMygpADQoKQA1SAFcHaxowCVuaCcAzao4QAQlUTE5SQGJcAUiJyYnAIapATtUAtUjPEkB
153=pr0VPUkBjaEEPkkBhakBPygpAEBIAd0KQSgpAEJIAQmGAAAAAAQAQwAnAP8RAABXEAAgCf
154=8AAAAEAEQAJwCrAYgBAkUAJwClqQFGSQGOUAIBAAQAR0kB/60FSEkBsKEESUkBqKkBSkkB
155=qqkBS0gBdAZZBkxJAZNvAQQATUgBZAFVAk4oKQBPSQEdewIEAFBJASFrAQUAUUkBHqkBUi
156=gpAFMoKQBUSQEioQRVSQGvYw8FAFZIAZsRBQBXKCkAWEgBhxMFAFlIAXQGAQAFAFpJASZv
157=AQQAW0kBJakBXEkB+rEJXUkB9KkBXkgBkxQFAF9JAax3AgYAYEgBnwoGAGFJAR9nCAUAYk
158=gB3AoBFQAoAM0mFkgBhwgEABdIAZcCBQAYSAGXAgUAGUkBJGcIBgAaSQEgqQEbKCkAHEkB
159=I7UCHUkBra0QHkgBwQ8f6wEEACBJASdvBQMAIUkBKKkBIkgBZAFBMCNIAZsGAwAkSAGTCQ
160=MAJUgBmxEDACZIAc0FJ0gBiSIEQwEoAO1jDwQAKVAByQEqKCkAK0kB76EELEkB8akBLUkB
161=rqkBLkkB+akBL0kBsakBMEkB9qkBMUkB8KkBMkgBzRAzSAGPJgQANCgpADVIAd0KNkgBzQ
162=U3KCkAOEkBknsCBAA5SAFkAVEfOkkBkG8BBAA7SQGLqQE8SAHZET1IAcEEPkkBiKEEP0kB
163=g6kBQEgB1QJBKCkAQkgBwQRDSQGHrQVESAGbUwQARUkBqa0bRkgBxRNHSAHNG0hIAXQGUR
164=RJKCkASigpAEsoKQBMKCkATSgpAE4oKQBPSAGUOWZrKACIAWZrKACPJgYAUkAEjzEGAFNI
165=AZt0BgBUSAGLQwUAVUgBmUgERWsoVEpNEwREaycpAFhABJFLBEdrKACwbBtnaygApqkBW0
166=AEUQYAXW1cSAHVe11IAdV7XkgBiG9maygAgFFka5YKAABmaygA2RFiTAXRCWNIAZcCBAAU
167=SFHZJxUoKQAWSAGEHn1tKZQGTRAYVAKQbHxtZFhBAwVcbcMEBgAbQARMAmEPHEgBwX0dSA
168=GfNgYAHkgBgQ8FVRIpTABUBX1tKURmSAF/bSkALUQBAQADACJMBZ94AwAjSAGQd35tKQCc
169=TH1tKbgyfG3NEARYhycpAChYBt1iKUgBJ78NKQDyfysEACsoVQAsSAHBZy1IAYsMBAAuSA
170=HFCC9IAc1zMEgB0QkxSAGXnAQAMkgBZBdVTzNJAY9sAX1tKfGYNVQChzQEADZIAXwDTQU3
171=SQH7uRE4SAHNfjlIAYdKBAA6SAHNBTtIAZdPBAA8SAHBBD1IAck4PkgBzQU/SQGObwEEAE
172=BIAWQBVQ1BKCkAQkkBkHsCBABDSAHBckRIAcl6RUgB3QpGKCkARygpAEhIAWAIXQpJSAGb
173=UwQASkgBm1MEAEsoKQBMKCkATSgpAE4oKQBPSAGIWXxtwDt8bdg9fm0pAICpf20pAPVsJn
174=xt2Eh8bdhIfW0pTE1ME3xtJykAWCiJAVlIAVgDZWtaSAGZPQVF2SlEvl8CBQBcVAKbEQUA
175=XUkB97UNXkgBwQ9fSAGYBn1tKVhOmQZhVAKEVWTZw1EFAGNUApteBABkSAFEBSLTIBMAKr
176=QNdXAq/RUVVALZJxZIAYwQdHDMBXTezAV1cCpUzlgJdXAqXABIAHRwJykAHEQI0RQdSAGV
177=kQVFDSpIakwFdXAqKBUOKqmbBFQS1AJ1cCqtGwJJBiqxmAJU3nTWRQgCXQ8qKBQOwA90cC
178=cpAChAD5w2dt4qANFsKlQC3VcrSAHBBCxIAc1zLUgB3W0uSAHdbS8oKQAwSAHRCTFIAVAR
179=cSoyKCkAM0gBxWA0SAHBBDVJAa90OXZwKgAjByIEADdUAsEEOEgB2RE5SAGZPQRUcCdBAz
180=tUAt14PEgB2QY9SAGDngQAPkgB3Qo/SAHB1UBIAc0FQUkBrq0QQkgB0WxDKCkARCgpAEUo
181=KQBGSAHFCEdIAcUISEgB1QJJSAHZtkpIAYFyBVRwJ8EITFQCk0sFAE1IASUJKE5JAZFrCA
182=UAT0gBh+8FAFBIAZAJdHDQH3VwKqDVdHDYJ3RwwEZ0cMwFIjwpJ9EKV1AJwQ9YKCkAWUgB
183=zRBaSAFoEFnMW0gBwQ9cSAGRowZWcCoAh60GAF5UAslZX0gBk8QFAGBIAclvYUgBlCN0cN
184=1XBFRw2F50cNMUBABlTAWDDwQAEkDCkxQEABNJASV4Am1zK6e4BQAVVAKTNQUAFigpABdI
185=Ad0VGEgBly4GABlIAZAJIkUqK0xuVAltcytA24kBHEAE1RgdSAHJFx5IAZUCBF1yK0xuTA
186=Vl5Cuw+21zK0QDVAJtcyu85mxzyAxtcytQckAEbXMrKG0OK0gCSABtcyvhfShUDUwCYWcp
187=SAHZXipIAdleK0kBjWcEBAAsSAHFwy1IAdniLkgBJ20OKyZ5KzBUApM1BAAxSAHFCDJJAY
188=mxCTNJAYqpATRIAWQBVcg1KCkANigpADcoKQA4KCkAOSgpADooKQA7SAHVezxJAaixbD1J
189=AampAT5IAdUNPygpAEAoKQBBSQGxrQVCSAGYPWTk00AEAEQoVQBFSQGwrQVGSAHVDUdIAd
190=UNSEgB1Q1JSAGURGTk2DJsc9syBgBMQASFogZMc8M7BQBOVALJZE9IAYyJbXMrTLBEC21z
191=K7eyBQBSQATRYVMoKQBUSAHRS1VIAVAGdd5WSAGYESKuNysAh5cGAFhVAqpjGgYAWUgBjN
192=YiRCrQFGTkJ+EBXEEEKHQJZuQrAMkXXlQC2QZfSAGUI25zKwCXIwUAYVQClCNsc8hZbHPI
193=DGxzJykAZUwFm2kEAGZIAZtpBAARSFHNcxJIAWgQVYYTKCkAFEgBnDZldizxdxYoVQAXSA
194=HRHxjoAWV2LIwJAQAHABpUAoOIBwAbSAGDGgYAHOkBBVRqzAV16SygcmV2LLCjZnYsAJgc
195=ZXYsuHRldiykgSJMKycpACRcCowbIk0rLLB3IkwryAxldiwk0CsiDDknVQApWAaRFARImC
196=dVACtVAo58GGZ2LACXpwQALVQCwesuKCkAL0gB2XQwSAF0BlVwMUgBxQgySAHVAjMoKQA0
197=KCkANSgpADYoKQA3KCkAOCgpADkoKQA6KCkAOygpADwoKQA9SAGIOHTpJ20DP1UCrnhTIk
198=wrJ1UAQVQC0RRCSAHZBkMoKQBEKCkARUgBzQVGKCkARygpAEhIAclOSUgB3UxKSAHBRktI
199=AYAEZHbIOGV2LP26TkAEgEZ16Swk8CQiTSssu3QEAFFABIFnBER21xgFAFNUAocTBQBUSA
200=GUGHTpJ4EAVlQCzRBXSAGMlGR2yAwidUYsvMVkdifZAFtMBd0KXEgBJf02XUgByYVeSAHd
201=g19IAdHPYEgBgQQERHYn6QJiVAKMBWR2yAxkdicpAGVABJAUZnYsAIMlBQBnVAKDXAUAEE
202=hRzRsRSAHFExIoKQATKCkAFCgpABUoKQAWSAHFCBdIAZQNIlUsLVByWAl9eC20cH14LbRw
203=fXgtuHR8eMgBfXgtrOF9eC24dH14Lbh0fHgnKQAhVA2JsQRJPS2tGwRELieBACRABJkcBE
204=x4J1UAJlQC2QYnSAFIFHntKEgBkKMiVywtAKe1WipUApyvIm86LQCQcAV/eC0AhakBLUAE
205=yQEuSQGHtQIvSAFkAVF3MCgpADFIAZzFImw6I1A9YQ8zVALNBTRIAYcpBAA1SQFSeAIiVy
206=wtADSpATdUAsEEOCgpADlIAXwDVQ06KCkAOygpADwoKQA9KCkAPigpAD9JAa2lHkBIAdEJ
207=QSgpAEIoKQBDSAGYSGTvJ1EFRVQCyS1GSAHdK0dIAdEJSEgBi0MEAElIAZcCBQBKSAGUAm
208=TvJ8EITFUCsnkRB0TvyUMGRO/IAXx4yAF8eCflB1FYBt2DUkgBgJN9eC3tflRUAs1oVUgB
209=zX5WSAHVcFdIAYEEBUXvLUhJWBR8eNA1fHjIWWXvLSSwMiJvOi0AkUgFVd5dRAgjUyYFAF
210=5IAc0QX0kBJmMEBABgSAHBJWEoKQBiKCkAYygpAGQoKQBlSAHNG2ZIAc0mZ0gBeAoBAAYA
211=aEgB15wPAC6pbwRVey757RFUAo8FBQASSAGbSAUAEygpABQoKQAVSAHNBRYoKQAXSAHBDx
212=hIAYwmdXsuoKkiXC0nKQAbQASAk3V7LqB9dXsuJFhedXsuJlVNH0wF1Q0gKCkAIUgBzSYi
213=SAHRHyNIAc0FJCgpACUoKQAmSAHZBidIAcktKCgpAClIAdlTKkgBkAl1ey6EAU1oLFUCjH
214=ABdvQuACUJVC5VAoa1Ai9IAWQBTQUwKCkAMSgpADIoKQAzKCkANEkBOnwGdnsuAGgBTVw2
215=VAJ0ewECAAA3yAEBAwQAOEkBNq0FOckBASLPOy4AM7UCO1QCizgEADwoKQA9SAF8A0UTPk
216=kBsFwLSQE/SAEl6SNASAHBBEEoKQBCSAHJekNIAcktREkBrGcIBQBFSAGboAUARkgBnEwi
217=DGUnzQRIVAKIQ3V7LuW4SvQCdXsuJIAsdPQnlQhNQATVRE5IAZwKdXsu4b9QVALZEVFIAS
218=NMKyJfLS4AsaUTU1QCmQYEVfQu7cBVVALZBlZIAYQeIlwt3BV0eycpAFlABCM0SXV7LiQY
219=S3R70Al1ey6wzyJdLS5IzVgJdHsnDQJfRQiNUAJZf2BIAYzAIl4tLgCAMCJdLS4mtS1jQA
220=TFKWRIAZcuBQBlSAGHVQUAZkgBmI109MElBVV7LvWRaUAExx4OAC+jfQMAD+gBbX4vKM0P
221=L3wSIn0xEkAEgEZsfieBABQoVQAVSAGQBSIsPSfZABdUAoB9ZfovoH0inEsnKQAaQATJph
222=soKQAcSAGAO21+LyjNDy+0/yKdSy+xNQVNCi/9KyFYBt0gIkgBmXQFQB8nOQIkVALNUiVJ
223=AaaxQCZIAckXJ0gB0a4oSAHVAilIAdGCKkgBnApsftwKZ/ovAIxwBW9+LwCIqQEuTQWGqQ
224=EvSAFkAVlpMEgByfMxSQE1eAJl+i9S9gAAWXQzVQI4tQI0SAFgfVV7NUgBn0EAADZJAaZo
225=F25+LwB6fwUATX4vRgMAAE0FOUAEen8DAFmEL4x+VQI7VAJ4f12DPEkBV6kMPUgBZAFFEz
226=4oKQA/KCkAQCgpAEFIAYtOBABCSAHJZENJAax7EQUAREgBiIVsftQjbX4vpLhsftcCBABI
227=TAUnzQ8vJDhEZfovoH1sfieVCExMBZjtIpxLxAhk+twKbH7UAiIuPS8AwXJRWAYj4ENtfi
228=/5+FNUApBLbH7HYAQAVVQCnCAinEsncQlXVALFSlhIAYQ/Z/ovAPylHlpVAo98Bmx+0Alu
229=fi8AlAIinUsvtJFtfi/5f19ZBpC5BmBJAYqpAWFIASW9LmJIAZxiImQuImxwRAQiZC4niQ
230=FlQAQjkSMGTH4nHQRnVALNMWhIAZdEBQBpSAHNfmpIAUgJIuYoDQAi4GNTAQIADkgBlDll
231=gTCgMGaBMADNEBFABIAwIlVNMP2DE1QC0YIUKCkAFUgBlERlgTDtcxdUAsUpGEgBxSkZSA
232=GUGCLFWzBMEUsABQAbVAJAAX2OHEkBsKktHUgB0UseSAHBBB9IAZhIZYEwqaYGTYMwJHkg
233=BkUuMLRPZIEniQEkWQavvAoKJQAwAKkBAAAABQAmABEAAMIRACABMAAAAEAABQUAJwAwAK
234=8BiQEoSQGoqQEpSQGqqQEqSQEfXAMBAAQAK0gBZAFJASxJAY5vAQQALUgBZAFVAi5JAZJv
235=AQQAL0kBO6kBMMgBXQkxSQE1VAIBAgAAMsgBAQMAADNJAThUAkEENEoB//9PAQAANSgpAD
236=ZJAbFUA10CN0kBj1wASQA4SQGwtQI5SQGmqQE6SAHFCDtJATNABQEFAAA8SQExSAFRFD1I
237=AYMEBAA+SAFwAlUCPygpAEAoKQBBSQEdZwQEAEJIAZcNBQBDSQGpdw0FAERJASehBEVJAS
238=CpAUZJASOpAUdIAWQBSQxISAHRCUlIAYMaBQBKSAGDBAUAS0kBIW8BBQBMSQElqQFNSQGu
239=dw0GAE5IAY8xBQBPSAF8AwEABQBQSQH8YwQFAFFJAZN7AgUAUkgBjwUEAFNIAXACTRBUSA
240=HNEFVIAdUNVkgB1Q1XSAGHCAYAWEgBhwgFAFlIAY8QBQBaSAGPPAUAW0gBkwkFAFxJAZBv
241=DAYAXUkBh6kBXkgBxQhfSAHBJWBIAcElYUgBwSViSAGDOwQAY0gBnwoEAGRJASRzCQUAZU
242=gBmwYFAGZIAZsGBQBnSQGvsR9oSAHZMmlIAYMPBABqSAFgCFEfaygqAAwAlEECAAABAA1I
243=AZMfAwAOSAHNBQ8oKQAQSAHBRhFIAZsRBAASSQEocwUEABNIAWQBTTEUKCkAFUgBlxgFAB
244=ZIAYMEBgAXSAGHKQYAGEgBkxQFABlIAYMEBQAaSQGsoRobSAHVcBxIAcEEHUgBxSkeSAHN
245=EB9IAYcTBQAgSAGXAgUAIUgBn0wGACJIAdUNI0gBxQgkSAGPBQQAJUgByQwmSAHBBCdJAS
246=B7AgQAKEgBzQUpSAFwAkUeKkgBnAp/gzEAsmsXBAAsVQKMZAR/gzEAi6kBLlUCUqkBL0gB
247=fINFgTBJAfd5BgBDATEA8akBMlABmFN/gzEAHnsGAAA0VALJATUoKQA2SQEioQQ3SAGDUQ
248=AAOEgBg1EAADlIAZ8gAAA6SQGPrQU7SAGAO32DMVIBAABZET1AAXFDA32DMUQOUwUEAD9U
249=Ao8FBABASAFNAgBFSkFIAZQufYMxRC9dAgRcgycpAERABIdVBABFSAHVI0ZIAUQFZQhHKC
250=kASEgB0QlJSAHVLkpIAdUuS0gBxUpMSAGHCAYATUgBjBt+gzEAjDF9gzFMu0kEBFyDJzkC
251=UUwF3QpSSAHFE1NIAcUTVEgBiwwEAFXrAQUAVkgB0YJXSQH9ZDR8gye1AVlVAq90An6DMQ
252=DRVltUAoAafYMxXEdZEQVfgzEAkkQBAQAGAF5ABN0VX0kBJncCBABgSAGXOQQAYUkBkbUC
253=YkkBiqkBY0gBnAp8gydtA2VUAs0bZigpAGcoKQBoKCkAaUgB0R9qSAHBO2tJATmpDGzIAU
254=0aC0jVlw0AAAxIAYkMAFSGYFRRBQRWhjIAxQgPQATJARBIAVgDbTwRKCkAEkgB3SsTSAGD
255=BAUAFCgpABVIAYAEd4YyALBAEEElF1QCiJt1hjLtPBlUAsUIGkkBsW8FBQAbSAHRdxxIAZ
256=8VBAAdSAHFHh5IAYEaBEEJMrkyBE5XMgCUAnWGMlgBRQsFVoYyAJkGBVgAwQ8EXATMBXSG
257=zwUEACZcCo0FBEdPMgCyeBF0hietAClABNkRKkgBzQUrSAFMDWElLEkBkmwBdYYyYAF1Ai
258=5VAkNwASJVITJWawAASQswVQL6XABBAzFJAfSpATJIAZgndIbZJwFOeDIAI2cjAQA1QQSq
259=bwUBADZIAZdPAAA3SAGcNneGMgCQUApJADlVAolcAEkAOkkBilwASQA7SAHNBTwoKQA9SA
260=F0hgEFAAA+SQE0QAVNiT/IAU2JQEkBN1QClYYyRA5XGAQAQlQCIogiVQJDSQGwZxMEAERJ
261=AaqpAUVIAcmmRkgBxQhHyAEBAQQASEkBV70KSUgBZAFRCUpIAZ8gBABLSAHBO0xJASBlBA
262=VUht82BQBOVAKMMXSGJ40HUFQCaAVRCVFIAcUTUkgBxRNTSQH5sRRUSAHVDVVIAdUNVkgB
263=1Q1XKCkAWEgB1Q1ZSAGIDHSG2D0iVCEnKQBcQATRCV1IAdEJXkgBxQhfSQGybRAFVIYn6Q
264=JhVAKHYAMAYkgBmwYDAGMoKQBkKCkAZUgBm6sDAGZJAY9/EQQAZ0gBi9IEAGhIAYvSBABp
265=SAGboAQAakgB2TJrSAF0hlk9bEgByUNtKCsACgAzXGhiCwALSAGAAWyJnD51AQ1UAmxHRQ
266=gOyAFBRg9IAXhIQTAQSAGfCgQAEUgBbAZVAhJIAZQjIgYiMwCZHARNiTPpehXgBGyJwwQF
267=ABdUAo8FBQAYSAHFKRlIAY8mBAAaSAGBBARNiTNcfl8NBAAcVALNEB1IAdEfHkgB1U8fSA
268=HZESBIAcUIISgpACIoKQAjSAGAD22JM+mFJVQCTA1tfiYoKQAnSAHVDShIAckiKUgBzQUq
269=KCkAKygpACxIAdFWLUgB0VYuSAHZBi9IAXiKAQQEADDIAVF3MUgBgAQihTIzRJ2RATNUAo
270=AaIgQi3CsihjIzAIBGbYkzXJ+NBTdMBSWJIjgoKQA5KCkAOigpADsoKQA8KCkAPUgBgOBs
271=iSeVCD9UAnAfURRASAFkgUFGQcoBAwBMiXkUACINI0NUAmAHWUhESAEicDVBRkVJAT6OFA
272=BGSAHFCEfIAUUISEgBYFFNBUlIAYsFBABKSAHBO0tIAZ8gBABMKCkATSgpAE4oKQBPSAHN
273=PFBJAft7dAQAUUkB86kBUigpAFNIAYe4BABUSAEnLBFsGFQQIgUiM1DKSwEEAFdABM0QWE
274=gBk3cEAFlIAVoDAABsiSetAFtUAs0FXCgpAF0oKQBeKCkAXygpAGBIAckXYUgBI1wibYkz
275=JBgqbInLegMAZEAEI58qAwBlSAElJTFmSQGSfBFuiTMAgNVuiTMA2RxpQAQi/CtJLWrIAV
276=Uia0gBk2wAAGwoKQBtKCkAbigpAAlY2mQMAQABAApIAcXZC0gBlAJkjHhFkQENKFUADkgB
277=bDxZSA9IAWgEWUgQyAFBRhFIAWhDRRMSyAFZzBNIAcF9FEgB3UEVSQEgZwwEABYoKQAXKC
278=kAGCgpABlIAdEqGkgBzXMbSAHNcxxIAcF9HUkBPH0KAEQuIswvTAEitCJ0FYkBIEAEQAFp
279=hSFIAY0mBFasNADFCCNUAtUYJMgBVRglSQE2fAYitiI0AGgBVQInVALVDShIAXAMSSIpyA
280=FJIipIAdEfK0gBYAhVIyxJAdhQNkkBLUkB0qkBLkkBsqkBL0kBWHAFZ4w0AEWoASJIMWgB
281=TQQyQASIFyK0IngOZAROAjQAhGBljDQkMCJljDQkGzUBADdJBL1rBQEAOMgBAQEBADlJAe
282=S1AjrIAVUCO8gBAQIBADzIAQEDAQA9SQF0QBBZBT5JAehcAEkAP8gBQQNASQHCSAJJAEHI
283=AVUCQkgB3RVDSAF0c1lIREgBZIxBBEVIAcEERkgBI6M7AABHSAHVAkhIAXRPXStJyAFdK0
284=pIASJYSEUpS8gBWTJMSAGTIgQATUgBhwgEAE5IAVQSZT9PKCkAUCgpAFFIAdFLUkgB0UtT
285=SAHZBlRIAd1XVUgB3VdWSQEjZARmjDQAixcEAFhUAs0FWUgBzQVaSAHNBVtIAXQGSRdcSA
286=GL6AMAXUgBjwUDAF5IAY+UAwBfSAHNBWBIAdEUYUgB0RRiSAGAyiINRDSgymaMNADZimVA
287=BCUFImZIAc1dZ0gBzV1oyAFZJ2lIAWSMSS1qSAGbJwAAa0gBjBBnjDQAIa0BbVQCzdZuKC
288=kAbygqAAgAnDNxywlIAZCNfo41AIsBAAALVAKuCQAMKCkADSgpAA4oKQAPSAHZERBIAWw8
289=WUgRSAF0GF0VEsgBSdITSAFgRl0rFEgBmwYEABVIAZQNf441AKxIT0EEF1QCIxdQBAAYSA
290=HBBBlIAdkGGkgBzSYbSAHJehxJAURwBSKWNDUAaAFdCR5UAmAPWREfyAFFVSBIAYUhBEkn
291=NVIBAABJLSJBAT1nCAAAI0gB1RgkyAFVGCVIAXCNUQkmyAFVAidIAYcTAAAoKCkAKUgByS
292=IqSQFTfAoibkU1ANGNLFUCFkQJRR4tKCkALkgByZAvSAHdVzBIAYsMBAAxSAF8jgEEBAAy
293=yAFVLjNIASMULyJlIzUmvCNkG5FWAE2kNSR0O36ONQB8jk2JOFgGaQEDfo41AHyOAQQBAD
294=pUAmgBAQUBADvJAQZ8jqEEB36ONQB8jl0rPkAEfI5BGT/IAUkiQEgBfI5VAkHIAVUCQkkB
295=v1wgWQZDSQHxSAFJAETIAVUCRUgBmxwAAEZJAa9IAkEER0gBh2sAAEhIAcEESUgBYDtRH0
296=pIAXQ5VQ1LyAFVDUxIAWAwVQJNyAFFP05IAcFGT0gBWAtpkFBJASdvAQMAUUgBzX5SKCkA
297=UygpAFRIAZMqAwBVSAF0Bkk4VigpAFdJAatoF32ONSTEOiJlIzUkQ0UEAFpBBIBABAEBAw
298=BbyAEBAgMAXEkBI3QJfI54GUwBfI7UOX6ONQDFE2BNBYFECAEAAwBhyAFRCWJJAZBUBlkR
299=Y0gBI8w7Im5FNQAj/0wEAGVUAsFnZkgB0eVnSAHNXWjIAVknaUgByS1qKCkAa0gB0Y1sSQ
300=Eldw0AAG1IAZcCAQBuSAGLkAEAbygpAHAoKQAHSFGb4gEACEgBgwgCAAlIAYiQdZE2KDUS
301=NlxziQQMQAScCiLORjYAyQEOVQIingMAD0gB3RUQKCkAESgpABJIAaoFABNIAWxHSUMUyA
302=FJQxVIAWzhWScWSAGXTwQAF0kBqWgtdZE2r2gEABlUAiK0OE0FGsgBTQQbSQFVbAwinDUn
303=rQAdVAJ0kUV2HsgBUVYfSAFsEEkBIEgBYD5ZESHIAUEwIkgBwRojSAGdKwBEeyfxAyVUAt
304=EfJkgBfA5NACdJAY9cAEkAKEgBxQgpKCkAKkgBdJFBnitJAdtcFlUYLEgBJzYSNgDJAS5V
305=AtWhBC9JAa+pATBIAYByd5E2AD9IDUUIMlQCaAFNBDNIASOsLHWRNiYpWDVUAoQ/dJF4qF
306=wGd5E2AAtNBgAiFCSpAQF1kTYkoDAipVc2uV4AVZE2SKxYBiKlVzaw+3SRJ8EIPkgMmQMA
307=VBLDBAAAQChVAEFIAWiQSS1CyAFJLUNIAXaRBABYxlwVSAhZMkXVAgZ0kbUCByIXJDYA6k
308=AESQBIQAR0nEkBScgBQRlKSAHVLksoKQBMKCkATUkBT0wGTSZOyAFNMU9IAcmQUEkBLmAE
309=dJHbPQMAUlQCm14DAFMoKQBUSAGUcHeRNgCwQBBdClZUAiOkTCIWJDYA3VdYVALZf1lIAW
310=iQWV5ayQEEdpE2AHYCBQJUkdcuAgBdQQQgexECAF4oKQBfKCkAYEgBdpEDAlaRNgBoAVEJ
311=YtUCBSIWJDYA0a5kVQKOcAl1kTZIM08BBABmVQJARAFVF2dIAdknaEkBIVQCSQBpSAGTHw
312=AAaigpAGtIAZAfIhUkNiYRP21UApxMdJHdTAJUkScpAHBABEwKAgAAAgBxSAHejgYAcKBf
313=AgEAB0kBJEUBAG2UN7VPAU6UNwCAtG2UNyiNEjcmmS8MWAZ0BlkGDUkBrlQZSQEOSQEmmA
314=JNlDfllxBUAtF3EUgBvgMAEigpABMoKQAUSAHJhRVIAWyUXVcWyAFJOBdIAZQbbZQ3SRoA
315=IjkjGVQCbJRNBRpIAdEqG0gBbJRJThxIASJoKUFGHcgBSRYeSAHNBR9JAZGpEyBJAYupAS
316=FIAcEEIigpACNIAZQubZQ3v6QBACVUAtEfJkgBxR4nSQGQsQkoSAGX0wAAKUgB3QoqSAFk
317=HkUTK0gBlAIiNmo3ANmVLVQCwZMuSAGLLQQAL0gBJV0tMEgB2QYxSAFhkwIixSQ3QYMAWu
318=YAM1UCj60QNEgBI+R1IqU2N0ismQI2VQIghAFDATcAdkgjVQE4UAFoAVUBOUgBnEFslMxH
319=bJQnPQg8QQSxQQUAbZQ34UY+VQKwdAJvlDcAp6kBQFQCj6oAAEFIAUQNaQBCKCkAQ0gBgB
320=oJAABEADcA//8AAAAAEQAAJxIAIAoARQA3APEAAAAKAABGyAEBCwAAR0gBBeoAAAABAABI
321=SQHCSAEBAgAAScgBAQMAAEpJAfpUAkEES0oB//9PAQAATEkBTmcBBABNSQFPSAEBAgQATk
322=kBJ0gBAQADAE9JAS6pAVBJASWpAVFJAa5ECQEABABSSAFwAkkBU0kBvW8BBABUyAEBAQQA
323=VUkB7LUCVsgBVQJXSQFStQJYSQE9awEAAFlJAYBcCgEGAABayAEBBwAAW8gBAQgBAFxJAS
324=BvBQEAXSgpAF4oKQBfKCkAYEkBgXMJAQBhyAFRCWLIAQEIAABjSQExcwkEAGRJAZKpAWVJ
325=AUBIAV0gZsgBWSdnSQGPVAJJAGhJAR1cAEkAaUkBsEgMAQABAGpJAaipAWtJAaqpAWxIAZ
326=8KAQBtSQEkTAZNBW5JASCpAW9JASipAXBIAWQBAQACAHFJAR9vAQEAckkBJmgBBAAABQA4
327=AB5rAQEABigpAAdJASK1AghIAWQBAQABAAlIAYk4AENFOAAjmgIAC1QCyRcMSQGssRQNSQ
328=GnqQEOSAHVGA9IAdUYEEgBmxEAABFIAa4JABIoKQATKCkAFEgB0UsVKCkAFkkBM1wGAQUA
329=ABdJATZIAVlTGMgBXSsZSAHZBhooKQAbSQEyTAVRSxxJATtIAVkGHUgBzQUeSAGXGAAAH0
330=gBixcAACAoKQAhSAGXGAAAIkgBQAhpACNIAd0gJEgByTglSQGmvSAmSAHVLidIAZ8rAAAo
331=SAGXOQAAKUgBzRAqSAF4SEUTK8gBAQMEACxIAWQeSRctSAGPBQQALkkBsWsMBAAvSAHVAj
332=BJATl/EgQAMcgBTQQySAFwAk0AM0kBjFwASQA0SQGLXABJADVIAVgAaQA2KCkAN0kBs20C
333=AEIBOABoAVEJOVABsgIAOigpADtIAY9SAAA8SQEgpQQ9SAHBRj5IAZMUAAA/KCkAQCgpAE
334=EoKQBCKCkAQ0kBhFQOSQBEyAFVI0VJAYVIAlUMRsgBVQFHSAHJDEhJAbJIAkEESUgBeJVZ
335=BkrIAVVES0kBAkAESQBMSAF0Ll0rTUgBhAhmlzgAnDZmlzgA2ZVQQQSsTAZNBVFJAampAV
336=JIAUUNAFUCU0gBZJdNflTIAUk4VUgBZJdVAlbIAVUCV0kBWH8GBABYSQFFqQFZyAFJC1pJ
337=AYBcAEG0W8gBQbRcSAHdK11IAY9+AABeSAGDqQEAX0gBxXZgSAFmlwkARpc4AGgBUQliVQ
338=L5XApBDmNIAXAfVSNkyAFFE2VJAT5UA0kAZkgBiyIAAGdJAY5IAkkAaEgB2T1pSAHZEWoo
339=KQBrKCkAbCgpAG1IAd0VbkkBk0QJAQABAG9IAZMJAQBwSQEgtQJxSAGMR2aXOADFa3NUAs
340=RrAQQAOQCHEwIABUgBdAZBngYoKQAHSAGTjQEACEgBgAR9mTmgO32ZObmgAF2ZOa88AAAM
341=TQWtdyMBAA1IAcUpDkgBhxMAAA8oKQAQSAGQFH+ZOQAhjAxcmSddARNABIetAAAUKCkAFS
342=gpABYoKQAXKCkAGCgpABlJASK9ChpIAYceAAAbSAF8mV0UHEgB1QIdSAGRKgBeGjkAlBh8
343=mYiCbQggQATNBSEoKQAiSAF0A00AI0gBjzEAACRIAdE1JUkBr0oNAAFKJzkAwTAnVAKcK3
344=yZzDF+mTkAzRAqQATVDStIAXxMWbYsSAF8mUlOLcgBSU4uSQE1QBBNaC/IAVH7MEgBcBdN
345=BTFJAZFjBAAAMkkBhakBM0kBhqkBNEgB1Q01KCkANkkB10AEVRc3yAFRCThIAXyZRYE5SA
346=HZBjooKQA7KCkAPCgpAD0oKQA+KCkAPygpAEAoKQBBKCkAQkgBcJhVDUPIAQEEAABEyAEB
347=BQEARUgBfJkBAwEARsgBQQRHyAFNJkhIAdEUSUgByZtKSQECQBtdCkvIAVkGTEgBaC1ZHE
348=3IAV0rTkgBdC5dK09IAZtpBABQSAHRmFFJAYBQCQEBAwBSyAEBAgMAU0kBd1QCAQADAFTI
349=AUEEVUkBIFAqVQJWSAF4ikkBV8gBQQRYSAGTFAQAWUgBaJsBBAQAWsgBQRpbSAGPEAAAXE
350=gBwetdSAHV6V5JAbFgD3yZJ8UOYFUCImAPf5k5APdjBAAAYlUC8qkBY0kB9akBZEgBfCBV
351=DWVJAZG5BmZJAYmpAWdJAYipAWhIAdUCaUgB2eJqSQH7sQlrSQHxqQFsSAHBXG1IAd0Vbk
352=gBgBp8mSeJDHBUAsGIcUgBjyYAAHJIAcVrc0kBq38KAQB0SQGmqQEDSeslZRMBWTU6YQEA
353=SZsFVQKuYwQCAAZIAZsCAgAHSAGA1XWcOlx+XAJ0nCcpAApABI0mAVSc0QkBV5w6ALFwCX
354=acOgDdeA5MBVwHaQAPKCkAECgpABFIAcUeEkgBYAUBAAEAE0gBjZ8BVJwn4QEVVAKPnwEA
355=FigpABcoKQAYSAHFExlIAc0QGkgBzV0bKCkAHEgBnysAAB1JAahoF3ecOgCpqQEfVAKMEC
356=LUJs0QAESyJykAIkAEmxEAACMoKQAkSAGJLQBcvyd1BCZUAtUjJ0gBnCt0nCcxASlUAosX
357=AAAqSAGfIAAAKygpACwoKQAtSAFob0FRLkgBdJxNcy/IAVF3MEgBxR4xKCkAMkkBkKELM0
358=kBiqkBNEgBpgEANUkB10wBRQg2yAFZfzfIAVUNOEgB3Qo5KCkAOkkBTVgGSUs7SQFGqQE8
359=yAFRKT1JAfN3AgAAPsgBVQI/yAFJF0DIAUEPQUgBJdk3QkgBdJwBBgQAQ8oBBwNWnDoAdg
360=IIAlacOgB2nAYCV5w6AIZQClWGR0wFaAFVvUhIAWiFRRNJyAFNBEpJAQJcAAEGAABLyQEH
361=Ir45OgB0AgEIAABNVALBfU5IAWgtURRPyAFNn1BIAWibSQFRyQEEdpw6AHYCBQJXnDoAdk
362=gMUWxUQARoAQEBAgBVSQEgfyACAFZIAXScAQMCAFfIAUUIWMkBBXWcOlAlcAVUnNhIIrw5
363=JykAXEwF2VNdSAHJTl5JAY90BnacOgCTNQEAYFQC0WFhSQH8ZBN1nDpYWXIFAGNUAslZZC
364=gpAGUoKQBmKCkAZygpAGgoKQBpSQEijgkAakgB3ZlrSQH6tQ1sSAHBnm1IASVNIG5IAcWX
365=b0gBI4AhItQmJwERcVQCuApVnDpIdZEBc1QCJ5YTOgAliTh1VQKqdQ0BXS47pZcAREIicD
366=ZZBgJYQCcoAAIFADsAr2wFbZ87JAQibJ8ngQAIQATRowlIAVwHaaYKSAGEKW6fOwDJsQxU
367=AoM7AAANSAEjV0IAAA5IAdEqD0gB1SMQSAGQCSKFJzvhGhJUApQNbJ/UAmyfJzkCFUAEmT
368=0CTJ/PGwIAF1QCnwoCABhIAcUTGUgBxYwaSAHNEBsoKQAcKCkAHSgpAB4oKQAfSAHFSiBI
369=AZ0VAVBF2xEBACIoVQAjSAGHEwEAJEgBlQ0BTJ/QFCKEJycpACdABJ8VAQAoSAHdCilIAY
370=gXbZ87sFZsn9cNAAAsQQSwczUAAC1JAaapAS5IAYMPAAAvSAGDDwAAMCgpADFIAZQNIocn
371=OwDWmg0AM1QCaAFRCDTIAVV7NcgBSZA2SAF4oFGCN0gBjGgixDonZQI5KFUAOkkBUFwKUY
372=07SQFESAEBAAQAPMgBSQw9SAFsn0GpPsgBQak/yAFJkEDIAVUNQUkBU6UIQkgBjGhtnzuB
373=ngpsn6oBCwNNnzuOnwkDTZ87jJ8BAgMAR1gGgyUEAEhIAZNhBABJSQFFXAoBBAQASsgBTR
374=BLSQECRRQKbp87AGkBC2+fOwCRTAVJAE5BBIdcAEkAT0gBeKBZBlBIAXScSRdRyAFJF1LK
375=AQgBT587AHZcCgEAAQBUVAJqAQEBT587ACBECQEAAQBWVAJunwYBTZ87Iww5RQhY1AJdr1
376=lIAWgFTQBaSQEhXABJAFtIAc08XEgB2VNdSAGfFQEAXkkBg0AFSQxfSAGIF2+fOwAmdAIi
377=hCfAUW+fOwAptQJjTAWfCgEAZCgpAGVJASJjBAEAZkgBjzEBAGdIASMbKgEAaEkB/bkcaU
378=gB3VdqSQGwdwIAAGtIAYMwAABsSAHRrm1IAZMJAABuSAEl6SNvSQGxeAZsnye9AnFUAoQT
379=IoUnO0hqfhEAc1QCzQV0SQHyUAIBAgEAdcgBAQMBAHZIAVECAF0gAUhRyQwCSQHxewICAA
380=PIAUjSbFVwAkGmBVQCyQEGSQGveBFnojwAqKkBCFQCI28kAgAJSAHNBQpIAZAfZaI8Jt0n
381=DFQCgCVlojz1nA5UApsGAQAPSAGbBgAAEEgBlAJkoietABJVAq1gD2WiPEiLSARlojxEh4
382=kBFUAEjBtnojwAj1ACRRsXVAKYPWeiPAAqdwIBABlUAocpAQAaKCkAGygpABwoKQAdKCkA
383=HigpAB8oKQAgKCkAIUkBIqkMIkgBZAFVLiNIAYQTZaI8uWkCWzc8AIllBAJeUTwAmVMCRM
384=jMJmeiPACupR4pRAiUGGWiPOXZK1QClBhmojwAgA9mojwAn0EAAC5ABIAPZKLBDwFHojwA
385=i2MPAQAxQATVLjJIAXigQZMzyAFVezTIAVV7NcgBTXM2SQFMRAhVnDdJAUlIAVWcOMgBVQ
386=I5SAF6oAIESvA8AGoBAwRZUDywuXZMPABwo0mQPUwFaAFVDT5JAZFwCSIPTzwAhakBQFQC
387=lyMAAEFIAWSiSQxCSAEjjElnojwAFGElBEwKqAFBBEVABIVrBEaiPAAjnTUERqI8ACP8Nm
388=SiJzkCSUwFbBBVGErIAV0JS0kBAl0ADWaiPABpAQ5nojwA+UQTQQNOQQSQSAFJAE9IAd0V
389=UEgB3RVRSQGAQAVNqlLIAU2qU0gBI807AEaiPABoAU0EVVUCIEQJSQBWSAFkogEJAABXyA
390=FFCFhIAVADaQBZSAHd0FpIAc08W0gBI/BQIvRh2HQi9mE8AJyOZqI8AJwVIjcoPACKaAln
391=ojwAsEEQACL1YTwk6yMBAGJQCZ8KAQBjSAEizFFRgmTIAUmFZUkBdLkGZkkB57EJZ8kBAW
392=aiPAB0Al0maVUCdW8FAABqSQHEbAVmojwAaAFBA2xUAosMAABtyAFVAm5JAXFcAFkFb0gB
393=cAlRFHDIAUkMccgBSQxySAFunwQBRqI8AGkBBSLMO6kBBmSiqgEHAUWiPEgKSwABAHdYBs
394=RgAQIAPQBlogRkoqkBBSKMKKkBBiIUUKkBByKOKD0AIuRqSSIHWAZoAUkiCEgBmDJloj1M
395=eYkMClUCI0QBSRcLSQEmaAEiFVA9/XgNVQIltQIOSAGEAWWiPUCDkQEQVALBfRFIAc0FEk
396=kBsXQjZKIlWGploj27qwEAFUAEiDhnoj0AkG8JAwAXVAKbfwMAGEgBkR8CRqI9AIEwAkSi
397=qAFBGhtBBMl7BgIAHMgBVQIdSQHktQIeyAFVAh/IAQECAgAgyAEBAwIAIUgB1UQiSAEi4G
398=9dICNIAYA7ZaI9kEBFKSVUApxBZ6I9AJKpDCdUApAUZ6I9AK+lHilUAp3QAU26PavSAQAr
399=VAIjNygBACxIAcktLUgB2ScuSAHZJy9IAWQMWREwSQEnjAFGoj0AkDUijSg9I4woAQgAAD
400=NABHCjQXI0yAFBcjVIAXigVZw2yAFVnDdIAZdwBAA4SQGkfBUiKFnQFGSiJykAO0EEqqEE
401=PEkBWG0QBEMBPQBFqQE+UAFoAU0EP0gBizgAAEBJAYZgBGWiPUwWTwEEAEJUAiNUIWWiPY
402=SiRRNEVAJwo0UTRUgBjDxkosw8ZqI9ACLsYE2fSEAEaAFVp0lIAdmrSkkBRGcMBABLyAFN
403=tUxIAXmgAmWiPYSiAQMAAE5VAsVMBV0VT0gB3RVQSQGIVAJJAFFIAZdPAABSSAFEAmkAU0
404=kBC0wGTQFUyAFVAVVIAUQCaQBWKCkAVygpAFhJASF4AyI8dic5DVpUAs08W0gByWRcSAHN
405=PF1JASC5Bl4oKQBfKCkAYEkBKKEEYUkBrU0RAGSiJ2UNY1QCZClNXWTIAU1dZUgBbV0BIo
406=0oPY2fAyKMKKgBQZNoQARwmAEFAQBpSAFkokkLakgBeF5FKWvIAUUpbEgBiAxkorA1VQJu
407=VAJgZ1kGb0gBcAlJDHDIAUkMccgBSQxySAF5oAhloj2Foglmoj0AmFNmoj0AlU8BRKInAR
408=F3WAacbSKpPD6g9nmgPpGjCnigqQELeaA+mKBeIAcAqAEHAwIACAA+APoAABEAAKISACAH
409=AAECAAkAPgAmAEAABAEACgA+ACJEAQEAAQALSAFkAUkBDCgpAA1JAfJYAgECAQAOyAEBAw
410=EAD0kB51QCTQUQyAEBAQEAEcgBTQUSSQHEoQQTyAFBBBRJASS1AhVJASypARZJASBrAQIA
411=FygpABhJASO1AhlJAb1IAQECAgAayAEBAwIAG0kBybUCHMgBVQIdSQHkVAIBBAIAHsgBAQ
412=UCAB/IAQEGAgAgyAEBBwIAIUgBAXQBAABFEyJJAepYBkkBI0kBcbUCJEgBdBhBDyXIAUkM
413=JkkBJ0wFAQABACdIAZMUAQAoSAGXAgAAKUkBIGMEAAAqSQEoqQErSQGvXAoBAAEALEkBqq
414=kBLUoB//9HBAEALkgBeBxBBC/IAVkRMEgBcBRJBDFJAblcAEkAMsgBUQgzSQHWSAIBDQAA
415=NEgBkwkAADVJATJUAgEABAA2SQEzqQE3SAGPEAQAOEkBqVgHQQQ5SAF8A0kBOkkB2LUCO0
416=kB0qkBPEkBrqkBPUgBiQwEQwE+AEVcBgEEBAA/UAFoAQEFAABASQGOVAJJAEFJATFcAAEC
417=AABCyAEBAwQAQ0kBV1QCVQ1ESQEUXgoFBEIJPgBwHwECBABGVAJoAU0FR0kB7EwFVQJIyA
418=FVAklJAfxYBkUISkkBg0gBAQEEAEvIAVUNTEkBk1gGSQBNSQHFXABVAk7IAQEDAABPSQEh
419=VAJJAFBJAR5cAEkAUSgpAFIoKQBTSQFySAxBBFTIAVUBVUgB2QZWKCkAVygpAFhJASlMBk
420=kAWUgBjwUBAFooKQBbSQEiVANZPVxJAR9rAQAAXUkB+1wLVQFeSQHzqQFfSQH1qQFgSQEd
421=VANJAGFJAbF3AgEAYkgBxWtjSQF3tQJkyAEBAQEAZUgBxVVmSAHFVWdJASBECUkAaCgpAG
422=lIAY8FAABqSQGyVANJAGvIAUkLbEkBC1wAVQJtyAFVAW5IAcUTb0kBkVQDAQABAHBJAYup
423=AXFIAcEPckkBIHcCAABzSAHJZHRJAa1ECQEAAQB1SAGfAwEAdkgBiU4BQT4/kAIBAAIABV
424=BOjwECAAYoKQAHSQH6WAJFdgjIAUV2CUkBv1QCTZ8KSQF1qQwLSQHyVAIBBAEADMgBAQUB
425=AA3JAQZinj8AYQQHYp4/AGCeAQMBABBABGgBWQYRyAFZBhJIAYuFAQATyAFNBRRIAUQMSo
426=wAFUgBlyMBABZIAZQCY54/AL5vAQIAGFQCaAFRFBlJAbS1AhrIAVUCG0gBjzECABzIAVUC
427=HUkBsGAaY54/AKipAR9UAskBIEkBprUCIUgBnUwBU74/AI9rDAEAI1UCJKkBJEgBzUclyA
428=FNRyZJASOhBCdIAWQBRTQoSQEmjAFBnj9UrY0BKlUCLYYBACtIAcE7LEgBkwIBAC1IAdU5
429=LkgBYH0BAgEAL8gBAQMBADBIAWCeSRYxSAFgnlF3MsgBUXczSQGuVANBCjRIAVgAaQA1SA
430=FgnkEDNkgBYJ5ZBjfIAVWGOEkBV2cFBAA5SAHVnDpJARZABUlLO0kB0VgHSQE8SQGxqQE9
431=SAF0BlUCPkkBQGwBYZ4/RJ18OlsAPwCMdwIAAEFBBIepAUJIAWyfRaJDSQFTdwIEAERIAZ
432=QuY54/ABGpDEZUAmgBUZhHSQGRrQVISAGDZwQASUgBdJwBBAMASsoBBQNCnj8AdAIBBgAA
433=TNQCAQcAAE1JAQl/CgAATsgBVQFPSAGXTwAAUEkBjWsMAQBRSQGJqQFSSAGXDQEAU0kByL
434=UCVMgBUUBVSAF4XkU/VsgBVQJXyAFJOFhIAXzmQQRZSQHoZQgCQp4/AGgBRVVbVAJgO0EE
435=XEgBlHBinj8AZO9ZBV5VAvFcAEkAX8gBSRdgSAGbUwAAYUkBIFQDSQBiKCkAY0kBdkAFVQ
436=JkyAFVAWVIAc0FZkkBI1QDSQBnSAGXTwAAaEgB0cRpSAFQA2kAakgBcGxJQmvIAUlObEkB
437=tVgDXQptyAFBBG5IAcUTb0gB1Q1wKCkAcUgBwQ9ySQGyWAdRCHNIAc0xdEkBsXQCY54/AC
438=dUA0kABUxKWgAAAGmbQIQBAwACAAcAQOkBCEgBfJlVnAnIAVWcCkgBcCpZMgtIAWWXCGmb
439=QJCYTUINVAKICGqbQACcIGmbQOEPEEEEKIYEABFIAYcBAQASSAGUvWqbQABoAUkMFFUCIW
440=UEAUubQAAlqQEWVQLYaAFqm0AAaAFFPxhUAmibURQZSAFom0kXGsgBVQIbSAGULmqbQABo
441=AVUCHVQCeBxFCB5IAZREIi4nQABlrQAiLidAAJgnIi4nQAAnaxNAAI5sEGmbQGABfXQkRQ
442=ixcQEBTBVYBkgBAQEBACZVAsJJAQAiLidAAGgBVQIoVAJwAlUCKUkBrqU0KkgBwZ4rSAGH
443=HgAALEgBzQUtSAHJOC5JAXd5BgBKm0AAaAFVATBUAt1BMUgBm7YAADJJAaRUA1UIM0kBp6
444=kBNEgBI4woIiwn0zUAADZUAp82AAA3SAF0nEWMOEgBxYw5SQHbZwgEADpJARZYVEWXO0kB
445=07UCPEkB1qkBPUgBkAkiLSdAUwEAAAJom6gBWF5hAZBYEkgAAkEAQACKXABJAEJIAVgAaQ
446=BDSAFgD0WXREkBkmwCaZtAiJtRCUZUAmibXa9HSAHVDUhIAZAqaptAAHGYCGibqgEJAkib
447=qgEKAUibqQELaptAAFlYAE0aTkQIaAFRFE9IAdlpUEgBjBBomydVC1JUAtVaU0gBaJtZlV
448=TIAQEDAQBVSAFom0kBVsgBAQQBAFfIAQEFAQBYSAFom0lDWUgBfJldV1rIAUVVW0gBaJtB
449=BFxIAZRwaZtAiJtVLV5UAmibAQQAAF/IAV02YMgBRbhhyAFFuGJJAelnKQAAY0gBdGVVAW
450=TIAVEJZUgBmycAAGZIAZO5AABnSAGEuGubQACwQAVZBmlUAiMjIAAAakkBqrUCa0gBfJlZ
451=J2zIAUUTbcgBRRNuSQGsrQVvSAHZBnBJASFQCkkAcUgBI08rAAByKCkAc0gB1f90SQEgQA
452=VJAAZA44Q/cZhBQAJLAAIACFQCQQEAWTkJKCkACkgB3XgLSAGABHCY2AYifSZB+ZUOQATJ
453=DA9JASOSBQAQSAHdQRFIAZACcphBANl/E1QCaAEBAQEAFEkBcHgccphBACKsIVkRFlQCaQ
454=EBcZhBkJhNPBhUApMJAgAZSAGDfQEAGkgBjxABABtIAZ9MAQAcSAFkl1VEHcgBRQgeSAFw
455=mF0KH0gBcJhBBCDIAUEEIUgB0R8iSQGKeA1xmEG3OQEAJFQCIywncJihGgNxmEGEl1VaJ0
456=AEcJhVAihIASIoLFkcKUkBr7kcKkkBqqkBK0gBmDIiQTpB+cEtVAKPEAAALkgBdL1ZEC/I
457=AUUHMEgBRAJpADEoKQAySAGLsQAAM0gBdANNADRIAYgMcJjIDHCYJykANyiBADhIAc2JOU
458=gBgFxzmEEA3VQOkphBAI9SBAA8QASXGAQAPUkBO0gNQQQ+yAFZBT9JASF0AiJBOkEmcSpB
459=VQIitQJCSQGPqQFDSAEi5ChFCERJATZ0AnGYQVStRMciQTpBVIFbAgQAR0AEQQEATQVISQ
460=GtSA1JAUlJAYJoAXKYQQBoAU08S9UCAnCYtAJdbU1UAnRPVQhOyAFFB09IAYBRIn0mQZSG
461=AQABAFFUAniKTQVSSAFokEkBU0gBk4IBAFTJAQFwmCddDFZVAiBABUkAV0gBjVIAUphBAJ
462=9iAQBZVQL9VA5NXVpIAclZW0kBI0wGAQABAFxIAdFAXUkB+W8FAABeSQGNYARzmEEAh6kB
463=YFQCaZsKIn4mQQBoAU21YlQCcJhFB2NIAXwVWbZkyAFdIGVIAcFGZkkBjrEJZ0gBwUZoSA
464=HVDWlIAdUNakgBwQRrSQGRuQZsSAHBBG1IAc2fbkkBqUAQTQRvSQEhXABJAHBJASVcAEkA
465=cUgBhQgBUphBAJenAQBzVALQHwIHAEIAIEIFAAFYlScpAAkoVQAKSAHNJgtIAYQTeZVC7Z
466=QNVAKDBAAADkgBgwQAAA9IAXgKTQAQSQEkXABJABFIAdE1EkgBdERNRxPJAQN6lUIAdUQB
467=eZVCmJVBiBZABHiVQYgXSAGIDCI6OUIAI3greZVCJm0kGkAERQ0AQRobSAGAD3iVJ20DHV
468=UCIGUEAVBmJ1UAH1UCdmcpAQAgyAFNECFJAS6tBSJIAZjBe5VCACK1AiRVAq+5BiVIAYR2
469=eZVC8Y0nVAJtlAIi/kxCAGgBWRwpVAJ0p0kMKkgBaPMBAAEAK8gBVQIsyAFZBi1IAXjtQQ
470=4uSAF8TEkBL8gBTQ8wSAGLIgAAMSgpADIoKQAzKCkANCgpADUoKQA2KCkAN0kBT1wLTX44
471=yQEBIjo5QgCYHHmVQiQLPgQAO0AElE97lUIAUrkGPVQCeJVRYT5IAcUTP0gBjHN6lUIAjX
472=MBWFDcNiL+TEIAI2cjAABDTAV4lU0bREgBeJVRCUXIAUVrRkkBMbUNR0gBk2EEAEhIAdkR
473=SUgBbJQjOTlCmJUjODmpAQYiODmpAQcizSVCnOZJDE5YBmxSSQxPSAGAUXmVQpiVWTJRVA
474=J4lUUTUkgBeJVJAVNIAXgyUTVUyAFNPFVIAdFsVkkBj30VAFWsQqyUeZVCWN1YAniVJyEK
475=Wk0FI1ACXUFbSAGFlwBalUIAlAIizyVCAPhUDk0EXkEEjFwASQBfSQGDXABJAGBJAYlcAE
476=kAYSgpAGIoKQBjKCkAZEgBk4IAAGVIAdE1ZkkBkFgHSQBnSAHRCWhIAckMaUkBhlQDSQBq
477=SAHZBmsoKQBsSAHFCG1IAcWXbkkBIUwGSQBvSAHNlHBIAZ94AQBxSAGIsXiVJw0NCERC1Y
478=YJSAGUDSJhX0PxbAsoVQAMSAHVLg1IAUQNaQAOSAGcCmKTQwDRrhBUAsUTEUgBi4UAABJJ
479=ASBzBgAAE0gBwQ8USAGABGGTQ0yERAQinEsnKQAXQASbBgEAGCgpABlIAZw2Ih8lQwCufD
480=YiHSVD9accQASZBgBaQkMA1Q0eVAJDDAAAAVuaQwAIuQYgVAJoAQEBAQAhSAGYaSKeS0MA
481=kUsCRURDXAVAByIdJUNcAEgAIhwlxB5hk0Ow2iIwOCf5BChQCXSRXVcpyAEBAwEAKkgBYJ
482=NJASvJAQQiHSVDI5lQBSKeS0MAYJNREy5ABIRgIjI4QwBoAU1oMFUCTkgQTYkxSAEi+FxJ
483=ATLIAVkGM0gBlDkiYF/YESIfJUMAS7kGNkAEaAFJkDdIAWGTAiJgX8wbYJMnKQA6QASQCW
484=OTQwA6pQg8VAJoAVUNPUgBgyUAAD5IAY8FAAA/SQEkbAVgk9Q5Ip1LQ1QpmQJCQAQi+GJR
485=AUPIAVEJREgB2UhFSAHZSEZIAWCTTYlHyQEDYpNDACIcO1EfSVQCj58EAEpIAW2UCSJhX0
486=ONlAphk0Ow2mOTQwDcVA5VDU5MBWgBXQpPSAHdFVBJASBABEkAUUkBI1wASQBSSAHBBFNI
487=AcEEVCgpAFVIAc0FVkkBjkwGSQBXSAHZBlhIAdkGWSgpAFooKQBbSAHFCFxIASU1X11JAf
488=RQFVEJXkgBJ2ISQwDJhWBUAtUuYUgBYDtJImLIAU08Y0kBSFgHVQJkyAFVAmVIAc1HZsgB
489=VQxnSAHRCWhIAdGNaUkBimQIIjM4QwBMSAFFCGtUAsUIbMgBRQhtSAHFzm5IAZtpAABvSA
490=GURCJiX0MAjBtik0MAjxsBAAkhjFOAD2mQRCgIEicpAAxABCcIEtQCIm0kRPm2D0AE3RUQ
491=SQGIUBRJABFIAcmxEkgBiAxpkESzxAAAFFQC2TIVKCkAFkkBKFgHSQAXSQGsQRsAapBEAC
492=PHRQEAGVUCqLUCGkkBqakBG0gB0RQcSAHVDR1IAd0gHkgBTAqpkESIkF2DIFUCCEUIA2mQ
493=REiWSARpkESs92mQRCgKEkQAJe0pJVkGiEgFRRMmSAGENGmQRCbZNyhVAqpcCkEEKUgBaA
494=VJASooKQArSAGQFGiQ0CpokNQNIig31AJokCcpADBZBlBUCVFAMUgBhwgEADJIAX5BBARe
495=ckQAaQEFaJAn2QA1QAR4U1GNNkgBQAgiPTQ3KCkAOCgpADlJAa5oFyJtJEQmFSQ7VAJ8jk
496=V2PEgBgw8AAD1JAYyUCUuQRACFqQE/VALJAUBJAYm1AkFIAd1BQkgBaJBRCUPIAVmrREgB
497=2UhFSQGDuQZGSAHVkUdIAXSRTRtISAFokEUISckBA2iQInxynQZLVQKydBhpkEScjkkMTV
498=QCfY4EIqhdtAJRCU9UAsEaUCgpAFFJAaylCFJJAaapAVNIAYMMAABUKCkAVSgpAFZJAYyl
499=BFdIAd0gWEgB1RhZSAHVDVpIAdGuW0gBwSVcSAEIhQAAAAAAAF0ARAARAAA0EQAgAYUAAA
500=BAAAJeAEQAiFwASQBfSQGKXABJAGBKAf//QwEAAGFJAUtEAQECBABiSQGPSAEBAAQAY0oB
501=9wFPAQQAZEkB9akBZUgBmwYEAGZJAUV/AwQAZ8gBAQUAAGhIAYMEAABpSQFMQARdCmrIAQ
502=EDBABrSAGDBAQAbEgBxQhtyAFFCG5JAR1YBkkAb0kBklwAAQABAHBJASdoAQQAAAoARQAg
503=qQELKCkADEkBI7UCDUgBiwwAAA5JAfprFwAAD0kB76kBECgpABFIAY8bAAASSQGTpQgTSA
504=GmAQAUKCkAFSgpABZIAdEUF0kBr38KAQAYSQGpqQEZSAHdFRpIAd0VG0gB0RQcSQEhrQwd
505=SQElqQEeSAGHAQEAH0kBCFIJBAFWHUUAaAEBBQEAIVUCJGcEAQAiSAGfCgEAI0gBnwoBAC
506=RJAa5YBgEAAQAlSAGfIAEAJkgB2REnSQEgZwgAACgoKQApKCkAKkkBKKEEK0gBxQgsSAF0
507=OQEBBAAtSQFJYwQEAC7IAVUCL0kBUFQCWT0wyAFZPTFJAbJ7EQQAMkkBWEAEUUszSQFHqQ
508=E0yAFFCDVJAVG1AjZIAWQBTQU3SAGDGgQAOEkB+bEJOUkBsakBOkkBQ3MFBAA7yAFBAzxI
509=AYsXAAA9SQGMYwQAAD5JAYOpAT9JAYapAUBIAc0FQUgBsgIAQkgBZGQBBAAAQ8gBWVNESQ
510=H9RARJDEVJAZBIAUkARkgBxWtHSQEUVANVAkjIAVUBSUkBM0gCRQhKSAGLIgAAS0kB31QC
511=QQRMyAEBAgAATUkB3FQCAQcAAE5IAcUTT0kB+0AFQQNQSQHxqQFRSAGXTwAAUkgBl08AAF
512=NJAY1ABUkAVEgBxYFVKCkAVkgB0YJXKCkAWCgpAFlJAYlYB0kAWkgBzRtbSAHZEVxIAdEf
513=XUgBwQReSAHBBF8oKQBgSQFPRAlVOWHIAVk9YkkBkrUCY0kB/GAaco1FAIdVAwBlVAKBUQ
514=NSjUUAzUdnVALNR2jIAVEJaUgBzUdqSAHVRGtJAbK9CmxIAcUIbUgBxQhuyAFFCG9JAUq4
515=EQELAEYA1RgMKCkADSgpAA5JAY9sBXqKRgDFjBBVAvB3DQAAEUgBxQgSKCkAE0gBtAZZik
516=bGAQAVKFUAFkgBl3sAABdIAdl0GCgpABlIAYN9AAAaSQGRrQgbSAHRNRxIAcGTHUgBnwMB
517=AB5IAZCNe4pGAHNwFHiKqQEBeYpGXIlUBXiKxBN7ikYAsK0FJEUIqakBJUgBjBt5ikZclF
518=kGAE82RgCsYAR7ikYApqkBKe8FAAAqKCkAK0gBbIlJhSzJAQN4itQueIonKQAvQASXDQQA
519=MEgB1TkxSAHVAjIoKQAzSAHN1jRIAZe9BAA1KCkANkgBg2cEADdJAbFwFHuKRgD2qQE5VA
520=LBBDpIAckMO0gBZIwBBAQAPMgBXXg9SQGQjB9Zikbt7D9UAtFhQEgBeBxRS0FIAWjdRWBC
521=yAFBDkNIAW6JAwBW20YAaAFRjUXUAkkMRkgBjxAAAEdIAXiKXYNIyAFZBklIAcFRSkgBbI
522=lVAkvIAVEJTMgBUQlNSAHRCU4oKQBPSAHV3lBIAZdwAABRSAHBiFJIAcGIU0kBg6UeVEgB
523=wYhVSAHFHlZJAU1jBAQAV0gB0cRYyAFdIFlIAclvWsgBVQJbSAGTTgQAXMgBVSNdSAFsCU
524=0AXigpAF9IAdEqYEgBeIpZSGFJASFABV0rYkkBHqkBY0kBIqkBZEkBH2gBeopGAIhkeYpG
525=ROpYAiINI0ZYZIkBaEwF2QZpSAGTrgQAakkB8lgSSQxrSAEj0CAiDCPLZAQAbVQCm14EAG
526=5IAUkJAE0FDEQ31S4NKCkADkkBjoYEAA9IAcEEEEgBwTARSAHVAhIoKQATKCkAFCgpABUo
527=KQAWKCkAFygpABhJAbBrFwAAGUkBqKkBGkkBqqkBG0gBthEAHEgByZAdSAGdrwBFI0esJm
528=OIRwAHewYCACBABGoBAQJXKEcAJmgIYYhH7YkjQARxAgAiXyJHACeOAQAlVQIgqQEmSAHd
529=mSdJAat8CmKIRwCTjQAAKVQC3SAqKCkAK0kBVmcIBAAsSAGABGKIRwDZfy5VAvNzCQQAL0
530=gByXowSAGXWgQAMUkBi6UIMkgB2YozSAGTuQQANEgB2T01KCkANkkB7b0KN0gByQw4SAHN
531=BTlJAfShBDpIAWQMUUA7SAHRzzxIAc1dPcgBWQU+SAGXGAAAP0gBYFxVWkDIAQEDBABBSA
532=GDBAQAQkgBbIlVkUPIAVV7REgBYogHAF3YR46JCABZUEfl2UdABIcIAABISAFsiVkGSUkB
533=kJYUAEpIAYgiIl4iRwBsiVEJTFQC2QZNKCkATigpAE8oKQBQSQGRsQlRSQGIqQFSSQGDqQ
534=FTSQGGqQFUSAHdClUoKQBWSAEiEClRgldIAYkFBEf/RwCuVCRFKVkoVQBaSAHVAltIAWC0
535=QQRcyAFZBV1IAckMXkgB0SpfyAEBAwQAYEgBj58EAGFIAZCCIhI0RwCfQQUAY1QClIYiXC
536=LAXGGIR0xYTBNgiNxiYohHAIuxBQBoKNkAaUgBwZNqSAHBk2soKQBsSAHRjW1JAbFcFlUY
537=DU00kUQMSQAOSQGDXABJAA9JAYdcAEkAEEgBzRsRKCkAEigpABMoKQAUKCkAFSgpABYoKQ
538=AXKCkAGCgpABkoKQAaSQGERBNJABvIAV3QHEgBgRoATYNIqCJphUhYAUgUa4VIAAdNBgJo
539=hakBA2mFSKElAlmESCT8ICKtIUhMBkgAaIXVAgBNCkgkBSIAV4tIAKhQCUkEJ0AP3YMoSA
540=HdICkoKQAqKCkAK0kBU0wGUSosSAFkAUkBLUgBhK0irCHAD2qFSADVAjBBBJJwBWiFJ4EA
541=MlQCcAJFCDMoKQA0KCkANUkBsnMUBAA2SQH4qQE3SAHVAjhIAZdEBAA5SQGwoQQ6SAGLsQ
542=QAO0gByQw8SAHVhj1IAdXpPsgBSWQ/SAEl0StASAHNn0FIAcGeQkkBRHcJBABDyAFBDkRI
543=Ac0mRUgBwfZGSAHJ80fIAUkMSEgB2ZVJyAFFCEpIAcUISygpAEwoKQBNSAEiTEFBJU7IAV
544=EJT0gBZJdVAlDIAVEJUUgB0QlSSQGQfBUiCzNIAIqpAVRUAtEUVUgBfINRo1bIAQEDBABX
545=SAGJBQRLhUgAr1AKSQxZVAKDRgQAWkgBg0YEAFtIAZQNIq0hSFgiU/QEAF1VAkNICEWiXk
546=gBaAxdFV9IAdX/YEgB0SphSAEnqhBIAICIaYVISFRICGmFSERbiQFlTAXNlGZIAdkGZ0kB
547=kl0DAGiFz10EAGlUAsEEakgBIzMtBQBrSQGqYxoFAGxIAdSRAQ4ASQDBJQ9JAYpzCQAAEE
548=gBjBsiATJJ4b8SKFUAEygpABRIAdEqFUgBi1wEABbIAVEfF0gBxT8YyAFZEBlIAWWBAyIC
549=MkkAaAEBBAAAG9QCAQUBABxIAZGCAVaASQDJAR5VAiVwFHGCSZGCBHCCqQEFc4JJAI5gBH
550=GCSShQEJJeAABxgkm8K3OCSQCFTBFZBSZcCmgBVQEnSAHRHygoKQApKCkAKigpACtIAXCC
551=WRwsSAFACVZAAC0oKQAuSAHZti9IAZQYIgAywBpxgkntPDJABMUIM0gB2QY0SAHZBjVIAc
552=m8NkgBxYw3SAHZBjhJAYxsAXCCTBupATpUApzxcILcICIAMicpAD1ABGgFTV0+KCkAPygp
553=AEBIASU5I0FIASVdIkJIAYAlc4JJAERKCAQEWACoAUVgRUAExWBGSQGwUCtJDEdJAaapAU
554=hIAXgGVQJJyAFBA0pIAZwKIvwgJ/UJTChVAE1IAXCCUXdOSAFcDnUuT0gBmwYEAFBJAUVY
555=AlkRUcgBWRFSSAGABHKCSQAixC9BD1RUAmgBSThVSAFUBnEJVigpAFcoKQBYSAHZMllIAd
556=kyWigpAFtIAcU0XEgB0a5dSAF8IF0VXsgBUY1fSQGPeA0i/SBJ/cVhVALRd2JIAZSGcoJJ
557=AJeGBQBkVALRd2VJAbFAJlUYZkgBI7QtIv8gSQAgvQpoVQIuqQFpSAGAZyIDMkkArXgGc4
558=JJACejBA8ASuF9ECgpABEoKQASKCkAE0gBbCZBDxTIAVknFUgBJb1EFkkBsmsMBAAXSAHd
559=IBhJAUq1DRlIAWx+AQYEABrKAQcDWX9KhoEIAll/Sq1+All/SqlkAkUCSr2kAkd7SgAHSQ
560=wGeH+pAQd5f0oo+Q9KoH0iTCDQCXh/JykAJUAPbX4DIv1BSoSBSZAn1AJBRihIAcFGKSgp
561=ACpIAdEfK8gBUR8sSAFoG0kiLUgB1UQuSAHVLi9IAYMEBQAwSAGDJQUAMUgBI7gzIlhT2x
562=wEADNUAtFANEgB2QY1SAHFPzZIAZQCIv9BSgCRbAEi/0FKAIOpATlBBIapATpIAWQBRRM7
563=SAHFEzxIAd1XPUgB0VY+SAHNBT8oKQBASAGcICL5MEokTysEAEIoVQBDSAHNPERIAc1dRc
564=gBAQMEAEZIAd0KR0kBr1w2WRFISQGqqQFJSAFkgUV2SsgBQTBLSQFOfwYEAExIAc1HTUgB
565=JbUiTkgB0R9PSAEjTCt5f0pc918GBABRVQJIRAFVDVLIAVE1U0gBaDhBclRIAXwDQQRVSA
566=HVI1ZIAdUjV0gB1SNYSAHZMllIAZ+ZBQBaSQGmdxgFAFtIAdU5XEgB2QZdSAHJDF5IAd1i
567=X0kBkngCen9KAMEPYVQCwUZiSAEnTSBKvIN4f9daBABlQATRFGZIAdUNZ0gBeApBGmhIAd
568=0VaUgB3RVqSAEjDSMFXfxL7n4RACcpABJIASKMM0ElE0gBwSUUSAHdChVIASWdSxZIASUF
569=QxdIAYsMBAAYSAElxSQZSAHNPBpIAW1+CmF9S4J9CwNBfUu1ewNBfUukdmB91AJjfUsACX
570=wrYH2oASOdQEsooQ9LuycCACNIDIsiAgAkKCkAJUgBYH1JhSZJAYZzCQMAJ8gBWRwoSQFH
571=cxsEACnIAVUCKkgB0R8rSAHNGyxIAcEaLUgB3SsuSQGyfwoFAC9IAdm2MEgBkOVhfUujZw
572=UAMlQC3XgzSAHFCDRJAa6lCDVIAdlINkgBgBpgfcgiYX1LJNQmf/xLAIapFzpMBWQBRT87
573=SAHdCjxIAdlIPUgB3Qo+SAHdCj8oKQBAKCkAQSgpAEJIAdFLQ0gByQxESAGfFQQARUgB1Q
574=JGKCkARygpAEgoKQBJSAHJhUpIAcl6S0gByXpMSAHRCU0oKQBOSAHVDU9JAZBkBGN9SwCJ
575=qQFRVALZf1JIAXACXSBTKCkAVCgpAFVIAdUjVkgB3TZXSAHZMlhIAdXpWUgBI+xKIvMvSw
576=CxpTRbVAKLDAUAXEgB0SpdSAHRKl5IAc0mX0gBjAVhfUtQXFMBBABhVAKPfgUAYkgBmAZ8
577=/Mw8Y31LAJFKBQAFQn1LAI8bBQBmTAXRFGdIAXwDWRxoSAHdFWlIAdX/EVCmfHhVnBLIAU
578=mxE0gB2QYUSQH7YxoEABVIAYRVIukuTKRVb/dMAP2hBBhABNkGGSgpABpIAYXZBEz3bA1J
579=BARJeky8eGl6TPV7HkwFiBdqekwAaHojPD+pAQNv90wAkkEIACLpLkygJWl6TLV7A0p6TA
580=CDJQMAJVAJanoJA0YNTABpegJoeifpAihABGwJVSMpKCkAKigpACsoKQAsKCkALUgBxSku
581=SAHFKS8oKQAwKCkAMSgpADJJASN4DWz3yBci6U9MJA85BQA1QASHogUANkgBg4gFADdIAc
582=1HOEgBwUY5SQGOsQk6SAGXRAQAO0gBxcM8SQGuezIFAD1IAdV7PkgBjwUFAD9IAYMlBQBA
583=KCkAQUgBiQwFTPfENCLoLsQ0IusuTACxfApoegdMACEAAAAABABGEQAAWRAAIAgATAAeAA
584=AAAAQAR0kBIkQBSQFISAFkAUkBSUoBsAFTAQQASkkBpqkBS0gBTAJ5BkwoKQBNKCkATkkB
585=sa0FT0oB//9XBQQAUEgBQAF5BlFJAZJvAQQAUkgBZAFVDVMoKQBUKCkAVUkBJGcEBABWSQ
586=EgqQFXSQEjqQFYSAFkAUUIWUkBHW8BBABaSQEhawEFAFtJAR6pAVxIAZscBQBdSAFwAgEA
587=BQBeSQEfbwEEAF9IAWQBUQlgSAHRCWHrAQUAYkkB/W8bBgBjSAGbBgUAZEkBrncCBQBlSQ
588=GOawgFAGZIAYMEBABnSAFwAl0KaCgrABIATZACVQITKCkAFCgpABUoKQAWSAGDGgQAF0gB
589=gxoEABhIAYMaBAAZSAGXCQQAGkkB+nsRBAAbSQHxqQEcSQGyqQEdSQEmcQUDQ0BNACprAQ
590=IAH1UCcmMEAgAgyAEBAQIAIUgBlw0CACJJASWtBSNIAZcjAwAkSAFwAlUYJUgBwUYmSAHB
591=RidJAY9nBAQAKEgBZAFNBSlIAcEaKkgBiwwEACsoKQAsKCkALSgpAC5IAcUeL0gB0QkwSA
592=HBDzFJAap3GAQAMkgBwQQzSAHZSDRIAdlINUkBKGcEBAA2SQH7ewYFADdIAY8mBQA4SAHJ
593=ODlJAZKtBTpIAZMfBAA7SAGDDwUAPEkBqaUIPUgBaAVRSz5IAY8FBQA/SAGLDAYAQEkB9W
594=8FBgBBSAGLDAUAQkgB2QZDSAGXAgQAREgBlwIEAEVIAZMJBABGSAGVAgVSd00AlzkEAEhU
595=AsUpSUgBwSVKSQGtdw0EAEtIAdUuTEgBzQVNSAHNBU5IAcEET0gBwQRQSAHBBFFIAYAPc3
596=dNAPm9ClNVApN7AgQAVEgBZAFNPFUoKQBWSAHdCldIAd0KWCgpAFlIAZBLcndNAJgccndN
597=AN1tXEAEiSIFUHfAZ3F3TUBXXA1wd9cCBABgTAWHCAQAYUgBhD9xd01EW00FBVJ3TQCAiH
598=J3TQCYlXJ3TQCMPHB3J10BZ0QIUAZnlxMAToQBTRsUKCkAFUgBzRsWSAHVGBdIAZEFBVl0
599=TuU0GVQC0R8aSAHRKhtIAcV2HEgBlU8ETyBOALK9Kx5UApEfA1cdTgARdQIDUBmqAQEDWH
600=TFEwNbdE4ArqEEI1gGkB95dE5cBUMSAwAlVAKZXgNVEk6zHwQAJ1UCjlwDTRsoSQGuZwgE
601=AClIAcUpKkgBfANVWitIAdleLEkBqG8FBQAtSAGLbwUALkgBnxUEAC9IAdEJMEgBhwgEAD
602=EoKQAySAHZJzNIAdUjNEgB1SM1SAHNEDZIAYQIe3ROAPyhDzhUAsVgOUgBxQg6SAHNMTtI
603=AdkGPCgpAD1IAYMPBQA+SAGMBXh02Cd5dE5YIkEHBVl0TuFGQkwFn5kFAENIAcEPREgBwQ
604=9FSAGQCXl0TkgzhQhHVAKBBAVZdE5UNJUCSVQCwSVKSAGAUXl0TlQ/QQQEVcVOsWwFWVBO
605=VD+VAk5MBckiT0gBlUQFTOwngQBRVAJEBXFWUkkB9mMlBABTSAHRS1RIAZcYBABVSAHNBV
606=ZIAd0KV0gBm5UFAFhIAZsGBQBZSAGBfQVN7E5Qv0AHeHTTSwUAXEAExWtdSAFZAwBBRl5I
607=AdkcX0gBlAJ4dCeZA2H0Anp0TgDRS2NUAsVKZEkBJ38GBABlSAHFuGZIAZQNAgQAFABPeA
608=NlHhVIAdUYFkgBzTwXSAHBMBgoKQAZSAGdTAVd5k/9KxtUApscBAAcSAGcTGJyTwDNJh5U
609=AoAaYnJPAGFyAmByqQEDYXJPtBhick8AhcMDSEjQFGByJykAJVAJnBVgctQCY3JPAI5oGn
610=3mT/l0KUwFiXoEXfZPqHp95k9Q61MFBAAsQARAAXUuLUgBzSYuSAHBJS9JAau9QTBIAZwr
611=YXJPpFV95k9MhE8IBAAzQQSubwUFADRIAc1dNUgBwVw2SAFEBXUNNygpADgoKQA5SAHVOT
612=pIAcmFO0gBgA985sMPBQA9VAKcCmFyT7leBlzm0B9gcsQ0Y3JPAJFkD3/mTwCKqQFDRAhk
613=AUlOREgBxT9FSAHFP0ZIAckMR0gBmdcGQHInXQFJVALZHEpIAYhDYXJPKEEOT/2OTUAEkU
614=AEWVBPsWEETAInWQZQUAHVLlFIAYQTfuZPACdDDk8A9HwrfOYnuQdVKK0AVkgBi0MEAFdI
615=AcF9WEgBnMVick8AIyghYnJPAJBWYXJPpZcEQHInOQJdWAbBZ15IAcUTX0gBgCVgciflB2
616=H0AmJyTwDZJ2NUAogifObMJmByJ9EKFVCQ3RUW6wEFABdJAfd5HAZO4VAAj4kGABlUApgn
617=aW9QKOkNUPXeHEAEjDxpb1CtPARJEVBc1kwpaW9QoKlpb1BIAkgAaG8nKQAiRAhOAgAAaW
618=9QoFxpb1BUCFwCbeFQrF1ob9gGa29QAJBcA4/hUACHqQEp8AlobyetACtUAsFyLEgB3Sst
619=SAHdKy5IAWAIUQkvSQGxfyAEADBIAdUCMUgBzSYySAGVAgVLb1AAr2wFa29QAKqpATUogQ
620=A2KCkAN0gBwX04SAHNEDkoKQA6KCkAO0gBl/8EADxIAYAPaG/BGgZN4VCgXGlvULtIBQBA
621=TAWAGmhvzAVob8EEBE3hUOmQREwF3QpFSAHFP0ZJAfN3GAYAR0gBmF5ob8c/BQBJVALRjU
622=pIAYhDaW9Q5WtMVALNG01IAZgRaG/YEWpvUAAnvjlQAJvXBABRTQXvYA9pb1D9bVNUAphp
623=a29QAJJ4LmzhJzEBVkAEwTtXSAHBD1hIAdknWUkBsnwKaG/AD2hvwBprb1AAjb0KXU0Fha
624=kBXkkBi6kBX0gBgyUEAGBIAZdwBQBhSAHNlGJIAYAaIrw53Apob8sBBAAWVBuECHJsUQCQ
625=gnNsUQDwZBNxbFGka3FsUaBnIl04UaRgfdtRrGhxbFF8EmnoHlwKjRsEVAfECHFsUe1oIU
626=AEkIJ829AJcWxR+WkkQASVCQRFAlH9ICZUAtEfJ0gBwQQoSAHdbSlIAcEEKkgBwQQrKCkA
627=LCgpAC0oKQAuKCkALygpADBIAZAqfNvEE37bUQDdTDNABMFnNEgBzTw1SAHNPDZIAYwQIs
628=Ap3yAEADj3AgQAOSgpADooKQA7SAGYMnFsUbxXcWxRoPZ82ycpAD9MBYhZcWxR8dpBVAKc
629=IHBsJ+EBQ1QC3QpE6wEFAEVIASOLIgYARkgBnDZxbFHxd0hUAskMSUkBrWtDBQBKSAEnkA
630=0n5QdMVALNJk1IAYw8cGzMPHBsJ8EIUEAElCNxbFG0hnBsJzEBUyiBAFQoKQBVSQGwbBAi
631=UkdRACWdQFdUAtEJWEgByW9ZSAHZMlooKQBbSAGAGnNsUQCMfwYEAF1VAoapAV5IAWQBUa
632=5fSAHNJmDpAQVSbFEAjxAGAGJVAqZ4EXBsyC15aVKBCAB7aVIA+KMEGQBSrGh5aVKjZwUA
633=G1QCkwUFABxIAdEqHUgBlAJs1tAJeGnECHlpUkxjSARs1ieBACIo2QAjKCkAJEkBkUgFQR
634=olSQGKqQEmSAHRNSdIAdE1KEgBlPQi/TZSuBxu1lIAI/glIrsoUgCkYBoiuShSr8sEAC1Y
635=BngKSQwuSQGNbAEi/jZSAIBRbdZSJhUkMUAEfAMBAAUAMkkBrXAJbdZSWIVfAgQANFQCQA
636=FtiTVIAdU5NkgB1Tk3SAHJODhIAc0FOSgpADooKQA7SAHFCDxIAc1zPUkBjXwGeGnQFCL8
637=NsQpeWlSp2AEAEFMBcEPQkgBwQ9DSAHJQ0RIAYgMeWlS+XRGVAKYBiKaRVIAmAYi/DbQKm
638=3WUiRsL3hpJ/EDS1gGYBNFKUxIAckMTUgBi9IFAE5IASXVJk9IAcFGUEgB2QZRSAHBO1JI
639=AcE7UygpAFQoKQBVSAHZPVZIASPQICK4KCdhB1hUAs1HWUgBJTkjWkgBj8sEAFsoKQBcSQ
640=GQcBB6aVIA3UxeVALZEV9IAZTTbNbcQXhp1S4GW2lSALF8QWFnU+vSGQBTJt0nGkgBI4gt
641=YWdT7Wgc9AJ90FP10x5UAs0bH0gBYBNRKiAoKQAhKCkAIkgBI60hBEI1UwDJ/iRUAiPAKX
642=3QU4AIRQgmVALZMidIAZsCBQAoSAHNMSlIAZQCYGcn2QArVAKMG2BnJ1UALVQCzQUuSQGO
643=bAFgZyeBADBUApBLfdBTWAxEBH3QU6AlYWdTKOAMJ9kANVgGRAVtaDYoKQA3KCkAOCgpAD
644=lJAY9zBQQAOkgBZAFZHDsoKQA8SAHFHj1JAZJkBGFnU+lkP1QCj10EAEBIAYxdYGcnOQJC
645=VAJ0Bl0KQ0gB0QlESQGweD1jZ1MAqqkBRlQCwetHSAHdCkgoKQBJKCkASkgB1Q1LSAHJDE
646=xIAc0mTUgBxQhOKCkAT0gB2QZQSAHZU1FIAdlTUkgBlQIFQAHHSgUAVFABh0oFAFVIAYBR
647=fNDABGBnz1IEAFhABNkRWUgBjCYiflJTAN1MW1QC0UtcSAHNBV1IAYMPBABeSAHZEV9IAY
648=MEBQBgSAGMG2FnU/GNGUwTJQEnGkgBnYMGTctUqENty1SACFGuHUAEI/E6BUVlVKjSbctU
649=WAFNBARNClSnawQAIUwFnY4ERwJUAO1kNGhkJykAJEAEIzguaWRUXAWFCCZUAskXJ0kBsn
650=gGaGQntQEpVAKEKWhkxBNsyycpACxABEgJfVctKCkALkkBkHgCaWRUKGwZJ9kAMUAElCNp
651=ZFREGVAFIilCVFh6iQE0QATBMDVIAcF9NigpADdIAdkyOEgBUAZtEDlIASWlIDpIAdmgO0
652=gBwQQ8SAHBDz1IAclOPkgB3Uw/SAHNBUAoKQBBKCkAQigpAENIAdEJREgB0QlFKCkARkgB
653=3QpHSAHdCkgoKQBJKCkASigpAEsoKQBMKCkATSgpAE4oKQBPSAHJvFBIAcV2UUgBlQ0FSb
654=lUpPppZFQmqV1UQASYoGhk2zIFAFZUAtkGV0gBgARoZMMEBABZVAKURGlkVCaJQ1tUAslO
655=XEgBlFpsy8APaGTHCAUAX0AEyQxgKCkAGkB1nApxYVUoMQxVJIE3BUUYVbRacWFVucwFXQ
656=RVJjlEIEQI3RUhSAGQCXFhVbTTcWFVJMM0BAAkQASMEHFhVUwLUQEEQWxVrX4FWaVVJsVF
657=KEwFkwkFAClIAckMKkgBUAZpTisoKQAsSAHRVi1IASMnPAQALkgBySIvSAHZBjAoKQAxKC
658=kAMigpADMoKQA0SAGXhgQANUgByS02KCkAN0gB1Xs4SAHJDDlIASczDFUAg3gCIj5rVQAl
659=mTo8QATJZD1IAXwDQb8+KCkAPygpAEAoKQBBKCkAQigpAEMoKQBEKCkARSgpAEZIAdUjR0
660=gByXpISAHdeElIAclZSkgB2RFLKCkATCgpAE0oKQBOKCkAT0gBxQhQSAEnMQxVJKBRcWFV
661=VD9EC3FhVbyOfcVVvI5xYVVUP0AEfMXABH3FVVg4lQJYXAolqSZZSAHRo1pIAcU0W0gBI2
662=A+It0yVUwGSABwYcAPcWFVJnkgX0wFWAMiaVUbUG/JARwoKQAdSAGcCnteVgDyobQfVAKF
663=SgVFGFZUYEAHbcBWXABIAAgEACIAVgAAAAAAABEAAKQPACAPBAAjAFYA/AEAAAAEACQAVg
664=AhRAFJASVJASWpASZKAfwBTwEFACdJASdEAUEEKEkBIKkBKUkBI6kBKkgBZAFBBCsoKQAs
665=SAGHCAQALUkBjWcEBAAuSQGFqQEvSQGHqQEwSgH//08BBAAxKCkAMigpADMoKQA0SAFEBW
666=kXNUkB9nMUBAA2SQHwqQE3SAHVDThJAYlzBQQAOUkBiKkBOigpADtJAYO1AjxJAYapAT1I
667=AWQBQRo+KCkAPygpAEBJAay1DUFJAaapAUJIAdkGQygpAEQoKQBFKCkARkgByRdHSQHtpQ
668=hIKCkASUkB77UCSigpAEsoKQBMKCkATUkB8a0FTkgBzRBPSAHRKlBJAR17AgQAUUgBmzIF
669=AFJIAcE7U0gBwTtUKCkAVUgBzTxWSAFgCEkiV0gB0QlYSQGyYw8FAFlJAR9nBAQAWkkBk6
670=kBW0gBlw0EAFxJAY+1Al1IAWQBUQleKCsAHABXkAIBAAUAHSgpAB5IAZMJBQAfSAGHBAUA
671=IEkBJm0BBE9XVwAeqQEiVALJASMoKQAkSAHVWiVIAY8QBQAmSQGuqRcnSAHJFyhIAWwJRR
672=MpSQH5YwQEACpIAdUCKygpACwoKQAtSQGMZARjXFcAg6kBL1QCyQEwSAHNXTFJAbC9CjJJ
673=AaSpATNIAdlINEgBYAhNEDVJAfqhBDZJAfSpATdJAY5nBAQAOEkB/bUCOUkBrqkBOkgBxT
674=87SAHFEzxIAdkRPUgB2RE+SAHNBT8oKQBASQGvsQlBSQGlqQFCSAHNBUNIAWgQURRESQH3
675=oQRFSAHRVkZIAdVaRygpAEgoKQBJKCkASigpAEsoKQBMKCkATUgB1XtOSAHBD08oKQBQSQ
676=EkeAJhXFdYQ00BBEFcV0SdiQFTQARAAXWGVEkB+70VVUkB86kBVkgBzWhXSAHRCVhIAd1i
677=WUgB0WFaSAHRCVtJAZFsAWNcVwCKqQFdVAKdYgRJWVhtAgBXWh4AWFRVVAFpWViwVmhZJy
678=kAIUAEn1cFACIoKQAjSQEiVAZFCCRIAZcNBQAlSAGUDWtZWACxdBhttVhYZFMFBAAoQARA
679=AWUeKUgB2UgqSAHFNCtIAcUeLEgBzQUtSQGQbAFqWVgAyaYvVALNRzBJAYahBDFIAd1BMk
680=gBwUYzSQGpexEEADRIAWgFVUQ1SQGRbAFvtVgAhakBN1QC0Qk4SQGwuQY5SAHFCDpIAdG5
681=O0gBzRA8KCkAPUgBxQg+SAHZET8oKQBAKCkAQUkBrakMQkgBzQVDSAF0EVEUREgB1bJFSA
682=HdV0YoKQBHKCkASCgpAElJAfK9CkooKQBLSAHFCEwoKQBNSAHdeE5IAcEPTygpAFAoKQBR
683=KCkAUkgB1fRTSAGXRAQAVCgpAFVIAZVEBEeqWAD4uRFXVALBUVhIAd2ZWUgBwQ9aSAHBBF
684=tIAd14XEkB9aUIHkS7lL1xVlmWBgAGQ2xZAKxhBAZGWlkAkZgGU1ZZAKq1AiNYBo+qBQAk
685=SAGcBnBWxAhyVlkA0c8nQATFayhIAY8FBAApKCkAKkgB2TIrSAHFgSxIAc0FLSgpAC4oKQ
686=AvSQGMZwQEADBJAYqpATFIAcU/MigpADNIAXwDUUA0SQGPbwEEADVIAWQBVQI2SAHRCTdI
687=AcFROEkBiWQEIoIhWQDJATpUAsFnOygpADxIAdkGPUgBJ9IKWQDZET9UAskBQCgpAEFJAb
688=FzKgQAQkgBwQRDSAF8DkUTREgB1SNFSAHJTkYoKQBHSAHZU0hIAdknSUgB3W1KSQGmqQxL
689=SAHRCUxIAc0FTUgB1Q1OKCkATygpAFAoKQBRKCkAUkgBj0cEAFNIAZGuBVJWWQCfjgUAVV
690=QClERyVlkAzZRXVALVslhIAckXWUgB1QJaKCkAW0gB22kfAFqMFJtTWgCvYBp7U1oAqakB
691=IiiBACNIASP8IHlTWumxJVQCjGh5U1rhqSdUAoALbqpaAM3sKShVACpIAc0mK0gB3RUsSA
692=HNaC1IAcUILkkBjW8BBAAvSQGGqQEwSAFkAVU5MUgBzTwyKCkAM0gB2QY0SAHZSDVJAYl8
693=Bm2qWu21N1QC3Qo4SAHRCTkoKQA6KCkAOygpADxIAcFcPUgByQw+SAHNtT9IASXRIEBIAZ
694=c5BABBSAHZHEJIAdUNQ0gBYBNBGkRIAcE7RUgB1SNGSAHRS0dIAcmQSEgBxSlJSAHdCkpJ
695=Aa1rOAQAS0gBwQRMSAHNXU1IAYdKBABOSAHBD08oKQBQKCkAUSgpAFJIAd38U0kBKHwGbq
696=paACPIKnpTWgCURHhT1UQESftaRJ1RBQRXpFoAkUQBWRxZRAjBJVpJAYu3AiAAW0ylTQEF
697=XaRbTPKJASJUAotvBgAjSAHVpyRJAap5HAZR+1u0T2BRyQEEWaVbsK5hUVu0Wn2kW1AKSA
698=AinSpb4b8rUAmLDAQALEkBpnwKIiA2J60ALlUCkFQGSRcvSAHZPTBIAc08MUgB3cUySAFo
699=BU0FM0gB1UQ0SQGGeAJ+pFsAyTg2VAJwAk0FN0gByQw4SAHJIjlIAdVEOigpADsoKQA8SA
700=HZBj1IAcUTPigpAD8oKQBASAHVLkFIAdFhQkgB1RhDSAHZEUQoKQBFKCkARkgBxUpHSAEl
701=bSRISAHZU0lJAay5J0pJAampAUtIAdkGTEgBJyIKWwDZBk5UAsEPTygpAFBIAdn4UUgB2f
702=hSSAGcjn6kWwDJplRUAowFYVFb7ZRWVAKNBQVAUSdpCFhUAtUNWUkBkmwBImk0XLAJIj0p
703=XG0CAFCjAiMAXACxdRgGSfNcVEpAA2nzXFBRiQEmQATVsidIAYwFaE7ECGhOJykAKkAEl2
704=UEACtIASOkNmlOXLyva05cAKZ0DSI8KSfZAC9MBc08MEkBhlwOQUYxSAHRCTJJAZG1AjNI
705=AdXpNCgpADVIAcU/NkgB0Us3SAF0BlEJOEgB3Uw5SQGyrRA6SAHVAjsoKQA8KCkAPUkBjG
706=sIBAA+SAHVTz9IAc0QQEkBiqEEQUgB2cFCSQGOtQJDSAFkAU0QRCgpAEUoKQBGSAHFokdI
707=AcWiSEgBxdlJSAHBnkpIASVRJktIAd1MTCgpAE0oKQBOSAHZoE9IAc0QUEgBxUpRSAGIei
708=LtP1zpm1NUAiV9PFRIAYwFaE7TNQYAVlQCnEFpTlygk2yfwQQEVaFd9pwjACcpACRIASNY
709=J3FLXZURAH2ZXeUIJ0AEmAJwS8AEcEsnKQAqKIEAKygpACxJAY98BnFLXf1MLlQCgKlh61
710=0kGCoi3iddANU5MUAE0YIySQGsvUEzSQGqqQE0SAF4Cl02NUkBkmwBY+tdALChBDdUAs0F
711=OEgB2Ug5KCkAOigpADsoKQA8KCkAPUkBjL0KPkgB2V4/SAHRCUAoKQBBSQGxoQ9CSAHZBk
712=NIAdUYREgBbAldFUUoKQBGKCkARygpAEhIAdUYSUgB0ZhKSAHRmEtIASdyCV0AyQFNKFUA
713=TkgByZtPSAHBD1BIAYBGIt09XSQAJ3JLXQAjqyYFAFNABJj4It0nXUCOQAdwSyeVCFZABN
714=VEV0gBnEwifVJeQAVIACJ8JicqACUAJykAJkgByfMnSAHBqShIAZCjeEjMBXjiJykAK0AE
715=VAoiUTwsSAHNPC1IAdUCLkgB1S4vSAHVAjBIAcEwMUgB3TYySAHNBTNIAc0FNCgpADVJAb
716=KpODZIAcEENygpADhJAayhBDlJAaipATpIAd1MO0gByUM8KCkAPUkBkHQJbpReANkRP1QC
717=zQVASAHJsUFIAWgFVURCSAHZBkNJAYp7AgQAREgBZAFBBEUoKQBGSAHFE0dJAaalE0hIAc
718=0FSUgBJQkoSkgB0ZhLSAHNR0woKQBNKCkATkgBJxgJJ1kGUFQCJSUmUUgBJcVFUigpAFMo
719=KQBUKCkAVSgpAFYoKwAkAF8koyUEACVIAZwVfY5fhAFJkCcoVQAoSAHJTilIAYQEYEbMBX
720=DaJykALCiBAC1IAcmQLkgB2QYvKCkAMEgByS0xSQGIZwQEADJIAcHVM0kBrrEqNEgBfANB
721=MDUoKQA2KCkANygpADhIAcXDOUgB2T06KCkAO0gB3TY8SAHFoj1JAaq1DT5JAY57DQQAP0
722=gBxQhAKCkAQUgBfANZEUJJAbC5BkNIAcUIREgB0UtFSAHNBUZJAa+tBUdJAaKpAUhIAc1H
723=SUgBzQVKKCkAS0gBzeFMSAHZSE0oKQBOSAHZ4k9IAcUIUCgpAFEoKQBSKCkAUygpAFQoKQ
724=BVSAHHHiUAYIwJXUEmKCkAJ0gBJVVCKEgBgJNsicwFaEMnKQArQASICCK/I2AAjWwBadJg
725=4XIuKIEALygpADAoKQAxKCkAMigpADNJAa25JzRIAXgKTTE1KCkANigpADcoKQA4SAHBMD
726=lIAcU/OkkBqLEJO0kBp6kBPEgBzcA9SAHJIj5JAZB4DWtDYACJqQFAVQKHqQFBSAEj/CAi
727=KkJgANFAQ1QCJYkiREgBJQUiRUgBdAZJF0YoKQBHSAHRFEhJAam5EUlIAc0FSigpAEsoKQ
728=BMKCkATSgpAE4oKQBPKCkAUCgpAFEoKQBSKCkAUygpAFQoKwAmAGGIEF1BJ0gB0YIoSAGY
729=AnBAwARwQCcpACsogQAsSAHZJy1JAYZ8BiLQKyetAC9VAo21AjBIASX1KjFIAd0rMkgBfA
730=NNJjNJAa21IzRJAY14AiKeNWEAzQU2VAJwAk0FNygpADgoKQA5SAHV0zpIAc0FO0gB2T08
731=KCkAPSgpAD5IAc0FPygpAEBIAdWGQUgBxXZCSAGf/AQAQ0gB0XdESAHJvEVJAY93CQQARk
732=gBZAFdFUdIAdUCSEgB1QJJKCkASkgB3UxLSAHBBEwoKQBNKCkATigpAE8oKQBQKCkAUSgp
733=AFIoKQBTKCsAJwBihAxFEygoKQApKCkAKigpACsoKQAsKCkALUkBjGwIeT1i4WcvVAIl+T
734=AwKCkAMUkBiq0FMkgBZAFBDzNIAdE1NEgB0Qk1SAHZSDZIAc0FN0gB2Sc4SAHVAjkoKQA6
735=KCkAOygpADwoKQA9KCkAPigpAD8oKQBASAHNEEFJAYlsDGx+J20DQ1QCxdlESAEl0TZFSA
736=HZBkZIAcFcR0gB1RhISAFsCUUeSUgB1YZKSAEl0SBLSAHBiExIAc0FTSgpAE4oKQBPKCkA
737=UCgpAFEoKQBSKCsAKABjjAlBDykoKQAqKCkAKygpACxJAa6pby1JAZJgB2I7YwDNUi9UAs
738=F9MEgB1TkxSAElQSQySAEj0ysEADNIAdF3NEgB3UE1SAHJIjZIAWQMRRM3SAHdCjhIAcF9
739=OUkBsrkROkgBxT87SAHZBjwoKQA9KCkAPkgB3RU/SAEKAAAAAAAEAEAAYwCSABEAANwIzB
740=IIAAAABABBAGMA//+LAUIAY1wASwAEAEMoKQBESQGRUAJNBUVJAYipAUYoKQBHSQGGtQJI
741=SAFkAU0FSUoB9gFTAQQASkkB7akBS0kB8KkBTEgBWANtEE0oKQBOKCkATygpAFAoKQBRKC
742=sAKQBkgAhVDSooKQArKCkALEkBrbUNLUgBkwUEAC5JAfy1Ai9IAdUCMCgpADFIAcUeMkkB
743=hWcEBAAzSQGDqQE0SAHdIDVIAdEfNkgBfANZETcoKQA4SQGMewIEADlJAYmpATpIAdkGO0
744=gBcAJZBjwoKQA9SQH3sRQ+SQH0qQE/SAHNBUAoKQBBSQGPewIEAEJIAWQBUQlDSAHBO0Qo
745=KQBFKCkARigpAEdJAY5/BgQASEgB2QZJSAEnCgdkACcKB2QA2RFMQATNBU1JAfmxFE5IAW
746=wJTRBPKCkAUCgrACoAZZwDQQQrKCkALEkBsaUILUgBhARwNSetAC8oVQAwKCkAMSgpADJJ
747=AZB8BnM1ZQCKqQE0VAJkAVUNNUgBwQQ2SAHNMTdIAc08OEgB2TI5SQGyuRE6SAHVIztIAd
748=EJPEgBxTQ9SAHVWj5IAdkGP0gBzQVASQGRbwEEAEFIAcUTQkgBcAJFE0MoKQBEKCkARSgp
749=AEYoKQBHSAHZEUhJAa6xFElJAfqpAUpIAcU0S0gByQxMSQH7oQRNSAHBBE5IAcEETygrAC
750=sAZpACRRMsKCkALUkBsKUILkkBpqkBL0gBkwUEADAoKQAxKCkAMkgBySIzSAHNBTRIAdFW
751=NUgB1QI2SAHNBTdJAYx7AgQAOEgByW85SQGFtQI6SQGGqQE7SAHNGzxJAfKlEz0oKQA+SQ
752=HvtQI/SQHxqQFASAFgCFkcQSgpAEIoKQBDKCkAREgBwVxFSAHZBkYoKQBHSQGSeAJvaGYA
753=r6kMSVUCpKkBSkkBqqkBS0gBaAVBD0xIAScMDSfVBU5UAsMELABnhAFNBS0oKQAuSQGrsQ
754=kvSQGmqQEwSAGTBQQAMSgpADIoKQAzSQGyrQU0SQGScwUEADVJAbK1AjZJAZG1AjdIAdUu
755=OCgpADkoKQA6SQGGrQU7SAFkAVEUPEgBxQg9SQGLewIEAD5IAdlTP0gB1U9ASAF8A1kGQS
756=gpAEIoKQBDSAHRbERIAdFsRUgB2QZGKCkAR0gBxTRISQGTZwQEAElJAa2tG0pIAXACVQ1L
757=SAHFHkxIAScABimrBWgAsLgGAi4AaACnqQEvSQGpqQEwSAHRCTEoKQAyKCkAMygpADRJAa
758=65BjVIAcUTNkgBxQg3SQGQbAFuXWgA1S45VQKItQI6SAHVAjtJAYe1AjxIAWQBQRo9KCkA
759=PkkBj3sCBAA/SAHBD0BIAXACTQVBKCkAQkgB2RFDSAHVvURIAdW9RUgBwWdGSQHztRhHSA
760=HJOEhJAay1AklJAaWpAUpIAdUNSygpAExIAcstLgBpnANZES8oKQAwKCkAMSgpADIoKQAz
761=KCkANEkBr7UNNUgBxWs2SAGDCwQANygpADhJAY54AnDwJ+EBOlQC1S47SAHJWTxIAWgFRR
762=M9KCkAPkkBkngCcyppALGhD0BUAnACTQVBKCkAQigpAENIAdleREgBwZNFSAHZJ0ZIAcUI
763=RygpAEhIAc0bSUgByU5KSAHNBUsoKwAvAGqQAk0QMCgpADFIAcktMigpADMoKQA0KCkANU
764=kBjW8IBAA2SQGFqQE3KCkAOEkBirUCOUgB3Qo6KCkAO0gBxSk8SAHNfj1IAXQGRRM+SQGy
765=rSY/SQH9qQFASAHBBEEoKQBCSQGPeAIiGConbQNEVAJwAlEJRSgpAEYoKQBHSAHJDEhIAc
766=0FSSgpAEooKwAwAGucA1EJMUgBwRoyKCkAMygpADRJAZF0BX6kawDBcjZUAsFyN0gBzUc4
767=SAHZlTlIAdnMOkgB0Ww7SAFsCUEPPCgpAD0oKQA+KCkAP0kBruAlJ70CQVQC2RFCSAHZMk
768=NIAd0KRCgpAEUoKQBGKCkARygpAEgoKQBJKCgAATEAbAAnSAQnKQAzKFUANEkBsKUTNUkB
769=qqkBNkkBkHAQaW9sJvklOFQCxWA5SAHZijpIAdmKO0gBwSU8SAFgCFUjPSgpAD5IAcWMP0
770=kBpbUNQEgBzQVBSAHBJUJIAdUCQ0gB2UhESAHVAkUoKQBGKCkARygpAEgoKwAyAG39IDMo
771=KQA0KCkANSgpADZIAc0QN0gB2Sc4KCkAOUgB2as6SAHdIDtIAdHaPEgB2Rw9SAEl0SA+SQ
772=GnpR4/SQGiqQFASAHBBEFIAd2DQkgB2RxDSQGObwEEAERIAWQBUSpFKCkARigpAEcoKwAz
773=AG7lHjQoKQA1KCkANkkBr60QN0kBpqkBOEgBxR45SAHZPTpIAcGeO0gBwZ48SAHFCD1IAd
774=U5PkgB0RQ/SAHBBEBIAc0bQUgBwQRCSAHZlUNJAYp4AnkcbmABIjk5RVQCjwEEAEYoKwA0
775=AG/tGzUoKQA2KCkAN0kBseAaJ60AOVQCzRs6KCkAO0gByQw8KCkAPUgBxQg+SAHBBD8oKQ
776=BAKCkAQSgpAEJJAZJwBWGeb2ABdRhEVAKPAQQARSgrADUAcPUYNigpADcoKQA4KCkAOSgp
777=ADooKQA7SAHdCjwoKQA9KCkAPigpAD8oKQBAKCkAQSgpAEIoKQBDKCkARCgoAAI2AHEAsr
778=EqN0gBxSk4KCkAOSgpADooKQA7SAEnkQJxhAFdVz0oVQA+KCkAP0gByQxASAGQBSKcNSfZ
779=AEIoVQBDKCsANwByJoUnOEgB2Wk5KCkAOkgBwVw7SAHdCjwoKQA9KCkAPigpAD8oKQBAKC
780=kAQSgpAEIoKwA4AHMmoTA5SAHVezooKQA7SAHNEDxIAc0QPSgpAD5JAa69Kz9IAcEEQCgp
781=AEEoKwA5AHT1DTpIAdUNO0gBxYw8SAHdID0oKQA+SAHNBT9IAcEEQEkBqqMPOgB1JkEkO0
782=gBzRA8SQGroQQ9SAHFCD4oKQA/SAHXezsAdu0xPEgB2RE9SAEn2gB2AM8FPAB3hAycQQZ3
783=ALEBAAAABAARAAA=

[Lighting]
Red=1.147652
Blue=1.139541
Green=1.002001
Level=0.032000
Ground=0.000000
IonRed=0.695000
Ambient=0.858372
IonBlue=0.775000
IonGreen=0.445000
IonLevel=0.032000
IonGround=0.000000
IonAmbient=0.650000
DominatorRed=0.850000
DominatorBlue=0.300000
DominatorGreen=0.200000
DominatorLevel=0.000000
DominatorGround=0.000000
DominatorAmbient=1.500000
DominatorAmbientChangeRate=0.009000

[Map]
Size=0,0,60,60
Theater=TEMPERATE
LocalSize=2,4,56,54

[Neutral]
IQ=0
Edge=North
Color=Grey
Allies=Neutral
Country=Neutral
Credits=0
NodeCount=0
TechLevel=1
PercentBuilt=0
PlayerControl=no

[Nod]
IQ=0
Edge=North
Color=Gold
Allies=Nod
Country=Nod
Credits=0
NodeCount=0
TechLevel=1
PercentBuilt=0
PlayerControl=no

[OverlayDataPack]
1=BQAAIP4AIACABQAAIP4AIACAbAAAIP4pBgCBBP4EAAeBBv76AQCBCP4EAAuBCv/5AS4Ggg
2=YK/gUAC4EI/vgBAIEH/gYAC4IKB//+ATEK//kBLQhGAIILC//4ATAMKgD/+wEuEFgB//gB
3=LwiCBAgmAv/5AS8KCAP+BAAHgQT+zwcAgAUAACD+ACAAgAUAACD+ACAAgHoAACD+SAoAhg
4=YHBgAGBP73AQCFBAcICgv+AwAKgQj+9wEAgQj+BwALggoG//YBUwiBCv4IAAuBB//1A08O
5=ggAHUgH/9wFOEggB/gMACv/5AUsOBAGDCwoAAgD/+AFNDIQABAgIFAD/+AFOFEgD//kBTR
6=bDRArASQr+sgEAgAUAACD+ACAAgAUAACD+ACAAgAUAACD+ACAAgAUAACD+ACAAgAUAACD+
7=ACAAgAUAACD+ACAAgAUAACD+ACAAgAUAACD+ACAAgAUAACD+ACAAgAUAACD+ACAAgAUAAC
8=D+ACAAgAUAACD+ACAAgAUAACD+ACAAgAUAACD+ACAAgAUAACD+ACAAgAUAACD+ACAAgAUA
9=ACD+ACAAgAUAACD+ACAAgAUAACD+ACAAgAUAACD+ACAAgAUAACD+ACAAgAUAACD+ACAAgA
10=UAACD+ACAAgAUAACD+ACAAgAUAACD+ACAAgAUAACD+ACAAgA==

[OverlayPack]
1=BQAAIP4AIP+AEQAAIP4/Bv+Bq/7wBf+Bqf7PE/+AXQAAIP4pBv/+BgBw/wACLwT/+QEuBv
2=4DAHCCHh4SAIGw//sBMggSAv/5ATEI/gUAHv/5AS0IQgD/AwIuDP/7ATIG//sBLQ5eAOUx
3=FP/TATEK/wACKQb+GgT/gaj+ugH/gDUAACD+XAb/gbH+8gP/gbD+1QP/gan/8AM1Cv5ZAP
4=+Brv9LB8oO/4gA4gmBrP/bA0IGgar+4AH/gEcAACD+VQL/gbD+6gH/gaj+CwL/ga3+DwL/
5=gbH/2gFOAoGr/zICYgKBr/64A///uQNqDP9jAsQFgaz+HQb/gan+8QH/gar+sAH/gGcAAC
6=D+LQL/gaj+8wX/gan+JgL//gMAcAAE//oBUQj+BgBw//cBHQL+CgBw//gBUAr+BAAe/wAC
7=Sw4SAv/4AU8K//4BRxKB//8BAkYUAfr/5AFLFoGw2C4O//sBSxZuA//+AU0I/7QBTRyABQ
8=AAIP4AIP+ACwAAIP4+CP+Brv7BF/+ABQAAIP4AIP+ABQAAIP4AIP+ABQAAIP4AIP+ABQAA
9=IP4AIP+ABQAAIP4AIP+ABQAAIP4AIP+ABQAAIP4AIP+ABQAAIP4AIP+ABQAAIP4AIP+ABQ
10=AAIP4AIP+ABQAAIP4AIP+ABQAAIP4AIP+ABQAAIP4AIP+ABQAAIP4AIP+ABQAAIP4AIP+A
11=BQAAIP4AIP+ABQAAIP4AIP+ABQAAIP4AIP+ABQAAIP4AIP+ABQAAIP4AIP+ABQAAIP4AIP
12=+ABQAAIP4AIP+ABQAAIP4AIP+ABQAAIP4AIP+A

[Russians]
IQ=0
Edge=North
Color=DarkRed
Allies=Russians
Country=Russians
Credits=0
NodeCount=0
TechLevel=1
PercentBuilt=0
PlayerControl=no

[Special]
IQ=0
Edge=North
Color=Grey
Allies=Special
Country=Special
Credits=0
NodeCount=0
TechLevel=1
PercentBuilt=0
PlayerControl=no

[SpecialFlags]
Inert=no
FogOfWar=no
IonStorms=no
MCVDeploy=no
Meteorites=no
Visceroids=yes
FixedAlliance=no
TiberiumGrows=yes
InitialVeteran=no
HarvesterImmune=no
TiberiumSpreads=yes
TiberiumExplosive=no
DestroyableBridges=yes

[Structures]
0=Neutral,CAOILD,256,44,53,64,None,1,0,1,0,0,None,None,None,0,0
1=Neutral,CAOILD,256,58,63,64,None,1,0,1,0,0,None,None,None,0,0

[Tags]
01000001=0,音效 1,01000000
01000003=0,音效2 1,01000002
01000005=0,音效3 1,01000004
01000007=2,音效4 1,01000006
01000009=2,音效5 1,01000008

[Terrain]
15068=TREE12
17071=TREE07
19051=TREE04
19058=TREE02
19061=TREE01
20068=TREE10
21062=TREE06
22061=TREE13
22073=TREE07
23078=TREE06
26071=TREE12
26081=TREE10
27049=TREE10
28044=TREE13
28085=TREE06
30079=TREE10
32037=TREE02
34040=TREE02
34047=TREE04
34075=TREE15
34080=TREE08
35036=TREE02
35050=TREE08
36045=TIBTRE01
36089=TREE10
36092=TREE04
37032=TREE13
39041=TIBTRE03
39074=TREE13
40034=TREE02
40077=TREE10
40083=TREE06
40091=TREE06
40096=TREE10
41031=TREE15
42030=TREE01
42094=TREE15
43045=TIBTRE02
43051=TREE13
43067=TREE02
45039=TREE06
45074=TREE08
45076=TREE06
45088=TREE01
45093=TREE12
45099=TREE06
45103=TREE13
46026=TREE13
46097=TREE08
47020=TREE15
47046=TREE15
47067=TREE10
48038=TREE08
48066=TREE12
48079=TREE04
48081=TREE01
48093=TREE02
49027=TREE01
49090=TREE07
49098=TREE12
49103=TREE01
50042=TREE06
50056=TREE02
50060=TREE06
50106=TREE07
51020=TREE07
51032=TREE07
51062=TREE14
52027=TREE06
52055=TREE15
52081=TREE04
52083=TREE08
52090=TREE10
52095=TREE04
52107=TREE11
53051=TREE07
53070=TREE10
53072=TREE03
53101=TREE08
53111=TREE07
54048=TREE01
54054=TREE03
54078=TREE07
54099=TREE02
55030=TREE10
55038=TREE02
55059=TREE10
55065=TREE10
55084=TREE02
55089=TREE15
55105=TREE04
56013=TREE04
56018=TREE11
56034=TREE08
56046=TREE15
56072=TREE15
56080=TREE06
56087=TREE15
56095=TREE14
56103=TREE12
56112=TREE14
57041=TREE03
57053=TREE10
58011=TREE08
58061=TREE07
59016=TREE06
59030=TREE03
59072=TREE03
59078=TREE14
59087=TREE15
59094=TREE03
59099=TREE12
59103=TREE10
59106=TREE05
59108=TREE03
59113=TREE06
60019=TREE08
60023=TREE12
60024=TREE12
60026=TREE11
60044=TREE06
60069=TREE11
60118=TREE15
61008=TREE12
61009=TREE10
61038=TREE12
61048=TREE14
61080=TREE05
62013=TREE02
62021=TREE11
62073=TREE15
62076=TREE07
62097=TREE05
62112=TREE12
63027=TREE02
63030=TREE19
63045=TREE05
63068=TREE05
63116=TREE02
64017=TREE08
64040=TREE07
64064=TREE03
64080=TREE12
64105=TREE14
65008=TREE15
65049=TREE08
65072=TREE14
65102=TREE04
66015=TREE08
66024=TREE15
66028=TREE02
66090=TREE15
66093=TREE08
66108=TREE15
67062=TREE02
67085=TREE12
68011=TREE03
68027=TREE02
68028=TREE14
68037=TREE07
68056=TREE01
68061=TREE04
68070=TREE08
68075=TREE07
68080=TREE08
68101=TREE02
69019=TREE11
69024=TREE05
69039=TREE05
70016=TREE02
70034=TREE11
70065=TREE10
70079=TREE03
71012=TREE03
71029=TREE10
71044=TREE15
71053=TREE04
71067=TREE06
71073=TREE14
71109=TREE08
72048=TREE07
72098=TREE13
72103=TREE06
73034=TREE05
73060=TREE10
73090=TREE10
75022=TREE08
75024=TREE15
75033=TREE08
75056=TREE12
75062=TREE01
75072=TREE08
75086=TREE08
75093=TREE01
76030=TREE13
76067=TREE06
76102=TREE04
77044=TREE10
77081=TREE10
78078=TREE10
78099=TREE15
79023=TREE13
79072=TREE08
80037=TREE15
80041=TREE02
80053=TREE13
80061=TREE06
80087=TREE01
81051=TREE07
82035=TREE02
82083=TREE12
82087=TREE12
83030=TREE15
83075=TREE12
83093=TREE10
84091=TREE15
85040=TREE13
85046=TREE12
86076=TIBTRE02
86082=TREE12
86089=TREE15
88069=TIBTRE01
89045=TREE13
91036=TREE04
92086=TREE12
93039=TREE08
93075=TIBTRE03
97080=TREE13
101044=TREE02
101052=TREE15
101079=TREE01
103049=TREE10
105058=TREE01
105073=TREE13
106066=TREE02
108054=TREE01

[Triggers]
01000000=Americans,<none>,音效,0,1,1,1,0
01000002=Americans,<none>,音效2,0,1,1,1,0
01000004=Americans,<none>,音效3,0,1,1,1,0
01000006=Americans,<none>,音效4,0,1,1,1,0
01000008=Americans,<none>,音效5,0,1,1,1,0

[Waypoints]
0=95058
1=29058
10=62012
11=68025
12=55034
13=75048
14=53056
15=62070
16=68083
17=57096
18=65111
19=44087
20=46028
21=81033
22=82084

[YuriCountry]
IQ=0
Edge=North
Color=DarkRed
Allies=YuriCountry
Country=YuriCountry
Credits=0
NodeCount=0
TechLevel=1
PercentBuilt=0
PlayerControl=no



[Digest]
1=l/oAM8YCx+SplcQdElef0Huk0dQ=

