; Map created with FinalAlert 2(tm) Mission Editor
; Get it at http://www.westwood.com
; note that all comments were truncated

[Header]
Width=45
Height=44
StartX=233
StartY=30
Waypoint1=241,66
Waypoint2=270,37
Waypoint3=0,0
Waypoint4=0,0
Waypoint5=0,0
Waypoint6=0,0
Waypoint7=0,0
Waypoint8=0,0
NumberStartingPoints=2

[ADOG]
TechLevel=11

[AMRADR]
Prerequisite=GAPILE,GACNST

[BFRT]
TechLevel=11

[BORIS]
TechLevel=11

[CMON]
TechLevel=11

[DOG]
TechLevel=11

[E1]
Cameo=GIICON
Image=ROCK
AltCameo=GIUICO

[E2]
Cameo=E2ICON
Image=ROCK
AltCameo=E2UICO

[ENGINEER]
Cameo=ENGNICON
Image=LUNR

[GAAIRC]
Prerequisite=GAPILE,GACNST

[GACNST]
ProduceCashDelay=500
ProduceCashAmount=700

[GAOREP]
TechLevel=11

[GAREFN]
TechLevel=11

[GAWEAP]
Prerequisite=GAPILE,GACNST

[GAYARD]
TechLevel=11

[GGI]
TechLevel=11

[GHOST]
TechLevel=11

[HARV]
TechLevel=11

[HTNK]
Locomotor={4A582742-9839-11d1-B709-00A024DDAFD1}

[INIT]
Cameo=INITICON
Image=ROCK
AltCameo=INITICON

[IVAN]
TechLevel=11

[LCRF]
Naval=NO
Prerequisite=GAWEAP

[LTNK]
Locomotor={4A582742-9839-11d1-B709-00A024DDAFD1}

[LUNR]
TechLevel=3
Prerequisite=BARACK,RADAR

[MGTK]
Cloakable=yes
DisguiseWhenStill=NO

[MTNK]
Locomotor={4A582742-9839-11d1-B709-00A024DDAFD1}

[NACNST]
ProduceCashDelay=500
ProduceCashAmount=700

[NAPSIS]
Prerequisite=YABRCK,YACNST

[NAPSYB]
Cost=750
Cameo=PSYBICON
Power=-35
Crewed=yes
Points=50
Powered=true
Spyable=yes
TechLevel=5
Capturable=true
AIBuildThis=yes
SensorArray=yes
ThreatPosed=0
Prerequisite=NATECH
SensorsSight=7
DetectDisguise=yes
ImmuneToPsionics=no
DamageSmokeOffset=220, 390, 150
HasRadialIndicator=true
DetectDisguiseRange=7
DamageParticleSystems=SparkSys,SmallGreySSys,BigGreySmokeSys
PsychicDetectionRadius=7
ConcentricRadialIndicator=true

[NARADR]
Prerequisite=NAHAND,NACNST

[NAREFN]
TechLevel=11

[NAWEAP]
Prerequisite=NAHAND,NACNST

[NAYARD]
TechLevel=11

[SAPC]
Naval=NO
Prerequisite=NAWEAP

[SENGINEER]
Cameo=ENGNICON
Image=LUNR

[SMIN]
TechLevel=11

[SNIPE]
TechLevel=11

[SPY]
TechLevel=11

[TANY]
TechLevel=11

[TerrainTypes]

[VIRUS]
TechLevel=11

[YACNST]
ProduceCashDelay=500
ProduceCashAmount=700

[YAREFN]
TechLevel=11

[YAWEAP]
Prerequisite=YABRCK,YACNST

[YAYARD]
TechLevel=11

[YENGINEER]
Cameo=ENGNICON
Image=LUNR

[YHVR]
Naval=NO
Prerequisite=YAWEAP

[YURI]
TechLevel=11

[YURIPR]
TechLevel=11


[Preview]
Size=0,0,100,50

[PreviewPack]
1=rg0AIAEUFBQUIAgDAAAABDysAEAEAwgJDgQFCScLAAUFCkgAWAEGgm43oKStpKixSABAAU
2=gAQAFIAEABSABAAUgAQAFIAEABSABAAUgAQAFIAEABSABAAUgAQAFIAEABSABAAUgAQAFI
3=AEABSABAAUgAQAFIAEABSABAAUgAQAFIAEABSABAAUgAQAFIAEABSABAAUgAQwGnq7NAAU
4=gATAFIAEABSABAAScIADz4AyASdABQIycIAFQkSAAGS05KUVAxfWEySA9IAKgPQAFIACAw
5=LAADmJulpaewWApQC0gAQAFIAEABSABAAUgAQAFIAEABSABAAUgAQAFIAEABSABAAUgAQA
6=FIAEABSABAAUgAQAEgEigEIAnIAEcmAQEFSABQTQlBRFZDR1aMbT1xbjZID0gAVA9IAEAB
7=SABAAUgAQAFIAEABSABAAUgAQAFIAEABSABAAUgAQAEDzs/Uzs/TrAFYAUABSABAAQ6foq
8=tqb31WW2t4fYmjpa6nqcxYA52hqpqep6wEWARAAUgAQAFIAEABSABAAUgAQAFIAEABSABA
9=AUgAQAFIAEABSACgASAJ7AMgEqQAVHJMJVAmSABDTHFSLrAOtA8gDywAD77AxuTk59zd4e
10=Hi5ebn6eXl6FAmUAhIAEAKCqapsXN3hJOWoY+SnaZSfaavvAIJg4iTg4eTio6ZpqqyWARQ
11=AkgAQAFIAEABSABAAUgAQAFIAEABSABAAUgAQAFIAEABSABAASAP+QMAgAAgD9QAXAVAJQ
12=ZESVJKTip/XjFID0gAVA9IAEABSABAAUgAQAFIAEABSABAAaQjKjQEXwLMzdNLANjZ3UMl
13=5ubpRAJLAJWZpFwFSABMAQOxs7q7vcOsAVgBA56iq3uAjE8ljJCaUAJIAFACSABQTSAP9A
14=RUBkAZIAMLAAkME0gABgMDBQAAAQMEB0gAIAPUAE8ECAgOVEuoACAPJw7Q0da3G8jKz0sV
15=o6axSwCbn6pQSgPR0taztbwnUABfApebplAFSABQAkgAVCFIJDD0DQabn6h3e4h7f4tIAF
16=AFSABQBUgANrwAQARIAEAETBk/CwAFBwtIAAYaIC02PU5OVWdIAAYjKjwWGiURFR9IAD/4
17=AKAErCW0AAlITVRFSk9rWjaFczVYEEgARBFIAEABJywJWwGmqrNIAEQgmEYErqCkrp2hq1
18=gBWCJIAJECrUQCSABIA0cFqa22SABEKVwISABECE8liIyXSwB8gIxQJlACSABcAlgBWCVI
19=AFglXAIq9ARQAkgAvAJUJyrsCUAHrBk8FAADGB0qAgMGSAADNz5QLTRGSCdLACEmNDzUAD
20=B0AKwltAAt7BKwBVwRSGxYSQPFxsy+v8YnBARUIbgcQARAJSc4AEAEsCNcAkgATARIAEAB
21=SABAAVAdSCFMAVgfSACkIEcjgYWRSHJYAVACKiwAWAFQAkgAQAGkLEwBXAhIAFAIpBQgBh
22=QAVG+YlXAAIAPIAKwiVAAtsABEAiAD7BJX/5KVn1AUSBVIAEABSADhJa5DTJ2hrFiRSLdA
23=IlgiJwwIUAInpANUHkgASB5yI4CMvAhcTUABWARMB0gDKiwAUAUnHAFAnUgDUA5IAKABLS
24=ADICQ4AFQhMAgALWQBBkhLTlVBKmtWMKQRsBGsAUw9DFdcbFJXZ1VaamJndoSHk1wCVCFM
25=HFgiQG0nLwChpa9UG1wFSCFIAFAISABQBUgAKlwAA4KHkoKGklACSABABFh2SABUeEgqrA
26=pcAlwFSABIJ0gATARIAFACSABAAUgAQAEt/AInOACkHVgBoAFUAEwBIAMIAEQFKgsAExYh
27=SACkAjP4AAZtXjR+XjR6djhQEUgSSABDAY2Rm1A7CX2BjWBldHh8iZeapCcMCFgZJ2QERB
28=1IP1AdLZQEUAW8AlQeVAlMK0gAX1D/AACoAEAlV3iYnKZMB0ANXAhIAFCYXAUnfwGmqrJc
29=CFgBUAJMAaATLQgDvBo5FAA2vABcAifUAAMoLT4tNEVIAAYnLDwcICwCAwhIAFQDTAQzCA
30=AGgHA8a1M4hXI1SBtUEkgAQAEDp6qyrK62rAFYAVgfrAFAHEABSABQAkgAQAFIAEABSABA
31=AUgAQAFIAEABSABDAZOXoagkJxQAQHlIAFQnQAREJkAEWARYIkgARCNIAFwCSABQAlB0UC
32=msATPkAlAaNggAKrwAMIwAVANQAlQASAADCAoTFxolWAFLAAUGDFQAUAIwCABcAqgACTAp
33=I4RvOn1cM3FvNlAUWBNIAEABSABAAUgAQAFIAIABAbC4u8GsAZgBJXwuPywATCUnjABMJV
34=zCSABEJlQwA8jJzrm6wUhLWCVIAFglUH1QBUgAQA1IAKABLfwCpBdUAAMYGiQ9Q1RIAAYu
35=MT8SFBwRExtIAFwCXAVUAKgAAwMECiAjMUsABAULpAJUAEAESABAAS0IAFACNggAJ6QAA4
36=RlOnp8gqATpBQnLAAMpKiwtbi/pKewoqausrW9SgC4umQmXAInLABQBUgAQAdIAEABSABA
37=AUgAQAFIAEABSABASVAjU1OlqbFMcwPHyM7U1dlIAEAESABABEgDSHKsBLRvvAK0ACoIA7
38=sWCwwTSAAGPEJUQklaQkdZSwAwNUVIAyenAAEBBlRFSAABHiEuHVRsBQIIAgIIAwMHQARY
39=BCcIAFgBSABYAVQAPwgACFRROkdMS4FkNnJ1IlBCrBNQF1AjqABYSVACSABQAkgASCcnXA
40=BYJVoBpKdoTkAESABABEgAQAFIAEABSwC+wMYnNyLGx80hQCsD5eXo09TYQARIAEAESABA
41=AbwUrAFYAUABSABAAV+nKS9BtAMqFABUGwMjJzQGBgtIAAMXGiQdIS1EAqgAJ5gABgABBR
42=4iLh4iMUgABB8iLwQECQOIAEAEpAVUAEwBIA8IAAZ6Vi6Iajd+ezdHFJygqUe5n6OsXBRU
43=FUhIWCVYSUgkmQGxUCNAAUgAUAVcAoABAbCnqrNYAUwBSABAAUgAQAFIAEABSABAAUgAQw
44=HY2d1YJawBWAFAAUgAQAFIAEABSABAAUgAQAFIAKABVwApMEFEJqgAKmgDUB0nCwABAQUq
45=aAAnLwACAwlIALckAwMIJ1wALSAAJxwBQAEtaAAzOABEcQapqrOQk56doKpEIycIAFxHSA
46=BYIlgWUAK0GFgBgAFwSkwBQAQ/jAlcBUgAUAhIAEABSABAAUgAQAFIAEABSABAAUgAQAFI
47=AFQ2VACoJHQANcQEMCwDXB1IAFwCJ3MECAgOSABEAjAIAEcFAgIGSABAAUMuCAkOSwAEBQ
48=kwpAAtRABMEwl6fouEiJRqbn2QlJ5EI1xKrEZIIVAXUE1bTKCkrUgAUAVuTKOsrAFEJoAB
49=1CdMAUgAbgSosUMBlZmkSABYAUwBSABAAUgAQwGeoqtA3zBUF0gDoARUACpcCSosAC3wAi
50=c4AFQeVyQFBgtIACdQADMjAAICB0gAXJgDBhgdBREXSABIdUAlRAhIAC3IAEgSSABcEQOR
51=lJ+Pk52sAU8lp6myrAFJA6D0IUwBW6+jp68hMFNMAVgoWElIJCsuAKewXAVIA6QsUAhIAI
52=EEsVjfqABYAVACQL4k5CBUuky7WCW8AkgDQAFIAKABZUovjHApXwkqMUMnXAAtRANPHAYH
53=DkkAAGEABFgBqAAtmAC7AQAABVcDAgUKSwAIBQhEwm4lBAlATKAEMxQAoBOkFCcsAFAmJy
54=wAQAFIAEAESABAAUgAQAFIAFxNJywAVCRIBkAfXAJMASdcAFkBpiNVPqMj1kKgpCJXPpuf
55=qkQFQCUCfICMhIgisEsnvABAAUgAVAa0ACosCSqUBCosAFAaVB54IwgAAAcJEXV6hk5TX0
56=gAI5A4NBxenAXTKQQUGVhwSABPTAUFClQJPAgAQBNIAEQUSABAAUgAQAFYRkRxJywAQEYx
57=LgmosSdcAJhJA7C8vsSkpi5UWbglVABEJlBKBqapsZueqISHk1glSABEJiq0IEgPsA4n/A
58=ggCMUEAqS5A1pfbQkLEjbIA6AlVAOgAVcABAQIVABEAiAJCABEFCewAEwBSABYFkgAQAFI
59=AEABSAAqLAknLABUKlgoCbO1vZKWoHyBjYqNmSe8AFCSUHdUSFQhAAmprbaWmaN/go6jpa
60=62uL+WmaKeoaqlqLCCh5KkJlBxQAdIAEANtAAqlAQqLAAqXAkqXABcF1hJVAAgBggASCRI
61=ACAGsAAgCZgAUBewBaAZWAFAAUgAQAFIAEABDKKkrnN4hYuOmWlufXp8g1ACSABcAkgAQA
62=FYSUyUA46SnFhebUcjjpGcVAlXyairs1tMqKqzIbgiWARQBUgAoAEzXAkqZAQ2LABECyB7
63=CABUG0gAWxx3bTYtrEy8AkgDVEtIAFNHZmt6IWdDk5agIgxoA6evm5+oii98XrQGNjQEIA
64=NcACB7uARPE0VISDCsTFwCJycOjJCaIbhGvCBccUABQCVbu3t/i0wBSABIKkgAQwF9WTMg
65=GFwJKiQFVA8gEggAVOFIACAS4AAgEsgAP8RtKvQEQJpQI0gkSABAAQJ8djh5VyUEairUAy
66=AbLAAgBggDTJcjLyEFAgMiFCGkxVACIAb4ACAbmwB6Vi4hSHekIFAgQAFIAEABA4eIjoKE
67=iqwBWAFAAUgAQAG0JANVTzFDR0tEFCAkXAkqhAUFFBQUFBQUFBQRAAAdB5gaARQUFBQwAw
68=ABAQZIAAYCAwgeIS+hpK1IAAMeIjAAAAVQAkgAMLwAIDBEAAASbV40fl40enY4pKixoKSt
69=fHY4eVcuVU8xi2w5SE1UhGQ1cGU5XAIMeHU7aVYvYVIyQ0dLAAAESABQAkgGAikwQSkv6A
70=AgHSwASBuoCUABNggAXw4HCRJIAAY7Pks4O0gHCRFLAAICBja8ACAzXwCHZTdYEEsAgGI3
71=VCGoDFsBRUpPVABIAAOIaTlNUUdAASoIAKgbdAAgHZQEZAiDLioxQ0gPuAFAAS0IACfoAQ
72=MkJzUTFyZIAAMjJjQEBQktmAAgMDkAAIAAKlgBpBEqRACsASpcAKwBtAAgLVwJVCSoJFQA
73=rAG0Dy0UAKgPVAADAQIIBQcNJ3QAAwEBBQUFCkgAIC3rBAwND0gAiCXQACfEAT8gAFAUKg
74=gAXBrIACAXXAlYIkgA0ggvQUwBPwwCQARMEFQAIEIIAEAkAwsNEQECA0gATAECAAABAAFo
75=ACAG6AFcFKgAIChcCV0sMHQkJ8QEOSQCSA85dAAgLWgAkCNzADs/SkcLKSwzSAB+AQAEWA
76=E/CABIFSoIACd0AyAZhBeAJSccAVxKTAE/GAI2gABMB6gANoAAIBJfAAkJCZwjAQBdX2NM
77=HyAMBAFcBagAIChcCZS6NrQFIAxsArAFuCVUALgBKhQApBcqRAAgFSwAvAhUAD/4AEwEqA
78=BcEcgAWEOoHlQAIBcsAHBKNewALUgC0g4vQS1cACo4ACqMALQVLRQAKrAArwEFBgtIAEwB
79=J6QATAEtCAAnaAAqIAAtjAAnOAAnjAAgE1wJSCFIAFwpqACMAUgkSAA2XAkqXABMECcEBF
80=wCWAE/CAAnvAADh2lBiG0/uAFMAScUA6QIJzgALSAAtAMqFACjBEtPXUsAGx0nWwEICQ9I
81=AEABKpgAJywAXAKoAKgPdACUHmABUCAgCCwASCRIAFQeQAdAAUgArAFYAWgAIAgcAXAFL4
82=wJAyckHigkH0oAgWYmqCzsE0QCSwCtgDq0GCcXADxATkgAJzgAoAEn1ANAAaQCVAAGJCcx
83=c3iGWl9vSAADSU5dEBEYUAKoAFgEJwgApAJUACATXAn0FbQbIBtkBDbsAFwUTBMnCgCIbs
84=xJvAVIJKsAKSQerAS/BQYHDEgABjg8SEZKWA8RGEgAJ3QAQAQqCABcAgMJChEcHypIAAYy
85=NkRBRlYLDRRqAAwTSAMqpACsAVACqADIHiALBARQR0gARxf/AACoAEwBIAccAURNqABEDq
86=gAWAGgASNsJiccAVRsZG5UA0gAgwRcUkZLAFtPRlQkSANLAK5/ObQYVABcGgMrLjsFBgxL
87=AC0xP0QCJwgASAMnCAAnUABDAQEBBlQAJwgAJ4wAKiAAJ3QAIBhcCagkJxQAwBzwGngBMC
88=wARAJIAKAiQAGoAJAgXAVwLzIsAKgDoEm3AFtQRUgAAV9RRHjgAFQqJ0QDWBwnLABAAVgB
89=MwgAJ2gAQAFIADOMACdQAEAEqABQEcgAUBf0FSAGnAhMJSAE7ABEC0gAKpQEKSwANpQEKl
90=wAr0kiHhZLAKl7NvAk3ACsKCrsEieYAyAhIAC0JFQAvEoqVAIgBpQEyCRMK5Ag2AEwLABE
91=AkgAKWQERAV4DVACSAApXABwAlQJiAA2LABcR1xupCNQcUQlrAFUAFdyAwQJSABQGlwjVA
92=CoAEwBICQIALQJUBeoACqEAiAixARIIUgAKTQEVAxoDFACSAA1XABgBJgl0AUyLABMTF/j
93=JB4cSwCofDZ3JAMIA0kABCKzQhYZIUgAqBs2lAS0AyoUADakAFwCJ5gAMFwJKrQCIBbEBE
94=ghSAA1NATQIEAESAA1jAAqDAI2LABPTAoKEWgk9CRQSkgAAw0PFRIUG0wcJwgAsB1YAaAB
95=tAADAwQKICMxSwAEBQukAlQATAQzCABIA6gAUBeoADZUAiAKxARYH0gANQQEVAxoDEAESA
96=AgAowAcAUyXAkqXABEJlQboBlXAAgIDlgBJwsADhEbSwAAAAJIA6gASANM30DlSAAGHiEu
97=HSAsAgIISwADAwdIAzMIAKAHVAA8XAkqVAI9xARYH0gAIAIEBCAnxAQqPAJMHEwZVAAnCA
98=BYAYgAAQJTV2NYJUsAAAADRAIngAADHiIuHiIxSAABHyIvBJB3J2gAMCAAQAdIAFwCUBeo
99=ACpkBDYsACqEAswBSCRIACAylARUEngQUAsstEfcDqhOVAMstC9QGi8JAAEnRABcHUgAuw
100=ECAwlIAKwBUAI2CACgBFQAIAlcCXgWuBNUAIQUbBaAAWgDQAFIACA+xARkDlQPqACYDVwp
101=aAApLABIHlwaVAAtCAAtUABYAScIAC2kADA4AEQFUwL///9sDZQPaB6AAUQCIAMsANgEXB
102=RIACA/lAS8C7gTmA1UD2gALywAUBogNggAEQAA

[AITriggerTypesEnable]
043F40BC-G=yes
043F521C-G=yes
043F874C-G=yes
044082BC-G=yes
05CB5B6C-G=yes
05CB830C-G=yes
05CBAEDC-G=yes
05CBC04C-G=yes
05CBC19C-G=yes
05CBC2EC-G=yes
05FC088C-G=yes
05FC0C9C-G=yes
05FC13EC-G=yes
05FC1A8C-G=yes
05FC1C5C-G=yes
05FC333C-G=yes
05FC37CC-G=yes
05FC3C9C-G=yes
05FC50EC-G=yes
05FC747C-G=yes
05FC75CC-G=yes
05FFA7DC-G=yes
05FFB18C-G=yes
06002BFC-G=yes
0611A1EC-G=yes
0611A33C-G=yes
0612B11C-G=yes
0612CD8C-G=yes
0612EAEC-G=yes
0612F46C-G=yes
0612F9AC-G=yes
0616004C-G=yes
06C551AC-G=yes
078F4B2C-G=yes
07C04C7C-G=yes
07C04EDC-G=yes
07C0B14C-G=yes
07C30A5C-G=yes
07C310BC-G=yes
07C3266C-G=yes
07C329FC-G=yes
07C330CC-G=yes
07C33DDC-G=yes
07C4853C-G=yes
08A3EEDC-G=yes
08B902EC-G=yes
08B90B1C-G=yes
08B911BC-G=yes
08B9154C-G=yes
08B9213C-G=yes
08B9305C-G=yes
08B9356C-G=yes
08B940EC-G=yes
08B9423C-G=yes
08B9483C-G=yes
08B9586C-G=yes
08B9641C-G=yes
08B9708C-G=yes
08B9767C-G=yes
08B97C6C-G=yes
0A31295C-G=yes
0A44F17C-G=yes
0A44F2CC-G=yes
0A452C6C-G=yes
0A452E5C-G=yes
0AA845AC-G=yes
0AA846FC-G=yes
0ABC484C-G=yes
0AD2BAEC-G=yes
0C0C7AEC-G=yes
0C0D184C-G=yes
0C0D251C-G=yes
0C1245AC-G=yes
0C1246FC-G=yes
0C32599C-G=yes
0C32D84C-G=yes
0C87B45C-G=yes
0C87B99C-G=yes
0C87E5AC-G=yes
0C8B81BC-G=yes
0C8BC5AC-G=yes
0C8C2AEC-G=yes
0C8C2C3C-G=yes
0C8C430C-G=yes
0C8C4C3C-G=yes
0C8C51BC-G=yes
0C8C56FC-G=yes
0C8C645C-G=yes
0C8C6EDC-G=yes
0C8C71BC-G=yes
0C8E2C3C-G=yes
0C8EE1BC-G=yes
0C8EEAEC-G=yes
0C8EEEDC-G=yes
0C91D45C-G=yes
0C92C1BC-G=yes
0C92C45C-G=yes
0C955AEC-G=yes
0C955C3C-G=yes
0C9561BC-G=yes
0C9565AC-G=yes
0C96F45C-G=yes
0C96F5AC-G=yes
0CA1F84C-G=yes
0CA24D8C-G=yes
0CA2A04C-G=yes
0CA2B06C-G=yes
0CA2D99C-G=yes
0CA2FEDC-G=yes
0CA5945C-G=yes
0CA6621C-G=yes
0CA6AEDC-G=yes
0CAD0B2C-G=yes
0CAD0C7C-G=yes
0CAD0DCC-G=yes
0CAD130C-G=yes
0CAD145C-G=yes
0CAD25AC-G=yes
0CAD2AEC-G=yes
0CAD2C3C-G=yes
0CAD5AEC-G=yes
0CADD99C-G=yes
0CADDEDC-G=yes
0CB29EDC-G=yes
0CB2CEDC-G=yes
0CDF899C-G=yes
0CDF8D8C-G=yes
0CDF8EDC-G=yes
0CE2395C-G=yes
0CE23AAC-G=yes
0CE26B5C-G=yes
0CE26CAC-G=yes
0CE2E8DC-G=yes
0CE2EA2C-G=yes
0CE44D0C-G=yes
0D022B1C-G=yes
0D022C6C-G=yes
0D052AEC-G=yes
0D0803CC-G=yes
0D08461C-G=yes
0D0848BC-G=yes
0D084A0C-G=yes
0D084B5C-G=yes
0D0873DC-G=yes
0D087D8C-G=yes
0D0B3B9C-G=yes
0D2769BC-G=yes
0D2C41EC-G=yes
0D2C448C-G=yes
0D2C45DC-G=yes
0D53099C-G=yes
0D53130C-G=yes
0D53430C-G=yes
0D535EDC-G=yes
0D62145C-G=yes
0D6215AC-G=yes
0D6216FC-G=yes
0D62199C-G=yes
0ECCB2BC-G=yes
0ECCB40C-G=yes
0ECCB55C-G=yes
0ECCB7FC-G=yes
0ECCBC3C-G=yes
0ECCF14C-G=yes
0ECCF29C-G=yes
0ECCF68C-G=yes
0ECCFA7C-G=yes
0ECCFCAC-G=yes

[Africans]
IQ=0
Edge=North
Color=DarkRed
Allies=Africans
Country=Africans
Credits=0
NodeCount=0
TechLevel=1
PercentBuilt=0
PlayerControl=no

[Alliance]
IQ=0
Edge=North
Color=Gold
Allies=Alliance
Country=Alliance
Credits=0
NodeCount=0
TechLevel=1
PercentBuilt=0
PlayerControl=no

[Americans]
IQ=0
Edge=North
Color=Gold
Allies=Americans
Country=Americans
Credits=0
NodeCount=0
TechLevel=1
PercentBuilt=0
PlayerControl=no

[Arabs]
IQ=0
Edge=North
Color=DarkRed
Allies=Arabs
Country=Arabs
Credits=0
NodeCount=0
TechLevel=1
PercentBuilt=0
PlayerControl=no

[Basic]
Name=Forbidden boundary line
Percent=0
GameMode=standard, airwar, megawealth
HomeCell=98
InitTime=10000
Official=no
EndOfGame=no
FreeRadar=no
MaxPlayer=2
MinPlayer=2
SkipScore=no
TrainCrate=no
TruckCrate=no
AltHomeCell=99
OneTimeOnly=no
CarryOverCap=0
NewINIFormat=4
NextScenario=
SkipMapSelect=no
CarryOverMoney=0.000000
AltNextScenario=
MultiplayerOnly=1
IceGrowthEnabled=yes
VeinGrowthEnabled=yes
TiberiumGrowthEnabled=yes
IgnoreGlobalAITriggers=no
TiberiumDeathToVisceroid=no

[British]
IQ=0
Edge=North
Color=Gold
Allies=British
Country=British
Credits=0
NodeCount=0
TechLevel=1
PercentBuilt=0
PlayerControl=no

[Confederation]
IQ=0
Edge=North
Color=DarkRed
Allies=Confederation
Country=Confederation
Credits=0
NodeCount=0
TechLevel=1
PercentBuilt=0
PlayerControl=no

[French]
IQ=0
Edge=North
Color=Gold
Allies=French
Country=French
Credits=0
NodeCount=0
TechLevel=1
PercentBuilt=0
PlayerControl=no

[GDI]
IQ=0
Edge=North
Color=Gold
Allies=GDI
Country=GDI
Credits=0
NodeCount=0
TechLevel=1
PercentBuilt=0
PlayerControl=no

[Germans]
IQ=0
Edge=North
Color=Gold
Allies=Germans
Country=Germans
Credits=0
NodeCount=0
TechLevel=1
PercentBuilt=0
PlayerControl=no

[Houses]
0=Americans
1=Alliance
2=French
3=Germans
4=British
5=Africans
6=Arabs
7=Confederation
8=Russians
9=YuriCountry
10=GDI
11=Nod
12=Neutral
13=Special

[IsoMapPack5]
1=6A0AIAEyAAEAgAACBAAxAAKEAQEABAAyKCkAMygrADAAA+EEMUoB//9UAWwFJ1UAM1QCTQ
2=IARQg0KCkAL1gBzQUwSAHBBDFIAdUCMkgB1QIzKCkANCgpADUoKAABLgAFANkGL0gB2QYw
3=KCkAMSgpADIoKQAzKCkANCgpADUoKQA2KCgAAi0ABgAlYwsDAC5IAWQBXQ8vKCkAMCgpAD
4=EoKQAyKCkAMygpADQoKQA1KCkANigpADcoKwAsAAeQDVUNLSgpAC4oKQAvKCkAMCgpADEo
5=KQAyKCkAMygpADQoKQA1KCkANigpADcoKQA4KCsAKwAI+REsKCkALSgpAC4oKQAvKCkAMC
6=gpADEoKQAyKCkAMygpADQoKQA1KCkANigpADcoKQA4KCkAOSgrACoACfEUKygpACwoKQAt
7=KCkALigpAC8oKQAwKCkAMSgpADIoKQAzKCkANCgpADUoKQA2SQE7dxAEADdJATWpAThIAW
8=QBVTk5KCkAOigrACkACpwDQQQqKCkAKygpACwoKQAtKCkALigpAC8oKQAwKCkAMSgpADIo
9=KQAzKCkANEgB3RU1SQEzdxAEADZJATGpATcoKQA4SAHBGjlIAXwDXRU6KCkAOygrACgAC5
10=wDQQQpKCkAKigpACsoKQAsKCkALSgpAC4oKQAvKCkAMCgpADEoKQAySAHVGDNIAdUYNEgB
11=1Rg1KCkANigpADdJATZ7FAQAOEkBOKkBOUgBZAFJFzooKQA7KCkAPCgrACcADIgFTQUoKC
12=kAKSgpACooKQArKCkALCgpAC0oKQAuKCkALygpADAoKQAxKCkAMkkBOmsPBAAzSAHZHDQo
13=KQA1KCkANkkBNK0FN0gBZAFdFTgoKQA5KCkAOkgBxSk7SAHZPTxIAdkGPSgrACYADZACUQ
14=knKCkAKCgpACkoKQAqKCkAKygpACwoKQAtKCkALkgBzRAvSAHNEDBIAZgNdNMn4QEyVAIn
15=HQQNXNZLBAQANFQCySI1KCkANigpADdIAd0KOEgBUAZh1TkoKQA6SQE+ewIEADtIAdEJPE
16=gB2QY9SAF8A1EfPigrACUADpACVQImKCkAJygpACgoKQApKCkAKigpACsoKQAsKCkALSgp
17=AC5IAcUeL0gBxRMwSAHZXjEoKQAySAHBBDMoKQA0SAHZXjVIAcEENigpADcoKQA4SAHdCj
18=lIAdEfOkgBnBx2Iw4AwSU8VALNaD1IAcEEPigpAD8oKwAkAA+cA0ElJSgpACYoKQAnKCkA
19=KCgpAClIAclDKkgBxRMrSAHFEyxIAYMLBAAtKCkALkgBJ80ED/VEMFQC0R8xKCkAMigpAD
20=NIAcFnNEgBJa0hNUgBxR42SAHFCDcoKQA4KCkAOUgBxQg6SAHFEzsoKQA8KCkAPSgpAD4o
21=KQA/KCkAQCgrACMAEIwJWSckKCkAJSgpACYoKQAnKCkAKCgpAClIAdUYKkgB1RgrSAHdFS
22=xIAYwMZCkntQEuVALZBi9IAdlIMEgBxQgxKCkAMkgBwQQzSAHBBDRIAdE1NUgByQw2SAHF
23=NDdIAc0FOCgpADkoKQA6SAHFPzsoKQA8KCkAPUgByQw+SAHJDD8oKQBAKCkAQSgrACIAEY
24=gFUSojKCkAJCgpACVJAbxrBAQAJsgBAQEEACfIAQECBAAoyAEBAwQAKUgBaAVRCSpIAc0m
25=K0gByWQsSAHBBC0oKQAuKCkALygpADBIAdUjMUgBxTQySAHFCDNIAckMNEgB1S41SAHBJT
26=ZIAdUCNygpADhIAcktOSgpADooKQA7KCkAPEgBxQg9SAHVGD5IAc0QPygpAEAoKQBBKCkA
27=QkkBJnAFAgMAIQASYAFxriIoKQAjKCkAJCgpACVIAXUuBHYuEgBpAQV0LqkBBnQuqQEHdC
28=4nXQEqWAaPDAQAKygpACxIAcGILUgB1SMuKCkALygpADBIAdUjMUgBxR4ySAHdCjNJAbQi
29=xDNnzhIArqkBNVUCPGQEIhwlJzkCN1QCcAJdQThIAdU5OUgB0So6KCkAO0gB1Q08SAHZBj
30=0oKQA+KCkAPygpAEAoKQBBKCkAQigpAEMoKwAgABOYClkRISgpACIoKQAjKCkAJCgpACVI
31=AWEwCG0xE40xCWwxqQEKbDGpAQtsMSeJASpYBtUuK0gB1S4sSAHRHy0oKQAuSAHVLi8oKQ
32=AwSAHJIjFIAYwXIrw5J4kBM1UCs6EwNEkBrakBNUkBQHAFbDEnrQA3VQI/tQI4SAHdCjlJ
33=AWkiBzwEADpIAXwDVSM7KCkAPCgpAD0oKQA+KCkAPygpAEAoKQBBKCkAQigpAEMoKQBEKC
34=sAHwAUnA5BDyAoKQAhKCkAIigpACMoKQAkKCkAJUgBZTQMZTQUhTQNZDSpAQ5kNKkBD2Q0
35=J7UBKlgGwYgrSAHJIixIAZwRbMAnrQAuVALdVy9IAdWRMEgBzQUxKCkAMigpADNIASeHBh
36=QAquc0FACsqQE2QATJATcoKQA4SAHFazlJAWjkNCc5AjtUAsEPPCgpAD0oKQA+KCkAPygp
37=AEAoKQBBKCkAQigpAEMoKQBEKCkARSgrAB4AFZwOUTUfKCkAICgpACEoKQAiKCkAIygpAC
38=QoKQAlKCkAJigpACcoKQAoKCkAKSgpACooKQArKCkALCgpAC1IAclvLkgBJ2UNFSgXJBUA
39=N3wYIl8tFQA5qQEyTAXJmzNIAdE1NEkBr7E1NUgB1QI2KCkAN0gBwQQ4SQGxrQU5SAEn3A
40=YnzQQ7VAJwDVknPCgpAD0oKQA+KCkAPygpAEAoKQBBKCkAQigpAEMoKQBEKCkARSgpAEYo
41=KwAdABaIEE0QHigpAB8oKQAgKCkAISgpACIoKQAjSQFnrVIkSQFhqQElSAHZJyZIAdVaJy
42=gpACgoKQApSAHBXCpIAZwRbNYnZQIsVALJOC1IAck4LigpAC9IAScWDhYAwQ8xVALBDzJI
43=AdkyM0gB2TI0SAHVDTVJAbexNTZIAcEEN0kBPWQEIn48FgDZHDlVAmC5HDpIAXwDWSc7KC
44=kAPCgpAD0oKQA+KCkAP0gBwRpASAElqSZBSAHRCUIoKQBDKCkARCgpAEUoKQBGKCkARygr
45=ABwAF4wJRRMdKCkAHigpAB8oKQAgKCkAIUgB2RwiSQFfuRwjSQFdqQEkSAHRHyVIAc0mJk
46=gB0WEnKCkAKEgB1S4pSAHRKipIAYgTbDwnkQIsVALdry1IAdniLkgB2T0vSAEnjgcXAMEP
47=MVQC3QoySAHRNTNIAckMNCgpADUoKQA2SAHB4DdIAdW9OEkBZrkcOUgBxR46SAHVWjtIAd
48=0KPCgpAD0oKQA+KCkAP0gBwRpASAHBGkFIAdX/QkgBxT9DSAHdCkQoKQBFKCkARigpAEco
49=KQBIKCsAGwAYgAhZPRwoKQAdKCkAHigpAB8oKQAgKCkAIUgB0R8iSAHRHyMoKQAkSAEn5A
50=cntQEmVALNMSdIASXZIShIAZwRbOwnrQAqKFUAKygpACwoKQAtKCkALkgBJ40dGCitFhgo
51=rBYnKQAyTAXJODNIAcEPNCgpADVIASXxOjZIAcFcN0gBwVw4SQFi5j8YAMkBOlUCZLUCO0
52=gB3Qo8KCkAPSgpAD4oKQA/KCkAQCgpAEFIAcEaQkgB1VpDSAHRQERIAckMRUgB3YNGSAHB
53=BEdIAcEESCgpAEkoKwAaABmcA1FAGygpABwoKQAdKCkAHigpAB8oKQAgKCkAIUkBarEfIk
54=gBySIjKCkAJEgB1UQlSQFlrQUmSAGTEAQAJ0gBJb0jKEgBybwpSAHBBCpIAdkcK0gB2Rws
55=SAHBBC0oKQAuSAHZaS9IAdk9MEgBzQUxKCkAMigpADMoKQA0SAHRQDUoKQA2SAHZHDdIAd
56=k9OEgB3Qo5KCkAOigpADsoKQA8KCkAPSgpAD4oKQA/SAHRjUBIAdl/QUgB0YJCKCkAQygp
57=AERIASVdIkVIAc0FRkgB2aBHSAHRFEgoKQBJKCkASigrABkAGogFSUMaKCkAGygpABwoKQ
58=AdKCkAHigpAB8oKQAgKCkAISgpACJIAcXvI0gB2T0kSQFsqUMlSAHBBCZIAcnzJ0gB0cQo
59=SAHBiClIAclDKkgB1WUrSAHRHyxIAYQaImQuJ20DLihVAC8oKQAwKCkAMSgpADIoKQAzKC
60=kANEgBJ5UIGiZ5bTYoVQA3SAHBDzgoKQA5KCkAOigpADsoKQA8KCkAPSgpAD5IAckiP0gB
61=zSZASAElAT1BSQG+ew0EAELIAQEBBABDyAEBAgQARMgBAQMEAEXIAQEEBABGSAHFCEdIAW
62=AIRT9IKCkASSgpAEooKQBLSQELJBckGAAblAZZBhkoKQAaKCkAGygpABwoKQAdKCkAHigp
63=AB8oKQAgKCkAISgpACJIAdXII0gBJSkhJEgB1UQlSAHVAiZIAdVEJ0gBlxQEAChJAbWpFy
64=lIAcmFKkgBJ+4IGwAn7AgnbQMtQATFCC4oKQAvKCkAMCgpADEoKQAyKCkAMygpADQoKQA1
65=KCkANigpADcoKQA4KCkAOSgpADooKQA7SAHJQzxIAd0gPSgpAD5IAckiP0gBySJASQFAZx
66=oEAEFIAW1HBW5HGwBpAQZsR6kBB2xHqQEIbEepAQluRxsAwdVHRAjVskhIAXgKXUFJKCkA
67=SigpAEtIAWxHTVJMyAFbMRcAHJQGWQYYKCkAGSgpABooKQAbKCkAHCgpAB0oKQAeKCkAH0
68=gB2fggSAHZ+CFJAWOxjSJIAcnSI0gB3dAkSAHRjSVIAdgnBSYAHACqAwAAEQAAfg8AIAgA
69=BAAnABwArAMAAEgBAigAHACvqQEpSQGyqQEqSQE6XANBBCtJATSpASxIAWQBVQItKCkALi
70=gpAC8oKQAwKCkAMSgpADIoKQAzKCkANCgpADUoKQA2KCkANygpADgoKQA5KCkAOigpADtJ
71=Abe1GDxJAaqpAT0oKQA+KCkAPygpAEBJAa6tBUFJAb5cHAEKBABCyAEBCwQAQ8gBAQwEAE
72=TIAQENBABFyAEBDgQARkkBPlgGVSNHSQExqQFISQE1qQFJSAFkAUEESigpAEtJAQuhD0zI
73=AQEBAABNSQGRdAICAAAWAB2UBlkGFygpABgoKQAZKCkAGigpABsoKQAcKCkAHSgpAB4oKQ
74=AfSQFqVA5JDCBJAWSpASFIAYcPBAAiSQG0exEEACNJAa2pASRIAcEEJUgB1S4mSAHVLidI
75=Ac0FKEkBO3MFBAApSQEzqQEqSQE2qQErSQE4qQEsSAFkAVkRLSgpAC4oKQAvKCkAMCgpAD
76=EoKQAyKCkAMygpADQoKQA1KCkANigpADcoKQA4KCkAOSgpADooKQA7KCkAPEgB0R89SAHZ
77=aT4oKQA/KCkAQEkBsbknQUgBfUwPfkwdAGkBEHxMqQERfEypARJ8TKkBE3xMJz0IR0QI2X
78=RISAHZJ0lIAdknSigpAEtIAXxMAQIEAEzIAVkQTUgBfEwBAgAATsgBVwIVAB6ACEEwFigp
79=ABcoKQAYKCkAGSgpABooKQAbKCkAHCgpAB0oKQAeKCkAH0oB//9DDgQAIEgB3UwhSAHNlC
80=JIAcVKI0gBxUokSAFQBnGYJSgpACZIAc0xJ0gByS0oSAHBJSlIAd2ZKkgBxQgrKCkALCgp
81=AC0oKQAuKCkALygpADAoKQAxSQEndwkDADJJASCpATNJASipATRIAWQBUSo1SAHNBTZIAc
82=0FNygpADgoKQA5SAHFCDpIAcUIOygpADwoKQA9KCkAPkgB3W0/SAHJkEBIAcUIQUgBaU4U
83=dU8elU8VdE+pARZ0T6kBF3RPqQEYdk8eAN0KR0QIxSlISAHdCkkoKQBKKCkAS0kBCkRLUR
84=9MyAFRjE1IAXRPSQdOyAFVAk/IAVcCFAAfVABLAAQAFSgpABYoKQAXKCkAGCgpABkoKQAa
85=KCkAGygpABwoKQAdKCkAHigpAB8oKQAgSAHFSiFIAdV7IigpACNIAd1MJEgBVBWsUifpAi
86=ZUAs0mJ0gBzZ8oSAHRxClIAcUpKkgBxQgrKCkALCgpAC0oKQAuSAHZSC9IAdlIMCgpADFJ
87=ASN0CWxS2xEDADNVAiS1AjRIAdkGNUgBzQU2SAF8AwEAAwA3SAGLDAIAOEgBg1ECADlIAc
88=UIOkgBlQIDWELLDAQAPFQChwgEAD0oKQA+SAHF5D9IAdmVQEgBzQVBSQE/bAFuUh8AwSVD
89=VALJAURJATmhBEVIAWQBRUpGSAHdCkdIAd0KSEgBwQRJKCkASkgB0Y1LSAFsUoaiHwBoAU
90=VUTVQCbFKGoh8AaAFVAk8oVQBQyAFVAhNAlskMFCgpABUoKQAWKCkAFygpABgoKQAZKCkA
91=GigpABsoKQAcKCkAHSgpAB4oKQAfSQFnVGZdICBJAV+pASEoKQAiSQFltQIjSAHdFSQoKQ
92=AlKCkAJkgBxSknSAHZUygoKQApSAHdKypIAdEJKygpACwoKQAtKCkALkgBk0MDAC9IAcVK
93=MEgBl08CADEoKQAyKCkAMygpADQoKQA1KCkANigpADdIAZxXZlUgAJhTZlUgAJtTAgA6QA
94=SE52RVmA55dDxUAtUYPSgpAD4oKQA/KCkAQCgpAEEoKQBCSAHNy0NIAd14REgB3QpFKCkA
95=RigpAEdIAcFRSEkB53MFBABJSQEBREtVOUrIAQEBBABLSQEIdQIATfcgjFJBOk1UAnhTRQ
96=dOyAFVAk/IAVUCUMgBVQJRyAFUAgISACEA/lRbSQwTSAHNEBRIAVADaSIVKCkAFigpABco
97=KQAYKCkAGSgpABooKQAbKCkAHCgpAB0oKQAeKCkAH0gBJ+8pIQBiUBVFEyFUAiUZKiJIAc
98=UTI0kBu20BBF47IQBoAVUjJdQCXXgmyQEDIo4zIQDJWShUAtFWKUgBYAhJDCooKQArSAGP
99=UgMALEgBk0MDAC0oKQAuSAGQS3xXdMBPCAIAMFQCQgEAAH1XIYQBSQEyKFUAM0gBnwoBAD
100=RIAYNRAQA1SAGTBQIANkgBwQQ3SAGBDwFFrSGxVgFErSUULn1XIVQeQAd/VyEABGk4A0St
101=qAFRRj1ECFgDaTg+KCkAPygpAEAoKQBBKCkAQkgBwSVDSAHBJURIAdEJRSgpAEYoKQBHSA
102=HRVkhJAQe5U0lIAUgRWiAASsgBQQNLSAHFVUzIAVk8TcgBWQxOyAFVAk/IAVUCUMgBVQJR
103=yAFVAlLIAVQCAhEAIgDuXCBJARJIAXRaVQETyAFRQBRIAVTYaSIVyAFBRhZJAexECVFAF0
104=gBZAFJARgoKQAZKCkAGigpABsoKQAcKCkAHSgpAB4oKQAfKCkAICgpACEoKQAiKCkAI0gB
105=aVkEdVoilFoBBQQAJdQCAQYEACbJAQd1WiKYFV0VKFQCjAEiRDUnVQAqKFUAK0gB0a4sSA
106=GMBXRazwUDAC5UApVPAlayIgCAXHZaIgCVAgFUsnDHQwcBADJMBdlTM0gBjAV0WiJkOIEE
107=NVQCQAFxYTZIAYMPAQA3SAGUAnRaJ60AOVQCwbQ6SAGfCgIAO0gBdloDAlVaIoBcAQQDAD
108=3UAkkiPkgB3TY/SAGfCgQAQCgpAEEoKQBCKCkAQygpAEQoKQBFKCkARigpAEdIASKUNF0r
109=SMgBUUtJSAHdV0rIAVUCS8gBXRBMyAFVAk3IAUFRTkkBmlhfQQRPyAFBBFBIAXAJQQNRyA
110=FNBVLIAVUCU8gBVQIQUDLBXBHIAUEEEsgBUQkTSAF4XgEFAAAUSAFsXVkGFcgBTQUWSQH8
111=SAJBGhdIAdW9GEgBVBJ9YhkoKQAaKCkAGygpABxIAdkGHUgB2QYeKCkAHygpACAoKQAhKC
112=gAyEt1DSNUAm1dCG1dI41dCWxdqQEKbF2pAQtsXZRMeQYoWAbBDykoKQAqSAGHVQMAK0gB
113=lAVkuIEBAE0hLVQCmAZsXSKYLlABbF3ABGxd1AJsXdQCbF0nKQAz5AhtXSO8r2S4JSUlAU
114=S4aBpcCmxdJ9kAOFgGgFxkuCetADpUAo1dAU1dI4JcBgFMXaoBBwBMXaoBCABK1yMA3TY/
115=WAbBMEBIAUwNaSJBKCkAQigpAEMoKQBEKCkARSgpAEZIAdEJR0gBbF1d5kjIAUFGSUgBeF
116=NNRkrIAVUCS8gBVQJMyAFVAk3IAUkSTkgBbF1BBE/IAUEEUEgBcAlFVVHIAU0FUsgBVQJT
117=yAFVAlTIAVUCD0At2V4QKCkAESgpABLIAUkME8gBRQgUKCkAFcgBUQkWSAFkKUUTF8gBRc
118=MYSAFERGUpGcgBRcMaSAF411VlG8gBVQIcSAHdjh1IAUQNeQYeKCkAHygoACXkKWAE2PVp
119=ASIogABwSGVgDGVgJIVgDWRgqQEOZGCpAQ9kYJBIZQgoRAjdNikoKQAqSAGErWVgJLu2Ag
120=AsVAKfTAIALSgpAC5IAYBUZGDcCmRgJcw6ZGDFCABUvSd9MDNYBiPjIgAANEgBkB9kYMQI
121=ZGAnKQA3KIEAOEgBj3MAADlIAZsRAAA6KCkAO0gBdr0JAEVgJJFhCmdgJAANVDpZDD5ABN
122=02P8gBXTZASAHdNkHIAUU0QkgBeKBdNkNIAcElREgBQAl5J0VIAdUCRkgBXMp1AkfIAVVE
123=SEgBZFVdBUnIAVUCSsgBVQJLyAFVAkwoKQBNSAF4XkEETsgBQQRPKCkAUCgpAFHIAU0FUs
124=gBTQVTSAFgD1lTVMgBXR9VyAFXAg4AJSOQI1kGD8gBWQYQyAFNBREoKQASKCkAE8gBRQgU
125=KCkAFcgBWQYWyAFRCRdIAWgtVcgYSAF8K1kGGcgBTQUaSAF8YlUCG8gBVQIcSAF4BlUuHU
126=gB3SseSAFMFX0rHygpACAoKQAhKCkAIigpACMoKQAkKCkAJSgpACYoKQAnSAHVDSgoKQAp
127=KCkAKkgBJ14MJQCIAX1iJYETAH1iJbdlAQAuTAWbUwEALygpADBIAZRlf2IlACahBzJUAi
128=VpVDNIAdkJNEgBnwMBADVIAYQTfGLLDAAAN1QCiwwAADhIAZwKfmIlAIwFfGInKQA7QATV
129=AjwoKQA9SAGIDGfDJQAQVC9RNT9UAmAwSQFASAHdNkHIAU0EQkgBfGJdNkPIAU1oREkBAl
130=QDXTZFyAFNaEZIAXxiTQVHSAFsUkUOSMgBVURJyAFVAkrIAVUCS8gBXQlMKCkATUgBfGJR
131=CU7IAUEETygpAFAoKQBRyAFNBVLIAU0FU0gBzRBUyAFVDVXIAU0QVsgBVQINXDNsBUkBDk
132=gBaMdRCQ/IAVEJEEgBYARZBhHIAU0FEsgBVQITyAFVAhTIAVUCFUgB0QkWyAFRCRdIAXAJ
133=TQUYyAFNBRnIAVUCGsgBVQIbyAFVAhxIAXA1RRMdyAFNMR5JAf9IAk0xH0gBSAZhZyAoKQ
134=AhKCkAIigpACMoKQAkKCgAJ5wKdcgmsEt0yCcpAChMBZBLIswwJ1UAKlQCiGR1yCZQAVQQ
135=dGUi3DGJAS1MAoAEdWUmoWcAVWUmJJs6AAAwQARGBQAAdGXMZSIcJScpADMogQA0KCkANU
136=gBmxEBADZIAYgMdGXEE3RlxAh0ZSdVADpMBZsGAAA7KCkAPEgBjBB0yCfZAD4oVQA/SAEi
137=vCNNMUBIAck4QcgBSQdCyAFBBENIAWBnRWtESAF0ZVE0RcgBUUBGSAHFCEfIAUEESMgBQQ
138=RJyAFVAkrIAVUCS8gBSQxMKCkATcgBTRBOyAFBBE/IAVUCUEgB2WlRyAFRCVJIAc0QU8gB
139=VQ1UyAFBBFXIAVUCVsgBVQJXyAFVAgxMOWQISQENyAFBBA7IAVUCD8gBVQIQyAFVAhHIAV
140=UCEsgBVQITyAFVAhTIAVUCFUgBaBdVGBbIAU0bF0gBYA9NBRjIAU0FGcgBVQIayAFVAhvI
141=AVUCHMgBVQIdSAF4aUU0HkgBbGhVAh/IAUVrIEkBgUwGRWshyAFUnCJtO4K1AiNUAmgBVA
142=Ii4SOEtAJwtmgBVAJkXSXdJydMBYlOBEheJVwjbGgnKQAqQASQTm5oJwAjjD0iLDIiwF9I
143=H2TOyAFsaMgBbWgnRP1ABG1oJ0wLiQExUAmAAW1oJ794AQAzVAKPEAEANEgByQ81SQEgkA
144=VOaCcAzcs3VAKwAkTOxAUEAAA5ACcA/xEAAJwPACAI/wAAAAAAOgAnAP+qATsAJykAPEkB
145=AKEAPSgpAD4oKQA/SAEBCwMAAEkAQEkBkVwASQBByAEBAgAAQsgBVQJDyAFVAkTIAVUCRc
146=gBVQJGyAFVAkfIAU0PSMgBAQEAAEnIAVUCSsgBVQJLyAFZBkwoKQBNyAFdCk7IAUEET8gB
147=VQJQyAFVAlHIAVUCUsgBVQJTyAFVDVTIAVUNVcgBVQJWyAFVAlfIAVUCWMgBVAIBCwAoAG
148=giSQEMyAFBBA3IAVUCDsgBVQIPyAFVAhDIAVUCEUkB7lgSSQESKCkAE0kBmkQUVQIUyAFZ
149=BhXIAVkFFsgBTQQXyAFBBBhIAXgRWQYZyAFVAhrIAVUCG8gBVQIcyAFVAh3IAVUCHsgBVQ
150=IfSQH/SA0BBQAAIEkBgUgNVQEhyAFVASJJAYJcAFUCI8gBVQEkSQGEXABVAiXIAVUBJkkB
151=/UoCAARTJygA/qkBKFQCj1IEAClIAVEOAEEEKigpACtJAQVvBQMALMgBAQECAC3IAQECAQ
152=AuyAFJDC9IAYcIAAAwSQEdrQExSAGHAQEAMkkBJ44BADNJASCpATRJASOpATVIAZsRAAA2
153=KCkANygpADhIAaoFADkoKQA6SAHZBjtIAcEEPCgpAD1IAc08PkkBBVAVSS0/SAHRNUDIAV
154=UCQcgBVQhCyAFVAkPIAVUCRMgBVQJFyAFVAkbIAVUCR8gBWSZIyAFBDknIAVUCSsgBVQJL
155=KCkATMgBRQhNyAFdCk7IAVUCT8gBVQJQyAFVAlHIAVUCUsgBVQJTyAFVDVTIAVUNVcgBVQ
156=JWyAFVAlfIAVUCWMgBVQJZyAFVAgpQQ2AlXQoLyAFVDQzIAVUCDcgBVQIOyAFVAg/IAVUC
157=EMgBVQIRSAFsMV0KEigpABNIAXxtVQIUyAFZBhXIAVkGFsgBQQQXyAFRFBhIAXAJQQQZSA
158=FwFFkGGsgBVQIbyAFVAhzIAVUCHcgBRQgeyAFdCh/IAU0FIMgBTQUhyAFVAiIoKQAjyAFB
159=BCTIAUEEJcgBVQImSAF8bUkBJ0gBfG1JDCjJAQN/bSkAA0AQn20pAOxYB0kBK0AEfW0Efm
160=0pAGgBVVUt1gIGAFxttAIBBwAAL1QCdAZNADBIASe9DSm4zH9tKQAfVANJADNABMlkNEgB
161=RAJpADUoKQA2KCkANygpADgoKQA5KCkAOigpADsoKQA8KCkAPUgBWRYARR4+SAFkNEUdP0
162=gBZDRVAkDIAVEQQcgBQSVCyAFVAkNIAXxBSQFEyAFBBEVJAZlECVUCRsgBVQJHyAFdCkjI
163=AU0EScgBAQQAAEpIAWAPTQVLyAFNBUzIAU0FTcgBVQJOyAFVAk/IAVUCUMgBVQJRyAFVAl
164=LIAVUCU8gBRRNUyAFVDVXIAVUCVsgBVQJXyAFVAljIAVUCWcgBVQJayAFXAgkAKpzbVQ0K
165=yAFVDQvIAVUCDMgBVQINyAFVAg7IAVUCD8gBVQIQyAFVAhHIAVUCEsgBVQITyAFVAhRIAW
166=AwSQEVyAFBBBbIAVUCF8gBVQIYSAHNPBlIAWgtQQQayAFBBBvIAVUCHMgBVQIdyAFZHB7I
167=AVEfH8gBTQUgyAFNBSHIAVUCIigpACPIAUEEJMgBQQQlyAFVAibIAUkMJ8gBSQwoSAFgck
168=HrKUgBdHBBBCpJAcZUA5VwKq1oBFXeKpZwCQRU3qkBCnRwwAR0cCcpADBFCCRnCAAAMUgB
169=3dsySAHd2zNIAb4DADQoKQA1KCkANigpADcoKQA4KCkAOSgpADooKQA7SQEHWB1NCzxIAc
170=EaPUgBbDFVAj7IAVkcP8gBVQJAyAFNJkHIAVEIQsgBVQJDSAHRQETIAUEERUgBdHBZJ0bI
171=AUGTR8gBQZNIyQEIIj4pKgBtBQl0cKhZRQhLQATFE0zIAUUTTcgBRRNOyAFVAk/IAVUCUM
172=gBVQJRyAFVAlLIAVUCU8gBSRdUyAFVDVXIAVUCVsgBVQJXyAFVAljIAVUCWcgBVQJayAFV
173=AlvIAVcCCAArgHJBDwnIAUEPCsgBVQILyAFVAgzIAVUCDcgBVQIOyAFVAg/IAVUCEMgBVQ
174=IRyAFVAhLIAVUCE8gBVQIUSAHZMhXIAUEEFigpABfIAU0FGEgByS0ZyAFVAhooKQAbyAFF
175=CBzIAUEEHcgBUR8eyAFRHx/IAVUCICgpACHIAUEEIsgBQQQjyAFVAiTIAVUCJcgBVQImyA
176=FVAifIAVUCKMgBVQIpSQHjWBJJACpIAWxzQQQryAFJ6CxJAdFUA0kALUgB3dsuKCkALygp
177=ADAoKQAxKCkAMigpADMoKQA0SAFMCmkANSgpADZJAQZYElUjN0kBAUgBWRE4yAFVATlIAS
178=KYNlUCOsgBVQI7SAFgMFUCPMgBVQI9yAFVAj7IAVkNP8gBSQxAyAFVAkHIAVUCQsgBVQJD
179=yAFVAkTIAV0KRUgBfG1NlEbIAQELAABHyAEBDAAASMkBDW1zK41zDmxztFpRCUtABN0VTM
180=gBXQpNyAFdFU7IAVUCT8gBVQJQyAFVAlFJAfpIAkkAUsgBVQJTSAF8CkkXVMgBVQ1VyAFV
181=AlbIAVUCV8gBVQJYyAFVAlnIAVUCWsgBVQJbyAFVAlzIAVUCB0C3dA1BDwjIAVkRCcgBVQ
182=IKyAFVAgvIAVUCDMgBVQINyAFVAg7IAVUCD8gBVQIQyAFVAhHIAVUCEsgBVQITyAFVAhRI
183=ASfGDiwAyQEWKFUAF8gBTQUYSAFoF0UIGcgBVQIaKCkAG8gBQQQcyAFBBB3IAVEfHsgBSS
184=IfyAFVAiAoKQAhyAFBBCLIAUEEI8gBVQIkyAFVAiXIAVUCJsgBVQInyAFVAijIAVUCKUkB
185=60gCSQAqSAHBcitIAXB3XcUsSAHVAi0oKQAuKCkALygpADAoKQAxKCkAMigpADNIAUQNaQ
186=A0KCkANUkBBlwhVSM2SAFkKUUTN8gBUQU4yAFVAjnIAVUCOsgBVQI7yAFVAjzIAVUCPcgB
187=VQI+yAFJDD/IAUEOQMgBVQJByAFVAkLIAVUCQ8gBVQJEyAFdCkVIAWR2AQ8AAEbJARBldi
188=yNcxFkdqkBEmR2qQETZXYsnNBRCUtYBngcRRNMyAFdCk3IAVUCTsgBVQJPSAFsc00xUMgB
189=TfdRyAFN91LIAU33U8gBTfdUSAFoDFUNVcgBQRpWyAFVAlfIAVUCWMgBVQJZyAFVAlrIAV
190=UCW8gBVQJcyAFVAl3IAVcCBgAtjBtJFwfIAUkXCMgBVQIJyAFVAgrIAVUCC8gBVQIMyAFV
191=Ag3IAVUCDsgBVQIPyAFVAhDIAVUCEcgBVQISyAFVAhNIASJ4K0kBFMgBQQQVSAFoIkkBFs
192=gBQQQXyAFVAhjIAVUCGcgBVQIaKCkAG0kB+1gdVS4cyAFVLh3IAVUuHkgBaAxNBB/IAUEl
193=ICgpACHIAUEEIsgBQQQjyAFVAiTIAVUCJcgBVQImyAFVAifIAVUCKMgBVQIpSQHqXBZJAC
194=pIAVgAaQArSAHRdyxIAWgCTQAtKCkALkgBwQQvKCkAMEgBXARpADEoKQAyKCkAMygpADQo
195=KQA1SQENTBFNJjZIAXwgVQE3yAFdFTjIAVUCOcgBVQI6yAFZDTvIAUUIPMgBVQI9yAFVAj
196=7IAVUCP8gBVQJAyAFVAkHIAVUCQsgBVQJDyAFVAkQoKQBFSAF9eBR9eC2RdxV8eKkBFnx4
197=qQEXfHipARh8eKxdVRhLRAh4HFUYTMgBVQJNyAFVAk7IAVUCT0gBfHhd/FDIAV38UcgBXf
198=xSyAFd/FPIAV38VEgBaAxJF1XIAUEaVsgBVQJXSAF001UCWMgBVQJZSAF4BlUCWsgBVQJb
199=yAFVAlzIAVUCXcgBVQJeyAFXAgUALul6BsgBQRoHyAFBGgjIAVUCCcgBVQIKyAFVAgvIAV
200=UCDMgBVQINyAFVAg7IAVUCD8gBVQIQyAFVAhHIAVUCEsgBVQITSAEndg8uAGgBXRUVVAJk
201=Hk0FFsgBTQUXyAFVAhjIAVUCGcgBVQIaSAFoek0xG8gBTTEcyAFNMR3IAU0xHkgBaAxBJR
202=/IAUEPICgpACHIAUEEIsgBQQQjyAFVAiTIAVUCJcgBVQImyAFVAifIAVUCKMgBVQIpSAF0
203=e0kBKkgBUANpACsoKQAsKCkALSgpAC4oKQAvKCkAMCgpADEoKQAyKCkAMygpADRIAWjzQQ
204=81SAHJLTZIAXwgVQI3yAFdETjIAVUCOUgBbAVVAjpIAWwFVS47yAFVLjzIAVUCPcgBVQI+
205=yAFVAj/IAVUCQMgBVQJByAFVAkLIAVUCQ8gBVQJEKCkARcgBQQRGyAFBBEfIAUUTSMgBXR
206=VJyAFVAkrIAVUCS8gBVQJMyAFVAk3IAVUCTsgBVQJPSAF0ewEPAABQyAEBEAAAUcgBAREA
207=AFLIAQESAABTSAHJIlTIAUUTVcgBXRVWSAHJelfIAVUCWMgBTQVZSAHFCFrIAVUCW8gBTQ
208=VcyAFVAl3IAVUCXsgBVQJfyAFXGAQAL4B9VQIFyAFNBQbIAUEEB8gBWRwIyAFVAgnIAVUC
209=CsgBVQILyAFVAgzIAVUCDUkBmFwLSQEOyAFBBA/IAVUNEMgBTQQRyAEBBAAAEkgBeBxZBh
210=NIAWRKTQUUyAFNBRVIAWAEUQkWyAFNBRfIAVUCGMgBVQIZSAFgfUU0GsgBRTQbyAFFNBzI
211=AUU0HUgBfApJDB7IAUEPH8gBVQIgKCkAIcgBQQQiyAFBBCPIAVUCJMgBVQIlyAFVAibIAV
212=UCJ8gBVQIoyAFVAinIAUkXKkgBWABpACsoKQAsKCkALSgpAC4oKQAvKCkAMCgpADEoKQAy
213=KCkAM0gBYH1NEDRIAcktNcgBWRE2SAFoIlEqN8gBTQU4yAFBBDlIAdkGOkgBbAVBFjvIAV
214=kGPMgBVQI9SAFsBUkBPsgBQQQ/SAF4Bl0KQMgBQQRByAFBBELIAVUCQ8gBVQJEKCkARcgB
215=QQRGyAFBBEfIAV0KSMgBXRVJyAFVAkrIAVUCS8gBVQJMyAFVAk3IAVUCTsgBVQJPyAFVAl
216=BIAXl/FW5+LwBpARZsfqkBF2x+sGxFE1RMBXgcRRNVyAFVAlZIAWx+UQlXKCkAWMgBVQ1Z
217=SAF4Bk0FWsgBRQhbyAFVAlzIAVUCXcgBVQJeyAFVAl/IAUkMYMgBQwQDADCYf0kBBMgBTQ
218=UFyAFVAgbIAVkGB8gBWREIyAFVAgnIAVUCCsgBVQILyAFVAgzIAVUCDUgBZIEBBQAADsgB
219=AQYAAA/IAQEHAAAQyAEBCAAAEckBCWSBsBRFCBNUAnwgXQoUyAFVAhXIAVUCFsgBVQIXyA
220=FVAhjIAVUCGcgBVQIaSAFwglw2ChsAMAD7AgAAFgAAHAARAABcDwAgAAMwAPsCAAAXAAAd
221=ADAAkQMAAAEAAB7IAQEAAAAfyAFVAiAoKQAhyAFBBCLIAUEEI8gBVQIkSgHuAkMBAAAlyA
222=FBBCZIAckMJ8gBSQQoyAFBBCnIAUUHKkkB/FwASQArSAFcBGkALCgpAC0oKQAuSQEJSBdF
223=BC9JAQFIAVkGMMgBVQExSQEAXABVAjLIAVUBM0gBeBFVAjTIAVUCNcgBVQI2yAFVAjfIAU
224=kMOMgBXRU5yAFVAjrIAVkGO8gBWQY8yAFVAj1IAWgiSQE+yAFBBD/IAUUIQMgBXQpBSAFk
225=E0EEQsgBWQZDyAFVAkQoKQBFyAFBBEbIAUEER8gBXQpIyAFdCknIAVUCSsgBVQJLyAFVAk
226=zIAVUCTcgBVQJOyAFVAk/IAVUCUMgBVQJRyAFVAlLIAVUCU8gBRRNUyAFFE1XIAVUCVsgB
227=VQJXyAFVAljIAVUCWcgBVQJayAFVAlvIAVUCXMgBVQJdyAFVAl7IAVUCX8gBRRNgyAFBBG
228=HIAUMEAgAx+V4DyAFBBATIAUEEBcgBVQIGyAFRCQfIAVkcCMgBVQIJyAFVAgrIAVUCC8gB
229=VQIMyAFVAg1JAZhcCwEKAAAOyAEBCwAAD8gBAQwAABDIAQENAAARyAEBDgAAEkgBaENFCB
230=PIAV0KFMgBVQIVyAFVAhbIAVUCF8gBVQIYyAFVAhnIAVUCGigpABvIAUEEHMgBQQQdyAFJ
231=Fh7IAUkiH8gBVQIgKCkAIcgBQQQiyAFBBCPIAVUCJEgB0WElyAFVDSbIAVUNJ0gBeBxNBS
232=jIAUUIKcgBTQUqKCkAK0gBaIUBBQAALEgBwX0tyAFZBi5IAXAJWQYvyAFJDDDIAVUCMcgB
233=VQIyKCkAM8gBQQQ0yAFBBDXIAVUCNsgBVQI3yAFdFTjIAUEPOcgBVQI6yAFVAjvIAUUIPM
234=gBRQg9yAFVAj5JAZpABUkBP0gBwSVAyAFBA0FIAWAaXQpCyAFVAkPIAVUCREgBxQhFyAFJ
235=DEYoKQBHSAHFCEjIAUUIScgBRQhKyAFVAkvIAVUCTMgBVQJNyAFVAk7IAVUCT8gBVQJQyA
236=FVAlHIAVUCUsgBVQJTyAFZHFTIAVEUVcgBVQJWyAFVAlfIAVUCWMgBVQJZyAFVAlrIAVUC
237=W8gBVQJcyAFVAl1IAckiXsgBVQJfSAHdIGDIAVkGYSgpAGLIAU8FAQAyiIVVGALIAVUYA8
238=gBWQYEyAFNBQXIAVUCBsgBWQYHyAFZBgjIAVUCCcgBVQIKyAFVAgvIAVUCDMgBVQINSAF1
239=hg92hjIAaQEQdIapARF0hqkBEnSGqQETdIYn6QITRAhkHl0KFMgBXQoVyAFVAhbIAVUCF8
240=gBVQIYyAFVAhnIAVUCGigpABvIAUEEHMgBQQQdyAFJIh7IAUkiH8gBVQIgKCkAIcgBQQQi
241=yAFBBCNJAfVQClUCJMgBVQIlyAFBAybIAVUNJ8gBAQQAAChIAWBnTQUpSAFkHk0FKsgBTQ
242=UryAFdCixIAclDLcgBWQYuSAHZBi/IAVkGMMgBUQkxyAFVAjIoKQAzyAFBBDTIAUEENcgB
243=VQ02yAFJDDfIAVUCOMgBVQI5yAFVAjrIAVUCO8gBXQo8yAFdCj3IAVUCPkgBdBhJAT/IAU
244=EEQEgBdBhFCEHIAV0KQsgBVQJDSAF4BlUCRCgpAEXIAUEERsgBUQlHyAFVAkhIAd0KScgB
245=RQhKyAFBBEvIAVUCTMgBVQJNSAHVDU4oKQBPyAFBBFBIAd0KUcgBRQhSyAFBBFPIAVkcVM
246=gBRRNVyAFVAlbIAVUCV8gBVQJYyAFVAlnIAVUCWsgBVQJbyAFVAlxIAdEUXcgBVQJeyAFN
247=BV9IAdEUYMgBURRhyAFNBWLIAVUCY8gBSxcCADOAiEkBA8gBTQUEyAFdCgXIAVUCBsgBRQ
248=gHyAFZBgjIAVUCCcgBVQIKyAFVAgvIAVUCDMgBVQINSAFphRR1hjOVhhV0hqkBFnSGqQEX
249=dIapARh0hrwVRQgTRAjJIhTIAUkMFUgB3SAWyAFNBRfIAUEEGMgBVQIZyAFVAhooKQAbyA
250=FBBBzIAUEEHcgBSSIeyAFJIh/IAVUCICgpACHIAUEEIsgBQQQjSAF0hgEFAAAkyQEGIi4y
251=MwB0AgEHAAAm1AIBCAAAJ8kBCXaGMwB0hkUIKVQCbBtFEyrIAUUTK8gBVQIsSAFoIkEPLc
252=gBWQYuSAHZBi/IAVkGMMgBWQYxyAFVAjIoKQAzyAFBBDTIAUEENcgBSQw2yAFJDDfIAVUC
253=OMgBVQI5yAFVAjrIAVUCO8gBXQo8yAFdCj3IAVUCPsgBVQI/yAFVAkDIAVUCQcgBVQJCyA
254=FVAkNIAdEfRCgpAEXIAUEPRsgBWRFHyAFVAkhIAXQjSQFJyAFBBErIAVUCS8gBVQJMyAFV
255=Ak1IAdUNTigpAE/IAUUTUCgpAFHIAVEUUkgB1Q1TyAFNBVTIAUEEVcgBVQJWyAFVAlfIAV
256=UCWMgBVQJZyAFVAlrIAVUCW8gBVQJcSAHRFF0oKQBeyAFVGF9IAdkRYMgBWRxhyAFFCGLI
257=AV0KY8gBWwYDADSUhkEEBMgBQQQFyAFVAgbIAVEJB8gBWQYIyAFVAgnIAVUCCsgBVQILyA
258=FVAgzIAVUCDcgBVQIOyAFVAg/IAVUCEMgBVQIRyAFVAhLIAVUCE0gB3SAUyAFBBBXIAV0V
259=FsgBVRgXSAHJIhhJAfdYB0EEGcgBQQQayAFBAxvIAVEJHMgBXfwdSAFkCE0FHsgBRQgfyA
260=FVAiAoKQAhyAFBBCLIAUEEI0gBcYIKaoU0AGkBC2iFqQEMaIWpAQ1ohakBDmiFuDJFCClE
261=CGwQURQqyAFRFCvIAVUCLEgBaCJBDy3IAVkGLkgB2QYvyAFZBjDIAVkGMcgBVQIyyAFFCD
262=PIAUUINMgBQQQ1yAFBBDbIAUEEN8gBVQI4yAFVAjnIAVUCOsgBVQI7yAFBDzzIAV0KPcgB
263=VQI+yAFVAj/IAVUCQMgBVQJByAFVAkLIAVUCQ8gBVQJEyAFVAkVIAWgiVQJGyAFVAkdIAW
264=giRRNIyAFFE0nIAVUCSsgBVQJLyAFVAkzIAVUCTcgBVQJOSAFoDEkBT8gBVQ1QKCkAUcgB
265=QQ9SSAFgD0UIU8gBTQVUyAFBBFXIAVUCVkgBxVVXyAFZBljIAUEEWcgBWQZayAFFVVtIAW
266=gMQQRcyAFBBF3IAVEUXsgBUQlfyAFVAmDIAVUCYSgpAGLIAUcIBAA1nINJAQXIAUkMBsgB
267=RQgHyAFFCAjIAVUCCcgBVQIKyAFVAgvIAVUCDMgBVQINyAFVAg7IAVUCD8gBVQIQyAFVAh
268=HIAVUCEsgBVQITyAFVAhTIAVUCFUgBZDRdFRbIAVUYF0gBYCVNBRhIAWgtWfgZyAFZ+BrI
269=AVn4G8gBWfgcyAFZ+B1IAXwKSQweyAFRCR9IAXwKSQwgKCkAIcgBTRAiyAFBBCNIAWWBD3
270=GCNZGCEHCCqQERcIKpARJwgqkBE3CCJy0GKUQIdA1NECrIAU0QK8gBVQIsSAHRFC3IAUEE
271=LkgBeAZZES9IAcEEMMgBQQQxSAFgBFEUMsgBTQUzyAFVAjTIAU0FNcgBQQQ2yAFBBDfIAV
272=UCOMgBVQI5yAFVAjrIAVUCO8gBXRU8yAFdCj3IAVUCPsgBVQI/yAFVAkDIAVUCQcgBVQJC
273=yAFVAkPIAVUCRMgBVQJFSAHFHkbIAVUCR0gBZB5FE0jIAUUTSUkB+UgCRQhKyAFNBUvIAU
274=EDTEgBeAZNBU3IAVUCTkgBaAxJAU/IAUEEUMgBRQhRSAF4BkEEUsgBQQRTyAFVDVTIAU0F
275=VcgBVQJWSAHFVVfIAUVVWMgBRVVZyAFFVVrIAUVVW0gBdA1FCFzIAV0KXcgBVQJeKCkAX8
276=gBQQRgKCkAYcgBUxQFADaEgVkGBsgBVRgHyAFBBAjIAVUCCcgBVQIKyAFVAgvIAVUCDMgB
277=VQINyAFVAg7IAVUCD8gBVQIQyAFVAhHIAVUCEsgBVQITyAFVAhTIAVUCFcgBVQIWyAFVAh
278=fIAVUCGEgBcCpJ8xnIAUnzGsgBSfMbyAFJ8xzIAUnzHUgBzTweyAFRCR9IAWgtWScgKCkA
279=IcgBTSYiyAFBBCNIAXl/FHl/Npl/FXh/qQEWeH+pARd4f6kBGHh/oDBFCClECHQNQRoqyA
280=FNECvIAVUCLEgB0RQtyAFBBC7IAVkRL8gBTQUwyAFBBDFIAXwKSQwyyAFNBTPIAVUCNEgB
281=IggzVQI1yAFVAjZIAXgGRQg3yAFdCjjIAVUCOUkBo1wAWQY6SQGgqQE7yAFFCDxIAcUIPc
282=gBRQg+yAFZBT/IAVUCQMgBVQJByAFVAkLIAVUCQ8gBVQJEyAFVAkVIAckiRsgBVQJHSAFg
283=D0UTSMgBWRFJSAF4f0EESsgBTexLyAFdxUxIAXgGTQVNyAFFCE7IAVUCT0gB1Q1QyAFRCV
284=FIAXgGTQVSyAFNBVPIAV0VVMgBTQVVyAFVAlZIAcVVV8gBRVVYyAFFVVnIAUVVWsgBRVVb
285=SAHVDVwoKQBdyAFdCl7IAVkRX8gBWRFgyAFPEAYAN+1+B8gBQQQIyAFZBgnIAVUCCsgBVQ
286=ILyAFVAgzIAVUCDcgBVQIOyAFVAg/IAVUCEMgBVQIRyAFVAhLIAVUCE8gBVQIUyAFVAhXI
287=AVUCFsgBVQIXyAFVAhhIAXgnWe0ZyAFZ7RrIAVntG8gBWe0cyAFZ7R1IAWg4UQkeyAFRCR
288=/IAVUCIMgBVQIhSAFoLVEqIsgBWScjyAFVAiTIAVUCJcgBVQImyAFVAifIAVUCKMgBVQIp
289=yAFVDSrIAVUNK8gBVQIsyAFVAi3IAVUCLkgBaBdRCS9JAfZcAFUCMMgBTQUxyAFBAzLIAV
290=UNM8gBTV00yAFNXTVIAWx+QQQ2SAF4HEUIN8gBXQo4yAFVAjlJAZ9ABVUCOkkBnakBO8gB
291=QQQ8SAHFCD3IAU0FPsgBQQQ/yAFVAkDIAVUCQcgBVQJCyAFVAkPIAVUCRMgBVQJFyAFVAk
292=bIAVUCR8gBRR5IyAFRE0lIAWB9VelKyAFV6UvIAVXpTEgBfBVNBU3IAUUITsgBVQJPyAFV
293=AlDIAVUCUcgBVQJSyAFVAlPIAUUTVMgBRRNVyAFVAlZIAcVVV8gBRVVYyAFFVVnIAUVVWs
294=gBRVVbSAFwFEUIXMgBQQ9dyAFVAl7IAVUNX8gBWxEHADiUe0kBCMgBWQYJyAFVAgrIAVUC
295=C8gBVQIMyAFVAg3IAVUCDsgBCgIAAA8AOACRAwAAAwARAACEDwAgCgAQADgAkQMAAAIAAB
296=HIAQEDAAASyAFVAhPIAVUCFMgBVQIVyAFVAhbIAVUCF8gBVQIYSQH3SAIBFAAAGcgBARUA
297=ABrIAQEWAAAbyAEBFwAAHMgBARgAAB1JAZpYBwEBAAAeyAFVAR/IAV0JIMgBVQIhSQGRXA
298=ABAAAAIsgBWQYjyAFVAiTIAVUCJcgBVQImyAFVAifIAVUCKMgBVQIpyAFVDSrIAVUMK8gB
299=VQIsyAFVAi3IAVUCLsgBUQkvSQH2SAIBBgAAMMgBAQcAADHIAQEIAAAyyAEBCQAAM8gBAQ
300=oAADTIAQELAAA1SQHuRAhZETbIAV0KN8gBVQI4SAFwH00QOUkBn1wAQQQ6SQGdqQE7yAFN
301=BTxIAc0FPcgBSQs+yAFZBT/IAVUCQMgBVQJByAFVAkJJAaNIAkkMQ0kBnKkBRCgpAEVJAa
302=C1AkbIAUEPR0gBYA9ZBkjIAVUCScgBVQJKyAFVAkvIAVUCTMgBVQJNyAFVAk7IAVUCT8gB
303=VQJQyAFVAlHIAVUCUsgBVQJTyAFVGFTIAV0UVcgBVQJWSAHFVVfIAUVVWMgBRVVZyAFFVV
304=rIAUVVW0gBbBtFCFzIAUEPXcgBQQ9eyAFUDQEIADkAbAVBBAnIAUEECsgBVQILyAFVAgzI
305=AVUCDcgBVQIOyAFVAg/IAVUCEMgBVQIRyAFVAhLIAVUCE8gBVQIUSQH4UBVJABXIAUUTFk
306=gBxRMXyAFNBRjIAUUIGcgBVQIaKCkAG8gBQQQcSAFkdl0KHcgBXQoeSAF8ClUCH8gBVQIg
307=KCkAIcgBQQQiyAFBBCPIAVUCJMgBVQIlyAFVAibIAVUCJ8gBVQIoyAFVAinIAUUTKsgBSR
308=cryAFVAizIAVUCLcgBVQIuyAFRCS9IAXF3DHJ3OQBpAQ1wd6kBDnB3qQEPcHepARBwd6kB
309=EXJ3OQBwd1kRNlAJaAFdCjfIAVUCOEgBdCNNEDlIASfzDjkApVQDWRE7VAJoAUEEPEgBzQ
310=U9yAFBBD7IAUEEP8gBVQJAyAFVAkHIAVUCQkkBplwKVQJDSQGbSAFZEUTIAVUBRUgB1YZG
311=yAFNBUdIAWAPTQVIyAFNBUnIAVUCSsgBVQJLyAFVAkzIAVUCTcgBVQJOyAFVAk/IAVUCUM
312=gBVQJRyAFVAlLIAVUCU8gBVRhUyAFFE1XIAVUCVsgBVQJXyAFVAljIAVUCWcgBVQJayAFV
313=AlvIAVUCXMgBQQ9dyAFDDwkAOoR2SQEKyAFBBAvIAVUCDMgBVQINyAFVAg7IAVUCD8gBVQ
314=IQyAFVAhHIAVUCEkgBYHJRxBPIAVHEFMgBUcQVyAFRxBbIAVHEF0gBeDJFCBjIAV0KGcgB
315=VQIaKCkAG8gBQQQcSAF4dEUeHcgBXSAeSAFwCUkBH8gBQQQgyAFVAiFIAcG/IkgBwb8jKC
316=kAJCgpACUoKQAmKCkAJygpACgoKQApKCkAKigpACsoKQAsSAHByi3IAVkRLkgBfBVZHC9I
317=AW1zEnl0Opl0E3h0qQEUeHSoAVG5M8wFUbk0yAFRuTVIAXAJVSM2yAFdCjfIAVUCOMgBVQ
318=I5SAEnmQ46mHRBBDtUAnh0QQQ8SAHVIz0oKQA+KCkAPygpAEAoKQBBSAFsc1EJQsgBUQlD
319=SAF4dE0xRMgBUR9FSAEnmg46AGgBVQJHVALFNEhIAc0QSSgpAEooKQBLSAHRKkzIAUUITU
320=gB3SBOyAFNEE/IAUUTUMgBVQJRyAFVAlLIAVUCU0kBlFwAXRVUyAFdClXIAU0FVkgBaAxN
321=BFfIAVUCWMgBWQZZyAFZBlrIAVUCW8gBVQJcyAFHCAoAO4xzQQQLyAFBBAzIAVUCDcgBVQ
322=IOyAFVAg/IAVUCEMgBVQIRyAFVAhJIAWByQb8TyAFBvxTIAUG/FcgBQb8WyAFBvxfIAUG/
323=GEgBeBxdChnIAV0KGigpABvIAUEEHEgBYHJdIB3IAU0bHkgBZAhJAR/IAUEEIMgBVQIhSA
324=HBUSJIAXREQQQjKCkAJEkBpEAFSQwlyAFNECZJAZ61AicoKQAoKCkAKSgpACooKQArKCkA
325=LEkBoaUILcgBXQouSAF8FUkBL0gBYXIYYXI7gXIZYHKpARpgcqkBG3zmqQEcfOapAR185i
326=dhBzZQCd0KN8gBQRo4yAFVDTlIAd0gOkgBfCBREzsoKQA8yAFVIz3IAUEEPsgBVQI/yAFV
327=AkAoKQBByAFBBELIAUEEQ8gBVQJEyAFVAkVIAXRwRRNGyAFFE0dIAWh6SQFISAFkE0EESc
328=gBVQJKyAFFCEtIAcUITMgBQQRNSAFoQ1kGTsgBVQJPSQGTTAZVAlDIAVUCUUgBYCVVAlLI
329=AVUCU0gBYHJZBVTIAQEEAABVyAEBBQAAVkgB2QZXyAFZBljIAVEJWSgpAFrIAUEEW8gBXw
330=oLADyUcEkBDMgBVSMNyAFVAg7IAVUCD8gBVQIQyAFVAhHIAVUCEkgBaG9RuRPIAVG5FMgB
331=UbkVyAFRuRbIAVG5F8gBUbkYSAFgGl0KGcgBXQoaKCkAG8gBQQQcyAFBBB1JAZZcAEUeHs
332=gBWRwfyAFNBSDIAU0EIUgByU4iSAHBOyPIAVkGJEgBaG9ZBiXIAVkGJkgBaG9BBCcoKQAo
333=KCkAKSgpACooKQArKCkALEgBaG9dCi3IAV0KLkgBZB5JAS9IAWlvHmlvPIlvH2hvqQEgaG
334=+pASFob6kBImhvqQEjaG+0OUkMNlAJ3Qo3yAFVAjjIAVUNOUkBolwATSY6SAFsG0kBOygp
335=ADwoKQA9KCkAPigpAD8oKQBAKCkAQUkBp70KQsgBTSZDSAHJLUQoKQBFSAFk70UTRkgBfG
336=1JAUfIAVEISEgBeAZVAknIAVUCSsgBVQJLSAEn6Q089elNVAIn6g08AGgBTRBPVAJob1kG
337=UMgBUQlRSAFgJVUCUsgBVQJTSAFobwEGAABUyQEHam88AHUCCGhvqC1dCldABGQIWQZYyA
338=FFKVnIAV0KWsgBQwQMAD2cbUEEDcgBRQgOyAFVAg/IAVUCEMgBVQIRyAFVAhLIAVUCE0gB
339=fG1BtBTIAUG0FcgBQbQWSAFkE00FF8gBRQgYyAFVAhnIAVUCGsgBURQbyAFJFxzIAVUCHU
340=gBcGxJkB7IAUmQH8gBQSUgyAFBJSFIASeSDT0AaDhVDSNUAmgBVQ0kSAHdNiXIAVUCJkgB
341=fBVVDSfIAU0QKMgBVQIpyAFRCSrIAVkGK8gBVQIsyAFVAi3IAVUCLsgBVQIvyAFVAjDIAV
342=UCMcgBVQIyyAFVAjPIAVUCNMgBVQI1yAFVAjbIAVUCN8gBVQI4yAFVAjlIAXBsSQE6SAFw
343=bEkBOygpADwoKQA9KCkAPigpAD8oKQBAKCkAQUgBcGxVI0LIAVUjQ0gBfCtVAkQoKQBFSA
344=F8mUUTRkgBeAZJAUfIAVkRSEgBeAZVAknIAVUCSsgBVQJLSAHRNUzIAUEETUgBZGtVDU7I
345=AU0QT8gBWQZQyAFNBVFIAWA7VQJSyAFVAlPIAVUCVMgBVQJVyAFdClbIAV0KV8gBTQVYyA
346=FNBVnIAUMEDQA+hGtJAQ7IAUUID8gBVQIQyAFVAhHIAVUCEsgBVQITyAFVAhTIAVUCFcgB
347=VQIWyAFVAhfIAVUCGMgBVQIZyAFVAhrIAVEUG8gBSRccKCkAHUgBeGlNiR7IAQEJAAAfyA
348=EBCgAAIMgBAQsAACFIASc5DT6YaVUNI1QCfDZVDSRIAcU0JcgBQQ8mSAF0LkEEJ8gBWQYo
349=yAFVAinIAVUCKsgBVQIryAFVAizIAVUCLcgBVQIuyAFVAi/IAVUCMMgBVQIxyAFVAjLIAV
350=UCM8gBVQI0yAFVAjXIAVUCNsgBVQI3yAFVAjjIAVUCOcgBVQI6yAFVAjvIAVUCPMgBVQI9
351=yAFVAj7IAVUCP8gBVQJAyAFVAkHIAVUCQkgByS1DSAF8K1UCRMgBTQVFSAHJLUbIAUktR0
352=gBYH1NPEhIAXBsVQJJSAHJb0pIAXh/QQRLSAEiICBJAUzIAU0FTUgBeGlVAk7IAVUCT0gB
353=aDhVAlDIAVUCUcgBVQJSyAFVAlPIAVUCVMgBVQJVyAFVGFbIAVUYV8gBVQJYyAFXAg4AP+
354=1oD8gBQQQQyAFBBBHIAVUCEsgBVQITyAFVAhTIAVUCFcgBVQIWyAFVAhfIAVUCGMgBVQIZ
355=yAFVAhrIAVUCG8gBVQIcKCkAHUgBYWcMInJhPwBpAQ1gZ6kBDmBnqQEPYmc/ACJUIV0gIl
356=gGdDlVIyPIAVUCJEgBIgQiVQIlyAFVAiZIAXQuSQEnyAFBBCjIAVUCKcgBVQIqyAFVAivI
357=AVUCLMgBVQItyAFVAi7IAVUCL8gBVQIwyAFVAjHIAVUCMsgBVQIzyAFVAjTIAVUCNcgBVQ
358=I2yAFVAjfIAVUCOMgBVQI5yAFVAjrIAVUCO8gBVQI8yAFVAj3IAVUCPsgBVQI/yAFVAkDI
359=AVUCQcgBVQJCSAHJLUNIAcktRMgBTQVFSAHJLUbIAVUCR0gBYGdJAUhIAcUISUgBzQVKSA
360=FgZ0EES0gBYGddQUzIAVVETUgBYGdVAk7IAVUCT0gBaDhVAlDIAVUCUcgBVQJSyAFVAlPI
361=AVUCVMgBVQJVSAEisScGIrEnPyPcJwEHAABX1AJYtgEPAEAAJaFGECgpABEoKQASKCkAEy
362=gpABQoKQAVKCkAFigpABcoKQAYKCkAGSgpABooKQAbKCkAHCgpAB0oKQAeKCkAHygpACBI
363=AWgtRR4hyAFFHiJIAXw2VQIjyAFVAiRIAWwxVQIlyAFVAiZIAdEfJygpACgoKQApKCkAKi
364=gpACsoKQAsKCkALSgpAC4oKQAvSAElnUswyAFRQDFIAWA7SU4yyAFVAjPIAVUCNEgBIrBe
365=SQE1yAFBBDZIAXgGSQE3SAElrU04SAHVGDkoKQA6KCkAOygpADwoKQA9KCkAPigpAD8oKQ
366=BAKCkAQUgByS1CyAFZJ0NIAcktRMgBVQJFSAHJLUbIAVUCR0gB0RRISAFwCVUCSUgBzQVK
367=yAFVAktIAc0FTCgpAE0oKQBOKCkATygpAFAoKQBRKCkAUigpAFMoKQBUKCkAVSgpAFYoKw
368=AQAEEjiCJZERHIAU1HEsgBVQITyAFVAhTIAVUCFcgBVQIWyAFVAhcoKQAYyAFBBBnIAUEE
369=GsgBVQIbyAFVAhzIAVUCHSgpAB7IAUEEH8gBQQQgyAFVAiHIAVUCIsgBVQIjyAFVAiTIAV
370=UCJcgBVQImyAFVAifIAVUCKMgBVQIpyAFVAiooKQAryAFBBCzIAUEELcgBVQIuyAFVAi9I
371=ASXZITDIAQcBAAAxAEEAkQMAEQAAwQ4AIAkAAgAAMgBBAJEDAABIAAEzAEEAaAFVAjRJAe
372=5cAEkANcgBQQQ2SAFgBEkBN0kBn1wAAQAAADhJAZtIAUkAOcgBWQY6yAFVAjvIAVUCPMgB
373=VQI9yAFVAj4oKQA/yAFBBEDIAUEEQcgBVQJCyAFVAkPIAVUCRMgBVQJFyAFVAkbIAVUCR8
374=gBVQJIyAFVAknIAVUCSsgBVQJLyAFVAkzIAVUCTSgpAE7IAUEET8gBQQRQyAFVAlHIAVUC
375=UsgBVQJTyAFVAlTIAVUCVcgBVAIBEQBCAGQpUSoSyAEBAQAAE8gBVQIUyAFVAhXIAVUCFs
376=gBVQIXKCkAGMgBQQQZyAFBBBrIAVUCG8gBVQIcyAFVAh0oKQAeyAFBBB/IAUEEIMgBVQIh
377=yAFVAiLIAVUCI8gBVQIkyAFVAiXIAVUCJsgBVQInyAFVAijIAVUCKcgBVQIqKCkAK8gBQQ
378=QsyAFBBC3IAVUCLsgBVQIvSQGdUCtJATDIAUEEMUgBfFdVAjLIAVUCM8gBVQI0yAFVAjXI
379=AVUCNsgBVQI3SAEn2AuwNVUCOVQC3TY6yAFVAjvIAUUIPMgBVQI9yAFVAj4oKQA/yAFBBE
380=DIAUEEQcgBVQJCyAFVAkPIAVUCRMgBVQJFyAFVAkbIAVUCR8gBVQJIyAFVAknIAVUCSsgB
381=VQJLyAFVAkzIAVUCTSgpAE7IAUEET8gBQQRQyAFVAlHIAVUCUsgBVQJTyAFVAlTIAVcCEg
382=BDjF1RNBPIAUVgFMgBVQIVyAFVAhbIAVUCFygpABjIAUEEGcgBQQQayAFVAhvIAVUCHMgB
383=VQIdKCkAHsgBQQQfyAFBBCDIAVUCIcgBVQIiyAFVAiPIAVUCJMgBVQIlyAFVAibIAVUCJ8
384=gBVQIoyAFVAinIAVUCKigpACvIAUEELMgBQQQtyAFVAi7IAVUCL0kBpUgCUSowyAFRKjFI
385=AWBcQQQyyAFNBDPIAVUCNMgBVQI1yAFVAjbIAVUCN0kBplwAUQk4SAF0WlUBOcgBTQU6yA
386=FVAjvIAVUCPMgBVQI9yAFVAj4oKQA/yAFBBEDIAUEEQcgBVQJCyAFVAkPIAVUCRMgBVQJF
387=yAFVAkbIAVUCR8gBVQJIyAFVAknIAVUCSsgBVQJLyAFVAkzIAVUCTSgpAE7IAUEET8gBQQ
388=RQyAFVAlHIAVUCUsgBVQJTyAFXAhMARJRaWTIUyAFFKRXIAVUCFsgBVQIXKCkAGMgBQQQZ
389=yAFBBBrIAVUCG8gBVQIcyAFVAh0oKQAeyAFBBB/IAUEEIMgBVQIhyAFVAiLIAVUCI8gBVQ
390=IkyAFVAiXIAVUCJsgBVQInyAFVAijIAVUCKcgBVQIqKCkAK8gBQQQsyAFBBC3IAVUCLsgB
391=VQIvSAFoWVknMMgBUSoxSQGcXABBBDIoKQAzKCkANCgpADUoKQA2SAF8V1EJN8gBUQg4SA
392=FoWUEPOcgBXQo6yAFVAjvIAVUCPMgBVQI9yAFVAj4oKQA/yAFBBEDIAUEEQcgBVQJCyAFV
393=AkPIAVUCRMgBVQJFyAFVAkbIAVUCR8gBVQJIyAFVAknIAVUCSsgBVQJLyAFVAkzIAVUCTS
394=gpAE7IAUEET8gBQQRQyAFVAlHIAVUCUsgBVwIUAEWcV00mFcgBRSkWyAFVAhcoKQAYyAFB
395=BBnIAUEEGsgBVQIbyAFVAhzIAVUCHSgpAB7IAUEEH8gBQQQgyAFVAiHIAVUCIsgBVQIjyA
396=FVAiTIAVUCJcgBVQImyAFVAifIAVUCKMgBVQIpyAFVAiooKQAryAFBBCzIAUEELcgBVQIu
397=yAFVAi/IAVUCMMgBVQIxKCkAMsgBQQQzyAFBBDTIAVUCNcgBVQI2yAFVAjfIAVUCOMgBVQ
398=I5yAFVAjrIAVUCO8gBVQI8yAFVAj3IAVUCPigpAD/IAUEEQMgBQQRByAFVAkLIAVUCQ8gB
399=VQJEyAFVAkXIAVUCRsgBVQJHyAFVAkjIAVUCScgBVQJKyAFVAkvIAVUCTMgBVQJNKCkATs
400=gBQQRPyAFBBFDIAVUCUcgBVwIVAEaEVV1XFsgBXVcXyAFVAhjIAVUCGcgBVQIayAFVAhvI
401=AVUCHMgBVQIdyAFVAh7IAVUCH8gBVQIgyAFVAiHIAVUCIsgBVQIjyAFVAiTIAVUCJcgBVQ
402=ImyAFVAifIAVUCKMgBVQIpyAFVAirIAVUCKygpACzIAUEELcgBQQQuyAFVAi/IAVUCMMgB
403=VQIxKCkAMsgBQQQzyAFBBDTIAVUCNcgBVQI2yAFVAjfIAVUCOMgBVQI5yAFVAjrIAVUCO8
404=gBVQI8yAFVAj3IAVUCPigpAD/IAUEEQMgBQQRByAFVAkLIAVUCQ8gBVQJEyAFVAkXIAVUC
405=RsgBVQJHyAFVAkjIAVUCScgBVQJKyAFVAkvIAVUCTMgBVQJNKCkATsgBQQRPyAFBBFDIAV
406=cCFgBHjFJFVRfIAUVVGMgBVQIZyAFVAhrIAVUCG8gBVQIcyAFVAh3IAVUCHsgBVQIfyAFV
407=AiDIAVUCIcgBVQIiyAFVAiPIAVUCJMgBVQIlyAFVAibIAVUCJ8gBVQIoyAFVAinIAVUCKs
408=gBVQIrKCkALMgBQQQtyAFBBC7IAVUCL8gBVQIwyAFVAjEoKQAyyAFBBDPIAUEENMgBVQI1
409=yAFVAjbIAVUCN8gBVQI4yAFVAjnIAVUCOsgBVQI7yAFRNTzIAVE1PcgBVQI+yAFVAj/IAV
410=UCQMgBVQJByAFVAkLIAVUCQ8gBVQJEyAFVAkXIAVUCRsgBVQJHyAFVAkjIAVUCScgBVQJK
411=yAFVAkvIAVUCTMgBVQJNyAFVAk7IAVUCT8gBRx4XAEiUT0EEGMgBQQQZyAFVAhrIAVUCG8
412=gBVQIcyAFVAh3IAVUCHsgBVQIfyAFVAiDIAVUCIcgBVQIiyAFVAiPIAVUCJMgBVQIlyAFV
413=AibIAVUCJ8gBVQIoyAFVAinIAVUCKsgBVQIryAFVAizIAVUCLcgBVQIuyAFVAi/IAVUCMM
414=gBVQIxyAFVAjLIAVUCM8gBVQI0yAFVAjXIAVUCNsgBVQI3yAFVAjjIAVUCOcgBVQI6yAFV
415=AjvIAVkyPMgBQVE9yAFVAj7IAVUCP8gBVQJAyAFVAkHIAVUCQsgBVQJDyAFVAkTIAVUCRc
416=gBVQJGyAFVAkfIAVUCSMgBVQJJyAFVAkrIAVUCS8gBVQJMyAFVAk3IAVUCTsgBVwIYAEmc
417=TEkBGcgBQQQayAFVAhvIAVUCHMgBVQIdyAFVAh7IAVUCH8gBVQIgyAFVAiHIAVUCIsgBVQ
418=IjyAFVAiTIAVUCJcgBVQImyAFVAifIAVUCKMgBVQIpyAFVAirIAVUCK8gBVQIsyAFVAi3I
419=AVUCLsgBVQIvyAFVAjDIAVUCMcgBVQIyyAFVAjPIAVUCNMgBVQI1yAFVAjbIAVUCN8gBVQ
420=I4yAFVAjnIAVUCOsgBVQI7yAFJTjzIAUlOPcgBVQI+yAFVAj/IAVUCQMgBVQJByAFVAkLI
421=AVUCQ8gBVQJEyAFVAkXIAVUCRsgBVQJHyAFVAkjIAVUCScgBVQJKyAFVAkvIAVUCTMgBVQ
422=JNyAFXAhkASoRKSQEayAFBBBvIAVUCHMgBVQIdyAFVAh7IAVUCH8gBVQIgyAFVAiHIAVUC
423=IsgBVQIjyAFVAiTIAVUCJcgBVQImyAFVAifIAVUCKMgBVQIpyAFVAirIAVUCK8gBVQIsyA
424=FVAi3IAVUCLsgBVQIvyAFVAjDIAVUCMcgBVQIyyAFVAjPIAVUCNMgBVQI1yAFVAjbIAVUC
425=N8gBVQI4yAFVAjnIAVUCOsgBVQI7yAFRSzzIAVFLPcgBVQI+yAFVAj/IAVUCQMgBVQJByA
426=FVAkLIAVUCQ8gBVQJEyAFVAkXIAVUCRsgBVQJHyAFVAkjIAVUCScgBVQJKyAFVAkvIAVUC
427=TMgBVwIaAEuMR0kBG8gBQQQcyAFVAh3IAVUCHsgBVQIfyAFVAiDIAVUCIcgBVQIiyAFVAi
428=PIAVUCJMgBVQIlyAFVAibIAVUCJ8gBVQIoyAFVAinIAVUCKsgBVQIryAFVAizIAVUCLcgB
429=VQIuyAFVAi/IAVUCMMgBVQIxyAFVAjLIAVUCM8gBVQI0yAFVAjXIAVUCNsgBVQI3yAFVAj
430=jIAVUCOcgBVQI6yAFVAjvIAVlIPMgBWUg9yAFVAj7IAVUCP8gBVQJAyAFVAkHIAVUCQsgB
431=VQJDyAFVAkTIAVUCRcgBVQJGyAFVAkfIAVUCSMgBVQJJyAFVAkrIAVUCS8gBVwIbAEyURE
432=kBHMgBQQQdyAFVAh7IAVUCH8gBVQIgyAFVAiHIAVUCIsgBVQIjyAFVAiTIAVUCJcgBVQIm
433=yAFVAifIAVUCKMgBVQIpyAFVAirIAVUCK8gBVQIsyAFVAi3IAVUCLsgBVQIvyAFVAjDIAV
434=UCMcgBVQIyyAFVAjPIAVUCNMgBVQI1yAFVAjbIAVUCN8gBVQI4yAFVAjnIAVUCOsgBVQI7
435=yAFBRjzIAUFGPcgBVQI+yAFVAj/IAVUCQMgBVQJByAFVAkLIAVUCQ8gBVQJEyAFVAkXIAV
436=UCRsgBVQJHyAFVAkjIAVUCScgBVQJKyAFXAhwATZxBSQEdyAFBBB7IAVUCH8gBVQIgyAFV
437=AiHIAVUCIsgBVQIjyAFVAiTIAVUCJcgBVQImyAFVAifIAVUCKMgBVQIpyAFVAirIAVUCK8
438=gBVQIsyAFVAi3IAVUCLsgBVQIvyAFVAjDIAVUCMcgBVQIyyAFVAjPIAVUCNMgBVQI1yAFV
439=AjbIAVUCN8gBVQI4yAFVAjnIAVUCOsgBVQI7yAFJQzzIAUlDPcgBVQI+yAFVAj/IAVUCQM
440=gBVQJByAFVAkLIAVUCQ8gBVQJEyAFVAkXIAVUCRsgBVQJHyAFVAkjIAVUCScgBVwIdAE6E
441=P0kBHsgBQQQfyAFVAiDIAVUCIcgBVQIiyAFVAiPIAVUCJMgBVQIlyAFVAibIAVUCJ8gBVQ
442=IoyAFVAinIAVUCKsgBVQIryAFVAizIAVUCLcgBVQIuyAFVAi/IAVUCMMgBVQIxyAFVAjLI
443=AVUCM8gBVQI0yAEEAQAANQBOABEAAKcJshQBmwMAAEAAATYATgBoAQEBAAA3yAFVAjjIAV
444=UCOcgBVQI6yAFVAjvIAQECAAA8yAFdCT3IAVUCPsgBVQI/yAFVAkDIAVUCQcgBVQJCyAFV
445=AkPIAVUCRMgBVQJFyAFVAkbIAVUCR8gBVQJIyAFXAh4AT4AaSQEfyAFBBCDIAVUCIcgBVQ
446=IiyAFVAiPIAVUCJMgBVQIlyAFVAibIAVUCJ8gBVQIoyAFVAinIAVUCKsgBVQIryAFVAizI
447=AVUCLcgBVQIuyAFVAi/IAVUCMMgBVQIxyAFVAjLIAVUCM8gBVQI0yAFVAjXIAVUCNsgBVQ
448=I3yAFVAjjIAVUCOcgBVQI6yAFVAjvIAVk9PMgBWT09yAFVAj7IAVUCP8gBVQJAyAFVAkHI
449=AVUCQsgBVQJDyAFVAkTIAVUCRcgBVQJGyAFVAkfIAVcCHwBQlDlJASDIAUEEIcgBVQIiyA
450=FVAiPIAVUCJMgBVQIlyAFVAibIAVUCJ8gBVQIoyAFVAinIAVUCKsgBVQIryAFVAizIAVUC
451=LcgBVQIuyAFVAi/IAVUCMMgBVQIxyAFVAjLIAVUCM8gBVQI0yAFVAjXIAVUCNsgBVQI3yA
452=FVAjjIAVUCOcgBVQI6yAFVAjvIAUE7PMgBQTs9yAFVAj7IAVUCP8gBVQJAyAFVAkHIAVUC
453=QsgBVQJDyAFVAkTIAVUCRcgBVQJGyAFXAiAAUZw2SQEhyAFBBCLIAVUCI8gBVQIkyAFVAi
454=XIAVUCJsgBVQInyAFVAijIAVUCKcgBVQIqyAFVAivIAVUCLMgBVQItyAFVAi7IAVUCL8gB
455=VQIwyAFVAjHIAVUCMsgBVQIzyAFVAjTIAVUCNcgBVQI2yAFVAjfIAVUCOMgBVQI5yAFVAj
456=rIAVUCO8gBSTg8yAFJOD3IAVUCPsgBVQI/yAFVAkDIAVUCQcgBVQJCyAFVAkPIAVUCRMgB
457=VQJFyAFXAiEAUoQ0SQEiyAFBBCPIAVUCJMgBVQIlyAFVAibIAVUCJ8gBVQIoyAFVAinIAV
458=UCKsgBVQIryAFVAizIAVUCLcgBVQIuyAFVAi/IAVUCMMgBVQIxyAFVAjLIAVUCM8gBVQI0
459=yAFVAjXIAVUCNsgBVQI3yAFVAjjIAVUCOcgBVQI6yAFVAjvIAVE1PMgBUTU9yAFVAj7IAV
460=UCP8gBVQJAyAFVAkHIAVUCQsgBVQJDyAFVAkTIAVcCIgBTjDFJASPIAUEEJMgBVQIlyAFV
461=AibIAVUCJ8gBVQIoyAFVAinIAVUCKsgBVQIryAFVAizIAVUCLcgBVQIuyAFVAi/IAVUCMM
462=gBVQIxyAFVAjLIAVUCM8gBVQI0yAFVAjXIAVUCNsgBVQI3yAFVAjjIAVUCOcgBVQI6yAFV
463=AjvIAVkyPMgBWTI9yAFVAj7IAVUCP8gBVQJAyAFVAkHIAVUCQsgBVQJDyAFXAiMAVJQuSQ
464=EkyAFBBCXIAVUCJsgBVQInyAFVAijIAVUCKcgBVQIqyAFVAivIAVUCLMgBVQItyAFVAi7I
465=AVUCL8gBVQIwyAFVAjHIAVUCMsgBVQIzyAFVAjTIAVUCNcgBVQI2yAFVAjfIAVUCOMgBVQ
466=I5yAFVAjrIAVUCO8gBQTA8yAFBMD3IAVUCPsgBVQI/yAFVAkDIAVUCQcgBVQJCyAFXAiQA
467=VZwrSQElyAFBBCbIAVUCJ8gBVQIoyAFVAinIAVUCKsgBVQIryAFVAizIAVUCLcgBVQIuyA
468=FVAi/IAVUCMMgBVQIxyAFVAjLIAVUCM8gBVQI0yAFVAjXIAVUCNsgBVQI3yAFVAjjIAVUC
469=OcgBVQI6yAFVAjvIAUktPMgBSS09yAFVAj7IAVUCP8gBVQJAyAFVAkHIAVcCJQBWhClJAS
470=bIAUEEJ8gBVQIoyAFVAinIAVUCKsgBVQIryAFVAizIAVUCLcgBVQIuyAFVAi/IAVUCMMgB
471=VQIxyAFVAjLIAVUCM8gBVQI0yAFVAjXIAVUCNsgBVQI3yAFVAjjIAVUCOcgBVQI6yAFVAj
472=vIAVEqPMgBUSo9yAFVAj7IAVUCP8gBVQJAyAFXAiYAV4wmSQEnyAFBBCjIAVUCKcgBVQIq
473=yAFVAivIAVUCLMgBVQItyAFVAi7IAVUCL8gBVQIwyAFVAjHIAVUCMsgBVQIzyAFVAjTIAV
474=UCNcgBVQI2yAFVAjfIAVUCOMgBVQI5yAFVAjrIAVUCO8gBWSc8yAFZJz3IAVUCPsgBVQI/
475=yAFXAicAWJQjSQEoyAFBBCnIAVUCKsgBVQIryAFVAizIAVUCLcgBVQIuyAFVAi/IAVUCMM
476=gBVQIxyAFVAjLIAVUCM8gBVQI0yAFVAjXIAVUCNsgBVQI3yAFVAjjIAVUCOcgBVQI6yAFV
477=AjvIAUElPMgBQSU9yAFVAj7IAVcCKABZnCBJASnIAUEEKsgBVQIryAFVAizIAVUCLcgBVQ
478=IuyAFVAi/IAVUCMMgBVQIxyAFVAjLIAVUCM8gBVQI0yAFVAjXIAVUCNsgBVQI3yAFVAjjI
479=AVUCOcgBVQI6yAFVAjvIAUkiPMgBSSI9yAFXAikAWoQeSQEqyAFBBCvIAVUCLMgBVQItyA
480=FVAi7IAVUCL8gBVQIwyAFVAjHIAVUCMsgBVQIzyAFVAjTIAVUCNcgBVQI2yAFVAjfIAVUC
481=OMgBVQI5yAFVAjrIAVUCO8gBUR88yAFTHyoAW4wbSQEryAFBBCzIAVUCLcgBVQIuyAFVAi
482=/IAVUCMMgBVQIxyAFVAjLIAVUCM8gBVQI0yAFVAjXIAVUCNsgBVQI3yAFVAjjIAVUCOcgB
483=VQI6yAFVAjsoKwArAFyUGFkcLMgBUR8tyAFVAi7IAVUCL8gBVQIwyAFVAjHIAVUCMsgBVQ
484=IzyAFVAjTIAVUCNcgBVQI2yAFVAjfIAVUCOMgBVQI5yAFVAjrIAVcCLABdnBVBGi3IAUEa
485=LsgBVQIvyAFVAjDIAVUCMcgBVQIyyAFVAjPIAVUCNMgBVQI1yAFVAjbIAVUCN8gBVQI4yA
486=FVAjnIAVcCLQBehBNdFS7IAV0VL8gBVQIwyAFVAjHIAVUCMsgBVQIzyAFVAjTIAVUCNcgB
487=VQI2yAFVAjfIAVUCOMgBVwIuAF+MEEUTL8gBRRMwyAFVAjHIAVUCMsgBVQIzyAFVAjTIAV
488=UCNcgBVQI2yAFVAjfIAVcCLwBglA1NEDDIAU0QMcgBVQIyyAFVAjPIAVUCNMgBVQI1yAFV
489=AjbIAVcCMABhnApVDTHIAVUNMsgBVQIzyAFVAjTIAVUCNcgBVwIxAGKECF0KMsgBXQozyA
490=FVAjTIAVcCMgBjjAVECAgzAGMAmwMAAAMAABEAAA==

[Lighting]
Red=1.000000
Blue=1.000000
Green=1.000000
Level=0.032000
Ground=0.000000
IonRed=0.695000
Ambient=1.000000
IonBlue=0.775000
IonGreen=0.445000
IonLevel=0.032000
IonGround=0.000000
IonAmbient=0.650000
DominatorRed=0.850000
DominatorBlue=0.300000
DominatorGreen=0.200000
DominatorLevel=0.000000
DominatorGround=0.000000
DominatorAmbient=1.500000
DominatorAmbientChangeRate=0.009000

[Map]
Size=0,0,50,50
Theater=LUNAR
LocalSize=2,4,46,44

[Neutral]
IQ=0
Edge=North
Color=Grey
Allies=Neutral
Country=Neutral
Credits=0
NodeCount=0
TechLevel=1
PercentBuilt=0
PlayerControl=no

[Nod]
IQ=0
Edge=North
Color=Gold
Allies=Nod
Country=Nod
Credits=0
NodeCount=0
TechLevel=1
PercentBuilt=0
PlayerControl=no

[OverlayDataPack]
1=BQAAIP4AIACAJgAAIP5PGgCCAwb+BQAHgQT++QEAggcK/gQAC4EH/voBACIB/6oBVhyAYQ
2=AAIP5SAACFBwoLCwf+/AEAAgGBCP79AQCFBwoKCAT//wFXAP/9AVYAAgH//gFYBoMABwb+
3=/wEAgQP+AQQAggMD/wIGWQqDBgcH/wAEWAT//gFWAoQABwgI//0BYRb/oAFVCIC5AAAg/m
4=IAAIIHBv7/AQCBA/6dAwD/AAJjAoIGB//+AaEFggcK/18AAgj/nwFiAIIHC/9eAAIK/2EA
5=AQr/QQHCCv9dAAIMgwcKCv+gAWMK/1wAAg6EBwoLCP6eAQASAP9ZAAQQAf+BC/+eAWMMMg
6=D/VwAFEoIEBv4DAAeBBP6eAQCBBP4GAAeBBv9TAGMI/58BYhT/EAICAP9PAAkWgQb/oAFh
7=FP9eAPEHggQE/rABAIEE/0wAWxj/qAFaHIAbAAAg/g0AAIIEA/5IAACCBwb+/QEAgwMGBP
8=6nHQCABQAAIP4AIACABQAAIP4AIACABQAAIP4AIACABQAAIP4AIACABQAAIP4AIACABQAA
9=IP4AIACABQAAIP4AIACABQAAIP4AIACABQAAIP4AIACABQAAIP4AIACABQAAIP4AIACABQ
10=AAIP4AIACABQAAIP4AIACABQAAIP4AIACABQAAIP4AIACABQAAIP4AIACABQAAIP4AIACA
11=BQAAIP4AIACABQAAIP4AIACABQAAIP4AIACABQAAIP4AIACABQAAIP4AIACABQAAIP4AIA
12=CABQAAIP4AIACABQAAIP4AIACABQAAIP4AIACABQAAIP4AIACA

[OverlayPack]
1=BQAAIP4AIP+AIwAAIP49Bv+B9/4FEv+B9f4LAv/+CACC/wACVhj/AAJVGP6pAf+A7gAAIP
2=5SAP/+BQCC/vYB/4Le3lIB/uoB/4H5ykICYgH/xwFWAslBBN0vAv4GAN7/8gFPAstDBiIC
3=/+oBVgaB3gACzEQIMgH/vAGWAEHT5CsIgYIh8/4MAN4SAf/AAZYG6OsN/hIA3v+/AZQG4U
4=kO/h4A3v+zAVQK6j4O0RQSzkoQ/8UBXRBn5tj+E8lHAlAf/78BWw7WBBbRBhQ6M8wqFv+t
5=AVEEzRoU0EQS/gQA/4H4LfHUERLOKhb/qgFTBtYQEsoNGoFj1gUUyEkEylEY/6cBVQjWDx
6=L+LwDe0EEG/6QBXhjRDxblARTbChr/ogFcGoBoAQAg/gMA//4KAN7+BQD/yAcAIA5wFP4j
7=AN7IDQBQEIKCgv6eAf/+BADegYLPSQAx+2IK4C8AykMCcBiB3v+eAWMAcf7JCwJRzekfAt
8=AmBBJEdEz+lQH/Yf3LCgQgCmYA3iUEzCMGyyUG/54BZAQSAckBBiANyEcG6CIGdjzJJQj/
9=ngFjAv4DAILcNAj8Iwj/nwFiAP4EAILPOwLWFwrUJwrORwoB9VH//6IBYwrIBAzIGwDMDg
10=bUQwTO9QHLFQ7+BACC/6IBZAxyAckaAMgxDstMDslPAswZEFAFXFv/oAFhDkIAUgHLFw7K
11=RxDJQwzNNxBgN8ceACAF/gUAgv+lAWMQyQYCyUoO2TkM2jwSVf3/qAFhEjIByQ8U0SMKzx
12=cI00EUN/z+rgH/zQoS0iMK5DAUN/z+rgH/wwIIyAQY0iQK4jEY/6QBXQzT8Achvs8dDt0u
13=CstHGv+jAV4K4e4J1Rwc3jQa/6sBWRaAUAAAIP4NAP+CgoL+MQDe/g4A//4JAN6CgoL+uA
14=H/zD8A/goA/4FjAAJx4RAL1vwBAf//uQFYANzzAdM4AP7oAf/VNgD/8gFFBP75Af+B6f7O
15=Ff+ABQAAIP4AIP+ABQAAIP4AIP+ABQAAIP4AIP+ABQAAIP4AIP+ABQAAIP4AIP+ABQAAIP
16=4AIP+ABQAAIP4AIP+ABQAAIP4AIP+ABQAAIP4AIP+ABQAAIP4AIP+ABQAAIP4AIP+ABQAA
17=IP4AIP+ABQAAIP4AIP+ABQAAIP4AIP+ABQAAIP4AIP+ABQAAIP4AIP+ABQAAIP4AIP+ABQ
18=AAIP4AIP+ABQAAIP4AIP+ABQAAIP4AIP+ABQAAIP4AIP+ABQAAIP4AIP+ABQAAIP4AIP+A
19=BQAAIP4AIP+ABQAAIP4AIP+ABQAAIP4AIP+ABQAAIP4AIP+A

[Russians]
IQ=0
Edge=North
Color=DarkRed
Allies=Russians
Country=Russians
Credits=0
NodeCount=0
TechLevel=1
PercentBuilt=0
PlayerControl=no

[Special]
IQ=0
Edge=North
Color=Grey
Allies=Special
Country=Special
Credits=0
NodeCount=0
TechLevel=1
PercentBuilt=0
PlayerControl=no

[SpecialFlags]
Inert=no
FogOfWar=no
IonStorms=no
MCVDeploy=no
Meteorites=no
Visceroids=yes
FixedAlliance=no
TiberiumGrows=yes
InitialVeteran=no
HarvesterImmune=no
TiberiumSpreads=yes
TiberiumExplosive=no
DestroyableBridges=yes

[Structures]
1=Neutral,YAROCK,256,72,59,64,None,1,0,1,0,0,None,None,None,0,0

[TaskForces]

[Units]

[Waypoints]
0=80051
1=22051

[YuriCountry]
IQ=0
Edge=North
Color=DarkRed
Allies=YuriCountry
Country=YuriCountry
Credits=0
NodeCount=0
TechLevel=1
PercentBuilt=0
PlayerControl=no



[Digest]
1=Uko1rThGkDk7moXmu9s4fzpXHiQ=

