; Map created with FinalAlert 2(tm) Mission Editor
; Get it at http://www.westwood.com
; note that all comments were truncated

[Header]
Width=45
Height=71
StartX=233
StartY=30
Waypoint1=241,45
Waypoint2=267,86
Waypoint3=0,0
Waypoint4=0,0
Waypoint5=0,0
Waypoint6=0,0
Waypoint7=0,0
Waypoint8=0,0
NumberStartingPoints=2

[AircraftTypes]


[Preview]
Size=0,0,100,76

[PreviewPack]
1=AxMAIAaiqFCjp1Cjp1BAAUoAo6d4AUABSAA5LwC6uFZABAlxUi53ZDTErkynrFVYATm/AL
2=5/REMEwLRoUwWUmEJcBQO9uVS5tllIAEABA6qvU5WYRCpcAFgBXAJIAEAESABMB0gAXAsJ
3=sa9Vk5k/kJRAoKhOKrwATARcAkgAUAJMBEAHJ0wBTAFIAEAESABQAkgPQARMAVAFJywAXA
4=JYAUwHSAAnLABYBCosAFQPSABYEEgAQAFIAEABSABAAUgAQAFIAEABSABAAUgAQAFIAEAB
5=SABAAaQgrAFYAUABSABAAUgAQAFIAEABSAAJp55Spp5OnG89dHQ4WCVIAEQmRBFIGEgAWB
6=ZIAEgVSABIFVwCRBQnFANQCEgAUAhIAEABSABDAZGSP0wEJ7wAUAi8AlgHQAdYAUAKSABA
7=BFgBQApMAVACSABAAbQwWAdAAVwFUAJIALwCJ7wASANABydcACcsALQMQBBAAUgAQAFIAE
8=ABBpSbRoSOOYeRPEwBSABQAkgAQwGPl0RQAkwBRCAGqJVMpnZEcXQ4XAIGo6BQtZdKrp5N
9=TAFIAEAESABAAUgAQAFIAAZUQSqDbzp0ZDNMAVglvAJAGUABSABQAkgAVBInLABAAUgAUA
10=JIAEABSABAAUgAQAFIAEABSAAzvAAtTAFQBbxfXAUnNARQIyosAEwEJ/QEQAFIA1goXAgq
11=LABMBEQIVABIAEABSAAGnaVPgIgxgogwSwB9iC8nXABIJydfAIqQOideAHlWKIwACZ+XS7
12=SfSqKWR6mmT0AEJ1QFTAFIAFALC8aOSntbM8eRRLmGQnd4dzBjWDNQTUgDQARIAEABSABA
13=AUgAQAFIAEABSABAAUgAQAFIAEABSABAAUgAQAFIAEABSABAAUgAQAFIAEABSABAAUgAQA
14=Eq/AtQIEBGvAIqLABEI0gkUC9AASAJXwmBizdYIkAlA42WPJCWPlUkFIAAWAEJj5dBjpY/
15=j5U9nqZLWw2kgEVYEEiWTAFIAFcSrZpJQAFIAEwBXwiDjDRAK1AFWAGMCNAAQARIAFACQH
16=NAAUgATAFIAEABSABAAUgAQAFIAEABSABAAUgAQAFIAEABSABAAUgAQAFIAEABSABAAUgA
17=QAFqAKBQQjeckXQ2LfwLJ4wAQAFIAHEFpzSsFlAmQARIAEwErAFAAVgBSABAAUgAXEpCIn
18=uEaEvAGywYAEwEUAVIAEABSwB8WjMnZA1QAkgAUAJIAFwItCpELFACSABQAkgAQwG5qVRI
19=dU8Bn6FUJ3QMSHgndANMBAPJsWXJsWJMBEABA+a+c7ywXKwBA+C8cLepWEwBTwT6+gBIAK
20=wBA76uYNy4a0gGXAJIAFACQoK8oWA6TAFIACr8C0AEJwwCTAFIAEAESABAAUgAQAFIAEAB
21=SABAAUgAQAFIAKABVABIAFgBSABAASxuBBR4gACwAlgoSE5Yc1gBUAVIAFwFMGQNvAJIA0
22=ABSABAAUgAQAFUBkgAtBhAAUgAWFJcAkAlUAIDopRMn5lLQBxIeAPnu27lv3NIIS0LAOa9
23=cC1EADA4AGArAqBQkI1GUFxICVwLMPwLWA1ADSqUEFA7QGFIsVwFKlwAWAFQF0gAoAFUAE
24=gAWAFIAEABSABAAUAHTBkqCABQcVS9SABYaqwEWARAAUgAQAFIAEABKlQCpCBISFwCJyQC
25=UAIDpJlMno9JRAtUYyd8HFACtBtYnVwFSABACjAcBCADRACsB1gHQAFIAEABSAAz/AtMHC
26=osA0RBSACsalSHRBRIALQnvAi0AFQJQAFIAEABSABYIryVRGhcBSc0DUABJ4wAWFhbQKWY
27=RlwFUAJIAEABSABUEicsAFhqWDdQO1wCKuwAWCInjABc40gMSABMBFACSABAAUgABrOrWc
28=m1ZbyvXrwjJ1wAWAED5b5zzLZkQAFIAFhPJ7AJJ7QOUAVIAFAISABAAUgAQAG8X6wBWAFA
29=AVAOSABMskBJQAGoAEBnQChMrLgBrAG8BbQAQAdAAUgAQAFIAEABQLhAAUgATAFIAEABSA
30=BAAUgAQAFIAEABWENUIUgAtKhQAgaSdUmAY0J5ajdMAQOaiEmeoE1AYUwBSABcBUgAQAFI
31=AEABSABAASe8AAZqXjOfhkKebTa8AkgDQAFIAEABSABAAUgAQAFIAEABQChAAUgATAF2db
32=5zrAEqXABIA1Q5J6QGQAQqzAtYAUAEtCG0AFhJQAEnXAlABEgATAQqHASkAlACQAFIAEAB
33=SABAATC0FFwCRK0ndBVUaVhDSCFAJUgSSAZABEgAAAOkolimikSvnEyggUiysVmmpFGanU
34=1cAie8AFhMUAVIAHACLAwaAAOjoVC6oUvAi0hwbjZuVy6tmkundjxYBFAFpC+sAQOiqEu0
35=tVWsAQOeg0KPh0WsAQO6hEG4g0KsAUgGQAFUOUABSABMAUgATF4Df2w5dGQ0TAFQAqSDSC
36=RMAVQAMAgAXAJIAFAFSACgAVQASABYAUgAQAG0JFjKWFtIAERcSM9QAqRiWAFYJTy0Cw6u
37=oU2yo1KtpVKej0yGfUSMhyIgIVALSABcC0gAQAFLAMCvYFBfQIJMAXACMjQrLeQFCa+0VJ
38=2hRpCTQLe4VawBDJGDQEQ+MpF4P4ltPKF1QECgU3pqVjBMClQzrF5AhVwLSABQAgy/i0qb
39=ckO6rFauolWtrFUqZBBMJawEWARAAUgAQAFIAEABSACgAVYAlZgivDZIhEhaKpQEWIJIJK
40=QFWARAAUgAQAEttAsqvAlABEgATAQMnJRHkG45k4VFimY8fXA1LZQNSKJYxEgAQIK8BUgG
41=SBsqNCu8AqQvUyO5uFZIAFBKrAFfBY6UQEgASCcDe2U5rohD3AUCjElxUi6sAVzdQAq8Gi
42=JEIQAFplCqqU69tVmzlE2Yk0txZDqVgEmVnEhQBUgAQApIAEABBa55PJFlN2hXcAgDbF40
43=Z144vgJ5dSKEMkAEWwGUmEInZwTXtWhQR7wCSANAQEjDWKBMAVACSABAAUgAQAFIAEABXA
44=U/vAlYBCcUA0zQVKikyECpUAhIAEAEUHpIY1g9QIUqXABUJEgkrElAcEABtCRAJUAHrwGg
45=qE5MAVjrA7OFQH9dMkwBSABPCqWbTUBkSABQYgAVvLBcqa1QkpFHk5NFfWU5aVM3xoo+mG
46=g2bFsvd3U7r5FKqnI6hmlAQAdIAEwHA6N0Pn1dNKQmxAICp1CkqVEk/D5ABFACQBZYGUBk
47=QEBRGoIj1DNAAUgATAG0GEAoQAS8BUgGQAEtvAlQAkgAXAJIAEABMBQDQCJcAlKwrp5smk
48=wBSABQBUgAQAFIAEABSAAnVDJMAVACSEtYJVBxSCRYAVACuGdUAEgAWwGolUwh8yl7YDJM
49=AVBKQEBAE0AlKvQHQAdIAEAESABAAUgAQAFIAEABMTwChyaRkj9UA0gAWAQqLABYAVDCSA
50=BAxFAjSCSsQEwBJ9QMUCknLABcBVAISABAAUgAWChIA0gqTAFQAkgAQAFIACoUA1ACSABQ
51=AkRlVG+kxaS/QBxUgXZmqFBAfEABXEonZARUJFxKrAdQI0ABrARICUygWAFCAaV8dIqsAV
52=gBQAFIAEABSABAAUgAQAFIAEABSABAAUgAQAFIAEABXBEntxq7q11QAkgAXAK0AEABJyQC
53=TAFQAlAdrEZIJFgBUAKsQKwBWAEnvAlAc1AFJ4QOJ1wAVCpQBUgAUAVIAEABSABAAVcYg2
54=86IRA9UN1YAVACQMdQpEAiTAFIAFACSABIZkgAckG9cFR7SABIzFwCQARcI0gATAFIJKwE
55=WAdEAqgAXwKkgEVq3l0yKqQDXAJMB0gAQAFIAEABMfwILFweTARIAFAFSABcblQAJ4wGTA
56=FIA0gAQAFMRkxJvEpYQ1ACPFQORCMnvwCNljxABzDMEVgKXAhIAEIBwIsoRBVISEgeSABE
57=I0AiSCesAVgBBuXAe9q/ieHAgVwgWCVUAEgApCO8CFykUwXFs2VAAUwHUAJABEgASJYnRw
58=bDrl4nTAFNBPojIDlUAF1HnyZUNUgSRC9QdECaTAFcCEgAQAFIAEABSACgAVQASABYAUgA
59=QAFIAEABSABAAUgAQEYnNA1YH7wCQHNHI/8AAKgARCNYBEBMLbwAUAVIAFACSABAAUgYSA
60=BMASfcB0wBXAKkbmQjAA6/c+O+eNW5guC+feO9d3mBYFBYXHZ/Ydq5edvAi+HBhEwERAhI
61=BkAHQwHBrmInLABQkqwBqAOsAUQyBoFtN6epU8e1Ykz6XCMwCABUyVAFSABAB1uanoNCIR
62=AiD4ZdOFRNMrCCQaOhUMaOSnRkM6AEVABIAEQFSABAASf8CEwBSABQAkQjQAFQa0j8QHNM
63=AUwEtCQqFAAttA5YNFhqWAdcBUgAQAFIAEABSABAAVw+QAFIAEwBSABMQwAS4rx1walyyq
64=5xf4RhaHRjUVleTlZcQURZSE1Zcn1jmZtr4MSNWARYJUxDVCQGubSeuLGkrKuAI3A/BHiy
65=qpufpF9ACirfAamUT0h+ULxcAjCUBKQCSANAEEgAAAOTgECHbjyJiER/cD2ReD+uiEOppl
66=FBT7omvEInpABAAUgASAZIAFxESEhAlEhFSCRQIFhqtGwn/AgqXAlABCntAES8UERrSFon
67=XABAAUgAUAtKAIJvIhA0QAFIAFRjAALnvnPMsXrXuX15gV9AQ1lBQ1lCRVUAWFQASAAJR0
68=xZwapx27p75b93QCVYSVgKRGUDsayet7CfoCVUAAO7tKiyqp5YJUAESCokzDhbBHhkMkO+
69=ralWTA2wIycUAEhRQElMBAAGsKxYd3U6ZlYugmw8i3U6moM/joo/l45CQBZUCUgARCZMAU
70=QIVABIAEABSABAAUgAQAFIAEABSABAAVAmQAFIAEwBTExUJEgASCdIAEABQCVEKUyaUE2k
71=LFgBWGpAFkgbRBFAB0gATAdLAJJ1SSFpLZwj7F1UJCfEDQm8sYFZY11FSVk/QldMJQZSWl
72=xyf2NKUVpMAVglSAAJeHxd3bx827x+5L94Wwqpqna/R7WsnUAlqwC0rpBADVgKQJpHbnFS
73=Lrdvz7doJ1wAJ6AEowHGij5DJbeuWiErOqqMRlgEUxSdjkVAAUgkSABYAUwBSACgAVQASA
74=BYAUgAQAFIAEABpA5QaEwBSABQAkgAQAFAIli+tCRAJUABRCNcAkgAQARIAEABQCVQSkAW
75=VLG0ri0fAVRBKiF0JwNjWjqVgVQqxA0AA0pRWHqJaXeAZXF6Y8eucr6vfXGDaVhwTCUJQE
76=JYSk9aeYdi4cCDrApAGVwLSABIckQmUEqsFkQpQE8qLCe4IlwRoAG0AFBNBnZzNXhRKaNt
77=N0gJWBZQF0gAQAFIAEABSABAAUgAQAFIAEABvD60DEQaUDW8QUQLQAGkEaQFSANABEwBRH
78=RIAEBMQCVIckgASHVcAlQJSABAAUgAWBkn7AAqHAFEFAAS0rdvrqFwpHQ/alEsV00tRUEw
79=MjVCTFNa1LmD5L982r2F1rmASAZIHgAJ1Ld/d4Zne4hog45mU11eR0tZbG1cnpJo5cB6VB
80=sG5L103L2A48KFQA28BVACWGonDAIqLCcnXACgJVApQB9fNY96PlQGSABMFkg8JxwBRAK8
81=HUABQAqsAUABWASkI6QFUBRQfbwCQPFYCqwBSEUnLABIBlgltG9EJkCUrARcAkABA4BUKX
82=FTL1wFQApQJnIIvXBPAeG8eFCSAtKzeGx2XJIAAVdESFeldjxcUjF9WzN6cjyXiFJMBFAa
83=TIhuEL9zWAFAAQAV0rd9wKlw47x2xqpzcXFchHpYT1Zbe4dj0bJyj49pTlVbd3ld5b10J8
84=QEQDqgHFARQLtcEUgATAFIAEhCvBFEdAZ6bje2oEmzkkhcAlwFqABcICccAUQCJywAXAJM
85=H0CCWAe0EkATQAFAJUgJWC5IDEgASAlIAFQMSANABEBeUAKkcVjiTAEAC7y6VLi4V7CiTa
86=KGQ35jM3luOH9xN3Z3Oqd+QZ1qIjxKJ3wBQLgDd4RmQURXUJJYaglLUlvcvoO7r2vHj0lc
87=CEwTqABMAUgAUA5QLFAOvBFeDtWyZCYF0LR9UFhdTlaJmUR0wAlUXFyamm7CqnXnvnFQBa
88=wHWAcqbBRwAiYfQ8m2ZngBAadQd1gidDysAagPWA1MHEgAU1Z/gV8huyLhwIFA9FLOVl8i
89=AC9YCmxAJtQnRAVYB1AjUClMNLBWVABcAlQAqABIBli4AAOip1K0t1q1uFi8t1q+sk+rkk
90=WvlkxMB0gAQASkEbwISAknvCSguAZaZl2YnXDdunhEGkBzX9S/ikQhLCSsB1gHRGJQLFgl
91=XA5QAkgAUAJYAQzeu3jjvXbPs3pXYl1BQ1i/5mNvX0DlU7/kvXVUKlAFSABcBUgATKMnLg
92=CQjdS3XAJQlUNwropATAFMDSeUBCdkBFRXSABQMl+DT1ZcQA1EDicUA1so28CLIhojwn9E
93=FLgiMxQAJ/QBC76+XZScSZCYRMW+WqqmYCUIo6dQo6dQdnM1j3oRAABiFAAgACU+ropA57
94=tu5b101bVzwqxzXGhfQkVZQENYR0xZcn1j176K5b9z5r1wzLZkoqhQqZRPpXxEe2AyTAFL
95=AKOnUEsAybVlJywAQAEDvq5g3LhrSAYGvq99d4ZnVmBdQwpBRFlIAEABDH18XdvAi+DEje
96=XCf7epWFwFBpJ1SYBjQnlqN0wBSABACkgACXd1O6+RSqpyOoZpQFACSABQAgAE57tu575z
97=vLGBa3plUlpdQUNYQUNZQkQLCENZS1JZcIFkT1ZcpAVADQ9HTFi7pWzbuHfhwIHlwHvav4
98=lAAVcS+voAMwgAQwd4YTZYEANxdTadqEZYAUQOSABAAUgAQwGEYjVAAUgATAEP17Vo4712
99=37x4vqhzTFNaSlBaSA8Gm5Vo5L954LxwSABIG1gECKmfTZGHSpNsP4NyKOwAXAJQCEgAQA
100=FEGlsrxbNlQAoJzbZ7c35jcX5lVF5cSBsGTU9Z1rZ54754WBYGgFQpamM1emMzSAYGgmMy
101=ybFlybFiTAFQCAZ/dD1aQyyjfkVMAUgAUAJIAEgwCeG8eNe5fdKzeFljXaQvTCIMRElYvK
102=hz3bp4y7B0cX1kRAVQAqwoBnF7X9y7e3Z9XkAZCXZ/Ydu6e928fOS9dUAZLbgEtBsACIBj
103=QrCCQa59PMWFPX57N6OgUJ+XS5yRR6WYaCcPfHM2hXA4iW07fWw8fnc6d1guRhFob2hLRA
104=5IAAl4eV9PVlt4fF3lv3dACkgAQA1cEQZxUi6pp1i7q11MAUwKBpCNRq2aSammT0gbSABy
105=AqdQWCVIAEQmBs6zeX6DYdm6fVQkCeS/en5eLpyJW5aIU1gHSCRAK1g9alG+c1hJBmdVL2
106=BSMrWXTCcfAbOrWawECcyxeneEZkFEVz9CV0wTWCVMOglxemOYnXDevoTlvnOwX1QPdgND
107=WEhOQwFOV1tqJ0VZTAEqVAstuwTmvnMnxAFUG6wBA7WXSrSfSqwBWApAAUgAQAFIAAmLWj
108=TjvHbRtX1ZYl5hDUR8C0gMCVFUWk5VW3d5XeW9dEwKCaeeUrOFQH9dMsa0Y1sBvLBcTAdQ
109=CEgAQAFIAEABSABAAUgAWCVQdAAMvK9e5MF/ZlIrNztCMzZDW11H2rl5waltr6Z03rx5SC
110=EnFAZIbyfsAEABQCVAVUQpA9Kxb2p1Y1sQRUlZSFRYJQZESFhobV3UuYNYB1QtJ6AETyhL
111=UllYKKgYWAFIGEgAK1YOv3O0BqQmvCxAGUQOJ3QDTAFIAEgYSABAAUgAQAFIAEABA4F2OY
112=ljMVuX4b58RCYDx6x0S1JbQA1AE0gAWDcGwLRosKxYt65aXAVUZgPBrmLPt2hIAEwHJ1wA
113=TAG0fgN2VyxtWTAn3AoJhGczkIFOgXhPOj9EVDxLAEJFWlSZCWl3YVRcXHmHYuS/eFglpy
114=9/Wy9cCFsHgWc1TA1ILa8BTFNbuB9AH0cIWmZdWqniwkVKdkAHSAZQBbQAAANuemF7iGjA
115=qXC/qW1NVVxVXl9reGNAAVRyBuHCh9u7feS+eUBeoCW0AEAHSABECEgASKhIjQOrdUFvZT
116=lQAkgAUAJIAEABA8CvYK2pVk8Bj307WAFAAVQVA9SycGlNLFhzQxO8ule3FcSuTFQkSIdA
117=PbQkW1V3ZDSkI7QtVH5QCAOPl0SHkTxICUwBSABAAURuSDBYCgWqoGtKUFtAQ1hDXFYKWk
118=pPWpqabtzGlOPDhVhDUAVAc0yXAnRtM3ZraKJMB0wBSIRbXqNtN1glTEYD1rqE4sGBUHpI
119=QkgGTARIAEMBb1gwSFGsRgbewIbhvXjhv35AAVAmCXl6XnBzXl9nXH17XkhaWzRzfWFECA
120=O/rHHUuX9AAViLRAhIAEgJSABYsgaolUymdkRxdDhQAlgKpFxMAUgAQARIAEABtBVImSq0
121=AlwCSABABEgGJw8Ivn9EUAJIAFwCSABVLRTjAIOMNKgBUCZABEgAQARUOUcm3rt4UJhgvn
122=TYWNkEWIWFZ9u/iUBzeXy9aMlIDFAXSAZAB0gAQwF4USl+I8OFWHlIG1QkQ8RxUy9IA0AE
123=tDlAAVgBRBRYJUgAUC+4RrcAp5lmX79ZZF5cZQNZZV5TXF1IAEABUCYC4MKH2rtlqreU87
124=wISgl5VnBcQAFIAEAKSABMCkwEoApUAEwNJ1QLTARIJyfkAlQDqABcg0h7KuQFrEm8IzAX
125=AJ6mS0AQSABACmQmBb12vq99cYNpWBZAagNOVlpKUVpIoirEB0ATSABME0SJA310O3FlMl
126=tGx7ViVXJyUFkCdj1/cTdQ6awKTE9ABFALWAFIAEABVAyoFScUAAPnvnPUt39TDkNHWUNz
127=U11eVGZgEIezf4NgOTwjrI5QEUgSJ0ABKiAAWG1IA0AESABAAUgAQAFABFARSABcEUgAJ+
128=cFgYs3MIgEpAJQBUgAUAVIAFBZQL5AGVgWSJZI5AZ7gmFyf2NwgmMnxAdMuAZbZ16Zm2vh
129=wYRYNEgASDlMB0CgvQh0mHOsAVwCQAFIAKABVABA+lgBSABMAUANWBZQUFA7UxfUtnVAcw
130=PSt32DjmZQmFpMV2IiqCYDUFde07d+W1XhwIFMMbRUWweGbDAnHAFAH0AiXI9AAUgAWApA
131=CkABOQgArAdcCEAB3JUCdj2dpU+4IrQASANABEsAqadYW+XDrl5MAVACWAFAl0wBQA2nJt
132=vAiSE4ISrEBycnLNy7e6wEWBxYJUgGTBNImVwISABQCEwNKswLsAICdnM1j3oijC1ABEQC
133=SABAAUDxQAFIAEwBVCdQmLQJBc+zeoGFY9a5dCRAfCc8I1RUSFe8BUgGQAG0JEAQQAdIAE
134=ABSAAD5cB72cCMWCtMATPEBEg8TAdIAFAILrwSBZdBjpY/j5U9pm59ZXi+WwTJtma8BWwB
135=KZwvSCFIAFAXTA1EPkiZvO8JSlBabG1cnpJo5cB6SC2sE0A6QAFQJkAQXAhQF1gBQAdIAF
136=ACUIZIdbQMTNNI8wKPbjV+ZCKsK1ACBZJ6QIBuNXFrcNdYAVgHVCdID0hIQAFAoCo8IyrU
137=KlQMA+K/fuC+fVQMKmQECc2xcm18Y01UWouPa1isSIcn/CMn0AR6E75zVBJYDVyVUy92dj
138=1MAWAQBaBQtZdKrp5NTwGkgEVYKErkZlnMowOJYzFAOSZIA1MFgFkrQAFIAEwBSAAncAFA
139=AUDlRCYGxqpzcXFchHpYUHFQmEC+J7Qabha/c6xqXE1cHWoSvXBcAqAKVAADoqhLtLVVVJ
140=kGfXU8aVYuaVszUBScAiJQNkQpUMJAnSTUMCo8I3mXQ3fzfXxdRCBAWwzYuHnVuYLCsX9q
141=eGROVlxEI1ECdiMvMExUWiesE1CJQOsn3BBAGbQSRBRdDpIpHDcDmohJnqBNVh6QjSI4ME
142=ABSAAHfFozxoo+mGg2bCO/JIFtN1DvVGYGgnY4gnA1hmk2TARMCioIAFA4UEdbRtWycCHA
143=NUBkUIlI1UgAtNUG27x+4cCD575xpCO8BUgGYBOEOEATWApLAKepUycsAEABSABQAkgAQB
144=CoAEwBUAKsAVQAQDRYNCQ8I03NQSKwOQFYko5hWCJYAQJCRFlRWXTnrAEiLDBE+ITCWCtU
145=A1yGAUlPWXMjVDVYN6RlVF1IAFgZTA0AAqSiWKaKRK+cTKCBSLKxWaakUZqdZCZMEEgAQA
146=RIAEABSABCAaZ2InQhrOVYASe8JEwBJ7QXRCAr6AQp9D0JQEJYR0tZY29fwqp1K4wJJmwy
147=SGlADUBeVABIAFoKra14JawBWAFAAUwiqABMK0gAWA1AGUQCrC5YAUQmBuG+fNW3fE9WW0
148=DlU79NVVxUIVxHAkpRWExUSE4KWVJaXMeucr+pbVFZXCouAEtRKNwQWCUG5L103Lt848KF
149=QA2kJg+uoU2yo1KtpVKej0yGfUSMh0lIEkATSB4Fo6BQpJlMno8inziplE+0wE/lipA6rw
150=R4USlIvViRpL9IBioIAEgMUxfNtnsqBC5ATEgArEwtRCRQvLi+VA8kbCxAWFhtWAFYDUgA
151=QAFIAEQjrAFMK1CVrAFYQFgNvHpQDkDlUL8kBCtA5aT1DHZ/ZXqJada5gOO9eOS/fEHB4y
152=akJ0hgUCwn3BBcLAZ7h2PRsnJ/gV8qVDKkJguclEeQbjmThUWKZjx9cCKwLawQTBMGn5lL
153=vKFLqaZPWJdM5QaPl0F7hDGQlj4nvCRMBFQwSBVQFEgAKrgEJywAWBZQESqMDEw9RF8iRC
154=QpVA5Yu18CurhWJ/QBUH1DWHdYLlQMUAJIAEABSABAAUgAQAFIAEABQFsiSim9cCosAEgS
155=SABIEqT1rwHhwoZAAUgAXAJIAEABSABAAVxTfIYmNz1OVlpYE1ARJFQyJ+QXWCW8BVg6SL
156=pblH9dMkwQRB0GnaFIpppJopZHVMAGpp5OnG89dHQ4QOVIEkAESABAGSTnMse1YifEBEAH
157=SACsClgQKiwARDgn1EgqVA5DXo+PaUCvJ2QBUH1AWFjxVAxIDCdcAEABSABQAkgAQAFIAE
158=ABSABUD0AZSB6sAVgBUE1UD1gQSABAAUgAQAFIAEABSABQUKwHWARQAlgBWLhcAkh4WDq0
159=+ZCeIoRNp79PVlwkjEtcBawNA7OFQGNYM7wIXA5AAVheSABMAQlUQSrHkUS5hkJ3eDxcAg
160=O6hEG4g0KkcawTVLREI6gAXA5MCicMAmwBCL100rR8zbF3aG9fQIhUNkgAQF5SOExTIrRN
161=SDlYE1RXA4CIMYKIMEgAVAxDWIRiNSFMQEwBSABYEEsAfWU0Q/R0bTMheD5QAkgAUAJoS/
162=SfWAEuhA4jzFMqVAKsoypMCrwIVCdIYCrEBEifJI4weHkoVA5UYAWfoVSujElqViK4K1DR
163=QkatqXBivAhuELFltCpMAVACSABAAUgAWCW0JFQABn9zO62SSMCMRFSKQARILUgATxDdu3
164=lMEALQtH1QWCK7T1FaXCFIQUAlUCak1FAFSAlUolglvEpDB3FlMiHBL4Ujp06DaDNEAkgA
165=WARTBXZzNVI1o20rVFZcAkgAQARIAEghWDRIJFhGRBRAKEgSTAFABEgAQARIAFACJywAQA
166=FIAFACVBVEJkifJ4wwJFQytHJD+uS/eHhYCKFQuqFLwItIcG42J9QDWAdIJ7wIWA1IugPJ
167=tmakp1VcAlACSABAAUgAJ1QOTQGpKQxWTBZIFUAQWxbeu3hIq1iIA3uCYdK0dEBzJHQhUE
168=pMPVxKWHwCj5U9jZZ0VydkAUABSABYCkMlualUtKhbAY96PrwCTAFAAUgAQAFIAEABSABA
169=AS28CVACSABcAkgAKpwmUAJYVVjKXAIqtAJYxCtWMkJYWyV5h2Ih8CO0MEQmTAes8UwTUJ
170=VAcFBNAAa3rlpzcThFSEKDZkKXcj1tXjR+XjR6djhcC1wFA3t1OnJmNEA9TAFUBkgAXwio
171=lUwhyjl7YGygWCW8C0QmWNAnLABIJ1sB5MF/QAdICSS0IAJuVy5oV9S6UPIknyysnk+385
172=yRR1wLvwVvWDAhA0p2azUhmDlTHW1ZMEg2pMJUHlhGUDtUMFAFSABcC0gAWPonLwCBdjkh
173=gEUDcGQzbl8zSHu8AkjwVBVIAL871LZ1J69AR0tZMIwtUBEnCABAcwmziE+zo29VXFqMaT
174=pIZkgARIwJPzUohG86fVwzcW82RymifEhYE0g5oAe+DqV8ImwmJKQ/TJpIJEgAWCVMYVAR
175=rBlYAUSAdBgABXM6iXU5iW06kWU3rZpLo6FQxo5KdGQzJ5wsRAtYJVgBMNxbWA1IAFAISA
176=A5RBhI1ViySNgGal4zn4ZCnm02TApAB0gAQAcqLwCAWStEFEgARCYkr0BxfWQhgC1JYFMp
177=R0jauXm0ckwHSBsI0LBvyK500rN4UVlow0aMQkWA6yP0KwOEZTp0dUwkjySykEtcBVQGqA
178=AnbB1AKFARrFVEI1CeSABAT1gTXAJIAKABVwBINiRYAUgATAFIAECCrwG/ikRQy6wBUKED
179=g286e1szQIVADUBPJCdiqaZPWFtLNqN+RUTCXOlUA6gAKiwAUAhIAFALSAAq5AsqHAFYyk
180=ilUFZMBFglSABEJliFKsQoUNRA+idXDr+scSFQXQnGrXN5jmh0fWBLUVpUKlBKSAB4JQJF
181=WkBDVidMClQkSABIIbgTvBFQOCdcA1gNQARIAKwEQAFIAEwBUCawBVQAUHoDd1cuVE8yNm
182=QEJ7wSUKpU9qwNUHRQmAZycDh4ZTZaQyxcCEgAWxx7hDGgBLQASMa8AkgDQAFIAEABRF9c
183=CKwBXAgnVClIA1h5SFRYx04B5b8lnF8ixCgpBE9UcltMd4ZnIQM+1Ll/Icg5Bti4eaqeaE
184=lPWHQkmElb/XCCYyGwMEcCW2deTwThwIEh6HBMCjDMCF0agYDWUA6kJrAXQCVcBUBwqIpU
185=AwN2bDZ0bj2kF1gBQOuoAKQIrAFAcEAEJ9QeJwwaAoBgM39sIrhtQAdIAAOUm0Z9iC9YxE
186=0NjykURVhbcg69cKw0JxwBTApIAEAHvAtIVCcEFqyLtBWsELRyW0yDjmYhUCFYJVCSRG4o
187=HTpFXUpZJ29Nv6ltIREx2SVFbHxAEKxVbgq+c0NArp5NWOVBEKkpJHcn3AFIGCe8AEwEuC
188=VAAVQVSABQerQStAAnBAFYvkuZp3Y8WAdQBQOKazqIaTlcBUwBSABAAUgAPzwdQL5ID7Sl
189=XA5Ao1B9WDFQelAISABQCH4LfEisAVgBXAWkESoXANK3fSEbZeO8diYEKwZZTFJadn9lTF
190=QiN2rUuYMkSDVEI0gAWCJI2EABJywJTAokRCFcWVxiJ/dkgmMyJ98B5b5zRBFIAKwQWAdc
191=CCd0AEABSD9AwSpUAkwBJ1wAAAPJsWLLtWp6elxRV1iWcUNCRk9AQ1JAzVx3TARIAFgKSA
192=BAAUgAQAFIAEABKuREWAFQAkgAQAFIAEABSAAnfBxAE1h5S1Sqg0pEsEAEQDdQDkwEWBAn
193=CAAE5b9zybVlvBEAAEsPEBkAGq9e5r1w1LJw4sGB28CJe4Jh172J4sKD4cKG47145b5zoq
194=hQo6dQ17Vo5b9zSABQBUgABuC8cOa+c7ywXEgDAAmsnk+8oUuppk/HtWJxUi6zq1nnu27J
195=sWLBrmKsB08EFBQUrAFIA0AHRAJYAUgAQAFHAvr6ADMIAAAC4bx4d4RmUlpdUFhcQENZQU
196=RZQkVoAAk+QVRAQlKEZTpxbzZQCAADxoo+mGg2bFsvd3U7r5FKqnI6hmlAXAIGpIBFvn9E
197=d2Q0TAFIAEwNSABAAQannlKzhUB/XTJMAQZ+dzp3WC7Ah0RMAUgAQAQ2PAJIA0AEA76uYN
198=y4a0cg48OFJzQEJ5QEuBxYBFAFxCYCvnPMtmRIAFACSABfAq2aSUABJwwCCcm1ZaOgULWX
199=Sq6eTUsnxbNlQwe3qVhADUsDvK9eUAVXBrurXUQCpA4trAQABuK/fsKxf7SocGt6ZUFEV0
200=FDWUJEWUFDWEwlcCZYAXAmClZSV1h8fVvEkkvJsWVYN0gMWApMAVgxvzh8WjOsDS1cAAuj
201=oVC6oUvAi0hwbjaLWnApQARIAFAFSABAAS08Aic4AFQkJ2QEUBpQF0gAUAJYDUQdJywAUA
202=hYAVguSANMAUgATApIAEABSABAAUgABqaeTlRBKmpWME8Bn5dLSAADnJFHpZhGSCQnjACg
203=AQbcxpPhw4vlwn9UCSckAkABAALNsXJtfGNNVFqhnXFqeGRKUVhMVGxJBk5WWnCCY1FZXF
204=glaCdMJZhMCU5VW1tnXpmba+HBhEgVSABACrw4BoJvN4d6OYd8PEQOSABIErg0rAFYAVRg
205=BYJ2OH9bL66KfFAnXABYHEQRMAgAUD4nRAZ0PIxGWA1QAkAoUA5oTuRxXAst1AMnfAFAAU
206=gAQgSujGxMrwGej0lbJZ+ZS1glSANQAkgAoAFXAOS/eEgbS0jgvn1ADQnZt3OPjGNycmFM
207=VFpIJAZ6iWl3gGV2f2VDAda5gECCCb+pbXV8YEZLWD9CV0QmSAAJQENYSU9Zc3tf3Lt7SA
208=lYFl8IybZmKvQNBp2lT4GLN4eRPEBkA4OMNJCWPkABWBAnFwyCcDWkcUgSXAJIAEABSAAq
209=rARQAkgAUAJIRUANUCZQSkwNUAJIAFwCLRQGTFtAKLxcKiwSUAVIAFwFSAAGeGE2gW03cX
210=Q4TAEGoqhLt7hVubhWRHQDpJlMkI1GQAFYmlAFVABMNwbSsW/Kr3PVuYJYbUhID05WXHN1
211=X2xsW9O3fuS+eNq9hUgkQBNEIFCnAALQsG95jmhcaF9JTlpLUllwgWRPVm9MS1FaJ1wJWB
212=O/O62pVlRvpBFEIycLAIKIMFglJzgAJxQMRAItJA4qoAQnLABEF0gASBtIAEwNSAC0IVAC
213=SABQAkgAXE2kKVgWUBEnXABAAUgAQARIAEABSABCAaZ2KJwUA5SYQrq4VrwCSANDAbmpVF
214=CYQAFYAQO8p3JqdWNAkUREDFFZXkxTWtS5g+S/fOPBgUQOtCRkDuzKAAnCrHN+g2HZun3j
215=vnjLsHRxfWSBhWOGimdxemMqXAlQC0gAXAukEbxKVCFLAICIMVglSABABFgBSABUYAZ7dT
216=qifEijfkVEcVisWDpYYUBhJ4gEQAFQETBkBExJWCJAbUABUyb/AAAnCABcBUAlQE9cmEwN
217=SABcEUgAQAGkIE8BqZRPWKYCxo5KdGRwqkgDUAJIAEABSABAAUC+UOZAAUC1vNpQj0hpBU
218=pQWnF7YN+8aGlADUgkSABAAaQOrAFIG0sA5MF/fgK/c1ACA8+3g9a5flgBTAFoACmsEEQR
219=A3hkMnx4PE8Nj5dBQActCABQcUh1WE9D4lpDLFgTSABQBUsAtJ9KJywAUAsnDAJIxidcAE
220=ABSABQBUgAQAEnlAQnIABAJVwCSABABEgAQAFIAEABRCBQklAgUGtYAUymvAJPAayeT2oP
221=lkdIA1ACU3fPt2hAAUgDWElkJlDalLRIaVtD4cCBQL5kFJQhRCBQBVt/ybFisB1YAUwHWI
222=VMBKw6VBInfAe8OFAgJ7QgrAdIBkABMGwICbOFQIF4O3Z3OoBZK0wEXEonrBBUhCd8AVAO
223=SABiBKdQQAGsVUygCZSbRn2IL42WPJ6mS1wCoCVYBEwBSABAAUsAj5dEQH9IM0wBcAIjhC
224=BI3kwBJ8wUTAFID1go3AICqVPHtWKjJaCoToAlIiQgQAEGT1Zb2L6L4sKEUGtEIEAfSCFU
225=JEwBP0wHoChUAKQRQAFIAEwBQ0aDbzpYW7SxtB5MCipsCAOSdUmolUxIdUOsp35BYRanIj
226=ApQAFIAFAISABAAUgAQAFIAEABSABAAUgAWHlIAFh5SABQAkgAUAJIAEABSABAAUgAQAFT
227=KYSOOU8EipA6WAFQAkgAWDEnLQByI/gnUAJIAFwCDKSpUZGSP7S1VZ2hSJOZP1CYpAVUJA
228=JMUlrcvk2UerQkQBlAQ1AdWCVAJUgbTEZQBUQCSABUCQSsqnu7tKh4gABcAkgAUAJIAEAB
229=QASoAEwBSABQAkiBBntbM39sOXRkNFgBUAJIAEABSABAAUgAQAFLAHlWL7TADIZpNmlNLH
230=ZrNXRrNXFrO0AESABABEgAQAFIAEABSABAAUgAQwF7hDFYJQOOlj+PlT1cSlBNUH1QAqwB
231=vE1UJEABvAVIBkABSABAAUgAKqQGUAJIAFACSwCQlECnJpCTQEwBVwDiwYEh6CtQj7QkKm
232=QEUF9QQSSsIrgfVABICQaao1WxrJ6yqpuIJXMAuLWdVCcDsqqen6RfVAy4BEABSABcBUgA
233=QAEMv4tKm3JDuqxWrqJVraxVUAJIAFwCSABAAUgAQAFIS0ABSABMAUgAQAEGdnM1eFEpo2
234=03TAFIAFACSABAAUgAQAFIAEABSABAAUgAQAFAbUhyTAFYbVgQSABYSVwCQAFIAFwCLSwA
235=A62uUbCiTVwCRDVIA0ABSABAAUgAQAFYSVBKQCVAcKQCQCJIJEgAXEdIAFCJvEpQBUhmrA
236=RMAUwNJy8At7CfbCSMAFACSABDBKuphkABSABMAUgAWBZAXlA7TAEABqKmUKqpTr21WbOU
237=TZiTS3FkOpWASZWcSFgxvA5YWHTAAmE2eWo3fQWoeJFAAUsAj3o+J0wBQAFIAFACSABcC0
238=AivI9ME6gARCMn/AhYTFACvE1cSkwBJwgAUAgAA725VLm2Wbi4V76yT6B2Q6+WTHluOFwC
239=SABQC0kAjilcCUwBSHJIA0AWWCVUJFgWSABAAUgAXAJIAEgGSABAAUgAQAFIAFNKoqF5WC
240=IDtK6QrKWMSwC1rJ1cSkAESABABEgAQAFDYYGLN0QUTAFIAFACSAALqa1QkpFHk5NFfWU5
241=aVNoRVACaA//5oBjQlAFSABcAkgAQAEPgHY4fVsvkHM7k5ZEjJhCi5Y9vAK8CyfsAy0gAK
242=wEsAKsAUgJQAFIAEABtCRAJUABSABAAQOrkkWgp1NIA0AESABAAUgAQAEwXAlQAkgkSABI
243=JEgAQAFLS7epWFwCSAZIAEABXA5AAUgATAFIALgBQAFIAEgnvAKwAqwBXAInfAdMAVACSA
244=BAAUgAQAEqfBxYAVACSABQAkPBf10yTAFQAif8IwADl4NChow/iHg9jZJEhpVDkptJmaJO
245=TARARlgEQAFIk0gPjVx4QAFQWbwCUDUnLABYBFACpCNQI0ABSABAAUgAQAFIA0AESABAAU
246=gAQAFIAFCVQHBYJURKTAFAAUgDSABIA0jeVCQwvBtUD1RdUKdQREiBWAG8BUgGQAFIAEAB
247=sAKsAVgBUD68BUBkQNBRJo2U+bgEQARIAFgiJ7wAQAFIAFACIuQgiJNMAUL3vKEiACBMAQ
248=t8hDqLmD+5t1OqrVSIkyjMOEAKXAtUAC0IAFwOQApIAEwHSABAAUgAQAEDurhWp6xTJBQz
249=KiwASAMnBAFMAVAFSABAAUgAWCVIAKAlWAFIAFhwQCVQSrzdWAFIY0hLSAZAH0A0QCVYHy
250=d8GVwCSABAB0gAQAFIAEABSABAAbwFXIZcBUgAQAdAJVwCSABABEgAQAEnNz2joFAhojqc
251=kSXUJ0iWAqV8RHtgIpRGJ/ACXAVIAEAHA7KvU3x+PjDMOLxKJ7wASDO8BUgGQAFIAEABSA
252=BAAUAlSyStrVNUACcsAEgnSwC5uFasBFgEQAFIAEABSABAAUgAWCVUAFgBSABAAVAjSLqs
253=AVgBKlQXJ7QLXAJYqUgAQDdMASq8CUwBQF6kuUgqSAZIq0AlUAUnXABQC0D0UJJAuEwBSA
254=BQCCr8CFgBKvwsQAQnJA5MAUgAQARIACrMOFxKpDJMDUABvA5YEFAFA6qvU5WYRFwFQAFQ
255=HUxDTAFUJFBuSG9EJkgkA6+0VJ2hRlwsTAFIAEQmTgGOlGhXUAVYAVwISABMAbQAoAE/LA
256=BUEkg2UES0EkATQAFIAFACrAdQI0ABSABACkgAQAFIAEABLV8AcmQ0JwUErCZ8UlgEUAUq
257=/CxYAVACLSQFCXVlNpl6RIZpQK6KQCo8AicMAkgGQAesRkEipyNwIlACSABMASdcAEwESA
258=BQAkgAQAFIAEABRCNIJ6wBWAFQBbQnTAGwAlQASABYAUgAQAFIAEABSABAAVARSGlMlEwB
259=pGtEI0wBvAJMAVglSEhIYLw4SEtQBawHWARAAUgAQAFIAEABSAAnzAhEIEhvJHQ8QHBABE
260=gAQARIAEQpJywARCknXDYIeXs9n4VDn3A9qnIi4C2vBI+VPUABSABAB0gAQAFISKxJWBxI
261=SFBHvAJIA0ABSABQAicsAEBMrAFITi1kBLwCXAVcCEgAWCinArurXUABSABIA0gAQAGkI0
262=AlKrwGRCNIAEgkSABAASdkDVRsWARcTVwFUAJYB1AISABQCKQpQHZQAjDMCE8EkI1GSANA
263=AUgAWHMFpp5OnG89dHQonSOtI6RXrwR/Wy9AAUgAUAVIAEABSABAAUgAJ9cDsa9VWG1ISE
264=ABXEpABEgAQARIACeMAEwBKmQEJ8QNXAJYIkgARCNMAUAHSABAAUgAQwH///9UAEgAWAGk
265=uawBWAFAfycsAEBJtCFAIidcACpMByosAEwHQAdIAEABSAAnvABMAQmpn02Rh0qTbD+Dcj
266=UnVE1cAlAFSABAAUsAVEEqSwO0tVVMAVACSABAAUgAQAFIAEMBgFkrQAFIAEwBSAAqBARQ
267=AkgAUAJIAEABSABAAUgAKmQEUAJIAFACSAAqxA1QAkgAUAJIAFglSAAtxAQRAAA=

[AITriggerTypesEnable]
043F40BC-G=yes
043F521C-G=yes
043F874C-G=yes
044082BC-G=yes
05CB5B6C-G=yes
05CB830C-G=yes
05CBAEDC-G=yes
05CBC04C-G=yes
05CBC19C-G=yes
05CBC2EC-G=yes
05FC088C-G=yes
05FC0C9C-G=yes
05FC13EC-G=yes
05FC1A8C-G=yes
05FC1C5C-G=yes
05FC333C-G=yes
05FC37CC-G=yes
05FC3C9C-G=yes
05FC50EC-G=yes
05FC747C-G=yes
05FC75CC-G=yes
05FFA7DC-G=yes
05FFB18C-G=yes
06002BFC-G=yes
0611A1EC-G=yes
0611A33C-G=yes
0612B11C-G=yes
0612CD8C-G=yes
0612EAEC-G=yes
0612F46C-G=yes
0612F9AC-G=yes
0616004C-G=yes
06C551AC-G=yes
078F4B2C-G=yes
07C04C7C-G=yes
07C04EDC-G=yes
07C0B14C-G=yes
07C30A5C-G=yes
07C310BC-G=yes
07C3266C-G=yes
07C329FC-G=yes
07C330CC-G=yes
07C33DDC-G=yes
07C4853C-G=yes
08A3EEDC-G=yes
08B902EC-G=yes
08B90B1C-G=yes
08B911BC-G=yes
08B9154C-G=yes
08B9213C-G=yes
08B9305C-G=yes
08B9356C-G=yes
08B940EC-G=yes
08B9423C-G=yes
08B9483C-G=yes
08B9586C-G=yes
08B9641C-G=yes
08B9708C-G=yes
08B9767C-G=yes
08B97C6C-G=yes
0A31295C-G=yes
0A44F17C-G=yes
0A44F2CC-G=yes
0A452C6C-G=yes
0A452E5C-G=yes
0AA845AC-G=yes
0AA846FC-G=yes
0ABC484C-G=yes
0AD2BAEC-G=yes
0C0C7AEC-G=yes
0C0D184C-G=yes
0C0D251C-G=yes
0C1245AC-G=yes
0C1246FC-G=yes
0C32599C-G=yes
0C32D84C-G=yes
0C87B45C-G=yes
0C87B99C-G=yes
0C87E5AC-G=yes
0C8B81BC-G=yes
0C8BC5AC-G=yes
0C8C2AEC-G=yes
0C8C2C3C-G=yes
0C8C430C-G=yes
0C8C4C3C-G=yes
0C8C51BC-G=yes
0C8C56FC-G=yes
0C8C645C-G=yes
0C8C6EDC-G=yes
0C8C71BC-G=yes
0C8E2C3C-G=yes
0C8EE1BC-G=yes
0C8EEAEC-G=yes
0C8EEEDC-G=yes
0C91D45C-G=yes
0C92C1BC-G=yes
0C92C45C-G=yes
0C955AEC-G=yes
0C955C3C-G=yes
0C9561BC-G=yes
0C9565AC-G=yes
0C96F45C-G=yes
0C96F5AC-G=yes
0CA1F84C-G=yes
0CA24D8C-G=yes
0CA2A04C-G=yes
0CA2B06C-G=yes
0CA2D99C-G=yes
0CA2FEDC-G=yes
0CA5945C-G=yes
0CA6621C-G=yes
0CA6AEDC-G=yes
0CAD0B2C-G=yes
0CAD0C7C-G=yes
0CAD0DCC-G=yes
0CAD130C-G=yes
0CAD145C-G=yes
0CAD25AC-G=yes
0CAD2AEC-G=yes
0CAD2C3C-G=yes
0CAD5AEC-G=yes
0CADD99C-G=yes
0CADDEDC-G=yes
0CB29EDC-G=yes
0CB2CEDC-G=yes
0CDF899C-G=yes
0CDF8D8C-G=yes
0CDF8EDC-G=yes
0CE2395C-G=yes
0CE23AAC-G=yes
0CE26B5C-G=yes
0CE26CAC-G=yes
0CE2E8DC-G=yes
0CE2EA2C-G=yes
0CE44D0C-G=yes
0D022B1C-G=yes
0D022C6C-G=yes
0D052AEC-G=yes
0D0803CC-G=yes
0D08461C-G=yes
0D0848BC-G=yes
0D084A0C-G=yes
0D084B5C-G=yes
0D0873DC-G=yes
0D087D8C-G=yes
0D0B3B9C-G=yes
0D2769BC-G=yes
0D2C41EC-G=yes
0D2C448C-G=yes
0D2C45DC-G=yes
0D53099C-G=yes
0D53130C-G=yes
0D53430C-G=yes
0D535EDC-G=yes
0D62145C-G=yes
0D6215AC-G=yes
0D6216FC-G=yes
0D62199C-G=yes
0ECCB2BC-G=yes
0ECCB40C-G=yes
0ECCB55C-G=yes
0ECCB7FC-G=yes
0ECCBC3C-G=yes
0ECCF14C-G=yes
0ECCF29C-G=yes
0ECCF68C-G=yes
0ECCFA7C-G=yes
0ECCFCAC-G=yes

[Africans]
IQ=0
Edge=North
Color=DarkRed
Allies=Africans
Country=Africans
Credits=0
NodeCount=0
TechLevel=1
PercentBuilt=0
PlayerControl=no

[Alliance]
IQ=0
Edge=North
Color=Gold
Allies=Alliance
Country=Alliance
Credits=0
NodeCount=0
TechLevel=1
PercentBuilt=0
PlayerControl=no

[Americans]
IQ=0
Edge=North
Color=Gold
Allies=Americans
Country=Americans
Credits=0
NodeCount=0
TechLevel=1
PercentBuilt=0
PlayerControl=no

[Arabs]
IQ=0
Edge=North
Color=DarkRed
Allies=Arabs
Country=Arabs
Credits=0
NodeCount=0
TechLevel=1
PercentBuilt=0
PlayerControl=no

[Basic]
Name=Interactive flow (6)
Percent=0
GameMode=standard
HomeCell=98
InitTime=10000
Official=no
EndOfGame=no
FreeRadar=no
MaxPlayer=2
MinPlayer=2
SkipScore=no
TrainCrate=no
TruckCrate=no
AltHomeCell=99
OneTimeOnly=no
CarryOverCap=0
NewINIFormat=4
NextScenario=
SkipMapSelect=no
CarryOverMoney=0.000000
AltNextScenario=
MultiplayerOnly=1
IceGrowthEnabled=yes
VeinGrowthEnabled=yes
TiberiumGrowthEnabled=yes
IgnoreGlobalAITriggers=no
TiberiumDeathToVisceroid=no

[British]
IQ=0
Edge=North
Color=Gold
Allies=British
Country=British
Credits=0
NodeCount=0
TechLevel=1
PercentBuilt=0
PlayerControl=no

[Confederation]
IQ=0
Edge=North
Color=DarkRed
Allies=Confederation
Country=Confederation
Credits=0
NodeCount=0
TechLevel=1
PercentBuilt=0
PlayerControl=no

[French]
IQ=0
Edge=North
Color=Gold
Allies=French
Country=French
Credits=0
NodeCount=0
TechLevel=1
PercentBuilt=0
PlayerControl=no

[GDI]
IQ=0
Edge=North
Color=Gold
Allies=GDI
Country=GDI
Credits=0
NodeCount=0
TechLevel=1
PercentBuilt=0
PlayerControl=no

[Germans]
IQ=0
Edge=North
Color=Gold
Allies=Germans
Country=Germans
Credits=0
NodeCount=0
TechLevel=1
PercentBuilt=0
PlayerControl=no

[Houses]
0=Americans
1=Alliance
2=French
3=Germans
4=British
5=Africans
6=Arabs
7=Confederation
8=Russians
9=YuriCountry
10=GDI
11=Nod
12=Neutral
13=Special

[IsoMapPack5]
1=Vw8AIAEyAAEAgAAECAAxAAIAJW8BBwAySQEdawEIADNIAWQBBQAJADAAAwAhbAFvBQMAHq
2=kBMlQCmAZuBQMAmwYJADRUAnwDAwAKAC8ABP0KMEgBgARlCASxCQlVDQSzCQkAM0AEkAll
3=CASzCQoANVQCkAkCCwAuAAW5BghdCgW5BghFEwWoDH0KBbgGfArNBQpcCs0FCkQTzAV8Cs
4=8FCwA2XAqIDAIMAC0ABv0KLkgBmBF1DQagD3wgwQQJTSYGoA91DQagD3QNzQULVA3NBQtU
5=GMwFdQ0GkA0BAAwAN0gMjAECDAAsAAfpDC1IAZ0rCUUeB7kRCUUeB/UNMEAEjTEKTBDBBA
6=pEKcAEbRAHuBFtEAeEDFUNNVgGjQEMRB4nVQA3KFUAOCgrACsACKUICEQTyQEJVSMIsRQK
7=RRMIpRMKRBMnKQAwWAaMJmQTzQULRBPDBAsAM+AEZRMIlBGEEycpADZABJgCdCMnVQA4KF
8=UAOSgpACpcUoMlCAArSAGAD30VCagXfBXIAX0VCZoKAAtdFQm1GAtNRwm1GAtFKQm8K3wV
9=zQUMXBUnKQA0SAyJCAxUOSdVADYoVQA3KCkAOCgpADkoKQA6KCkAKUxj0WEqSAGVOQlVGA
10=q5EQlVLgq4EXUYCqAadRgK6RcvWAaEHnUYCoATRSkxVAKNAQxULidVADMoVQA0KCkANSgp
11=ADYoKQA3SQGNawgMADhJAYepATlIAWQBSQw6KCkAOygpAChAK5cYCAApSAGHEwgAKkgBmB
12=xtGwupFwpNGwu5HApFSgu4HG0bC7gcZTQLkA1VDTBECI0BDEQ0J1UAMihVADMoKQA0KCkA
13=NUgB1Rg2SQGFaAhnSgsAiKkBOFUCg6kBOUgB2Rw6SAFwAkEPOygpADwoKQAnRAODGgcAKO
14=gBZR4MrRsJRR4MoBplHgygGmQewQQLRR4MsB98mcwFZR4MnA5NCjBMAIwBZB4nVQAyKFUA
15=M0gBzRs0SAHNGzVIAcEaNkkBhmgIZB4nBQE4VQKQtQI5SQGKqQE6SAFkAVkAO0wAyQE8KC
16=kAPSgrACYADaMaBgAn6AF8INQCfCDIAX0gDbkcClVaDagifCDABH0gDZANWQsuUAmNAQxM
17=cydVADAoVQAxKCkAMigpADNIAcEaNEgBwTs1KCkANkgBySI3SAHNPDhIAdUNOSgpADooKQ
18=A7KCkAPCgpAD0oKQA+KCsAJQAOuxwGACZIAZhedSMOoCV0I8gBdSMOnA5VgCpMBYWXC1Qj
19=xQgLXWIOoCV0I80FDEStJykAL1gGiQgMRJcnVQAxKFUAMigpADMoKQA0KCkANSgpADZJAY
20=x0CXZEDgDBJThUAsElOUgBfANFNDooKQA7KCkAPCgpAD0oKQA+KCkAP0kBJmgIAgsAJAAP
21=qCJ94A+1ZQdNJg+5JwdFSg+wH20mD3EGAEW9KVkGMXEBDERr1QIMTCYnKQAsQAR8A1EULS
22=gpAC4oKQAvSQGsIpwjbyYPAKapATFUAs1oMkgBxR4zSAHRCTRIAcEENUgB0Ww2SAHBJTdI
23=AclOOEgB2Wk5SAHFCDooKQA7KCkAPCgpAD1JATdzBQwAPsgBAQEMAD/IAUEaQMgBVwIjAB
24=C1IwVFKRAoJAXIAWUpEGgJbSYnTAWNAQhMlCdVAClUAmUpAnWyEFOpAAADZSkQTNxUBSIE
25=IswFIhQkJykALlgGWQMAWREvSQGvuScwSQGpqQExSAHVcDJIAckiM0gBzSY0SAHNJjVIAc
26=EENkgBzSY3SAHJDDgoKQA5KCkAOigpADtJATlzBQwAPMgBAQEIAD1IAWQpTRs+ygEDCEYp
27=EADVAkAoVQBBSAFgCFNLIgARt08GACMoKQAkSAHdeCVIAdW9JkgB2QYnKCkAKCgpACkoKQ
28=AqSAFpLQUiXSIRnCtFEyxVAjNICFUuLUgBRAFxKi4oKQAvKCkAMCgpADEoKQAyKCkAM0gB
29=1S40SAHFKTVIAd0KNigpADcoKQA4KCkAOSgpADooKQA7SAF8K10VPEgBkAl9KxGEAU0mPi
30=hVAD8oKQBAKCkAQSgpAEJIAZl/B119EvNWIgASWAFfCQcAI0gBmaAHVVoSrDEiESsSrF11
31=WhJABUkACFyDJykAKFgGiHptqhKoenRaJ4EAK0AEUAZxYSxIAXQuTTEtSAF4MklZLkgBgA
32=RkztgGfIMnKQAxKIEAMigpADMoKQA0KCkANUgByYU2SAHNiTdIAckMOCgpADkoKQA6SQE/
33=ZwQMADvIAUlZPEgBcAJJLT0oKQA+KCkAP0kB+2tvCABASQH1qQFBSAHZBkIoKQBDKCsAIA
34=ATsSoFUS8TKCwGyAFtMROACEEPJEwFjQEISAYnVQAmKFUAJygpAChIAZCCbzETAKK5ESpU
35=AoStZGAnBQEsVALdCi1IAWwxXUwuyAFdYi9JATVkBG4xEwBoAU2fMVQCcAJdNjIoKQAzKC
36=kANCgpADVIAd1iNkgB3WI3SAHFCDgoKQA5KCkAOkgBbTECbTETRIdRowhEjCfpAj1ABMlO
37=PkgBzRs/SAGcCmwxJ60AQShVAEIoKQBDKCkARCgrAB8AFLteBgAgKCkAIUgByZAiSAHJkC
38=NIAdUNJCgpACUoKQAmKCkAJygpACgoKQApSAHRNSpIAdE1K0gBwRosSAHJDC0oKQAuSAFw
39=NU1oL0gBeDJdNjDIAUWtMUgBYASFNBSACEkBM1QCjwEMADRJAYBJQwEiJjwUAGkBAiInPB
40=QAgVYCAAtctKgBQQQ4TAXZBjlJATpvAQwAOsgBSWQ7SAFwAkVVPCgpAD1IAc0bPkgBlNNs
41=wNgRZDQnKQBBQATFCEJIAXyDUQlDSAFsG0kBRMgBVQ1FSQE7UQUBIp1CFbA1BAcAHwAVAC
42=JWAgAHXTYVSGpMAXScJ4EAIkAEiTgHVZwVVANJAAhUnCcpACVABEwCbZQmKCkAJygpACgo
43=KQApKCkAKkgB2RwrSAHZHCxIAdEJLSgpAC4oKQAvKCkAMCgpADFIAXw2VTkyyAFVcDNIAW
44=Q0SQE0yQEEfTYVnDYBBQoANlQCfjYDCl02FYg4QQQ41AIBBQwAOUgBfDZdCjpIAcUTOygp
45=ADwoKQA9KCkAPigpAD8oKQBAKCkAQSgpAEJJATxjCwQAQ0gBfDYBAgQARMgBAQMEAEVIAX
46=wDAQAEAEYoKwAdABZMml0CB0U5FlwASQAIVjkWAMHVICiBACFIAVgDZTQiKCkAIygpACQo
47=KQAlKCkAJigpACdJAfdgXCInJhYA76kBKVUC8akBKkgByQwrKCkALCgpAC0oKQAuKCkALy
48=gpADAoKQAxKCkAMkgBYDtFdjNIAXY5BghVcBaKOAcISKuqAQgJVTkWijgGCVQ5qAFBBDhY
49=Bm48CAhUOSehBDpUAt0VOygpADwoKQA9KCkAPigpAD8oKQBAKCkAQUkBg1wgUWxCyAFJOE
50=NJAbJUAl02REgBlA12ORYA1QJGKFUARygrABwAF4gFUXcdKCkAHigpAB8oKQAgKCkAISgp
51=ACIoKQAjKCkAJCgpACUoKQAmKCkAJ0kB9nwVbzwXAO2pASlVAvSpASpIAYgTbOEnkQIsKF
52=UALSgpAC5IAdnML0gB1bIwSAHFCDEoKQAyKCkAMygpADRIAXk9Cm08F5o9CwhNPBeOPAkI
53=TDyoAUEEOEwF3Qo5KCkAOigpADsoKQA8KCkAPSgpAD5IAcFcP0gB1VpASAFgOwEEBwBByA
54=EBBQcAQskBBmZ2FwBhBAdkdsgibDwnKQBGTAWHEwQARygpAEgoKwAbABgkDyMHABxIAY0F
55=CEUCGIQBUUAeKFUAHygpACAoKQAhKCkAIigpACMoKQAkKCkAJSgpACZIAcUeJ0gB2T0oSQ
56=HwuT0pSAGQECJEKic5AisoVQAsKCkALSgpAC5IAd26L0kBp7EJMEkBpKkBMSgpADJJAaa1
57=AjNIAdkRNEgBxYw1SAHNMTZIAdkRNygpADgoKQA5KCkAOigpADsoKQA8KCkAPSgpAD5JAf
58=qtED9IAc1dQEgBYTsIZT8YjjwJBkQ/qgEKBUy1qQELZD/UI2Q/JykARkQInBVkPydVAEgo
59=VQBJKCsAGgAZSD5XBQYAG+gBfUEZSAJIAHxBJykAHkAETAJxuR8oKQAgKCkAISgpACIoKQ
60=AjKCkAJCgpACVIAdUuJkgB0UAnKCkAKCgpAClIAdkyKigpACtIAcU0LEgBxRMtKCkALigp
61=AC8oKQAwSAHVRDFJAaKhMDJJAaWpATNIAdkyNEgBxRM1KCkANkgBwQ83SAHBDzgoKQA5KC
62=kAOigpADtIAcGTPEgBzVI9SAHBUT5IAdEJPygpAEBJAYJkE35BGQBpAQF8QakBAnxBqAFB
63=9kRMBYQIfEHcNmz3JykARyiBAEgoKQBJSAGPMQQASkgBjRsEQQEaJFMmBgAaRAAjJCZ1RB
64=qgRnVEGpANSYUdQASPAQgAHigpAB8oKQAgKCkAISgpACIoKQAjKCkAJCgpACVIAcXDJkgB
65=zTEnKCkAKCgpACkoKQAqKCkAK0gBxWssSAHRFC0oKQAuSQE0eAIijGonQQMwVAJwAk0bMU
66=gBwUYySAHZijNJAap4MiJOIBoA0RQ1VALRFDZIAcEPN0gB0Qk4KCkAOSgpADpJAfmxCTtI
67=AdUNPEgB1Q09SAElnSo+SAHNBT9IAd0KQEkBgkQIncUalEScxakBBnzFqQEHdIbYHHREJy
68=kARkQIkAl0hidVAEgoVQBJSAGYHHdEGgBicwUEAEtUAmoBAQRRihskYSgFTUcbtERtRxu5
69=SAdEjMAEbUcbfAdtiR1cAowBbEcnVQAfKFUAICgpACEoKQAiSAGTVggAI0gB3YMkKCkAJU
70=gBzTEmKCkAJygpAChJAfJMJk08KUgBzQUqSAHd0CtIAcUTLCgpAC1JAT17AgQALkgBbEcB
71=AgQAL8kBAyI1dRsjbFBdCjFUAmgFSQEyKCkAMygpADRIAdGNNUgBwUY2SAHZBjcoKQA4KC
72=kAOSgpADpIAZsyCAA7SAHdIDwoKQA9KCkAPkgBzRs/SAHJDEBJAf29IEFIAXpICQhFzhuZ
73=SApsR9gybEcnKQBFTAWECGSMJ1UAR1QCmzIEAEhIAZsRBABJSAGcK21HG4xHTSZLVAJsR0
74=WXTEkBPkwQSwEXABxQiEULBkRKJykAGVQCyZAaSAElPT8bSAFEBXlIHCgpAB0oKQAeKCkA
75=HygpACAoKQAhKCkAIkgBzTEjSAGcFSK9ORwmRSolVALARgUmABwA7QEAABEAAGcQACAIAA
76=gAJwAcAPABAABLASgAHFwASwAIAClJAfq1AipJAfSpAStIAVgDbQUsSQGDVAIBAQgALcgB
77=AQIEAC5IAYMEBAAvSQE0TAEBBQQAMEkBMUgBQQQxyAEBAwgAMkkBM1QCQQ8zSAFkAUkBNC
78=gpADUoKQA2KCkANygpADhJAfdMEFkGOUkB76kBOkkB7akBOygpADwoKQA9KCkAPigpAD9J
79=AfG5BkBJATp/EQgAQcgBAQEEAEJIAXACAQAEAEMoKQBESAGPEAQARUgBhwgEAEZIAc0FR0
80=kB9n8KBABISQF5ewIEAEnIAV0KSkkBYLUCS8gBVQJMSQE+WAZJAU1JATxIAUMPFgAdRABT
81=BQYAF0EBIUQBAQAHABhJAR6pARkoKQAaSQEltQIbSAFkAUElHCgoAMgJdTkeKFUAHygpAC
82=BIAY8bCAAhSAGPGwgAIkgB0QkjSAGPGwgAJEgB2UglSAHBBCZIAcEEJ0gBwQQoSAHBBCko
83=KQAqKCkAK0gBcEsBBAcALMoBBQdeTB0AdQIGfEypAQd9TB2MCVUjMEwFjwEEADFIAWhOVU
84=8ySAF8TFVPM8gBVU80SAGPBQgANSgpADYoKQA3KCkAOEgB1Rg5SAHRSzpJAfJ7MggAO0gB
85=1QI8KCkAPSgpAD4oKQA/SAHZaUBIAXxMRRNBSQH9cAl8TCdBA0NUApMUBABESAGAcn5MHQ
86=CUDX5MHQCbXgQAR0AE1QJISAF8TF0KScgBAQMEAEpIAXxMVQJLyAFVAkxJAW9vDAQATcgB
87=SU5OSQFstgIVANNDBQAW6AF0T9QCdE+MT3lIGUAEdAZdTBooKQAbKCkAHCgpAB0oKQAeKC
88=kAHygpACBIAdUuIUgBjBt1Tx6nHggAIyhVACRIAdFLJUgBzRAmSAGMJnacHgDVLihUAsEE
89=KSgpACooKQArSAF9TAh1Tx6KTgkGVE+qAQoFVJypAQt1Tx5AYlgJdJzcIHRPJykAMlAJWQ
90=MAWVMzSAFgUU1SNEgBeFNBJTVJAftnPwgANkkB86kBNygpADhIAd1MOUgB2Rw6SAGcCnZP
91=HgDBJTxUAsElPSgpAD5IAdkGP0gB2QZASQFFbAF1nB5WlwAART9CVAJwAl0VQygpAEQoKQ
92=BFSAGUDXVPHuFRR1QCgA93nB4AYmgIdJyoAV0KSkEEPkwbSU5LSQE9SAFBUUxIAXRPSQFN
93=yAFBBE5IAXRPWQZPSAGcjgMEABQAHwCfmQQAFUkBHWgMbFLAlmxSyAFtUh94A6xSJykAGl
94=gGmwIIABsoKQAcKCkAHSgpAB4oKQAfSAHZoCBIAZgcZaIfsB9sUicpACMogQAkSAHVLiVI
95=AcEPJigpACcoKQAoKCkAKUkBJ3MFBwAqSQEgqQErSQEjqQEsSAGIGmxSbBNZAgVMUo8CAA
96=AFRO/UAmxS1AJsUicpADJFCPlAME08M0gBXAd5UzRIAWxSTTE1yAFdpDZJATVnBAgAN8gB
97=Sf44SAFoWV1XOUkB/HMJCAA6SAFoBVUCO0gByW88SAHNJj0oKQA+SAHVIz9IAdkGQEgBhB
98=NtUh+OUgQIRO+oAUFnQ0AE3aRESQGyYA9moh8AlA1sUswxZKInKQBITAVsUk0bScgBXUxK
99=SAFg611MS0kBPbEJTEkBdXwRZqIfAGgBQQRO1AJFCE9IAYsXBABQSAFoBUYpEwBgllEBBU
100=RVJykAFVQCkFZkVXzpQARlVSCoWWRVhDykVScpABpYBkQFdQIbKCkAHEkBrHEUCFuzIACm
101=qQEeVALNBR9IAZ0gCEIBIADVhiFQAckBIkgBzTEjKCkAJEgB0aMlSAHRCSYoKQAnKCkAKC
102=gpAClIAYxKZFXLFwcAK1QChAh0p3xlUAFkVcgBZlUgAIFcBEVVIFS4QARkVcQIZFUnKQAy
103=UQn4exwEADNIAUQFpFUngQA1VAJwVklDNkgBZFVFNDfIAU08OEgBZFVVAjnIAVVaOkgBkA
104=l0p9MJCAA8VALZJz1IAcElPkgBmz0IAD9IAdkGQEgBhBNlVSBY81wCZFWoAUFGQ0AETAJ9
105=FUQoKQBFKCkARkgBwalHSAGUDXenIABmfAZ0p6gBUQlKQAR0AlUYS0kBOkgiVQJMSAF4U1
106=kcTcgBAQQEAE7IAUkiT0gBiBdkVdscBABRVAJkDFJWEgAjCCl9TBNJASl5AgZeVyEAyQEV
107=KFUAFigpABdIAWgFQX0YKCkAGUgBIsQvVQIaSAHBBBsoKQAcSQGvSBdBBB1JAaKpAR5JAa
108=SpAR9IAdVaIEgBxQghKCkAIkgBxTQjSAHRViRIAc0FJSgpACYoKQAnSQGASAwBAQcAKMoB
109=AgdJHCG0T31XIa1SBlxXfGVbCQYALEwFkK59VyGofXxXyAF8V9snBAAwTAVQBnk9MUgBn8
110=UEADJIAcEwM0gBwQQ0KCkANSgpADYoKQA3KCkAOCgpADlIAWhZQTs6SQFVdAl+VyEAyaY8
111=VAJwAl0rPUgBk0sIAD5IAZBLfVchJvEkQChVAEFIAYzsfVchiFlRrkNVAkRUCVUNREgBRA
112=FtG0UoKQBGSAGMMWWtIazhfVchnFdNUklABHFWBCLsKbQCUQlLVAJ8V0EETEkBO1kyAmet
113=IQB0bAx8V6gBQVxPQASIF35XIQCQFHxXJ9UFUkAEdAZLWREAIiHWLwAAUQkSyAFBfRNIAc
114=1SFEgBjwUIABUoKQAWKCkAF0kBO2cECAAYyAFNEBlIAWQIXQoayAFdChtIAWgFSS0cKCkA
115=HUkBq0AaVAIiWSiiqQEfVQKlqQEgSAHZBiEoKQAiKCkAIygpACQoKQAlKCkAJkgBaFlNEC
116=fJAQR2WiIAdgIFBlRacLxTDAYAKkAE3VcrSAGRrgVUWsMEBQAtVAKABHVaIqBcdVoiWAdI
117=AHRaJykAMUwFhEp1WiL5PTNUAiUBMjRIAcU0NUgBXAdhRjYoKQA3KCkAOEgByWQ5SAHZBj
118=pIAXVaAXZaIgDZqzxUApMJCAA9SAGMEHRazBB1WiLp3UBABIBGdrIiAIhvdFrXGAgAQ0AE
119=JdErRMgBTTxFSAGIDCL8IMwFdVoiJlUhSEAEnAp3siIAZHAFdFqoAUUIS0AEdFpJAUxIAX
120=RaTVJNSAFgtEkBTsgBQQRPyQECdFrQFHRaJ+EBUkAEZAxZBlMoKQAQsJVxKhEoKQASSAHB
121=4BNIAcVVFMgBVUQVSAF44k1SFsgBXSsXSAFsXU0QGEgB1Q0ZKCkAGkgBcAkBBQQAG0gBaA
122=xFCBxIAYwFIgYiIwDRuR5VAqehXB9JAamoAcj7bMvcrGkBIkAExQgjKCkAJEkBOXsCCAAl
123=yAFBJSZIAXZaBgRRsyOCXAcERLiqAQgFTF0iFCNdBgVMXScpACtYBtVaLEgBWgMAAG1dI1
124=QIUwEEAC5UAoAEbF2AAXEqMFQCzVIxSAHZPTIoKQAzSAEjHyUEADRIAZPPBAA1SAFUCmUI
125=NigpADdIAdEJOEgB0Qk5SAGPUgQAOkgB0So7SAElBS08SAGQCW1dI7RPbV0jJvE6PyiBAE
126=BIAdFhQUgBhBNvXSMA9aEwQ1QC0QlESAF4Xl26RcgBQTtGSAGABGxdJx0ESFQCnAptXSOQ
127=uUFRSlQCcLlZMkvIAU1HTEgBbF1VAk1IAWxdXbpOyAFBv0/IAVUNUEgB0R9RSAHBD1IoKQ
128=BTSQFMWAJZU1RJAUirAQ8AJEABSwAEABAoKQARKCkAEigpABMoKQAUSAHdVxVIAWRgXRUW
129=yAFRFBdIAVQKfTYYKCkAGSgpABooKQAbSAFwNUUIHMgBRWsdSAFoDF1iHkgBkQkIUKjcFS
130=IMLicpACEogQAiSAF4EVkGI8gBRR4kSAFkYEkMJUgBkwkEACYoKQAnSQGAQTsKZmAkAGoB
131=CwREYCLwLlUFBEVgJExjiQErTAVCAQAAdb0k+V4tVAKUPGRgxBNkYCcpADBABMU/MUgBh0
132=oEADJIAd02M0gBnApnYCQA2FgRSUM1VQLSqQE2SAEjM0MEADdIAcUIOCgpADlIAdEJOkgB
133=0So7yAFRKjxIASKQI1UjPUgBlA1kYNAUdL0nKQBAQATBZ0FIASVpNEJJAaZ4EXS9J60ARF
134=UCP3cJCABFyAFRVkZIAXACVRhHKCkASEgB3SBJSAF4XkFGSsgBVVpLyAFVWkxIAWRgQQRN
135=SAEiDDlJOE5JAXJjCwQAT8gBVQ1QSAHRH1FIAXwDQQ9SSAF4XgECCABTyAFdIFRIAYMECA
136=BVKCkADlijlwIEAA8oKQAQKCkAESgpABIoKQATKCkAFCgpABUoKQAWKCkAFygpABgoKQAZ
137=SAGfKwQAGkgBnCtkwyNsO21oHFQCdDlJIh1IAXxiXSAeyAFAGiXwRmzAIvA7ItxTTTwhQA
138=RoAVUjIkgBfGJZBiPIAVEqJEgBxR4lKCkAJigpACcoKQAoKCkAKSgpACpJAR1rCAQAK0gB
139=ZAGcYiVTRgQALfQCfGInQQMvVALFuDBIAd02MUgBhAh9YiUkiyIEADMoVQA0SQHXdE9kww
140=ElABYCVwUEADZVAtC1AjdIAdVlOEgBWAN5JzlIAclOOkgBJUEkO0gB0So8SAF8YlUjPcgB
141=USo+SAGECHxiyxcIAEAoVQBBSAHV9EJIAcnzQ0gB2QZESAF8YlVPRcgBVS5GSAGABGTD3A
142=oibS8lqNJlwyUmCShKTQVjcwUEAEvIAVU5TEgBIrxPSQFNyAFNXU5IAXxiVRhPyAFVDVBI
143=Ad0rUUkBS3MJCABSyAFRo1NIAXACQUZUKCkAVSgpAFYoKQANUKaPBQQADigpAA8oKQAQKC
144=kAESgpABIoKQATKCkAFCgpABUoKQAWKCkAFygpABgoKQAZSAGULndlJgCipT8bVQKkqQEc
145=SAHNaB1IAd0VHkgBYGdNaB9JATJ4AnbIJgBoZAECBAAhVAJwAkUpIigpACNIAc1zJEgByQ
146=wlSAHJDCZJAY18BiIfJSYAh6kBKFQCZAFRCSkoKQAqSAGQpnRlJQtIBAAsVALJxy1IAdkG
147=LigpAC9IAd1XMEgB1TkxSAHNBTJIASNAL3VlJunHNFQCyWQ1KCkANigpADdJAdGtJjhIAc
148=3LOUgBJUklOkgB1Q07SAHVDTwoKQA9SAFgZ1EqPkgB0So/SAFoLUVKQEgBmAYizTAmhAFV
149=AkIoVQBDKCkAREkBQ2gEdsgmAGgBQVxGVAJwAkUpRygpAEgoKQBJSAHVI0pIAXRlVTlLyA
150=FFYExIAXRlSQFNyAFBBE5JAX5gC3bIJgBoAVUNUFQCxR5RSAF0ZVF3UkgBaAVJF1MoKQBU
151=KCkAVSgpAFYoKQBXKCoADADLqQMADUgBkAlsaCPYOG2UDyhVABAoKQARKCkAEigpABNIAc
152=lOFEkBhXQJIt1eJ/VPFlQCcAJNJhcoKQAYKCkAGSgpABpIAdlpG0kBp71BHEgBn5kEAB1I
153=AdEJHigpAB9IAXg9TCYlxFF0GCWgR2kBIkAE2AYibDDIDCK9JKKpDCVBBKWpASZJAZBwBW
154=9oJwCKqQEoVAJkAVUYKSgpACooKQArSAHVyCxIASWpPC0oKQAuKCkAL0gB1VowSAHNPDFI
155=AckMMkgBJw4NJwDZzDRUAicNDScoxBknKQA3KIEAOEgBCdIBAAAABAA5ACcA9hEAAK0QAC
156=AIAQAAAAQAOgAnAPSrATsAJ0gCSwAEADwoKQA9KCkAPkkBMlwDAQEEAD9JATRIAQECBABA
157=yAEBAwgAQUgBUAICAAAIAEIoKQBDKCkARCgpAEVJAUNQBQEECABGyAEBBQQAR0gBUAJlE0
158=goKQBJSQH6sRRKSAHdFUtJAUxQBQEBCABMSQFFSAFBD03IAVEUTkkBflQCURRPyAEBAwQA
159=UEgBxQhRSQFWQARZBlJIAWQBSQFTKCkAVEkB92MPCABVSQHvqQFWKCkAV0kB8bUCWEgBxA
160=gCCwAoAClvAQIADEgBZAEBAAQADSgpAA4oKQAPSQGsZwgEABBJAaSpARFJAaapARJIAcUI
161=E0kBkG8BBAAUSQGDqQEVSQGGqQEWSAFkAVUNFygpABgoKQAZSQGNZwQEABpJAYepARtIAW
162=QBWQYcKCkAHSgpAB4oKQAfKCkAICgpACEoKQAiKCkAIygpACRJAa+hGiVJAampASZIAcEP
163=JygpACgoKQApSAGDMAQAKkgBgzAEACtJAe2lCCwoKQAtKCkALigpAC8oKQAwKCkAMUgB0Q
164=kySQHwsQkzSQHbqQE0SgEWAk8TBAA1SQHTtQI2KCkANygpADhJAdWhBDlJAfipATpIAVwH
165=aVk7SAHVGDxIAYNGBAA9SAHBBD4oKQA/KCkAQEgBcGxdYkFIAWhvWVNCSAGbBggAQygpAE
166=QoKQBFSQE/ZARlayhKdQAAUWFHVAJwAk08SCgpAEkoKQBKSAF4aQECCABLyAFJekxIAZsG
167=CABNSAFwbEV2TsgBRRNPSQH8pR5QSQFPcwUIAFHIAU1zUkgBcAJJF1MoKQBUSQH2eAZmay
168=gAlzkIAFZUAskBVygpAFhIAY8mCABZSAHRCQpKbP//UwEBAAtJATFEAU0bDEgBlAJ8bYxw
169=YTAOVAJ8A0EED0gBwVEQSQGibxAEABFJAaWpARJIAc0FEygpABRIAclvFUkBimcEBAAWSA
170=HVDRdIAXACSQwYKCkAGUgB2QYaSAHZBhtIAc0FHCgpAB0oKQAeKCkAHygpACBJAfmxFCFI
171=Ad14IkgB3XgjSAHdCiQoKQAlKCkAJigpACcoKADQlWElKVQCxa0qSAGMMX1tKac0BAAsVQ
172=J5bwwEAC3IAVFLLkkBXLUCL0kBgKkBMMgBQQQxSAHRCTIoKQAzSAGDOwQANEkB3a0bNUgB
173=1WU2SAHZdDcoKQA4KCkAOUgB3Qo6SAHNBTtIAdUCPEgB1Xs9SAFgEwEABAA+KCkAPygpAE
174=AoKQBBSAF8bUkXQkkBU3wGfm0pAIcTCABEVAKLFwgARUgBfG1BZ0bJAQNk2Sf1CUhUAmAI
175=QQ9JSAFwbF1iSkgBdGVJAUtIAYAEZNnYBnxtJykATkEESGcECABPyAFZBlBIAWQIQQ9RSA
176=F8A1FsUigpAFMoKQBUSAEnvA3UOX9tKQDydy4IAFdABI8mCABYKCkAWUgB2RxaSAHIDAIJ
177=ACoAJI4BAApJASCpAQtIAXRwVaYMyAFdIA1JATNjBAQADkgB1WUPSAFwAkkiEEgBwXIRSA
178=HFwxJIAcEEEygpABRIAcUIFSgpABYoKQAXSAHV6RhJAaZvGwQAGUgB0QkaKCkAGygpABxI
179=AdkGHUgB2QYeSAHZBh8oKQAgSAHBniFJAYxnBAQAIkkBg6kBI0gBwXIkSAFwAlkcJSgpAC
180=ZJAaylEydIAdUNKEgBzQUpKCkAKkgBnDZ1cCooFg4qAHVwAnRwqAEBAwQALkwFdHBRVi9J
181=AYBUCUEEMMgBQQQxSAGPPAQAMigpADMoKQA0SAHNaDVIAc0FNigpADdJAXpcCgEABAA4yA
182=FVDTlIAWAPVQI6SQFdoQQ7yAFBBDxIAdEJPUgByQw+KCkAPygpAEBJAfW1I0FIAWwJXQpC
183=SAF0cFleQ0gBiCJ2cCoAlHt1cCqIBUVgRkEER3MBCABHKCkASEgBaG9VZUnIAV3bSkgBaA
184=VZBksoKQBMSAHBfU1IAcVgTkgBzQVPKCkAUCgpAFFIAdkGUkgB2QZTSAHZBlRIAckXVUgB
185=yRdWSAHBBFdIAcEEWEgBjCZ13iokky4IAFpUAs0FWygoAAEIACsAn2IAAAkoKQAKKCkACy
186=gpAAxIAXh0AQUAAA1IAWxzRXYOyAFVRA9IAZAJIkUqK5ANQTARVAKPAQQAEigpABNIAc0F
187=FCgpABUoKQAWKCkAF0gBwX0YSQGirTwZSAHFYBpIAckMGygpABxIAdkGHUgB3YMeSAHNBR
188=8oKQAgKCkAIUkBjGQEb3MrAIOpASNVAoapASRIAWQBTRslSQGsuREmSAHFEydIAdUNKEgB
189=zQUpKCkAKkgBkDVtcysobw4rAGRwBWxzqAFFYC5NBTtIDAEDBAAvSQF4oQQwyAFBBDFJAV
190=m1AjLIAVUCM0gB2Wk0yAFVAjVIAZu2BAA2KCkAN0gBbXMCbnMrAGgBVQ05VAJsc1kGOkgB
191=cAlBBDvIAUEEPEgBwQ89yAFNBT5JAYC5ET/IAVUCQEkBS3QCIq43KwBoAUFyQlQC2V5DSA
192=HRVkQoKQBFSAGMfiJGKisAyQFHVALJZEhIAXgKVXBJSAHRCUpIAc0FSygpAExIAckMTSgp
193=AE5IAc0FTygpAFAoKQBRSAHZBlIoKQBTSAHZBlRIAcEEVUgBJ20OK4ATRRNXVAKYPWXkK/
194=2OWVQChARscyetAFtUAtUYXEgB2xwHACz5dAgoKQAJKCkACigpAAsoKQAMKCkADSgpAA5J
195=ATNED114D0kBMUkBAGR2yAwiTSssbAIiWScSQATZdBNJATt8AiIOOSwAaAFZUhVUAsUIFk
196=gBzQUXSAFoBV0KGEgB1XAZSAHdYhpIAcEEGygpABwoKQAdKCkAHigpAB8oKQAgKCkAIUgB
197=Ja0sIkkBiGMLBAAjSAEl2SwkSAFwAlkRJUgB2REmSAHZESdIAZcuBAAoSAGDOwQAKSgpAC
198=pIAYw8Z3YsAGV0CSJMK6gBQVwtQAR0AklkLkkBPkgjVQIvSAFkdlUCMMgBQWcxSAFgZ1UC
199=MsgBVQIzSAHRbDTIAVUCNUoBJANYDWZ2LABoAV0KN1UCYFACQRo4yAFVAjlIAWiFXQo6SA
200=FyCQQEQjUsAGgBAQUEADxUAsEPPcgBSQw+SQGAUAlZBj/IAVUCQEgBeHRV3kFJAftAGklZ
201=QkgBnCAiTyssAF5YBlUCRFQCaAFJekVIAXQNVQJGyAFVAkdIAdkGSEgBnysIAElIAdUCSk
202=gBZAhZBkvIAVkGTEgBaJBVAk1IAXAUSQFOyAFBBE9IAd1tUEgBdBFBBFFIAd1tUkgByQxT
203=KCkAVCgpAFUoKQBWSAHFE1dIAdkGWCgpAFlIAcEEWigpAFtIAc0FXEgBdKdNEF3IAVMUBg
204=At8XcHKCkACCgpAAkoKQAKKCkAC0gBI6c2AAAMSAEjYChk7ycxAQ5UAp9tAAAPSAF0cF3x
205=EMgBSTgRSQE1bCJm7y0AaAFVRBNUAnB3TQUUSAHFCBVIAcUIFsgBRQgXSAGDBAQAGEgBbQ
206=kAIlcsLQCAXEEBAQMAGlQCaAEBAgMAG0kBgVQCAQADABzIAUEEHUgB2QYeSQE6bwEEAB/I
207=AVkFIEgBYA9dCiFIAXwDSQEiKCkAIygpACQoKQAlKCkAJigpACdIAYQ/fXgt4espVAKENC
208=IsSCdVACtUAmR2WRwsyAFVZS3IAVVlLkkBOkQUWREvyAFZJzBJAT21AjHIAVUCMkgBbH5N
209=aDNIAWRgUQk0yAFRCTVIAXB3QQQ2yAFBDzdJAWBIHlUCOMgBVQI5SAF8eEEPOsgBSQw7SA
210=FgD00FPMgBTQU9SAFsBVUCPkkBcVAJWQY/yAFZBkBJASZMPU1SQcgBTVJCSAHFa0NIAWhv
211=QX1EyQEDIlUsLZSGVQJGVAJgGlUCR0kBWmsMCABIyAFRCUlIAdEJSkgB0QlLyAFZBkxIAW
212=AETQVNSQGARAhdCk7IAUEET0gBI18iCABQSQHzfCsiLEjTNQgAUlQCfApVGFPIAVEJVEgB
213=ZBNVAlXIAVUCVkgBzQVXyAFVAlhJAVtAD00FWcgBVQJaSAHFCFvIAVUCXEgBfHhRFF3IAV
214=EUXkgBbDxDBAUALul6BigpAAcoKQAIKCkACSgpAApIAcl6C0kBg3gRdXsuJJQpdnsuAMF9
215=DkAEiG90eye1ARBUAnRlTfcRSAFoek07EsgBXcQTSAHZBhQoKQAVKCkAFkgBxQgXSQEybB
216=B1ey6JegN0e6kBBHR7qgEFAlZ7LgB2ewMCVHuoAUEEHUQIdAJBXB5IAXR7WREfSAF4Ck0A
217=IEgBdA1VAiHIAUkMIkgBIgUiAHX0LlgESwAEACRUAkABItkhJSgpACYoKQAnSAEljUkoSA
218=GARnX0LuF9KlQCwX0rSQFidAl29C4AaAFRYS1VAjxQS00QLkgBdHtBZy9JAXCtBTDIAU0F
219=MUkBbrUCMsgBVQIzSQFttQI0yAFVAjVIAXR7TX42yAFJIjdJAWmtBTjIAU0FOUkBbLUCOk
220=gByQw7yAFBBDxIAXAUSQE9SAFwFEElPkgBdHtdFT/IAVUYQEgBdHtFVUHIAUVVQkgB3W1D
221=SAFxYQQizTsugfYFdXsulHtVAkZABGRgVQJHSAF0e1EJSMgBUQlJSAHRCUpIAdEJS8gBWQ
222=ZMSAF8Yk0FTUgBIrwjUWxOyAFVZU9IAXQjVQJQyAFVAlFIAXwKVQJSSAF8CkEPU8gBUQlU
223=SAFkE1UCVcgBVQJWSAHNBVfIAVUCWEgBdHtNBVnIAVUCWkgBxQhbyAFVAlxIAXCuQQ9dyA
224=FZEV5IAdUYX0gBdC5QCSLQNdtpBQAvKMwPJykAByhVAAgoKQAJKCkACkkBjHs9AAALSQGD
225=qQEMSAEjnCpufi8AI58qAAAOVALVDQ8oKQAQKCkAESgpABIoKQATKCkAFCgpABUoKQAWKC
226=kAF0gBbH5RYBhIAWz3AQYAABnKAQcARfovhoEIAU1+L45+BgFMfqgBQQQdTAVsfgEIAAAe
227=SAG8GUX6L8YBACAoVQAhSAF4f1mVIkgBbH5FgSPJAQNtfi8jXCJBXCVUAnyZWV4mSAGXCQ
228=QAJygpACgoKQApSAHFgSpIASfNDy+AfUlkLFQCbH5JDC1IAYA7Ip5LLwBo6FUNL1QCbH5N
229=BTDIAU0FMUgBYHJVAjLIAVUCM0gBbH5VAjTIAVUCNUgBdVoGImUuLyNkLgEHBAA3VAJsfk
230=0FOMgBTQU5SAFsfk0bOkgByQw7yAFBBDxIAXgGRRM9yAFNBT5JAX1jIQQAP8gBVQJASQEk
231=WChdV0HIAV1XQkgBIiAgVQJDSQFCQDxJAURIAWQeSVlFSAHVAkZIAWSMQQRHyAFFCEhIAc
232=EESUgBdCNBBErIAUEES0gBaBdVAkzIAVUCTUgBbH5JDE7IAVFsT0gBdCNVAlDIAVUCUUgB
233=bH5ZBlJIAXx4SZBTyAFNiVRIAWR2VQJVyAFVAlZIAc0FV8gBVQJYSAHdFVlIAWw8VQ1aSA
234=HFCFvIAU0FXEgBbH5BBF3IAVkRXkgBdCNZEV9IAdknYMgBVwIDADDtfgQoKQAFKCkABigp
235=AAdIAdH7CEkBh3w2IlRNJwUBClQCJycQMACGoQQMVALNfg0oKQAOSAHRCQ9IAdEJEEgBzQ
236=URKCkAEigpABMoKQAUSQGsc0AAABVJAaapARZIAcUIFygpABgoKQAZSAFxggplgTCGgQsA
237=RIEIMACBAQAACQAAHAARAACoDwAgCjAAgQEAAAoAAB0AMADBAB4oKQAfKCkAICgpACEoKQ
238=AiKCkAI0kBM0gIAQUAACRJATVIAQECAAAlyAEBAwAAJkkBMVQCAQAEACdIAWQBSQEoKCkA
239=KSgpACpKAfYBSwQEACtJAWZEAU0FLMgBAQEEAC3IAQECBAAuSQE9TAVJAS9JAXStBTDIAU
240=0FMUkBblQCAQQEADLIAQEFBAAzSQFttQI0yAFVAjVJAe9QCVUNNkkB86kBN0kB8qkBOCgp
241=ADlJAe21AjpIAckMO8gBUQk8SQFpSAxFEz3IAQEDBAA+SQF9tQI/yAFVAkBJASNAJgEACA
242=BByAEBAQgAQkkBakwFVQJDyAFVAkRIAXwKVQJFyAFVAkZJAWytBUdIAXgRQQRIyAFBBElJ
243=AXBABAECCABKyAEBAwgAS0gBbAVVAkzIAVUCTUgBwQ9OyAFFCE9JASRIOQEECABQyAEBBQ
244=gAUUgBwQ9SSAFwCUEPU8gBWQZUSAFoLVUCVcgBVQJWSAHJDFfIAVUCWEgB0QlZSQFnXBVZ
245=BlrIAUEEW0kBPHcuCABcyAFVAl1JAW+tBV7IAVUCX0gB0QlgSQF+oQRhyAFABAMCADEA//
246=96AgADKCkABCgpAAUoKQAGKCkAB0kBjJQGTxMxAIapAQlUAtEJCkgBwQQLSQGDoQQMSQGF
247=qQENKCkADkkBiLUCD0gBzQUQSQGHtQIRSAHdChJJAaxzHwAAE0kBpKkBFEkBoqkBFSgpAB
248=ZJAaa1AhdIAcUIGCgpABkoKQAaSAGyDQAbKCkAHCgpAB0oKQAeKCkAHygpACAoKQAhKCkA
249=IigpACMoKQAkKCkAJSgpACZIAXyDUWAnyAEBAwQAKEgBhxMEACkoKQAqSAEnfhAxAHyDTQ
250=UsVAJpAQR8g7UCBX+DMQB2awgEAC9ABGgBUYIwyQECcj0xAN14MlQCyQEzKCkANCgpADVJ
251=AfBzKgQANkgBeApJhTcoKQA4KCkAOUgB0RQ6SAHdCjtIAc2JPCgpAD0oKQA+KCkAP0kB9L
252=UNQEgBfINZdEHIAVl0QkgBbGhVAkPIAVUCREgBfINVAkXIAVUCRkgBcGFZXkdIAXh0QQRI
253=yAFBBElIAWCTTVpKyAFNBUtIAWwFTX5MyAFNfk1IAcEPTsgBRQhPSAF9gwZ+gzEAaQEHfo
254=MxAMEPUkAEcAlBD1PIAVkGVEgBfINVAlXIAVUCVkgByQxXyAFVAlhIAdEJWUgBfINZBlrI
255=AUEEW0gBfINVAlzIAVUCXUgBfINVAl7IAVUCX0gB0QlgSAF8g0EEYcgBQQRiSQHxYzAIAA
256=FQx81oAigpAAMoKAB0y8EEBShVAAZJAY2aRAAHSQGDqQEIKCkACUkBhbUCCkgBxYELSAHN
257=BQwoKQANSQGGrQUOSAHVDQ9JAYy1AhBIAcEEEUgBwQQSSQGvdBh3hjIAp6kBFFUCoqkBFS
258=gpABZJAam1AhdIAcUIGCgpABlIAbINABooKQAbKCkAHCgpAB0oKQAeKCkAHygpACAoKQAh
259=KCkAIigpACMoKQAkKCkAJSgpACYoKQAnSAFiiAUAV4YyAFR0FHWGMmEBAFl0KkAEwXIrSQ
260=FlfwIEACzIAVGCLckBAnWGMpWGA3SGqAFZijBABGGIBXWGMijWEDIAyXozQATJATRIAc1+
261=NSgpADZIAYdKBAA3SAFoEEUTOCgpADlJAfpjMAQAOkgB2X87SAHNBTwoKQA9KCkAPigpAD
262=9JAU9zBQgAQMgBXXhBSQH7fwoIAEJIAZMUCABDKCkARCgpAEUoKQBGSAGXGAgAR0gBcHdF
263=gUjIAUWBSUgBdIZBZ0rIAUFnS0gB2QZMKCkATSgpAE5IAc0QT0gBI8wldoYyAMkBUVQCxQ
264=hSSAHBD1PIAUEPVEgBdIZZEVXIAVUCVkgB2QZXKCkAWCgpAFlJAXy1I1rIAVUjW0gBaKZN
265=n1zIAVUCXUgBbBtVAl7IAVUCX0gByQxgKCkAYSgpAGJIAZ82CABjSAFwDUcIAgAzKKwhJy
266=gAIiAq0WwFKIEABkkBkJwGV4YzAIOpAQhUAskBCUgBwX0KSAHFCAtIAcWBDEgBzQUNSAHN
267=BQ5IAc0FD0gBzQUQSQGKqQwRSAHBBBIoKQATKCkAFEgBzYkVSAHJhRZIAdkGFygpABhJAf
268=drTgAAGUgBgTsAVYYzrzwAABtUApNhAAAcSAGqEAAdKCkAHkgB1acfSQGHpQQgSAGmAQAh
269=KCkAIigpACMoKQAkKCkAJSgpACYoKQAnKCkAKEgBdIZFgSlIAYsMBAAqSAEn1hAzAHWGA3
270=SGqAFRgi1ABHQCUYIuSAElATIvyAFRCTBIAYBGdoYzAIhDdMUiuDRQDGhAJykANEwF2X81
271=SAGIZCKsISfZADdUAlAGfZk4KCkAOSgpADooKQA7KCkAPCgpAD0oKQA+SQFMVAlVWj9IAX
272=SGXXhASAFRAgBRVkEoKQBCKCkAQygpAEQoKQBFKCkARkgBlBh1hjOzowgASFQCnyAIAElI
273=AYwbIiwyJ4EASyhVAExIAc0FTUgBI88lCABOSAHFE09IAZgydYYzqLEirCEnMQFSQATFCF
274=MoKQBUKCkAVSgpAFYoKQBXKCkAWCgpAFlIAXSGVSNayAFVnFtIAXSGVQJcyAFVAl1IAXSG
275=VQJeyAFVAl9IAdkRYEgB0R9hSAGfQQgAYkgBzRtjKCkAZCgrAAMANOGIBCgpAAUoKQAGKC
276=kAB0gBwYgISQGDggsACSgpAApJAYW1AgtIAcEEDCgpAA0oKQAOSAHNBQ9IAc2JEEgBzX4R
277=KCkAEigpABMoKQAUKCkAFSgpABYoKQAXSAG2EQAYSAGMR3WGNKxHdIYnKQAbQASMJnWGNN
278=QGVIYnKQAeQATJmx9IAc0bIEgB1RghSAHNiSJIAckIIygpACQoKQAlKCkAJigpACcoKQAo
279=SAEjiCEirSE0UAFYCXeGNAD8bJ8iB0M0AJ6pASxYA2gBUYItSQGftQIuSQGhqQEvyAEBAQ
280=QAMEgBxQgxSAFUCm1+MigpADMoKADYDmEENShVADYoKQA3KCkAOEkBrLUNOUkBpqkBOkgB
281=yQw7KCkAPCgpAD1IAWiFVVo+yAFVWj9IAZgGIqwhwzAIAEFUApi2Iq4hNACXLggAQ1QCly
282=4IAERIAdkGRSgpAEYoKQBHKCkASEkB+HAUdIYniQFKVALFCEsoKQBMSAGPRwgATUgB0WxO
283=SAGTzwgAT0gB1XBQSAHZilFIAdEJUkgB2YpTSAHNBVQoKQBVKCkAVigpAFcoKQBYSAHBD1
284=koKQBaSAHRCVsoKQBcKCkAXSgpAF4oKQBfSAHRFGBIAdEUYSgpAGJIAYzsIq0hNKPrCABk
285=VAKB6whc1SfPBAQANeGIBSgpAAYoKQAHKCkACEgBwYgJSAElWTIKKCkAC0gBxWsMKCkADS
286=gpAA5IAdkGD0gBJYEhEEgBJ9QQJzkCElQClBgihTI1txgAABRUAp82AAAVSAGDGgAAFkgB
287=nyAAABcoKQAYKCkAGSgpABooKQAbKCkAHCgpAB0oKQAeSQGMoQsfSAHNGyBIAdUYIUgB1R
288=giSAGqBQAjKCkAJCgpACUoKQAmKCkAJygpAChIAXSGQVspSAFsNAECAAAqyQEDdYY1lYYC
289=IqwhqAFVAi1ABHSGXYMuSQGhWAdBBC/IAUEEMEgBhBMirCEiEFZQASKsISIwIYkBMyiBAD
290=QoKQA1KCkANigpADcoKQA4SAEj3ycEADlIASPcJyKEMieJATtUAkAMaZA8KCkAPUgBeBwB
291=AAgAPkgBgwQIAD9IAd2DQEgB3YNBSQGDZAR2hjUAlC52hjUAlC50htcNCABFTAVoBV0KRi
292=gpAEdIASWNM0hIAZDEdIYn2QBKVALZBksoKQBMKCkATSgpAE5IAc2JT0gByXpQSAHdeFFI
293=AZtTCABSSAHVAlMoKQBUKCkAVSgpAFYoKQBXSAHVe1hIAcUTWSgpAFpIAc0QW0gBzRBcKC
294=kAXUgBwQ9eKCkAXygpAGBIAdEUYSgpAGJIAdkGYygpAGQoKQBlSAGfbQgAZkgBxxMFADbh
295=iAYoKQAHKCkACCgpAAkoKQAKKCkAC0gB2YoMSAGbPQAADUkBho4MAA5IAd2DDygpABAoKQ
296=ARKCkAEkgBjLV1hjYkCCh1hjYm0SAVQASQQHWGNqAMdIYnKQAYQATZAhkoKQAaKCkAGygp
297=ABwoKQAdKCkAHkgBJ9UQNiYpWCBUAt0KISgpACIoKQAjKCkAJCgpACUoKQAmKCkAJygpAC
298=goKQApKCkAKkgBYIgBBQAAK0gBIoAhAQQAACzIAVUCLUgBdIZFjC5IAXSGQQQvyAFBBDBI
299=AZh0d4Y2ADytFzJUAiJgMlkGM8kBAyLlKTZQAUQEeMmpAQEihDLQKiJcQycpADikBXGCOS
300=gpADooKQA7KCkAPOsBBQA9SAF4EV0KPkkBUFANI4YyNgCMRyKtITYkUDwirCHULneGNgCy
301=RKJRgkNYBlQGIgkzRCgpAEUoKQBGKCkARygpAEhJAU5/BgwASUkBRqkBSsgBTRBLSAFwAk
302=kMTCgpAE0oKQBOKCkATygpAFBIAYRVIoQyxFV0hicpAFNABMFyVCgpAFUoKQBWSAHZf1dI
303=AZdaCABYSAGTLQgAWcgBURRaSAF8NlEUW0gB3RVcKCkAXUgB2RFeSAHdCl9IAc0QYCgpAG
304=EoKQBiKCkAYygpAGQoKQBlKCkAZkgB3Y5nSAHPiQYAN+GIBygpAAgoKQAJKCkACigpAAso
305=KQAMSAHdbQ1IASfUECddAQ9UAsGIECgpABEoKQASSAGQH3WGNyQ0PnWGN5wkUQAVQARYAG
306=kAFigpABcoKQAYKCkAGUgBhNkihjI3ACN4KyJcQycxARwogQAdSAGL3QAAHkkBg2MMAAAf
307=SAGL3QAAIEgBwQQhSAHRCSJIAaoFACNIASWZJCRIAZAqIox1J7UBJlQCzQUnKCkAKCgpAC
308=koKQAqSQH5dGV1hjcjrSEGdIaoAQEHAAAtQAR0hgEDAAAuSQGhTAVBBC/IAUEEMEgBm3QA
309=ADFIAdEJMkgBzRAzSAFgUUWMNEgBZFVNiTXIAV0KNkgBIslWAHaGNwCP9wQAOFQCJeV1OU
310=gBmBwirCHbHAQAO1UC/VgRWQY8SAEiWDJZXj1IAWiFI4YyNwBoASOEMtgGdoY3AIxHdYY3
311=rLV0hieBAENECIgXIqwh2BEiriE3AJsRCABGQQT1Yw8IAEdIAc0FSEgBdQ0BdIbTCQwASl
312=UCR2cEDABLyAFBBExJAUW1Ak3IAUkXTkgBkB8ihDIntQFQVALNc1FIAc1zUkgB1QJTSAHV
313=AlQoKQBVSAElVSFWSQE7dw0IAFfIAQoBBABYADcANgAAAAIEEQAAiBAAIAoAWQA3ADYAAA
314=ADBABaSAEFMwAAAAIEAFvIAQEDCABcSAFQAgIAAAgAXUoB+AFTAQgAXkgBQAF1Al9JAfa1
315=AmBJAe2pAWEoKQBiKCkAYygpAGQoKQBlSQHyuQZmKCkAZ0gB0QloSQHxoAQDBwA4AP//yA
316=8nKQAJKFUACigpAAsoKQAMSQGQlgYADUkBiqkBDkgB0QkPSQH3awwAABBJAe+pAREoKQAS
317=SQHwtQITSAGiCAAUKCkAFSgpABZJAY2lBBdJAYepARhIAaYBABlIAdkRGkkBg7kCG0kBha
318=kBHEgB1QIdKCkAHkkBhqEEH0gBpgEAIEkBjK0BIUgBzRsiSAGyAgAjSQH6qRckSAGTKgAA
319=JUgBkyoAACZIAc0FJ0gB3SAoSAHBBClIAcEEKkgBmz0AACtJAWS5AizIAVUMLUkBOlwASQ
320=AuSQF1oQQvyAFVAjDIAQECAAAxSAHRKjJIAaoFADMoKQA0KCkANSgpADZJATFQBUUIN8oB
321=AwRBAThMAksABAA5UAGHVQQAOkgBTAICAAAEADtJAUxMAQECCAA8yAFBXD1IAVACaVk+KC
322=kAP0kBslAVWV5ASAGfKwgAQUkBg3MFCABCSAGDOwgAQ0gBcAJNBUQoKQBFKCkARkgBYA8B
323=AQwAR0kBUFAFAQIMAEjIAQEDDABJSAFQAgIAAAwASigpAEsoKQBMKCkATUkBRVAFAQQMAE
324=7IAQEFCABPSAFQAnUYUCgpAFFJAfy1GFJIAcEEU0gBizgIAFRIAZ9BCABVSAGPMQgAVkkB
325=O1AFRYFXSAFEAXknWEkB+3EJBFaGOACIZHeGOAD1tQJbQARiiAUEVYY4UDtAB3aGOACUT3
326=eGOADzbwUIAF9MBc1+YCgpAGEoKQBiKCkAY0gB0RRkSAHRFGVIAUAMZR5mKCkAZ0gB1Q1o
327=SAHZBmlIAYlZCE00OeGICVxE2X8KKCkACygpAAwoKQANKCkADigpAA9IAYQpdoY5AJcNAA
328=ARVALJARJJAfRnHgAAE0gBnRUAVoY5AN2DFVUChbkCFkgBk0sAABcoKQAYSAGdTABVhjmn
329=BQAAGlQCj1IAABtIAdkGHCgpAB0oKQAeSQGIoQcfSAHVDSBIAc2JIUgBvgMAIkgBxRMjSA
330=HBDyRIAZAqdIYnmQMmVAKTQAAAJ0gBlzkAAChIAdEfKUgBwQQqSAHVAitJAWa5DSzIAUEk
331=LcgBSXouSAF0hgEDAAAvyAEBBAAAMMkBBXSGJw0CMlQCyQwzKCkANCgpADUoKQA2SAGRQA
332=BZyTmYU1EJOFUCU3gRdoY5ACfUEMgtdIasBUVHPEwFaAVJAT0oKQA+KCkAP0gBmycIAEBI
333=AZgydoY5AMkBQlQClC50hssMCABEVALdCkVIAWiFXYNGyAFdg0dIAYAEdIbZBgxVhjlMpV
334=wCdIYnVQBLTAWPEAwATEgBizgMAE1IAUQFZYxOSQFIbQEMVYY5WpAAAEGTUFQCeIpJkFHI
335=AQEBCABSSAGPfggAU0gBjDx2hjkAyQFVVAKAXHaGOQCHCAgAV1QCaAEBAQQAWEgBcA1dr1
336=lIAd0rWkgB1QJbKCkAXEgBn7oEAF3IAUG0XkkBNXAFdoY5AGgBRRNgVAJwjU0xYUgBfANJ
337=AWIoKQBjSAGTVggAZEgBJ9QQwyUIAGZUAtkGZygpAGhIAYt6CABpSAHNG2pIAc0FCUjKJ9
338=UQOu2JCyhVAAwoKQANKCkADigpAA9IAYgMdYY6KNYQOgCTFAAAEkAElA11hjrEAVaGOgDN
339=fhVABIdKAAAWKCkAFygpABhIASUhIBlIAckIGkgBxQgbSAHFCBwoKQAdSAGbUwAAHkgB2Q
340=YfSAHZBiBIAcEEIUgBwQQiSAHBBCNIAcEEJEgBwQQlSAHFHiZIAdkcJ0gBwQQoSAHBBClI
341=AcmFKigpACtIAXSGUYIsyAFRgi3IAV14LkkBO0CJQQovSQF4XABJADDIAUEDMUkBW0gCSQ
342=AyyAFVAjNJAVlIAkkANMgBVQI1SQFcSAJJADZIAZBAdIYnLQY4VAJ0hkFcOUgB1Vo6SAFI
343=BnHlO0gByVk8yAFJWT1IAdFWPkgBjwUIAD9IASM0KHWGOumFQVQChDQirCEnVQBDVAKIen
344=SG2REIWW46nJlRd0ZABJwKIqwhwBJ0hqgBQWdJQARsEAECCABKyAFFjEtIAYwQdIbUDXaG
345=OgCcxSKuIToAgA90hsMPDABQWAbVDVFIAW5+BAxVhjpLEgAABXSGzAV0hicpAFVMBZgGdI
346=YnVQBXVAKFCAhUhsQIIq4hOgCIQyKuIToAhLgihDLYBiKsIScpAF1ECHQuAQUEAF5IAWiF
347=AQIEAF/IAQEDBABgSAGTHwQAYcgBWTJiSAHZEWMoKQBkSAGDOwgAZUgBwQRmSAEjgywIAG
348=dIAZPPCABoSAGUWnSG2xEIAGpUAtkGaygrAAoAOyjUECcpAAwoVQANKCkADigpAA9IAZwg
349=dYY7KNQQJykAEkAElCN0hiL4JokPFFQCzXMVSQGDkAJVhju8TCKuITsAxXYYQAS+AwAZKC
350=kAGkgBxQgbSAHFCBwoKQAdKCkAHkkBhakIH0gBzQUgSAHJDCFIAb4DACJIAYtOAAAjSAHZ
351=lSRIAcEEJUgBhLgihTI7pM4irSE7JOwpIqwhJ/EDKUwFi9IAACooKQArSAHNiSxIASWxMi
352=3IAUF9LkgBJbEyL0gBdYYCIq4hOwBoAVGNMVUCW1wRVQIyyAFVAjNIAXSGVQI0yAFVAjVI
353=AXSGXQo2SQEpWAZJADdJAf1IAkkBOEkBU1wATeE5SAGUOSKEMsAaIq0hO+FcPEAEyVk9SA
354=HRVj7IAVFWP0gBbAlV3kBIAYQpIq4hOwAjsCd0hicpAENABJwrdIbIQ3WGO5SGRYFGQAR0
355=DUWBR0gBZFhVAkhIAckMSSgpAEpIAXgRVXtLSAF4Bl2OTEkBkHAFdIbAD3aGOwCAD3SGwA
356=90hicpAFFZBj14BiKsIdQCdIYnKQBUQAR8A1kcVSgpAFYoKQBXSQFDZAR2hjsAaAFVsllU
357=AoxHdIbURHSGJ6kFXEAElGUirCHUDXSGJykAX0AEeApRNWAoKQBhSAGTHwQAYkgBlzkIAG
358=NIAYwFIq0hOyQQKXSG0AkirSE7JhE0Z0wFhFV2hjsAjMt0hietAGpABNEJaygpAGwoKwAL
359=ADzhiAwoKQANKCkADigpAA9IAZxMdYY8KNUQPPlpEkAEjBB1hjwmWTIUVALRdxUoKQAWKC
360=kAF0gBgzsAABhIAZwVIoQyJwUBGlQCxQgbSAGPUgAAHCgpAB1IAcEEHigpAB8oKQAgKCkA
361=IUgBkc8AVYY80g0AI1QCzQEkKCkAJSgpACYoKQAnSAGcQXWGPLcuAAApVALFCCooKQArSA
362=HNJixJAXulBC3IAUl5LkkBbLUCL0kBZ6kBMMgBQQQxSAF4ilGCMsgBSYUzyAFVAjRJAT1A
363=BVUCNUkBdKUINsgBQQM3SAGDiAIAOEgBfExVWjlIAZQYdIbUOXWGPCTlKARYA9cjBAA9UA
364=GbCgQAPkgB0VY/SQFWeAIirCHPBQgAQVQCcAJRbEIoKQBDSQGsTBFVAkRJAaapAUVIAc0F
365=RkgBeH9FgUdIAdUCSEgB2QZJSAHZBkpIAcEES0gBeAZFjEzIAV2OTUkBNGQEdIbEE3SGYK
366=FYAnSGqAEBAQgAUUwFTAIi7T9SKCkAUygpAFQoKQBVKCkAVigpAFdIAZSydYY8lIYBBAgA
367=WVQCYYgFdYY8JtkhW1QClMgirCEnqQVdVAKMEHaGPAAjTCAirSE8JjlEYCiBAGEoKQBiSA
368=GUOXSG2AZ0htwKdoY8ANknZk0FpLUuZygpAGhIAdEqaUgBjBAirCEn2QBrVALBBGxIAcEE
369=bSgpAAxQQyUJMw0oKQAOSAGPBQAAD0gBnEx1hj31ZRFUAsEEEigpABNIAYC/Il1DPbPPAA
370=AVVALNfhZJAYa9BhdIAaQBVIaYvnUBGVQCxQgaSAHZihtIAXQDTQAcKCkAHUgBzQUeSAHB
371=iB8oKQAgKCkAIUgBwQ8iSAFACWkAIygpACQoKQAlKCkAJigpACdJAUtzBgQAKEkBRqkBKc
372=gBRTMqSAFwAk0AK0gBJ9YQPQB0hlV7LVQCaAFNfi5IAXSGWQYvSAF0hkEEMMgBQQQxSAFw
373=gkEEMkkBPlwAXQozyAFVATRJATxcAFUCNcgBVQE2SQEsSAJJADdIASL0QEmFOEgBRAIiLT
374=I5KCkAOkgBkBR1hj0o1BDMMXSGJykAPkwFxQg/SAFkdkWBQEgBlAJ0hswFIqwhJykAQ0EE
375=r1gSTQVESQGpqQFFSAHZBkYoKQBHKCkASEgB2QZJSQGnuQZKSAHFYEtJAaa1AkxIAXgRXY
376=5NSAF0hk2JTsgBTYlPSAF86VUCUEgBjHN1hj0k5CgirSE9JiVSU0AEIwBTIocyPQA+TDJJ
377=F1VUAmkBASKHMj0AQbUCV1QCaAFVAlhJAatkGiKFMj35f1pUAsmFWygpAFwoKQBdSAEjzD
378=B0hicBBl9UAox+IoYyPQCYHCKEMgE9APkBTAwirSE9I6gmRRNjTAWMc3SGzHN2hj0A2Sdm
379=QQSieAYihjI9AMkBaChVAGlIAdEqakgByS1rSAHRNWxIAVgOeattSAGHEwgAbkgBhxMIAA
380=1JyiGGBAAOSQEeqQEPKCkAEEkBIrUCEUgBpgEAEigpABMoKQAUKCkAFSgpABZJAYy9BhdJ
381=AYepARhIAaYBABkoKQAaKCkAG0kBjaUEHEgB2QYdSAGyAgAeSAHdCh9IAcGIICgpACFJAY
382=axBSJIAaYBACMoKQAkKCkAJSgpACYoKQAnSAF1hgJ1hj6jCAQAKVQCInQ7AQAEACrIAVE0
383=K0gBlzkAACxIASNjKAAALSgpAC4oKQAvSAElCTMwyAFFCDFJAWuxDDLIAVUCM0kBarUCNM
384=gBVQI1SAFgiFGNNkgBaIVRFDfJAQMiDGUnvQI5VAKACCKtIT7t4TtUAsFcPEgBJQQtWGaI
385=BU0bPlQCjwEEAD9IAXh0SQxAyQEDdIbIDHSGJykAQ0AEmAYihDInVQBFKFUARigpAEcoKQ
386=BIKCkASSgpAEpIAdFhS0kBpUQfQWdMSAHJDE0oKQBOSAFgiE2JT0gBwQRQSAGcpHWGPqDg
387=dIYnZQJTQQSfcwUEAFRIAWiFWRxVyAFFKVZJAUFUhlUCV8gBVQJYSAF0hkG0WUgBIrQ4TS
388=ZaSQGAsQlbyAFBBFxIAcktXSgpAF5IASOkQSKtIT6sfnaGPgCYHHaGPgAjzGd1hj6Uhk0Q
389=Y1gGbDFBMGRIAWQeSSJlSAF8DkkBZkgBzSZnSgGnAVwCIoYyPgDJAWlUAt2DakgBWAN9g2
390=soKQBsKCkAbUgB0QluSAHZBm9IAZ2ZCFWGP4AIAQABAA9cRI8BAQAQSQEmjgEAEUgBwYgS
391=SAGyAgATKCkAFCgpABVIAc1+FkkBg7EFF0gBJQUiGEkBhbUCGUkBh6kBGkgBpgEAG0gB0Y
392=IcSAHFCB1IAdkGHkgB1QIfKCkAICgpACEoKQAiSAHZBiMoKQAkSAHBDyVIAcEPJkkBh0gt
393=SQAnyAFRNShIAYAEdIbAJXaGPwBgiAEEBAArQARpAQV0hsAEdIYnKQAuQQRNawgEAC9IAW
394=wFAQAEADDIAQcBAAAxAD8AawAAEQAAXxAAIAACAAIAADIAPwBrAAAAAwAAMwA/AGpIAVUC
395=NMgBVQI1SQFPVAIBAAQANsgBAQEEADdIAXACVQI4SgH3AVMBBAA5SQHvqQE6SQHtqQE7KC
396=kAPEkB8LUCPUgBUQYARQg+KCkAPygpAEBJATFEBAEFBABBSQFWSAEBAAgAQkgBZAFJAUNJ
397=AYBQCQEBBwBEyAEBAgcARUkBgVQCAQAHAEbIAUEER0gB2QZIKCkASSgpAEooKQBLSQGxZw
398=gIAExIAdkGTSgpAE4oKQBPKCkAUEkB/LkGUUgB2QZSSQGkbwEIAFPIAVknVEkBPW8FBABV
399=SQE7qQFWSQE+qQFXyAFNBVhJAatECAECBABZSQFcSAFVAlpJAYBIAVUCW8gBAQMEAFxIAd
400=UuXUkB8rEJXigpAF9JAfW1AmBJAaupAWFJAaapAWJIAVgKeTJjSAHBMGRJATRYAlUNZcgB
401=AQMIAGZIAVECAE0xZygpAGhJASd7AgcAaUkBIKkBakkBKKkBa0gBZAFZBmwoKQBtKCkAbi
402=gpAG9JAfhnEwgAcEgBmAYCBAAPAECEAQEAAQAQKCkAEUkBJr0CEkkBIqkBE0gBpgEAFCgp
403=ABVJAZC5AhZJAYqpARdIAaYBABhIAcEEGUkBiLkCGkkBhakBG0kBg6kBHEgBwQQdKCkAHi
404=gpAB9IAc0FICgpACEoKQAiKCkAIygpACRIAcUTJUkBh1wgAQQAACbIAQEFAAAnyAEBBgMA
405=KMgBAQcDAClIAYMTBAAqKCkAK0kBSHsCBAAsyAFZSC1IAdV7LsgBVQIvSAFoBQEABAAwSQ
406=FFTAEBBAQAMcgBQQ8ySQFNVAJBBDNJAUepATTIAUUINUgBfApBRjZIAXwDTQU3KCkAOEkB
407=9kAaVQI5SAHRVjooKQA7KCkAPCgpAD1IAcWMPkkB8aUIP0gByQxAKCkAQUkBMngCdoZAAG
408=iFUVZDVAJpAQR0hrYCBQZWhkAAdoYDBlSGqAFBBEdMBXQCAQUIAEhIAXBhUVZJSAF4CkkB
409=SigpAEsoKQBMKCkATUkB+XMUCABOSAHZBk8oKQBQSQE0ewIIAFFJAf2tBVJIAXWGAnaGQA
410=BoAQEDBABUVAJ0hlEqVUkBQm8FBABWKCkAVygpAFhIAdmKWUgB2QZaSQF0dw0EAFvIAVE1
411=XEgB1bJdSAF8A1kyXigpAF8oKQBgSQGvoQ9hSQGpqQFiSAHZBmMoKQBkKCkAZUgBehwFBF
412=WGQEwWVwUIAGdUAkABYYhoSAGQd3eGQAAeeQIHW9FAACWpAWtABGQBVS5sSQGsYw8IAG1I
413=AYeXCABuSAHBBG9IASfUEMuFBABxVAKdCgRVhkGIBUGIEVTLjwEBABJJAR+OAQATSAGkAV
414=SGzwUAABUoVQAWKCkAFygpABgoKQAZKCkAGkkBjLUJG0kBhqkBHEgBpgEAHSgpAB4oKQAf
415=SAHJkCBIAcWMISgpACIoKQAjSAHdCiRIAd0KJUgBdYYIdoZBAGoBCQFUhqgBAQoCACjBBA
416=t0htgcdIYnKQArQASQCXSGJ1UALVQC1XsuSAHBBC8oKQAwKCkAMUkBUEQEUVYyyAFJWTNI
417=AVACecw0KCkANUgBJSkhNkgB1Xs3SAHNBThIASfWEEEAJ9YQQQDJ3TtABMkBPEgBwQQ9KC
418=kAPigpAD9IAckMQEgByQxBSAF0hl1iQkgBaIUBBgQAQ8gBAQcEAETKAQgFVYZBloYGBVSG
419=qAFBBEdABHaGCARVhkFapgAAUR9JVAJgiEmQSkgBcGFJWUtIAYAPIqwh3ysIAE1UAiUpIU
420=5JATtnBAgAT8gBRRNQSAFkCF0KUcgBXQpSSQGsbwUEAFPIAU0FVMgBTQVVSQE+YGd2hkEA
421=wYhXVALJAVhJAXClCFnIAUUIWkkBfbUCW8gBVQJcSAHdK11IAdWyXigpAF9IAd0rYEgBYA
422=hZimEoKQBiKCkAYygpAGQoKQBlKCkAZkgBeDJNJmdJATN3CQgAaEgBZAFVAmkoKQBqKCkA
423=aygpAGxIASO8I3eGQQClfCB0hifVBW9ABNUucEgBJQkocUkBHm8MBQBySAEjVyEFABEhIC
424=pwAkGIEkgBJ9UQQpACUQAUVAJYAGkAFSgpABYoKQAXSQGNewMAABhJAYWpARkoKQAaSQGI
425=tQIbSAElISAcSAGwAlSGJ7UBHihVAB8oKQAgKCkAISgpACIoKQAjSAHBkyRJAYehCyVJAY
426=h0I3aGQgBpAQF0hqkBAnSGqQEDdYZCsAZ3hkIArHsGBAArRQikqQEsSQGmqQEtSAGTBQQA
427=LigpAC8oKQAwKCkAMSgpADIoKQAzKCkANCgpADVJAfqpDDZIAc1SN0gBzVI4SAHVAjlIAc
428=ndOkgB2RE7KCkAPEgBxYw9SAHZBj4oKQA/SAHFCEBIAcQIUGmEAUFcQlQCiP51hkIj2SEK
429=dIaqAQsEVYZCloYJBFSGqAFBBEdYBs2fSEgBwWdJSAF0hgEFBABKSAHNfkvIAU1+TEkBNW
430=gPdoZCAGkBASKuIUIAdIZNfk9ABN0KUEgB3QpRSAFwCV0KUkgBwQRTSQFkcAkiriFCAGgB
431=QX1VVQI8XCtJAVZJATpIAVkcV0kBPqkBWEgBdIZVDVnIAUm8WkgBdIZVAlvIAVUCXEgB0S
432=pdKCkAXigpAF9IAd0rYEgBdBFVDWEoKQBiKCkAYygpAGQoKQBlKCkAZkgBdIZJF2dIAXSG
433=WRFoyAFZJ2lIAWwmQYhqyAFZJ2tIAYMPCABsSAEjvCN3hkIAomQedoZCAJdaCABvQAQluT
434=NwSQEgfwYHAHFIAZGCBlaGQgAjZyMFAHNVAh5jBAUAEknKI2sBAAATSAGmAQAUKCkAFSgp
435=ABYoKQAXSAElTSAYSQGIvQYZSQGKqQEaSAGmAQAbKCkAHCgpAB0oKQAeKCkAH0gBk0AAAC
436=BIAZdEAAAhSAHRCSIoKQAjSAHNECRIAcEPJUgBaIUjhTJDlYYFIocyQwCJbCYihDKpAQF1
437=hkO4CnaGQwCcK3WGQ7wrIq0hQ6O0BAAtXAqQBXSGJ9kALyhVADAoKQAxSAHJbzJIAdkGMy
438=gpADQoKQA1KCkANkgBwYg3SAHZUzgoKQA5KCkAOkgB2Yo7KCkAPEgB2QY9KCkAPigpAD8o
439=KQBASAHFCEEoKQBCSAHFCENIAcEERCgpAEUoKQBGKCkAR0gB2QZIKCkASUgBxQhKSAGXOQ
440=QAS0gBzX5MSAF4XgECBABNyAFNc05IAc0mT0gB2aBQSAHJDFFIAd0KUkgB1QJTSQF7fAZ2
441=hkMAaAFdbVVVAmi1AlbIAVUCV0gBIiwySXpYSQFyoQRZyAFBBFpIAd0KWygpAFwoKQBdKC
442=kAXigpAF9IASfUECeVCGFUAmQMVQ1iKCkAYygpAGQoKQBlKCkAZigpAGcoKQBoSAFgiEmm
443=aUgB2SdqSAFgtEGIa0gBlA10hswQdIbAXHeGQwCpcGF1hkOzggcAcFgGI1QhdIbUAnWGQy
444=QRNAZWhkMAgwQGAHRMBZmKBVWGRJANUgAUACcpABUoKQAWKCkAFygpABgoKQAZKCkAGigp
445=ABtIAcWBHEgBj0cAAB1IAUQNaQAeKCkAH0gBgGd1hkQkOC52hkQAlUQAWhZEAMUII0wFeA
446=dNACQoKQAlKCkAJkgBYYgJdYZElIZZUyhUAkgGIqEwKUkBOGwBdIbEHnWGROGILEAEnCt0
447=hieBAC5UAnQGUUAvKCkAMCgpADFIAc1dMkgBixcEADMoKQA0SAGVGARc6yddATZUAt0KN0
448=gBxQg4SAHdVzkoKQA6KCkAO0kBXn8GBAA8yAFZXj1JAYC1Aj7IAVUCP0gB0QlAKCkAQUkB
449=ea0FQsgBTQVDSQFdtQJEyAFVAkVIAdUNRsgBVQJHSQFbrQVIyAFVAklIAcUISsgBVQJLSA
450=HJIkwoKQBNKCkATigpAE9IAd0VUCgpAFEoKQBSKCkAU0gBaIVNPFTIAUmQVUgBdIZVAlbI
451=AVUCV0gBdIZVAlhIAXSGSQFZyAFBBFpIAcEPW0gBJQU4XCgpAF0oKQBeKCkAX0gB2QZgSA
452=HNPGFIAXAjAQAEAGJIAcHKY0gB1QJkKCkAZSgpAGYoKQBnKCkAaCgpAGkoKQBqSAF0hlUY
453=a8kBA3SG0Et0hicpAG5ABIAPdIYnVQBwVAIjVCF1hkSrhQcAclQCiYUHVoZEAIiFdYZEs4
454=0FAHVABCUGIhQAIlxPhQsVKCkAFigpABcoKQAYKCkAGSgpABooKQAbSAGHYAAAHEgBkCp1
455=hkXlgR5UAp0rAFQSJ+EBIFQC2QYhSAHZBiIoKQAjSAHZBiRIAZcVAAAlKCkAJigpACdIAS
456=KwJ102KEkBPLEFKUgBdIZdripIAXQuQQQrSAGcAyKsIdgRdIYnKQAuKIEALygpADAoKQAx
457=SAGPnwQAMkgBiBd1hkW7oAQANChVADVIAc1oNigpADdIAdkGOEkBenwRIg5lRQBoAUlvOl
458=QCIrhfXRU7SAF8eEFGPMgBWV49SQGAWAZVAj7IAVUCP0gBxWBAKCkAQUgBdIZNBULIAU0F
459=Q0gBbH5VAkTIAVUCRUgB1Q1GyAFVAkdIAXSGTQVIyAFVAklIAcUISsgBVQJLyAEBAAQATM
460=gBQRpNSAHFHk5IAWgMQQRPyAFBBFBIAcUeUUgBfApBBFLIAUEEU0gB2QZUyAFVAlVJAV9c
461=IE0FVsgBVQJXSAEnXUNFTOdEBCIMZagBQQRaQAQl0SBbSAFYA3nMXCgpAF0oKQBeKCkAX0
462=gBxT9gSQH0REtBD2FIAcUIYkgBI/tRBABjSAHVAmQoKQBlKCkAZigpAGdIASUBPWhIASUB
463=PWlIASOrMQQAakgB0QlrSAFoWQEFBABsSAElcWxtSAGABCKsIchZdIYnKQBwKIEAcSgpAH
464=JIAYiFdYZFqIV1hkW7igYAdUAEm4oGAHZIAZ+OBQAVIfg6lw0AABYoKQAXKCkAGCgpABko
465=KQAaKCkAG0gB2X8cSAGIQ3WGRiQ5TwBeD0YAnCt1hkbSDQAgTAXZBiFIAdkGIigpACNIAY
466=dgAAAkSAGIb3WGRiYxIiZUAtUJJ0gBdIZVOChIAdUCKSgpACpIAWgtAQIAACvIAUFcLEgB
467=eAZFPy1JATZ8BiKGMkYAaAFRSy9UAiK4KEEEMEgBfANJATEoKQAySAHZSDNIAZQYdIbQHy
468=KtIUbtiTYogQA3KCkAOEgBaIVBcjnIAUUTOkgBbGhNEDtIAXVlBCKuIUYAaAFBRj1VAnd/
469=EQQAPsgBTQU/SgEkA1sCBABAyAFVAkFJAWBQAkkXQsgBVQJDSAFsc10KRMgBXQpFSAFoDF
470=UCRsgBVQJHSAEiIGJRFEhIASIgQUkBSUgBxQhKyAFNBUvIAUEETMgBQRpNSAFgGk0QTkgB
471=aAxBBE/IAUEEUEgBYARFE1FIAXwKQQRSyAFBBFNIAdkGVMgBVQJVSAF0hk0FVsgBVQJXSQ
472=F2pR5YyAFdClnIAU0FWkgBJ9QQzFIi5nVGACPbLAQAXUAEjdYERC4ngQBfVAJ4ClUYYCgp
473=AGEoKQBiSAEn1BAn2QBkVALZBmUoKQBmKCkAZ0gBJQE9aEkBp1xYSQxpSQGiqQFqSAHBiG
474=tIAQgAAAAAAAQAbABGABEAACIQACAJMgAAAAAIAG0ARgAzRAEBAAgAbkgBZAFJAW8oKQBw
475=KCkAcSgpAHJJASZzBQcAc0kBHqkBdEkBIqkBdUgBgwQGAHZIAYMEBgB3KCsAFgBHZAVtAB
476=coKQAYKCkAGSgpABpKAfcBagUAG0kB7akBHEkB8KkBHUgBmwMAAB4oKQAfKCkAIEkB9q0F
477=IUgBxQgiSQH0tQIjSAHFCCRIAc0FJUgBzQUmSQHvrQUnKCkAKEkB8bUCKUgBxQgqKCkAK0
478=kBMVgCAQUAACxIAXQuWQUtSQE2VAIBAgAALsgBAQMAAC9IAWwxVQIwyAEBAwQAMUgBSAUC
479=AAAEADIoKQAzSQH4RAlVAjRIAcEENUgBixcEADZIAYsXBAA3KCkAOEkBYXMFBAA5yAEBAQ
480=QAOkkBPFAJVQ07yAEBAgQAPEkBPlQCSQw9SQF3WAZVAj7IAU0FP0kBJFwWVQJAyAFVAkFJ
481=AWCtBULIAVUCQ0gBcAlVDURJATq9CkVJATupAUbIAUEER0kBbUQIQQ9IyAFVAklJAW61Ak
482=rIAVUCS0kBXVQCAQQEAEzIAQEFBABNSQFcVAJBBE5JAV5IAUEET8gBQQRQSAFgD0kXUUgB
483=xQhSyAFBBFNIAdkGVMgBVQJVSAHVGFZJAUKpF1dJAXZIDFkcWMgBVQ1ZyAFZBlpIAYdVBA
484=BbSAFIBXU5XEkB+qUIXUgB0TVeSAGHSgQAX0gBzQVgSAGHYAQAYUgBg1EEAGJIAd0KY0gB
485=zQVkKCkAZSgpAGYoKQBnKCkAaCgpAGlJAa+5EWpJAampAWtIAd0KbEgBn1cEAG1IAYVVBF
486=WGR4CIAQMIAG9UAo8FCABwKCkAcSgpAHIoKQBzKCkAdEgBi4UHAHVJAR5pCAdVhkdMeU0B
487=B1SGJykAeCiDABcASFQDiQAYKCkAGUgBgyUAABpIAZEqAFaGSADJARwoVQAdSAGILXSGJz
488=EBH1QCxQggSAHZBiFIAYstAAAiSAGbDgAAIygpACRIAZc5AAAlSQHyeycAACYoKQAnSAHR
489=CSgoKQApSAHNECpIAd0KKygpACwoKQAtKCkALigpAC8oKQAwSAF4MlGNMUgBcDVNaDJJAf
490=t5EQRCNUgAhxMEADRVAvO1AjVIAYQTdIbAJXSGJykAOEAEdIZVZTnIAU1dOkgBfHhRbDtI
491=AWCIVQ08SQFwexgEAD3IAUEEPkkBbLUCP0gBdIZJZEDIAUlkQUkBa6EEQsgBWQZDSQFqtQ
492=JEyAFVAkXIAVUNRsgBVQJHSAF0hlEUSMgBURRJSAF0hlUCSsgBVQJLyAFFCEzIAUUITUgB
493=dBhJAU5IAXAJQQRPyAFVAlBIAdUYUUgBfApBBFLIAUEEU0gB2QZUyAFVAlVIAdUYVsgBVQ
494=JXSQF9rRtYyAFVAllIAc0xWigpAFtIAZdEBABcSAF0BkEPXUgB1b1eSAGE2XSGy1kEAGBU
495=AsEEYUgB3QpiKCkAY0gB3QpkSAHdCmUoKQBmKCkAZygpAGgoKQBpKCkAaigpAGsoKQBsKC
496=kAbSgpAG5JAYdUT0Ueb8kBAnSGyxcIAHFUApsRCAByKCkAcygpAHQoKQB1KCkAdigpAHco
497=KQB4KCkAeSgrABgASYQMUQAZSAGAJXWGSemFG1QCjyYAABwoKQAdSAHFgR5IAVQHaQAfSA
498=HFCCBIAdkGISgpACJIAYgtdIYn4QEkVAJ4B00AJSgpACYoKQAnSAHdCihIAd0KKUgBzRAq
499=SAFUB2kAKygpACwoKQAtKCkALigpAC8oKQAwKCkAMUgBdIZFMzJJAVR0CnSG3BV0hicpAD
500=VABIQTd4ZJAHqtBTdUAmgBQTs4SQFftQI5yAFVAjpIAXSGVXA7SAF8bU1zPEgBdIZJAT3I
501=AUEEPkgBfG1ZBj9IAXSGAQYEAEDIAQEHBABBSAF0hlkGQsgBWQZDSAF8bVUCRMgBVQJFyA
502=FVAkbIAVUCR0gBZHZVkUjIAVWRSUgBdHtVAkrIAVUCS8gBRQhMyAFFCE1IAXAUQXJOSAFw
503=CUEET8gBQQRQSAFgBFUYUUgBfApBBFLIAUEEU0gB2QZUyAFVAlVIAdUYVsgBVQJXSAF0hk
504=UIWMgBVQJZSAGLQwQAWigpAFsoKQBcSAEl0SBdSAGPRwQAXkgBYDRJF18oKQBgSAHBO2FI
505=Ad3FYkgByQxjSAHFCGRIAcUIZSgpAGZJAY17AgQAZ0kBhakBaEkBh6kBaUgBZAFBD2ooKQ
506=BrKCkAbCgpAG1IAWiFTTFuyAEBBQQAb8gBAQYHAHDKAQcHVIbYU3SGJykAc0AElw0IAHQo
507=KQB1KCkAdigpAHcoKQB4KCkAeSgpAHooKAABGQBKAIAldYZKKNQQJykAHEAEjyYAAB0oKQ
508=AeSAGPMQAAH0gBwQQgKCkAISgpACIoKQAjSAHZBiQoKQAlKCkAJigpACdIAd0KKCgpACko
509=KQAqSAHRCSsoKQAsKCkALSgpAC4oKQAvKCkAMEgB3ZkxSAGfKwAAMkgBdIZNXTNIAZQCdo
510=ZKACNLJQQANVQChBN1hkqUhklZN1QCdIZJWThIAXSGVQI5yAFVAjpIAXyDQUY7yAFJDDxI
511=AXBhVQI9yAFVAj5IAckMP0gBmBx2hkoAyQFBVALBBEJIAcFcQygpAEQoKQBFKCkARkgB2Q
512=ZHKCkASCgpAEkoKQBKKCkAS0gBbH5dV0zIAV1XTUgB0YJOSAF4f0EET8gBQQRQSAHVDVFI
513=AcUIUsgBQQRTSAHZBlTIAVUCVUgB2QZWSAHNG1dIAdUCWCgpAFlIAcEEWkgBwQRbKCkAXE
514=gBwQRdSAElgSFeSAHBO18oKQBgSAElQTphSAHBBGJIAYtkBABjSAEn1RBKnANdNmVUAo8B
515=BABmSQGQbAF3hkoAg6kBaFUChqkBaUgBZAFZBmooKQBrKCkAbCgpAG1IAXWGCCKGMkoAag
516=EJBVSGqgEKBlSGqQELdIbYEXSGJykAc0QIlA10hidVAHUoVQB2SQEnZAQihzJKACCpAXhV
517=AiipAXlIAWYBAAhcXCcFAXsoVwAaAEskOC4ihTJL4YgcVQJ5nAZWhksAaAFd8R5VAoC1Ah
518=/IAVUCIEgBYARBAyHIAVUCIkkBWUgCSQAjyAFVAiRIAcUIJcgBVQImSAGHPwAAJygpACgo
519=KQApKCkAKkgBIlA8XQoryAFFCCxJAVtIAkkALcgBVQIuSAHVDS/IAVUCMEgBm0gAADFJAU
520=xMBkV2MkkBVkkBACKtIUtgASJ9PDRUAs1HNUkBZXwCdoZLAGgBWQY31AJJhThIASIpIQMi
521=XkNLACKAIVUCOlQCdIZJATvIAUEEPEgBdIZVAj3IAVUCPkgBnyAEAD8oKQBAKCkAQUgB3V
522=dCSAF0EV0VQygpAEQoKQBFKCkARkgBI184BABHSAHZaUgoKQBJKCkASigpAEsoKQBMKCkA
523=TSgpAE5IAd0VTygpAFAoKQBRKCkAUigpAFMoKQBUKCkAVUgBmzIEAFZIAc0bV0gBwTBYSA
524=HRH1lIAcEEWkgBwQRbSAHBBFxIAcEEXSgpAF4oKQBfKCkAYEgBxQhhSAHBtGJIAcElY0gB
525=xRNkSAHdCmUoKQBmKCkAZ0kBjGcEBABoSAEn1BAnRQlqVAJ8A102aygpAGwoKQBtSQEdZA
526=R1hktYb0wBdIbIAXSGyAF0htwKdIYnKQBzRAhRBgBNfnQoKQB1KCkAdkkBH2QEdIbbBgcA
527=eFUCJLUCeUgBzYl6KCkAeygpAHxIAWgFBQAHABsATAD6WGpZARxIAWWBAiKtIUyVhgMiX0
528=NMAIBUA1UCH0AEaAFVAiBIAc0FIcgBVQIiSAF0hk0FI8gBVQIkSAF4BlUCJcgBVQImSAGE
529=NHWGTPGYKFQC3YMpyAFREyrIAUUIK8gBRQgsSAF0hlUCLcgBVQIuSAHVDS/IAVUCMEgBaI
530=VFdjHIAUV2MkgBJVUhM0gBzUc0SAHdYjVIAWiFTQU2yAFN7DfIAVHlOEgBaIVNiTlIAWGI
531=ACI3VEwAdEwmSQE7VAJoAUEEPEgB3Qo9KCkAPigpAD9IAYgiIqwhyCIihTJMv7oEAEJABC
532=PHJAQAQ0gBZAxJDEQoKQBFKCkARkgBZh4BCFSGImBTVwUIAEhUAiLUXFUCSUkBRlACXUxK
533=yAFRFEtIAXACXQpMKCkATSgpAE5IAYNGBABPSAHBGlAoKQBRKCkAUigpAFMoKQBUSAHBfV
534=VIAdUNVkgBzTFXSAHdClhIAc0FWUgBzQVaSAHNfltIAcEEXEgBwQRdKCkAXkgB3QpfSAHN
535=PGBIAcktYUgB3YNiSAHFCGMoKQBkKCkAZSgpAGZIASeFMkworyFMAIprCAQAaUAEZAFFKW
536=ooKQBrKCkAbCgpAG1IASfVEEwo1BDIAXSGyAF0hng6RAt0hicpAHNECEwCtIYnVQB1KFUA
537=dkgBJ9QQwAR0hicpAHlABIcIBwB6KCkAeygpAHwoKQB9KCgAAhwATQBknAZYFqgBRXYeVA
538=IiuF9BAx/IAVUCIEgBImQuVQIhyAFVAiJJAT1cAFUCI8gBVQEkSAHFCCXIAVUCJkgBIhA/
539=TQUnyAFVAihIAXSGRYEpyAFNfirIAQEEAAAryQEFIg5lTQB4dEEELVQCaAFZBi5JAXJQCk
540=kAL8gBXQowSQEmVANJODHIAUlkMkgBdJxVAjPIAVUCNEgBIsBgVQI1SAGYHCKuIU0AaAFB
541=BDdUAmiFSZA4yAFZijlIASLkX1kGOsgBTQU7yAFNBTxIAdFhPSgpAD5IAdleP0gBWRYARQ
542=hAKCkAQUgB2XRCSAHBXENIAc0FRCgpAEVIAXhAAQIIAEbJAQN1hk2IBV2DSFQCjwEIAEko
543=KQBKSAEjtU0IWMki5lMAAFmKTFUCRXEFCEIBTQBoAUEaTlABcAJRFE9IAcUTUEgB1XBRKC
544=kAUkgBxR5TKCkAVCgpAFVIAd14VkgBzQVXKCkAWEgB3QpZSAHNBVpIAc0FW0gBwQRcSAHB
545=BF0oKQBeSAHBBF9IAdknYEgB1RhhKCkAYigpAGMoKQBkKCkAZSgpAGZIASeGMk0AJYEhaF
546=QC3QppSAHZimpIASW1Q2tIAcEEbCgpAG1JAR14AiKtIU1Yb0wBIqwhyAF2hk0AJU0gcUwF
547=JU0gcigpAHMoKQB0KCkAdSgpAHZJASNYCgEABwB3SAFkAUkBeCgpAHkoKQB6KCkAeygpAH
548=woKQB9KCgAAR0ATgAj9GwigSFOTgsAAF1sH1QCbH5NcyBIAWBnVQIhyAFVAiJJAT1Ac1UC
549=I8gBVQIkSAF4BlUCJcgBVQImSAFohVUCJ8gBVQIoSAFohVGCKcgBUYIqSAHFgSvIAU0FLM
550=gBQQ4tSAFwd0EgLkgBaIVdCi/IAU0FMEgBaIVFdjHIAVV7MkgBaIVVAjPIAVUCNEgBaIVd
551=YjVIAZgcaYVOiIVBBDdVAj5UDkEEOEgBgA8iWjJOAGiFQQQ6VAJoAQEEBAA7yQEFIrl1Ti
552=alID1UAs1dPigpAD9IASX9IEBIAVAZdYZBKCkAQigpAEMoKQBEKCgACUUATgBQAAAAAQgA
553=RhEAAL4PACABAE4AAGMACABHKCkASEoBrAFbAggASUkBpqkBSkgBTAICAAAIAEsoKQBMKC
554=kATUkBRUYEBAhCAU4AaAEBBQQAT1ABUAICAAAEAFAoKQBRKCkAUkkB9msMBABTSQHtqQFU
555=KCkAVSgpAFYoKQBXSQHwrQVYSAHJDFlJAfq1AlpJAfSpAVtIAcEEXEgBwQRdSAHBBF5IAc
556=EEXygpAGBJAY17AgQAYUkBh6kBYkgBZAFBGmMoKQBkSAHNBWVIAc0FZkgBzQVnSQGMbwEE
557=AGhJAYWpAWlJAYOpAWpJAYqpAWtIAWQBSQxsKCkAbUkBHXsCBABu6wEFAG9JASR3AgYAcE
558=kBIKkBcUkBKKkBckgBZAEBAAcAc0kBJ28BBgB0SAHNBXUoKQB2SAHZBndIAWgFWQZ4KCkA
559=eSgpAHooKQB7KCkAfCgpAB5NPz1AMEkAH0kBO1wAQQogyAFVASFJAT5cAFUCIsgBVQEjSQ
560=E8XABVAiRJAW1cAEkAJcgBQQMmSgEkA2JKACfIAQEFAAAoSQFsQAVJAClJAW5cAEkAKsgB
561=WQYrSAHRCSzIAVUCLUgB2QYuSQF+TAZJAC/IAUEEMEoBJAJPAgQAMcgBAQEEADJIAWgXAQ
562=IEADNJAUJABVE1NEgBZB5JATVJATq1AjZIAYMPBAA3yAFFCDhIAYMPBAA5SQF9RAxZBjrI
563=AUEEO0gB0WE8KCkAPSgpAD4oKQA/SAHRYUBIAWwJUQlBKCkAQkkBS3sCCABDyAEBAQgARE
564=kBUFYCAghVdU9ccwMAAAMIAEZUAlACYX1HKCkASEkBr2Aac4JPAKKpAUpVAqSpAUtIAcmF
565=TEgBxQhNSQFDbAFxgk9SDwAATRtPVAJwAlEUUCgpAFFJAfdzCQQAUkgB0R9TKCkAVCgpAF
566=UoKQBWKCkAV0gB3SBYSAHJDFkoKQBaKCkAWygpAFwoKQBdKCkAXigpAF8oKQBgSAHdeGFJ
567=AYZvDAQAYkgBZAFBGmMoKQBkSQGQewIEAGVJAYipAWZIAdl/Z0gB2X9oSAHBBGlIAcWBak
568=gBdAZdCmsoKQBsKCkAbUkBHWQEcoJPAISBcoJPAJV7BVGCT0xjRwQFAHFMBYMEBgBySAGB
569=BAZTgk8AI10DAHGCT2EBAEkBdUAEjwEGAHZIAdkGd0gB2QZ4KCkAeSgpAHooKQB7KCkAH0
570=hLeH9ZaCDIAV13IUgBj2gAACJIAYlkAEoRUABoAV1AJNQCWQYlyAFZBiZIAXp/BgBaf1AA
571=aQEHen9QAHhpWQYpQAR4f1kGKsgBWQYrSAF8ClUCLMgBVQItSAHZBi5IAXh/QQQvyAFBBD
572=BJASNIAkEwMcgBXVcySQFqeCN6f1AAaAFVAjRVAmu1AjXIAVUCNkgBgA94f6wbAQMEADhU
573=AoAPen9QAHh/AQIEADpUAmgBQQQ7SAHFYDwoKQA9KCkAPigpAD9IAdleQEgBaBBdFUEoKQ
574=BCSAF4f0F9Q0gBgAR4f3B/UAF4fycpAEZBBDNQAl38R0gBZAFJAUgoKQBJSAHFgUpJAadI
575=LkEES0kBqakBTEgB2QZNKCkATkgBZoEECEFDUIWBBSJMIMMPBABRQATJ81JJAfJwCSJOIF
576=AAyQFUVALJIlUoKQBWSAHBBFdIAcEEWEkB76UIWSgpAFpJAfG1AltIAZMUBABcKCkAXSgp
577=AF4oKQBfSAHR+2BJAYN8BiJOIFAAyQFiVQKFtQJjSQGHqQFkSAFkAU0xZSgpAGZIAcGIZ0
578=gBwX1oSAHNBWkoKQBqKCkAaygpAGwoKQBtSAGMc3l/UK9+BABvVAKZ+ARYf0hkYAt5f1Dl
579=gXJABHACQX1zKCkAdEkBIXsCBgB1SQEeqQF2SQEiqQF3SAFkAVkGeCgpAHkoKQB6KCkAIF
580=w5ePhNaCFJAW+cBkF9UZR7RWojVAJ8YkEEJMgBAQQAACXIAUX6JkgBiDhifVEAyQEoVAKP
581=PAAAKUgBYH1ZBirIAVkGK0gBfApVAizIAVUCLUgB2QYuSAGDRgAAL0gBIwsoAAAwSAFgfV
582=VwMckBA338UZR7VQIzVAJgfVUCNEgBYH1VAjXIAVUCNkgBgA9gfbkcBWJ9UQCAD2B9JykA
583=OkwF1QI7KCkAPCgpAD0oKQA+SAGfFQQAP0gBnxUEAEBIAY8qBABBKCkAQkkBMXgCffxRYA
584=F5+ERVAjpwAWF9UVWMAHHwRlQCYH1VGEfIAVX/SEkBNK0FSUgBZAFVe0ooKQBLKCkATCgp
585=AE0oKQBOSQFBfAZhfVFUE5UNUFQCcAJRYVEoKQBSKCkAUygpAFRIAcWBVUgBxR5WSAHFCF
586=dIASXNMFhIAcUpWSgpAFooKQBbSAGMR2J9UQDZf11UAtEJXigpAF9IAcH2YEkBg2QEYX1R
587=KKAPJykAY0AE0XdkSAFoBU0bZUgByYVmSAEleSBnSAHBBGgoKQBpSAHNBWpIAdWGa0gBzQ
588=VsKCkAbSgpAG4oKQBvSAHZf3BIAc1+cUgBI00gBVz80EB8/CcpAHTgBGB91QIHX/xRAB9n
589=DwYAd0AEZAGAfcMEBgB5KFcAIQBSVowAAF14IkgBmF5t91KUe11tJFQCmDJpelKnYAAAJi
590=hVACcoKQAoKCkAKSgpACpIAZteAAArKCkALCgpAC1IAYtDAAAuSAGcFWl6UsQBS3pSAFNQ
591=AVHwMUEE+6G/MkgBnAps98cTBAA0VAKfFQQANSgpADZIAc0FN0gBwQQ4KCkAOSgpADooKQ
592=A7SAHZBjxIAdkGPUgB1fQ+SAFAEyINMz8oKQBAKCkAQSgpAEJIAWh6WXRDyAFZdERIAWh6
593=VQJFSAHRCUYoKQBHSAF0e0mQSEgBaHpNBUnIAUUISkkBNXwGIj0/UlQeW3QIAExUAnACTX
594=5NKCkATkgBaXoCaXpSiXoDbPfILWz3JykAUkwFhAhs9ydVAFQoVQBVKCkAVigpAFdIAc1+
595=WEgB2SdZSAHZJ1ooKQBbKCkAXEgBk0AEAF1IAcEPXigpAF8oKQBgSAHVe2FIASW1LWJIAd
596=14Y0gBxQhkKCkAZUgBwfZmSAEnSA8nbQNoVALZBmlIAckMakgB3QprSAHBBGwoKQBtKCkA
597=bigpAG8oKQBwSAGfeAQAcegBaHrAD2h6JykAdOAEaHrUAml6UihID9cCBgB4TAWZEQZe8V
598=MAlC5xd1P5dCRYZpQucHcnVQAmKFUAJygpACgoKQApSAGDXAAAKkgBiAxwd2xwkQEsKFUA
599=LSgpAC5IASJwKlWnL8gBRXYwSAGQBiLcPcQIfPEnKQAzQATNwDRIAZwVcndTAI8QBAA2VA
600=LFCDdIAZgcffFTJj0pOVQC3Uw6SAHZSDtIAdkGPEgB2QY9SAHJDD5IAdXIP0gBzQVAKCkA
601=QSgpAEIoKQBDSAF8eEFyREgB2QZFKCkARigpAEcoKQBIKCkASUgBfHhFCEpIAXB3SXpLyA
602=FBckxIAWgMkHfAJSLcPScpAE9ABCJcTkEEUMgBSS1RSAHYEaCmUAFwd9sGBABUKIEAVSgp
603=AFYoKQBXKCkAWCgpAFlIAdknWkgB2SdbSAHFNFxIAUwNeaBdKCkAXigpAF8oKQBgKCkAYS
604=gpAGIoKQBjKCkAZEgBwetlSQGDbwwEAGYoKQBnSQGFtQJoSAHF72lIAXACQVFqKCkAaygp
605=AGwoKQBtKCkAbkgBI9gsIuItUwAj2Cwi4y1TACV0CXF3UyZhPnJMBZf0BQBzSAF8A03sdE
606=gBmPhyd1MAJYU9dlQCJWE+d0gBzQUjVDGRKgBNClSoWXh0JykAJkAElFoi2CwnVQAoKFUA
607=KUgBjF15dFSYClEAK1UCTVwAUR8sSQFKqQEtSQFHqQEuyAFBRi9IAXACTQUwSAElzUYxSA
608=EloSUyKCkAM0gBmBFs7NgReXRUsI15dFQmUSY3TAXdCjgoKQA5KCkAOigpADsoKQA8KCkA
609=PUgBlyMEAD5IAclOP0gBxXZASAHJDEEoKQBCKCkAQygpAEQoKQBFKCkARkgBxR5HSAHFHk
610=goKQBJSAHVDUpIAdUNSygpAExIAXh0UXdNyAFd8U5IAWh6TXNPyAEBAQgAUEgBZHYBBAgA
611=UckBBSJ4TNw2eHQnKQBUQATVDVUoKQBWSQGsJOkjV0gBI7dOBABYSQGmtQJZSAHZBlpIAc
612=2qW0gBJ5gOJ4kBXVQCzQVeKCkAXygpAGAoKQBhKCkAYigpAGMoKQBkSQGMdAkieUxUJokt
613=ZlQCxXZnKCkAaCgpAGlJAYW5BmpIAdF3a0gBcAJNUmwoKQBtKCkAbkgB1elvSAGMBSJ4TM
614=wbInw8JykAckAEjAV4dNQCInhMJykAdUAEhAgieEwnVwAkAFWQAlEAJSgpACYoKQAnKCkA
615=KCgpACkoKQAqKCkAK0gBZLBdbSxIAUwKfaQtKCkALigpAC9IASN4KyIdO1XlazFUAsVgMk
616=gBjH4i0CvQFGByJykANUAEwWc2SAHFdjdIAcFcOEgB1Vo5SAHZETooKQA7KCkAPCgpAD0o
617=KQA+SAHJDD9IAdkRQEgB0QlBKCkAQkgBxbhDSAHZPURIAdk9RUgB2QZGSAHRVkdIAcUeSE
618=gB1RhJSAHVDUpIAdkGSygpAEwoKQBNSAFscwEFBABOSAFgcll0T8kBAyLSK1UAYARZdFFU
619=ApOjCABSyAFFdlNIAWR2QQRUyAFJOFVIAcEPVkgBI/9MBABXSQGntXBYSQGlqQFZSAHNBV
620=pIAc0mW0gB1RhcSAHBBF0oKQBeKCkAXygpAGAoKQBhKCkAYkgB3StjSQGFdwkEAGRJAYOp
621=AWUoKQBmKCkAZygpAGgoKQBpSAElMS1qSQGGpQhrSAFkAYByJ50JbVQC0eVuSAHF5G9IAY
622=wFYHLMBWByJykAckAEJ0AO1AJgcicpAHVABIUIBlbuVgCAMAEEACYAqAFdKidIAYAEIq1Y
623=VsYBACkoVQAqSQH5QAVJAytIAYsEBAAsSAFEAqhvjAJpAS4oVQAvKCkAMEgB0TUxSAHRNT
624=JIAcUIMygpADQoKQA1KCkANigpADdIAdEJOEgB0Qk5SAHRCTooKQA7KCkAPCgpAD0oKQA+
625=KCkAPygpAEAoKQBBSAHdQUJIAdFAQygpAEQoKQBFSQGHcxAEAEZIAdEUR0gB0RRISAF8A0
626=U/SSgpAEooKQBLKCkATCgpAE0oKQBOKCkATygpAFBIAWhvQXJRyAFd5lJIASJULF1tU0gB
627=gQ8IWLOkP13mVVQCfkEFBEABJwkHV1ABjAVv4VYAq2c/BABZVQKmqQFaSAHBBFsoKQBcKC
628=kAXSgpAF4oKQBfKCkAYCgpAGEoKQBiSAEliThjSQGDbAxpb1bh4GVUAtlpZkgBwQRnKCkA
629=aEkBhrkGaUgBZAFJLWpIAdXpa0gBxTRsSAHBBG1IAYxoCAQAbgBWAAAAAAAAEQAAvhAAIA
630=UFAG8AVgAAAEAAAgUAcABWXABLAAUAcSgpAHJJAR1QAgEABQBzSAFkAQEABgB0KCgAAiYA
631=VwBFWAIBBAQAJ8gBAQUAAChKAf0BWwIAAClJAU5nAQQAKkkBSakBK8gBAQEEACxIAXACAQ
632=AEAC0oKQAuKCkALygpADAoKQAxKCkAMigpADMoKQA0KCkANSgpADYoKQA3KCkAOCgpADko
633=KQA6KCkAOygpADxJAUxAFgEBCAA9SAFwHwEACAA+yAFBGj9IAV0DAEEaQEkBjW8BBABBSQ
634=GDqQFCKCkAQygpAERJAYihBEVJAYqpAUZIAWQBUQlHKCkASCgpAEkoKQBKKCkASygpAExJ
635=AfdvMQQATUkB8akBTkgB3QpPKCkAUCgpAFFJATFEBAEFBABSSQE0SAEBAgQAU8gBAQMIAF
636=RJAUNUAlEfVcgBUR9WSAFwAl0VVygpAFhJAa+hD1lJAampAVpIAc0FWygpAFwoKQBdKCkA
637=XigpAF8oKQBgKCkAYSgpAGIoKQBjSQGQbwwEAGRIAdEqZUgBcAJRFGZJAYxvAQQAZ0gBxT
638=RoKCkAaUkBhaEEakgBwQRrSAHRCWxIAXwDUQltSQEkbwEEAG5JASCpAW9JASipAXBIAWQB
639=WWlxKCkAckgBmAZybFcAmQYFW2lYAEdxBQRYaagBXCsCKQBYAEtUAk0xKkkB+GcpAAArSA
640=FQAmlOLCgpAC0oKQAuKCkALygpADAoKQAxKCkAMigpADMoKQA0KCkANUgBxWA2SAHFYDfI
641=AVEUOEgB2RE5KCkAOigpADtIAWQIAQIIADzIAUVKPUgBmAZ5aVi7iggAP1QCaAwBBQQAQE
642=gB1TlBSAHVZUJIAdkyQ0kBhmsIBABESAFkAVkyRSgpAEYoKQBHSQE6ZwQEAEjIAVEpSUgB
643=eF5ZBkpIAXwDSQFLKCkATEkB+kAFVQJNSQH0qQFOSAHNBU8oKQBQKCkAUSgpAFIoKQBTSA
644=Fka00bVEgBgw8IAFVIAWZrBAherFgAaAFBBFdUAskMWCgpAFkoKQBaKCkAW0kBTXMFCABc
645=SAF4J1l0XcgBRTReSAF8A1UYXygpAGAoKQBhKCkAYigpAGMoKQBkKCkAZSgpAGZIAcU0Z0
646=gBxTRoSAHFNGkoKQBqSAHRNWtIAdkRbCgpAG0oKQBuKCkAb0gBidIETdZYlAaYaScpAHJA
647=BJkCBUFnWYQBWxwpAFlIalUBA1/QWQD8fDZgZyeBACxABFgDbWgtKCkALigpAC8oKQAwKC
648=kAMSgpADIoKQAzKCkANEgBzV01yAFNXTZIAZcNCAA3SAFkNFk9OMgBWT05SAGDBAQAOkkB
649=T28BCAA7yAFRzzxIAXACQTs9KCkAPkgBYEZVAj/IAVk9QEgBjAV80CfFA0JUAs2fQ0gBzT
650=FESAHNBUUoKQBGKCkAR0gBYmcCAEBnAVkA//+VBUlUAnxXVQJKygEDBEiVJ7UBTFQChAV8
651=0CdVAE5UAsXkT0kBhWcEBABQKCkAUUkBh7UCUkgBZAFVOVMoKQBUSAGBDwRCZ1kAaAFdK1
652=ZVAkpxBQhTq1kARqkBWFQCaAFJIllIAXACUQlaSAHdK1vIAV0rXEgBgwQIAF1IAcU0XsgB
653=AQUEAF9IAYMEBABgSQGEREpdCmHIAUG0YkkBhVQCSQxjyAFBBGRIAdkGZSgpAGYoKQBnKC
654=kAaEgBxTRpSQGDfwYEAGpIAdE1a0gBcAJJDGwoKQBtSQEheAJ/0FkAHqkBb1UCJakBcEgB
655=ZAGAZ8wxAgUAKQBakQIAaGQnKQArVAKb1wMALEgBhAQiqCbDBAQALihVAC8oKQAwKCkAMS
656=gpADIoKQAzKCkANEkBVWMLCAA1SAFkAV1XNigpADcoKQA4SQFIZwQIADnIAVE1OkgBaDhB
657=yjtIAXwDRQg8SQGsYDAiqyZaAKapAT5UAsEEP0gBdGVJb0DIAUE7QUgBgwQEAEJJAYxtAQ
658=RbsFoAhqkBRFQCZAFVLkUoKQBGSQE/eQIEXfZaXtYAAEEOSFQCJ4kMWvVlSlQCZlUFAEtk
659=WgBUuQZMVAJkAV0KTUgB3WJOSAHFP08oKQBQKCkAUSgpAFJJAYVoCCKqJloAyQFUVALNaF
660=VIAYEPBE/LWgAybAVrZFoAM6kBWEAEI9khCE1EWkQZVRgITgJaAN0rW1ABaAVdK1woKQBd
661=KCkAXkgBcGxBBF9IAX1iA2pkWgBoAQEEBABh1AIBBQUAYkkBhVQkAQMFAGPIAUEEZMgBAQ
662=UEAGVIAZcNBABmKCkAZygpAGhIAcU0aUkBg3EFBEpkWgAlfSZrVAJwAlEqbEgB3WJtSAHR
663=YW5IAYAEIjw01FoiPDQnKwAqAFucA11iKygpACxIAXy6VU8tSAHNJi7IAVUCL0gBdIZdID
664=DIAVl/MUgBlQkEUC/dCgRQLycpADRABHBhRQg1SAGPBQgANkkBrEAlUQk3SQGmqQE4SAHB
665=BDkoKQA6KCkAOygpADxIASMMLnNhWwCipQg+VALRCT9JAUF3CQgAQMgBXRVBSAFwAlknQk
666=gB0ftDSAHdK0RIAcEERSgpAEZIAXFhAnFhW5FhA37FWwAjLzIAAElABCMvMgAASkgByWRL
667=SAFwYUEPTEgB3QpNSAHBD05IASVVIU9IAdk9UCgpAFEoKQBSKCkAUygpAFRIAd0KVSgpAF
668=ZIAXBhQQ9XSAFwYUkXWMgBQcpZyAFBMFpIAYUICEAB3DYioCUnKQBdXALBBF4oKQBfSAFm
669=YAYIXcVbkmEHB1BhqgEIBlJhWwByYQYGU2FbAIZnNAcAZFgGaAFdQWVIAcVKZsgBXRVnSA
670=GXDQQAaEkBjG8BBABpSQGGqQFqSAFkAUk4aygpAGxIASUdJW1IAYMEBQBuKCkAbygoAAEr
671=AFwAbF1ZqyzIAUkiLUgBmQYITcBchAFVIy8oVQAwSAF8FVmrMcgBSXoySAGQBXleXJiKWQ
672=Y0VAJkjFkcNUgBgAR7XlwAq3wgIpkkXPFWOEEEpLUCOUkBpqkBOkgB2QY7KCkAPCgpAD1I
673=AcVgPkgBIxQ6In4xXAB4Xk0bQFQCaQEDIpgkwBpswCcpAENABIgMInwxJ1UARVQCIkAkXS
674=tGyAFFEkdIAdVaSEkB9kgCSQdJSQHwqQFKSAHBBEtIAXSyRQhMSAFcBCIZKk0oKQBOKCkA
675=T0gBzTxQSQGDcwUEAFEoKQBSSAHNc1NIAXwDXQpUKCkAVSgpAFYoKQBXKCkAWEgBZGBRNV
676=nIAVFhWsgBRT9bSAGcCnhe3CAimCQnKQBeKIEAXygpAGBIAWVgCnleXIZgCwdZXlyaXgkH
677=WV5cmV4CeF4nMQFlWAbVDWZIAcVKZ8gBURRoSAHdg2lIAdEfakgBmwYEAGsoKQBsSAEn2A
678=vIDHheJysALABdIdwwQwcHAC1IAUEBAFlTLkgBn/EIAC9IAZfpCAAwSAHBBDFIASVdIjLI
679=AUlZM0gBdFpRSzRIAc0FNSgpADZIASeDC10Ap2tDCAA4VALJATlIAcVVOkkBNWgIIh4wXQ
680=BoAUkMPFQCIgw5URQ9SAF8A0kBPkkBO2wBYlxdAGgBSYVAVAJwAl1BQSgpAEIoKQBDKCkA
681=RCgpAEVIAWBcAQIAAEZIAcW4R0kB73wVf7pdAO2pAUlUAskBSkkB9bUCS0gBYFxFCEzJAQ
682=MiHTBdRN9DEgQATlQCQAF5Xk9IAdU5UEgB1b1RSAHBO1JIAYwQIpIjXQCPEAQAVFQCgMoi
683=HTBdjAlZHFZUAo8BBABXKCkAWCgpAFkoKQBaSAHZXltIAXjBRSlcSAGECGBc3woIAF4oVQ
684=BfSQGseBx+ul0A1ZFhVALZBmIoKQBjKCkAZCgpAGUoKQBmSAF85kEPZ8gBXTZoSAGQCXy6
685=zxAEAGooVQBrKCkAbEgBJ4ALzQUFSVlegAhdCi5RF4xwAWtZXgCDqQEwVQKHqQExSAFkAU
686=0FMigpADMoKQA0KCkANUkBrLEfNkkBpakBN0gBxQg4SAF0T1EJOcgBQRo6SAF8V1mKO8gB
687=AQMEADxIAWhZVQI9yAFRjT5IAWQIVQI/SAGcCiIvSF4APlhJTTxBVAJoAV0KQkkBQbUCQ8
688=gBVQJESQGtfwYEAEXJAQFoWSeVEkdVAoBgBGpZXgBoAUEESVQCJ6wW2Ccivy5eAPlUA1kF
689=TEAEdFoBBQAATUgBbEdND07IAUEaT0gBXgQAACJIO8QIbLUnKQBSQASEw2lZXqxoalleAC
690=VhSVVABMUIVigpAFcoKQBYSAHRYVlIAcVgWkgB2QZbSAFoWV0gXEgBfBVNMV1IAYAEaFnb
691=EQgAX1QCxeRgSAHdjmFIAc0FYigpAGMoKQBkKCkAZSgpAGZIAWhZTZ9nyAFJImhIAZAJaF
692=nAD2hZJykAayiBAGwoKQAuTBOQgnFWXyjQCicpADFABN1XMkgBiQwIVYtfhAFFHjQoVQA1
693=SAHZHDZIAdkcN0gBkAV9r1+IpklOOfQCIh5GXwCNXQRRA1+gfXBWywwEAD1MBXxXAQUEAD
694=5IAZMJBAA/SQGgjgEAQEgBZFVVREHIAQEDAABCSQFBSAJJAEPIAVUCREgBcFZVAkXIAVUC
695=RkgBaNUBAQAAR0kBgFwKQQRIyAFBBElIASf9FV+wo3JWXwDJWUxABCXZIU0oKQBOSAF8V0
696=lZT0gBIgEyAHBWJ20DUVQC3UxSSAGIDHFWX+VVVFQCVBFtXVUoKQBWKCkAVygpAFhIASUR
697=VVlIAdEJWkgB3VdbSAHRCVxIAXBWTTFdyAFRgl5IAXwVQTtfSAGMBXyv3xUIAGEoVQBiKC
698=kAY0gBizgIAGRIAc21ZUgBxQhmSQFCbwEIAGfIAUFnaEgBcAJJImkoKQBqKCkAaygoAAEv
699=AGAAxVUwSQGDfwYIADFJAYapATJIAWQBSRczKCkANCgpADVIAXCjQQQ2yAFd/DdJATx/Bg
700=QAOEgBZAFZETkoKQA6SAGUWnpTYACUWnlTYIgFTQU9QASMAXtTYACubAF4U6gBRUpAQQQ9
701=XABBA0HIAVUBQkkBPlwAVQJDyAFVAURJATpcAFUCRUgBwQRGKCkAR0kBd1QDSQBIyAFZBU
702=lJAYBIAkkASsgBVQJLSAEneQpgJpFETVQCxVVOKCkAT0gBfUEAeFMnbQNRVALFSlJIAdWn
703=U0gBRA1tUlRJAYBIDQEBAwBVyAEBAgMAVkkBgVQCAQADAFfIAUEEWEgB2QZZSAHdClpIAd
704=0KW0gBwQRcKCkAXUgBZBNZf15IAXhTUVZfyAFRVmBIAZgGeVNghAFNPGIoVQBjSAGIOHlT
705=YCa5M2VVAqZzFAgAZkgBnAZ5U2BIgFMBCABoVAIi/EFVRGlIASXxRWrIAV1XMFhhzVIxSA
706=EjHyUIADJIAVwHInkrM0kBOW8BCAA0yAFZBjVIAWBRVRg2yAEBAwQAN0gBaAVBMDhIAWAE
707=SQE5yAFZBjpIAXAfVQI7SAHNBTxIAYgMfqRhAGgBTRo+VAJgUVGYP8gBUZhASAFgUVUCQc
708=gBVQJCSAF8TFUCQ8gBVQJESAFgUVUCRUgBwQRGKCkAR0gBYFFBBEjIAVkGSUkBgEgTVQJK
709=yAFVAktIAZeRAABMSAGUkXH7Ye1STlQCzVJPSAF4PUUIUMgBVSNRSAHJIlLIAUkiU0gBdE
710=9BBFTJAQRiUWEAdgIFAkJRYQBiUQMCQFGoAUEEWEwFdAJFSllIAYMPBABaSAFEF3VaWygp
711=AFwoKQBdKCkAXigpAF9IAQozAAAABQQAYABhADEAEQAAeA8AIAUAAAAIAGEAYVwASAACCA
712=BiAGFcAEsACABjKCkAZEoBqwGVAmVJAaWpAWZIAUwCZQhnKCkAaCgpAGkoKQAxRQsocwUH
713=ADJIAWQBQQ8zSQE5TAEBAgQANEgBRAECAAAEADUoKQA2SQE7ewIEADfIAU0POEkBNVQCAQ
714=IAADnIAQEDAAA6SQEztQI7yAEBAwQAPEgBiwwAAD1JAfdYB00EPkkBZFwASQA/yAFBA0BJ
715=ATpcAEkAQcgBQQRCSQE+SAJJAUMoKQBEyAFBA0VJATxcAEEERsgBVQFHSAHRCUhJATtIAk
716=EESUkBdFwASQBKyAFBA0tJAe1cAFUCTCgpAE1JAfG1Ak5KAf//WwMAAE8oKQBQSQExUAIB
717=BQAAUUgBySJSyAFJIlNJAYBECAEGAABUyAEBBwAAVcgBAQgBAFZJAYFjBAEAV8gBQQRYyA
718=EBCAAAWUgBaAxZMlpIAY8QBABbSAFcDnE1XEkBrEQIQQRdSQGmqQFeSAHBBF8oKQBgSAFw
719=CVk9YckBA2lOYogFXUFjVAKPAQgAZEkBr3MJCABlSQGpqQFmSAHBBGcoKQBoKCkAMllWRG
720=cECAAzyQEBcUtjbAJ9FTVUAo8BBAA2SAFwS1lIN0gBjxsAADgoKQA5KCkAOigpADtIAXxM
721=VS48SAHZBj1JAfZzFAAAPkkBZo4MAD/IAUEDQMgBVQ1BSAFoQ0kBQkkBcK0FQ8gBTQVESQ
722=FntQJFyAFVAkZJAW+1AkfIAVUCSEkBbLUCSUkBfqkBSsgBQQRLSAEncwljAPJIAk0ETVUC
723=9KkBTkgB1RhPKCkAUCgpAFEoKQBSKCkAUygpAFRIAX1MCnJLYwBqAQsAUktjAHJLCQBQS6
724=gBQQRYTAXVDVlIAZ9BAABayAFFdltIAYMEBABcSAGTQAQAXUkBon8VBABeSAHdTF9IAVAZ
725=YTtgKCkAYUgBfgoFBEFDY1wQSAR8mdBAcEsnKQBlTAVYA3GYZigpAGcoKQAzSFFmSgQITp
726=RkAGgBXQo1VQJAfAZ6SGQAaAFREzdUAogXekhkAMkBOVQC3Y46SAHJejtIAcEEPEgBwQQ9
727=SAHRNT5IAXhIXXg/ygEEAEYNZAB0AlVPQVQCwZNCSAF4SEVKQ8gBWQZESAF4SFUCRcgBVQ
728=JGSAF4SFUCR8gBVQJISAF4SFUYSUgBeEhBBErIAUEES0kB8FQDUR5MSAHJF00oKQBOKCkA
729=TygpAFAoKQBRKCkAUigpAFMoKQBUKCkAVSgpAFYoKQBXKCkAWCgpAFkoKQBaSAGFPwBNlG
730=RQnlQVeEjMvXpIZADFSl5NBaVjGgQAX0gBRAW4SCetAGEoVQBiSQEyZAR5SGRAQUwBeEjM
731=BWyUJykAZkwFWANlSjRMl4gBcdplTzcAAAJgRqgBUSo3QATFKThIAdFAOUgB0UA6KCkAO0
732=kB730VAFLaZQDBBD1UAskBPkkBZZgNXY5lUgEAAFkFQEABdAJVOUFJAXahBELIAUEEQ8gB
733=QQRESQF7oQRFyAFBBEZJAX21AkfIAVUCSEgBwQ9JKCkASigpAEtIAcWMTEgB2RxNKCkATi
734=gpAE8oKQBQKCkAUSgpAFJJAY2tEFNJAYepAVRIAd0KVSgpAFYoKQBXKCkAWCgpAFkoKQBa
735=KCkAW0kBVFwKXcVcSAFEAX1BXSgpAF5IASMUJGJGZQDJkGBUAs0FYSgpAGJIAWBGUQljSQ
736=E0RARFP2TIAVTefTMnVAIBAAcANUF6QmgBakNmAGgBXSs3VALNGzhJAfpIAk0EOUgB1S46
737=KCkAOygpADwoKQA9KCkAPkgBcEBJTj/IAY2JZkISAACOiWYAaENBBEJABGgBQQRDyAFBBE
738=RIAWhDVURFyAFNBUZIAWhDVQJHyAFVAkhIAdEUSUgBxc5KSAHdQUtIAc0bTCgpAE0oKQBO
739=KCkATygpAFAoKQBRKCkAUkkBkEgjSQBTSQGDXABJAFRIAdVEVUgB1Q1WSAHZSFdIAcEEWE
740=gBwQRZKCkAWigpAFtIAXU5AG2JZry6bIlgsUwNatJmACdrCGYAonM1BABgWAbVRGFIAUQF
741=ZUpiKCkAYygoAHS6dUQFcUBnqAwBAAA3ACcpADgoKQA5SAElrSE6SAHJLTsoKQA8KCkAPS
742=gpAD5IASV1Lz/IAV0UQEgBeD1VE0HIAVUCQsgBQTtDSAHJDEQoKQBFKCkARigpAEdIAdk9
743=SEgB2T1JSAHdK0ooKQBLKCkATCgpAE0oKQBOSQHYTBFFE09JAdKpAVBIAdEJUSgpAFIoKQ
744=BTSAHdQVRJAYZYB0kAVUgB2QZWSQGMSAJJAFdIAcEEWEgBwQRZKCkAWigpAFtIAXBAWRBc
745=SQFWWAddQV1JAaxIAkkBXkgBxT9fSQGntQJgSAEj9yoEAGFIAXQGTQViKCkAYygrADcAaO
746=U/OCgpADlIAdl/OkgBzTE7KCkAPCgpAD0oKQA+SAF4PUk4P8gBTXNASAF4PUkBQcgBQX1C
747=yAFBfUNIAckMRCgpAEUoKQBGSAHBO0dIAc0mSCgpAEkoKQBKKCkASygpAExIAcE7TUkB0G
748=MlAABOSQHTqQFPSQHVqQFQSAHJDFEoKQBSKCkAUygpAFRJAYyCLABVSQGFqQFWSAHRgldI
749=ASe4ByepBVlUAskMWigpAFsoKQBcSAEnuQdoKP4gaADBO19ABJANbX5ohAFNPGEoVQBiKC
750=gAATgAaQDVDTkoKQA6SAHJejtIAcEwPCgpAD1IASX5JT5JASVcN10MP8gBTSVAyAFZPUHI
751=AU0EQkgB3QpDSAHdCkQoKQBFSAHdCkZIAcUTR0gBJTEiSEgBJckqSUgBwQRKSAHJOEtIAc
752=k4TEkBFkAQRRNNSQHRWBJJAU5IAdkGTygpAFAoKQBRKCkAUigpAFMoKQBUSAHJelVIAdU5
753=VigpAFcoKQBYSAHFP1lJAYdAEEkAWkgBzRBbKCkAXEgBIrgoUTVdSAGABHG5aUQGSAB8/C
754=cpAGBABIH2A194aQAgXAMFAAMAOQBqAPu5HDpIAd0rOygpADwoKQA9SAHJLT5IAWg4SW8/
755=yAFJb0DIAQEGAABByAEBBwAAQkgBJwkHaibdJ0RUAtUNRSgpAEZIASWNKEdIAcEESEgBxX
756=ZJSAGbHAAASkkB26kXS0gB3TZMKCkATSgpAE5IAc08TygpAFBIAdWyUUgB3QpSKCkAUygp
757=AFQoKQBVSAHZdFZIAdU5VygpAFhJAYh8KyL/QWoAiqkBWlQCyQxbKCkAXEgBaDhVTl3JAQ
758=NrOGoANngGaDipAQFtc2q8NgQCADoAawB/YwQAADvIAUkhPEgBzSY9SAEixCRNBD7IAUEE
759=P8gBVQ1ASAElJUdByAFBBEJIAcUIQygpAEQoKQBFKCkARigpAEdIAclDSEgB2RxJKCkASi
760=gpAEtIAd02TEgB3TZNKCkATkgBJyIVawDJAVBUAs2qUUgByQxSKCkAUygpAFQoKQBVSAHJ
761=b1ZIAdkyV0gB2TJYSAHRCVkoKQBaKCkAWygpAFwoKQBdSAF8NlleXkgBcDVRKl/IAUeXOw
762=BshDRJATxIAdEqPUgBeDJVAj7IAY1obCYhK0BVAnhQNkkAQcgBmzJsAIBIAkkAQ1QCaAFV
763=AkRIAd0KRSgpAEYoKQBHSAEnWQZs+bZJVALFHkooKQBLKCkATEkB11wLVQ1NSAEnGBQnBQ
764=FPVALFCFAoKQBRKCkAUigpAFMoKQBUKCkAVSgpAFYoKQBXKCkAWCgpAFkoKQBaSAEl/Stb
765=SAHdpFxIAd2kXUgBxRNeKCgAATwAbQAlBSI9SAEl8UQ+yAFFHT9IASIoQkkBQEgBYDBVOU
766=HIAVE1QkgBdC5VAkPIAVUCREgBJwEGbSZpSkZUAiURKUdIAcEESEgBJx0abe0xSlQC3RVL
767=KCkATEgByWRNSAHZXk5IAc0FTygpAFAoKQBRKCkAUigpAFMoKQBUSAHZJ1VIAc0mVkgB3Q
768=pXKCkAWCgpAFkoKQBaSAHZaVtIAdlpXEgB2WldSAHTCT0AbiMYSk0mPsgBTSY/SAFoLUkB
769=QEgBJR1RQcgBVQJCSQFzSE9JAEPIAVkyREgByVlFSAHJDEYoKQBHSAHZzEhIAc0FSUgBzQ
770=VKKCkASygpAEwoKQBNKCkATigpAE8oKQBQKCkAUSgpAFIoKQBTSAHdK1RJAYNIGEkAVUgB
771=1SNWSAHZEVcoKQBYKCkAWSgpAFooKQBbKCkAXCgoAAE+AG8AeCdJDD9IASUJX0DIAU0mQU
772=gBJd1eQkgBcCpNMUPIAUktREgB2VNFSAHZU0ZIAdEUR0gBwWdISAEnER5vKPwKJykAS0AE
773=2QZMKCkATSgpAE4oKQBPKCkAUCgpAFEoKQBSSAHFKVNIAcUpVEgBJf0rVUgB1Q1WKCkAV0
774=gB2QZYSAHBXFlIAc0FWigpAFsoKAABPwBwAHgnVSNAyAFVI0FIAXgnVQJCSQFxXCxJAEPI
775=AV0rREgBJ/oEcADJTkZUAtUNRygpAEgoKQBJKCkASigpAEsoKQBMKCkATUgBwRpOSAHBnk
776=9IAc0bUEgB1Q1RKCkAUkgBJYkiU0gBJ/oEcADJAVVUAsUIVkgBxQhXSAHZBlhIAdFWWUgB
777=wQRaKCsAQABxlE9dIEFIAWAlVSNCSAFgJU0mQ8gBRSlESAEnoQRxJgkoRlQCJ7IncQDVT0
778=hUAtUNSSgpAEooKQBLKCkATEgB1SNNSAHNG04oKQBPSAHNlFBIAdknUSgpAFJIAdkGUygp
779=AFQoKQBVSAHFCFZIAcUIV0gBwVFYSAHdFVkoKAABQQByAGgiXSBCSAEijElVI0PIAU0mRE
780=gBJ0kEcihIBCcpAEcogQBISAHVI0lIAdUNSigpAEsoKQBMSAHBtE1IAc0bTkgB3RVPSAHF
781=CFBIAdk9UUgBzQVSSAHFHlNIAdUCVEgBxQhVSAHFCFZIAdUNV0gBwUZYSAHABAFCAHMAcB
782=9dIEPIAZ1Bc+UeRVQC3SBGKCkARygpAEgoKQBJSAHBRkpIAckiS0gB1Q1MKCkATUgBxRNO
783=SAHFE09IAc0FUEgBJ/IDcwDNG1JUAsEEU0gBwQRUSAHdIFVIASfhDHP5oFdUAtsGQwB0Jq
784=0hREgBJSEgRUgBJ5kDdPEfRyhVAEgoKQBJKCkASkgBxQhLSAHRH0xIAdEfTUgBwQ9OKCkA
785=TygpAFBIAd0gUUgB1RhSSAHJWVNIAdUCVCgpAFVIAc0mVkgBywxEAHXlHkVIAcXDRkgBzR
786=tHKCkASCgpAElIAdGjSkgB0QlLSAHFCExIAc3LTUgBwQROKCkATygoAAtQAHUA//8AAAAA
787=AFEAdREAAIoBTAMBAJAAAGAAAlIAdQCDYwEAAFMoKQBUSQGKtQJVSgH//4wBAUUAdgDJAU
788=ZKAfoBlQJHSQHyqQFISQHtqQFJSQHwqQFKSAHZBksoKQBMKCkATSgpAE4oKQBPSQGNhgwA
789=UEkBh6kBUUgB0QlSSQGMtQJTSQGGqQFUSAHDBEYAd/0VRygpAEhJAfqlE0lIAd0VSkkB8b
790=UCS0gBxQhMKCkATSgpAE4oKQBPSAHNEFBIAc0QUUgBxQhSSAHBBFNIAcMERwB45RNIKCkA
791=SUgBxRNKSQH0+BEnrQBMVALdCk0oKQBOKCkAT0gB1Q1QSAHVDVFIAdkGUkgBxz9IAHntEE
792=koKQBKKCkASygpAEwoKQBNKCkATigpAE9IAd0KUEgBzUdRSAHDD0kAevUNSigpAEsoKQBM
793=KCkATSgpAE4oKQBPKCkAUCgrAEoAe/0KSygpAEwoKQBNKCkATigpAE8oKAACSwB8APupLU
794=xJAe+pAU0oKQBOSQH1twJMAH20TAoAAE0AfQAAAAAAAAAAEQAA

[Lighting]
Red=1.090000
Blue=0.490000
Green=0.800000
Level=0.025000
Ground=0.000000
IonRed=0.695000
Ambient=0.750000
IonBlue=0.775000
IonGreen=0.445000
IonLevel=0.025000
IonGround=0.000000
IonAmbient=0.650000
DominatorRed=0.850000
DominatorBlue=0.300000
DominatorGreen=0.200000
DominatorLevel=0.000000
DominatorGround=0.000000
DominatorAmbient=1.500000
DominatorAmbientChangeRate=0.009000

[Map]
Size=0,0,50,76
Theater=TEMPERATE
LocalSize=2,4,46,70

[Neutral]
IQ=0
Edge=North
Color=Grey
Allies=Neutral
Country=Neutral
Credits=0
NodeCount=0
TechLevel=1
PercentBuilt=0
PlayerControl=no

[Nod]
IQ=0
Edge=North
Color=Gold
Allies=Nod
Country=Nod
Credits=0
NodeCount=0
TechLevel=1
PercentBuilt=0
PlayerControl=no

[OverlayDataPack]
1=IQAAIP43FgCCBAT//gM5FP8BAjkW//0BNxiFBAYABwb+xgEAgKIAACD+NwAAggcH/voBAI
2=YEBwQABAT//gE5AP7xCQCBBv/+ATQEgwcKC//8ATgAhAgKCwvYKhCBAf7fAQCFCAsLCgjZ
3=Kg6CBAP/3QFMDAP+gQjQIgSCBwdSFIEG/98BSBLRKBSBB/4DAAs2FIIBA//cAUQSgQb+Aw
4=AI0UYWEgDPKBb/1AFTFNM+GhYWgQr/3gFGFjPn1T4cDhQiG4MBBAT/ugFHFIB+AAAg/iEA
5=AIMEBwb+GAAAhAYICgogHYEE/uwBAIUBAQADA/4HAACDCAsH/u0BAAH8/gUAAFIAggYH/+
6=0BRQDOHgT+2QEAgQRT4tsYBP7YAQCBAxXX0RgIgQHbGAj/zgFJCNIwCv/rATAK//8BHAr+
7=GgQA/98BNwj/IwITFP7JBwCAzgAAIP4LAgCDBgcE//0BDwCDCgsI/j4AAIIEBhAF/gQAAI
8=ED/rMBAIQHCwsKEcH40AUAQIYGCAcAAwT/twFWBIILB/9BAA8GgwcLCvwNBP96AZMAggcH
9=8A0CyAsCFgCEBAgKCvsOBv53AQCBAfMXBIIICs0NCBYCyP8L8wkM/70BYgSBB8tDDv/cAW
10=AM0goEggYG/uoBAIEI0VMKG/8uDf/iAVwOgQbVDgiBBPIMCv6yAQDXVgbKUwz+8wEAggQE
11=/7wDfhbjKwT//gE9Gv7DAQCA7wAAIP46AACDBAgH/v0BAIQICwoG/vkBAIMGBwj+AwAKzz
12=wAgQH+5AEAiwQGBwcIBwcGAAQDzyYEzz4G/9IBZgKCCADVPQKCAQD/0QFRBoEEA+n+DwAA
13=zyMK/94BXwCCCATMJwb+6gEAgwQICv4DAAuBCP4NAAD/4wFRBnXr/gUAC80kDP/rAU0CgQ
14=oN6c4jDv7qAQCDAwAED+2EBwgIB//sATQO0A4S5TUMggQH1SgQxE8EgQH/3gEqFIEH1icS
15=YhiBA//cAU8EgwYKCsA4Bs9TFoEB0D0G/9cBTQr+AwAL//sBPAAuMs1TGIIBAf6XAQCA0A
16=AAIP5SAACIBAcICgsKCAT+zAEAgwYGA+r6AQICgQf+ywEAgwQICHAM4lkAgQj/zQFYAoIA
17=BnH14zEEggQHyDIGhAQHBwb+2wEAgQH+IAAAhAcLCwr/xgFZBIEE0WcG3igCGA+BCv/FAW
18=cGggYIzmkKggMA3TIGBCCBB//IAVcCyCYGahzhaQqBBslYBv7OAQDKLw6BAd9CCP7cAQAI
19=C+ooAv7QAQCBBN5CDP/fAXAShAgHAAP//AFREIEG/90BZgbkKhL+DQIA//0BURD/ogFOGo
20=CAAAAg/mIAAIEB/tUFAIMEBwb+FAAAgQP+6AEAhgYKCggHBM4oCNI6Bv7VAQCBCP4DAAuB
21=B8xUAIMDAAT/6wFPBs47Cv7uAQCCBwrIPAz/6gFPCskwDmIAgQPOPQj/5QFVCv/1AUcQ/h
22=cCAP/zAUgO//gBQQj/FQI0GP8BAkgW/rYBAIAFAAAg/gAgAIAFAAAg/gAgAIAFAAAg/gAg
23=AIAFAAAg/gAgAIAFAAAg/gAgAIAFAAAg/gAgAIAFAAAg/gAgAIAFAAAg/gAgAIAFAAAg/g
24=AgAIAFAAAg/gAgAIAFAAAg/gAgAIAFAAAg/gAgAIAFAAAg/gAgAIAFAAAg/gAgAIAFAAAg
25=/gAgAIAFAAAg/gAgAIAFAAAg/gAgAIAFAAAg/gAgAIAFAAAg/gAgAIAFAAAg/gAgAIAFAA
26=Ag/gAgAIAFAAAg/gAgAIAFAAAg/gAgAIAFAAAg/gAgAIAFAAAg/gAgAIA=

[OverlayPack]
1=HAAAIP43Fv+CHh7//gM5FP8BAjkW//0BNxj/ywE1HIBtAAAg/jcA/4IeHv76Af/+AwAe/w
2=ECNgD+8Qn//gMAcNgZBP/kAUcM2CoO/+QBRw7//AEpDt0lEv/fATYC0yYUySQW/94BRRLd
3=JBbBNAL/8AFKFnAYga7/9wFJDt4lFP/WAVsadepSAP4EAB7+uQH/gIEAACD+IQD//gMAcP
4=4LAP+BHswVADAdyi8A/uAB/4IeHhAD0RsA/+UBUADKKgD/8AE+As0SAP/hAVUC0gMIzxUI
5=gav/1AFIBhAEga7oCAj/5gFHBv/oATAK0zEMyhsMzR8K/+0BOAzXMQyBsf/0ATsM//kBQA
6=7/9AE+EP8EAjES/scH/4DKAAAg/g8A/4Ee/hgA/4Gx/uIB//4DAB7+/AH//gQAHv4+AP+C
7=cHAQBSAK/7cBVwLUDQSBreUmBIFwYAT/zQFYBP4MAP+BsN4yBv+0AVYG5wcIzSgAyAwKEf
8=r+BQBw/gQA/4Gr/7ABWwj/SADVCctRCP/fAQwC0goKzFII/9wBYAxx/4GteBn/uAFSCP9J
9=ANcBEgDJQRL/2wFjDs1lEoGu/0oAAgT/wAFjCv/+AQwC/+EBWRb/7AFUEN4mGv/1ATsay0
10=ccAA7YMQj+mAH/gJwAACD+OgD//gMAcP79Af/+BABw//0BQQDROwKBHv/rAVMCgXAACc8+
11=BP/jAU8EEfr+FwD/gR7/0gFOBNA7BP/tATwCzzkE5DUKgav/2AFzAv/xATYKQgL/9AE9As
12=kgEP/1AUMCEAL//QEjEuwvCtcoFE4a/98BUAbeURb/3wFwFtY3BP/dAXQYga7NRxr+GwD/
13=/98BUQbSUhz/mQFqGoDXAAAg/kQA/4Swsf//AAMACf4EAP/+CABw/swB/+xXANFVAIEe/8
14=cBawCCHh7+GgD/ga71HQL/ogGFAuIoBNQcAv4EAB7+2wH/AdzbZwb+BQAe/8YBfgbRaAje
15=aAj+BgAe/8YBagjOaQqBHs5CCoGt0DQI/9oBZgjjZwz/2wFlBspoDs9BDP/AAWUC7xYIfg
16=b+2QH/wkgA0jsS1WUQ/80BZRAJ4sJNANJWDv/dAWYGyUcEga7ONhSBrf/cAWYO/hMA/4Gr
17=//MBUhAD/MVFAOUpEv79Af//nwFhHICCAAAg/jkA/4Gw/gMA/4Gr/iQA/4Ee/tgB/4Fw/v
18=wD//4DAHD/7QFOANAoBtA4BoIeHv/sAU8EzTwIAf5iAYGx//MBWQj/8QFKBHIA/+sBTgjR
19=LwbJRw7/7AFPCP4TAv//8wFIDv/9AUwUzT4Q//kBURQR+f/3AVEYIff/AAJJFv+2AUYcgB
20=EAACD+SwD/gR7+/wP/ga7+tBv/gAUAACD+ACD/gAUAACD+ACD/gAUAACD+ACD/gAUAACD+
21=ACD/gAUAACD+ACD/gAUAACD+ACD/gAUAACD+ACD/gAUAACD+ACD/gAUAACD+ACD/gAUAAC
22=D+ACD/gAUAACD+ACD/gAUAACD+ACD/gAUAACD+ACD/gAUAACD+ACD/gAUAACD+ACD/gAUA
23=ACD+ACD/gAUAACD+ACD/gAUAACD+ACD/gAUAACD+ACD/gAUAACD+ACD/gAUAACD+ACD/gA
24=UAACD+ACD/gAUAACD+ACD/gAUAACD+ACD/gA==

[Russians]
IQ=0
Edge=North
Color=DarkRed
Allies=Russians
Country=Russians
Credits=0
NodeCount=0
TechLevel=1
PercentBuilt=0
PlayerControl=no

[Special]
IQ=0
Edge=North
Color=Grey
Allies=Special
Country=Special
Credits=0
NodeCount=0
TechLevel=1
PercentBuilt=0
PlayerControl=no

[SpecialFlags]
Inert=no
FogOfWar=no
IonStorms=no
MCVDeploy=no
Meteorites=no
Visceroids=yes
FixedAlliance=no
TiberiumGrows=yes
InitialVeteran=no
HarvesterImmune=no
TiberiumSpreads=yes
TiberiumExplosive=no
DestroyableBridges=yes

[Structures]
0=Neutral,CAOILD,256,76,105,64,None,1,0,1,0,0,None,None,None,0,0
1=Neutral,CAOILD,256,53,38,64,None,1,0,1,0,0,None,None,None,0,0
2=Neutral,INGALITE,256,75,104,64,None,1,0,1,0,0,None,None,None,0,0
3=Neutral,INGALITE,256,52,37,64,None,1,0,1,0,0,None,None,None,0,0
4=Neutral,INGALITE,256,12,51,64,None,1,0,1,0,0,None,None,None,0,0
5=Neutral,INGALITE,256,103,85,64,None,1,0,1,0,0,None,None,None,0,0

[TaskForces]

[Terrain]
10057=TREE03
12054=TREE13
13058=TREE14
13059=TREE02
18049=TREE07
19056=TREE07
21045=TREE15
21061=TREE11
23043=TREE06
23059=TREE14
26063=TREE04
27038=TIBTRE01
28051=TREE04
29054=TREE07
30061=TIBTRE01
30068=TREE08
31031=TREE15
31049=TREE01
34034=TREE05
35071=TREE15
37042=TREE06
37063=TREE11
39040=TREE08
40020=TREE06
40030=TREE06
41026=TREE01
41035=TREE06
42019=TREE13
42076=TREE02
44034=TREE13
45012=TREE01
47039=TREE03
48015=TREE06
48032=TREE06
49008=TREE01
50005=TREE01
50036=TREE08
50056=TREE11
51012=TIBTRE01
51065=TREE07
51096=TREE05
52051=TREE08
52074=TREE06
52082=TIBTRE01
53008=TREE02
54091=TREE05
55041=TREE01
56050=TREE05
56065=TIBTRE01
57012=TREE08
58076=TREE06
58099=TREE07
59079=TREE12
59086=TREE08
60042=TREE11
60094=TREE13
62020=TREE03
62062=TREE14
62066=TREE14
63107=TREE15
64018=TREE01
64058=TIBTRE01
64074=TREE03
65022=TREE12
66047=TREE15
67030=TREE14
68035=TREE15
68101=TREE13
69022=TREE12
69024=TREE06
71111=TREE08
71117=TREE14
72036=TIBTRE01
72042=TREE04
74051=TREE14
74107=TREE14
74116=TREE04
75086=TREE12
76120=TREE03
78081=TREE03
79085=TIBTRE01
80067=TREE02
81081=TREE02
81106=TREE15
81120=TREE04
82064=TREE01
83084=TREE12
83109=TREE12
83115=TREE06
84056=TREE01
84102=TIBTRE01
87045=TREE12
87094=TREE08
88080=TREE11
89061=TREE04
89108=TREE15
91058=TREE03
91077=TREE12
91093=TREE11
91104=TREE01
92066=TREE14
94048=TREE01
95051=TREE13
96077=TREE13
98053=TREE11
98094=TREE04
98099=TREE07
99061=TREE04
99103=TREE14
101058=TIBTRE01
101092=TREE03
102075=TREE12
103083=TREE15
106082=TREE11
106087=TREE08
109088=TREE05
111070=TREE05
111077=TREE05
111087=TREE02
112083=TREE04
113074=TREE02
116081=TREE13
119079=TREE11

[Units]

[Waypoints]
0=59030
1=75097

[YuriCountry]
IQ=0
Edge=North
Color=DarkRed
Allies=YuriCountry
Country=YuriCountry
Credits=0
NodeCount=0
TechLevel=1
PercentBuilt=0
PlayerControl=no



[Digest]
1=wCIoE7YCl4S51PGM0Gx4LBHleBQ=

